#
# There is insufficient memory for the Java Runtime Environment to continue.
# Native memory allocation (mmap) failed to map 149946368 bytes for G1 virtual space
# Possible reasons:
#   The system is out of physical RAM or swap space
#   The process is running with CompressedOops enabled, and the Java Heap may be blocking the growth of the native heap
# Possible solutions:
#   Reduce memory load on the system
#   Increase physical memory or swap space
#   Check if swap backing store is full
#   Decrease Java heap size (-Xmx/-Xms)
#   Decrease number of Java threads
#   Decrease Java thread stack sizes (-Xss)
#   Set larger code cache with -XX:ReservedCodeCacheSize=
#   JVM is running with Unscaled Compressed Oops mode in which the Java heap is
#     placed in the first 4GB address space. The Java Heap base address is the
#     maximum limit for the native heap growth. Please use -XX:HeapBaseMinAddress
#     to set the Java Heap base and to place the Java Heap above 4GB virtual address.
# This output file may be truncated or incomplete.
#
#  Out of Memory Error (os_windows.cpp:3604), pid=24548, tid=7740
#
# JRE version: Java(TM) SE Runtime Environment (21.0.10+8) (build 21.0.10+8-LTS-217)
# Java VM: Java HotSpot(TM) 64-Bit Server VM (21.0.10+8-LTS-217, mixed mode, sharing, tiered, compressed oops, compressed class ptrs, g1 gc, windows-amd64)
# No core dump will be written. Minidumps are not enabled by default on client versions of Windows
#

---------------  S U M M A R Y ------------

Command Line: -Xmx512m -Xms64m C:\Users\sesol\AppData\Local\Temp\surefire17105621624497816583\surefirebooter-20260723180239732_3.jar C:\Users\sesol\AppData\Local\Temp\surefire17105621624497816583 2026-07-23T18-02-39_631-jvmRun1 surefire-20260723180239732_1tmp surefire_0-20260723180239732_2tmp

Host: 13th Gen Intel(R) Core(TM) i7-13620H, 16 cores, 15G,  Windows 11 , 64 bit Build 26100 (10.0.26100.8875)
Time: Thu Jul 23 18:02:52 2026 India Standard Time elapsed time: 12.933922 seconds (0d 0h 0m 12s)

---------------  T H R E A D  ---------------

Current thread (0x000001fbffc5b310):  VMThread "VM Thread"          [id=7740, stack(0x000000d275600000,0x000000d275700000) (1024K)]

Stack: [0x000000d275600000,0x000000d275700000]
Native frames: (J=compiled Java code, j=interpreted, Vv=VM code, C=native code)
V  [jvm.dll+0x6d0b59]
V  [jvm.dll+0x85fd56]
V  [jvm.dll+0x86224e]
V  [jvm.dll+0x862923]
V  [jvm.dll+0x282a16]
V  [jvm.dll+0x6cd405]
V  [jvm.dll+0x6c1f8a]
V  [jvm.dll+0x35bcc8]
V  [jvm.dll+0x363986]
V  [jvm.dll+0x3b4a3e]
V  [jvm.dll+0x3b4ce8]
V  [jvm.dll+0x32f98c]
V  [jvm.dll+0x32fa17]
V  [jvm.dll+0x373c9c]
V  [jvm.dll+0x372441]
V  [jvm.dll+0x32f0d1]
V  [jvm.dll+0x371aaa]
V  [jvm.dll+0x86861f]
V  [jvm.dll+0x8699ac]
V  [jvm.dll+0x869ee1]
V  [jvm.dll+0x86a183]
V  [jvm.dll+0x80a83d]
V  [jvm.dll+0x6cf3fd]
C  [ucrtbase.dll+0x2cd30]
C  [KERNEL32.DLL+0x2e957]
C  [ntdll.dll+0xaad6c]

VM_Operation (0x000000d274ff5300): G1CollectForAllocation, mode: safepoint, requested by thread 0x000001fbfd9df470


---------------  P R O C E S S  ---------------

Threads class SMR info:
_java_thread_list=0x000001fbe8a52730, length=21, elements={
0x000001fbfd9df470, 0x000001fbffc74640, 0x000001fbffc770b0, 0x000001fbffc7bc60,
0x000001fbffc7c7f0, 0x000001fbffc7d380, 0x000001fbffc85f20, 0x000001fbffc8cc80,
0x000001fbffca7840, 0x000001fbffd0d8f0, 0x000001fb996a0710, 0x000001fb996a0080,
0x000001fb996c1da0, 0x000001fb996a2150, 0x000001fb996a1430, 0x000001fbdf6e3290,
0x000001fbe24799f0, 0x000001fbe247a710, 0x000001fbe7612530, 0x000001fbe76139a0,
0x000001fbe7614070
}

Java Threads: ( => current thread )
  0x000001fbfd9df470 JavaThread "main"                              [_thread_blocked, id=25312, stack(0x000000d274f00000,0x000000d275000000) (1024K)]
  0x000001fbffc74640 JavaThread "Reference Handler"          daemon [_thread_blocked, id=18468, stack(0x000000d275700000,0x000000d275800000) (1024K)]
  0x000001fbffc770b0 JavaThread "Finalizer"                  daemon [_thread_blocked, id=19156, stack(0x000000d275800000,0x000000d275900000) (1024K)]
  0x000001fbffc7bc60 JavaThread "Signal Dispatcher"          daemon [_thread_blocked, id=8624, stack(0x000000d275900000,0x000000d275a00000) (1024K)]
  0x000001fbffc7c7f0 JavaThread "Attach Listener"            daemon [_thread_blocked, id=10040, stack(0x000000d275a00000,0x000000d275b00000) (1024K)]
  0x000001fbffc7d380 JavaThread "Service Thread"             daemon [_thread_blocked, id=1848, stack(0x000000d275b00000,0x000000d275c00000) (1024K)]
  0x000001fbffc85f20 JavaThread "Monitor Deflation Thread"   daemon [_thread_blocked, id=27752, stack(0x000000d275c00000,0x000000d275d00000) (1024K)]
  0x000001fbffc8cc80 JavaThread "C2 CompilerThread0"         daemon [_thread_blocked, id=25772, stack(0x000000d275d00000,0x000000d275e00000) (1024K)]
  0x000001fbffca7840 JavaThread "C1 CompilerThread0"         daemon [_thread_blocked, id=9796, stack(0x000000d275e00000,0x000000d275f00000) (1024K)]
  0x000001fbffd0d8f0 JavaThread "C1 CompilerThread1"         daemon [_thread_blocked, id=15556, stack(0x000000d275f00000,0x000000d276000000) (1024K)]
  0x000001fb996a0710 JavaThread "Notification Thread"        daemon [_thread_blocked, id=24980, stack(0x000000d276000000,0x000000d276100000) (1024K)]
  0x000001fb996a0080 JavaThread "Common-Cleaner"             daemon [_thread_blocked, id=28120, stack(0x000000d276100000,0x000000d276200000) (1024K)]
  0x000001fb996c1da0 JavaThread "C1 CompilerThread2"         daemon [_thread_blocked, id=23328, stack(0x000000d276200000,0x000000d276300000) (1024K)]
  0x000001fb996a2150 JavaThread "surefire-forkedjvm-stream-flusher" daemon [_thread_blocked, id=22684, stack(0x000000d276400000,0x000000d276500000) (1024K)]
  0x000001fb996a1430 JavaThread "surefire-forkedjvm-command-thread" daemon [_thread_in_native, id=22216, stack(0x000000d276500000,0x000000d276600000) (1024K)]
  0x000001fbdf6e3290 JavaThread "C1 CompilerThread3"         daemon [_thread_blocked, id=10288, stack(0x000000d276600000,0x000000d276700000) (1024K)]
  0x000001fbe24799f0 JavaThread "mysql-cj-abandoned-connection-cleanup" daemon [_thread_blocked, id=21612, stack(0x000000d277400000,0x000000d277500000) (1024K)]
  0x000001fbe247a710 JavaThread "HikariPool-1 housekeeper"   daemon [_thread_blocked, id=27960, stack(0x000000d277b00000,0x000000d277c00000) (1024K)]
  0x000001fbe7612530 JavaThread "C2 CompilerThread1"         daemon [_thread_blocked, id=17104, stack(0x000000d276300000,0x000000d276400000) (1024K)]
  0x000001fbe76139a0 JavaThread "C2 CompilerThread2"         daemon [_thread_blocked, id=16504, stack(0x000000d277100000,0x000000d277200000) (1024K)]
  0x000001fbe7614070 JavaThread "C2 CompilerThread3"         daemon [_thread_blocked, id=27744, stack(0x000000d277200000,0x000000d277300000) (1024K)]
Total: 21

Other Threads:
=>0x000001fbffc5b310 VMThread "VM Thread"                           [id=7740, stack(0x000000d275600000,0x000000d275700000) (1024K)]
  0x000001fbffc49080 WatcherThread "VM Periodic Task Thread"        [id=12552, stack(0x000000d275500000,0x000000d275600000) (1024K)]
  0x000001fbfda04f10 WorkerThread "GC Thread#0"                     [id=8860, stack(0x000000d275000000,0x000000d275100000) (1024K)]
  0x000001fbdfa21b70 WorkerThread "GC Thread#1"                     [id=19480, stack(0x000000d276700000,0x000000d276800000) (1024K)]
  0x000001fbdf761b80 WorkerThread "GC Thread#2"                     [id=14164, stack(0x000000d276800000,0x000000d276900000) (1024K)]
  0x000001fbdf779990 WorkerThread "GC Thread#3"                     [id=11180, stack(0x000000d276900000,0x000000d276a00000) (1024K)]
  0x000001fbdf7bfa90 WorkerThread "GC Thread#4"                     [id=19816, stack(0x000000d276a00000,0x000000d276b00000) (1024K)]
  0x000001fbdf7bfe40 WorkerThread "GC Thread#5"                     [id=18764, stack(0x000000d276b00000,0x000000d276c00000) (1024K)]
  0x000001fbdfa82250 WorkerThread "GC Thread#6"                     [id=10996, stack(0x000000d276c00000,0x000000d276d00000) (1024K)]
  0x000001fbdfa82600 WorkerThread "GC Thread#7"                     [id=19604, stack(0x000000d276d00000,0x000000d276e00000) (1024K)]
  0x000001fbdfe69040 WorkerThread "GC Thread#8"                     [id=28484, stack(0x000000d276e00000,0x000000d276f00000) (1024K)]
  0x000001fbdff39930 WorkerThread "GC Thread#9"                     [id=27264, stack(0x000000d276f00000,0x000000d277000000) (1024K)]
  0x000001fbdfe17f00 WorkerThread "GC Thread#10"                    [id=25188, stack(0x000000d277000000,0x000000d277100000) (1024K)]
  0x000001fbdff2cdd0 WorkerThread "GC Thread#11"                    [id=24848, stack(0x000000d277300000,0x000000d277400000) (1024K)]
  0x000001fbe0a2ac80 WorkerThread "GC Thread#12"                    [id=4956, stack(0x000000d277500000,0x000000d277600000) (1024K)]
  0x000001fbfda09e10 ConcurrentGCThread "G1 Main Marker"            [id=4452, stack(0x000000d275100000,0x000000d275200000) (1024K)]
  0x000001fbfda0b840 WorkerThread "G1 Conc#0"                       [id=10948, stack(0x000000d275200000,0x000000d275300000) (1024K)]
  0x000001fbe0a2bef0 WorkerThread "G1 Conc#1"                       [id=17472, stack(0x000000d277800000,0x000000d277900000) (1024K)]
  0x000001fbe0a2b3e0 WorkerThread "G1 Conc#2"                       [id=26964, stack(0x000000d277900000,0x000000d277a00000) (1024K)]
  0x000001fbffb214a0 ConcurrentGCThread "G1 Refine#0"               [id=24124, stack(0x000000d275300000,0x000000d275400000) (1024K)]
  0x000001fbfda9c0a0 ConcurrentGCThread "G1 Service"                [id=9300, stack(0x000000d275400000,0x000000d275500000) (1024K)]
Total: 21

Threads with active compile tasks:
C2 CompilerThread0    12963 11650 %     4       org.antlr.v4.runtime.atn.PredictionMode::getConflictingAltSubsets @ 13 (81 bytes)
C2 CompilerThread2    12963 11645       4       org.antlr.v4.runtime.atn.PredictionContext::mergeArrays (809 bytes)
Total: 2

VM state: at safepoint (normal execution)

VM Mutex/Monitor currently owned by a thread:  ([mutex/lock_event])
[0x00007ffce4bd9f10] Threads_lock - owner thread: 0x000001fbffc5b310
[0x00007ffce4bda010] Heap_lock - owner thread: 0x000001fbfd9df470

Heap address: 0x00000000e0000000, size: 512 MB, Compressed Oops mode: 32-bit

CDS archive(s) mapped at: [0x000001fb9a000000-0x000001fb9ac90000-0x000001fb9ac90000), size 13172736, SharedBaseAddress: 0x000001fb9a000000, ArchiveRelocationMode: 1.
Compressed class space mapped at: 0x000001fb9b000000-0x000001fbdb000000, reserved size: 1073741824
Narrow klass base: 0x000001fb9a000000, Narrow klass shift: 0, Narrow klass range: 0x100000000

GC Precious Log:
 CardTable entry size: 512
 Card Set container configuration: InlinePtr #cards 5 size 8 Array Of Cards #cards 12 size 40 Howl #buckets 4 coarsen threshold 1843 Howl Bitmap #cards 512 size 80 coarsen threshold 460 Card regions per heap region 1 cards per card region 2048
 CPUs: 16 total, 16 available
 Memory: 16044M
 Large Page Support: Disabled
 NUMA Support: Disabled
 Compressed Oops: Enabled (32-bit)
 Heap Region Size: 1M
 Heap Min Capacity: 64M
 Heap Initial Capacity: 64M
 Heap Max Capacity: 512M
 Pre-touch: Disabled
 Parallel Workers: 13
 Concurrent Workers: 3
 Concurrent Refinement Workers: 13
 Periodic GC: Disabled

Heap:
 garbage-first heap   total 158720K, used 122880K [0x00000000e0000000, 0x0000000100000000)
  region size 1024K, 4 young (4096K), 4 survivors (4096K)
 Metaspace       used 93708K, committed 94336K, reserved 1179648K
  class space    used 11885K, committed 12160K, reserved 1048576K

Heap Regions: E=young(eden), S=young(survivor), O=old, HS=humongous(starts), HC=humongous(continues), CS=collection set, F=free, TAMS=top-at-mark-start, PB=parsable bottom
|   0|0x00000000e0000000, 0x00000000e0100000, 0x00000000e0100000|100%|HS|  |TAMS 0x00000000e0100000| PB 0x00000000e0000000| Complete 
|   1|0x00000000e0100000, 0x00000000e0200000, 0x00000000e0200000|100%|HS|  |TAMS 0x00000000e0200000| PB 0x00000000e0100000| Complete 
|   2|0x00000000e0200000, 0x00000000e0300000, 0x00000000e0300000|100%| O|  |TAMS 0x00000000e0300000| PB 0x00000000e0200000| Untracked 
|   3|0x00000000e0300000, 0x00000000e0400000, 0x00000000e0400000|100%| O|  |TAMS 0x00000000e0400000| PB 0x00000000e0300000| Untracked 
|   4|0x00000000e0400000, 0x00000000e0500000, 0x00000000e0500000|100%| O|  |TAMS 0x00000000e0500000| PB 0x00000000e0400000| Untracked 
|   5|0x00000000e0500000, 0x00000000e0600000, 0x00000000e0600000|100%| O|  |TAMS 0x00000000e0600000| PB 0x00000000e0500000| Untracked 
|   6|0x00000000e0600000, 0x00000000e0700000, 0x00000000e0700000|100%| O|  |TAMS 0x00000000e0700000| PB 0x00000000e0600000| Untracked 
|   7|0x00000000e0700000, 0x00000000e0800000, 0x00000000e0800000|100%| O|  |TAMS 0x00000000e0800000| PB 0x00000000e0700000| Untracked 
|   8|0x00000000e0800000, 0x00000000e0900000, 0x00000000e0900000|100%| O|  |TAMS 0x00000000e0900000| PB 0x00000000e0800000| Untracked 
|   9|0x00000000e0900000, 0x00000000e0a00000, 0x00000000e0a00000|100%| O|  |TAMS 0x00000000e0a00000| PB 0x00000000e0900000| Untracked 
|  10|0x00000000e0a00000, 0x00000000e0b00000, 0x00000000e0b00000|100%| O|  |TAMS 0x00000000e0b00000| PB 0x00000000e0a00000| Untracked 
|  11|0x00000000e0b00000, 0x00000000e0c00000, 0x00000000e0c00000|100%| O|  |TAMS 0x00000000e0c00000| PB 0x00000000e0b00000| Untracked 
|  12|0x00000000e0c00000, 0x00000000e0d00000, 0x00000000e0d00000|100%| O|  |TAMS 0x00000000e0d00000| PB 0x00000000e0c00000| Untracked 
|  13|0x00000000e0d00000, 0x00000000e0e00000, 0x00000000e0e00000|100%| O|  |TAMS 0x00000000e0e00000| PB 0x00000000e0d00000| Untracked 
|  14|0x00000000e0e00000, 0x00000000e0f00000, 0x00000000e0f00000|100%| O|  |TAMS 0x00000000e0f00000| PB 0x00000000e0e00000| Untracked 
|  15|0x00000000e0f00000, 0x00000000e1000000, 0x00000000e1000000|100%| O|  |TAMS 0x00000000e1000000| PB 0x00000000e0f00000| Untracked 
|  16|0x00000000e1000000, 0x00000000e1100000, 0x00000000e1100000|100%| O|  |TAMS 0x00000000e1100000| PB 0x00000000e1000000| Untracked 
|  17|0x00000000e1100000, 0x00000000e1200000, 0x00000000e1200000|100%| O|  |TAMS 0x00000000e1200000| PB 0x00000000e1100000| Untracked 
|  18|0x00000000e1200000, 0x00000000e1300000, 0x00000000e1300000|100%| O|  |TAMS 0x00000000e1300000| PB 0x00000000e1200000| Untracked 
|  19|0x00000000e1300000, 0x00000000e1400000, 0x00000000e1400000|100%| O|  |TAMS 0x00000000e1400000| PB 0x00000000e1300000| Untracked 
|  20|0x00000000e1400000, 0x00000000e1500000, 0x00000000e1500000|100%| O|  |TAMS 0x00000000e1500000| PB 0x00000000e1400000| Untracked 
|  21|0x00000000e1500000, 0x00000000e1600000, 0x00000000e1600000|100%| O|  |TAMS 0x00000000e1600000| PB 0x00000000e1500000| Untracked 
|  22|0x00000000e1600000, 0x00000000e1700000, 0x00000000e1700000|100%| O|  |TAMS 0x00000000e1700000| PB 0x00000000e1600000| Untracked 
|  23|0x00000000e1700000, 0x00000000e1800000, 0x00000000e1800000|100%| O|  |TAMS 0x00000000e1800000| PB 0x00000000e1700000| Untracked 
|  24|0x00000000e1800000, 0x00000000e1900000, 0x00000000e1900000|100%| O|  |TAMS 0x00000000e1900000| PB 0x00000000e1800000| Untracked 
|  25|0x00000000e1900000, 0x00000000e1a00000, 0x00000000e1a00000|100%| O|  |TAMS 0x00000000e1a00000| PB 0x00000000e1900000| Untracked 
|  26|0x00000000e1a00000, 0x00000000e1b00000, 0x00000000e1b00000|100%| O|  |TAMS 0x00000000e1b00000| PB 0x00000000e1a00000| Untracked 
|  27|0x00000000e1b00000, 0x00000000e1c00000, 0x00000000e1c00000|100%| O|  |TAMS 0x00000000e1c00000| PB 0x00000000e1b00000| Untracked 
|  28|0x00000000e1c00000, 0x00000000e1d00000, 0x00000000e1d00000|100%| O|  |TAMS 0x00000000e1d00000| PB 0x00000000e1c00000| Untracked 
|  29|0x00000000e1d00000, 0x00000000e1e00000, 0x00000000e1e00000|100%| O|  |TAMS 0x00000000e1e00000| PB 0x00000000e1d00000| Untracked 
|  30|0x00000000e1e00000, 0x00000000e1f00000, 0x00000000e1f00000|100%| O|  |TAMS 0x00000000e1f00000| PB 0x00000000e1e00000| Untracked 
|  31|0x00000000e1f00000, 0x00000000e2000000, 0x00000000e2000000|100%| O|  |TAMS 0x00000000e2000000| PB 0x00000000e1f00000| Untracked 
|  32|0x00000000e2000000, 0x00000000e2100000, 0x00000000e2100000|100%| O|  |TAMS 0x00000000e2100000| PB 0x00000000e2000000| Untracked 
|  33|0x00000000e2100000, 0x00000000e2200000, 0x00000000e2200000|100%| O|  |TAMS 0x00000000e2200000| PB 0x00000000e2100000| Untracked 
|  34|0x00000000e2200000, 0x00000000e2300000, 0x00000000e2300000|100%| O|  |TAMS 0x00000000e2300000| PB 0x00000000e2200000| Untracked 
|  35|0x00000000e2300000, 0x00000000e2400000, 0x00000000e2400000|100%| O|  |TAMS 0x00000000e2400000| PB 0x00000000e2300000| Untracked 
|  36|0x00000000e2400000, 0x00000000e2500000, 0x00000000e2500000|100%| O|  |TAMS 0x00000000e2500000| PB 0x00000000e2400000| Untracked 
|  37|0x00000000e2500000, 0x00000000e2600000, 0x00000000e2600000|100%| O|  |TAMS 0x00000000e2600000| PB 0x00000000e2500000| Untracked 
|  38|0x00000000e2600000, 0x00000000e2700000, 0x00000000e2700000|100%| O|  |TAMS 0x00000000e2600000| PB 0x00000000e2600000| Untracked 
|  39|0x00000000e2700000, 0x00000000e2800000, 0x00000000e2800000|100%| O|  |TAMS 0x00000000e2800000| PB 0x00000000e2700000| Untracked 
|  40|0x00000000e2800000, 0x00000000e2900000, 0x00000000e2900000|100%| O|  |TAMS 0x00000000e2900000| PB 0x00000000e2800000| Untracked 
|  41|0x00000000e2900000, 0x00000000e2a00000, 0x00000000e2a00000|100%| O|  |TAMS 0x00000000e2a00000| PB 0x00000000e2900000| Untracked 
|  42|0x00000000e2a00000, 0x00000000e2b00000, 0x00000000e2b00000|100%| O|  |TAMS 0x00000000e2b00000| PB 0x00000000e2a00000| Untracked 
|  43|0x00000000e2b00000, 0x00000000e2c00000, 0x00000000e2c00000|100%| O|  |TAMS 0x00000000e2c00000| PB 0x00000000e2b00000| Untracked 
|  44|0x00000000e2c00000, 0x00000000e2d00000, 0x00000000e2d00000|100%| O|  |TAMS 0x00000000e2d00000| PB 0x00000000e2c00000| Untracked 
|  45|0x00000000e2d00000, 0x00000000e2e00000, 0x00000000e2e00000|100%| O|  |TAMS 0x00000000e2e00000| PB 0x00000000e2d00000| Untracked 
|  46|0x00000000e2e00000, 0x00000000e2f00000, 0x00000000e2f00000|100%| O|  |TAMS 0x00000000e2f00000| PB 0x00000000e2e00000| Untracked 
|  47|0x00000000e2f00000, 0x00000000e3000000, 0x00000000e3000000|100%| O|  |TAMS 0x00000000e3000000| PB 0x00000000e2f00000| Untracked 
|  48|0x00000000e3000000, 0x00000000e3100000, 0x00000000e3100000|100%| O|  |TAMS 0x00000000e3100000| PB 0x00000000e3000000| Untracked 
|  49|0x00000000e3100000, 0x00000000e3200000, 0x00000000e3200000|100%| O|  |TAMS 0x00000000e3200000| PB 0x00000000e3100000| Untracked 
|  50|0x00000000e3200000, 0x00000000e3300000, 0x00000000e3300000|100%| O|  |TAMS 0x00000000e3300000| PB 0x00000000e3200000| Untracked 
|  51|0x00000000e3300000, 0x00000000e3400000, 0x00000000e3400000|100%| O|  |TAMS 0x00000000e3400000| PB 0x00000000e3300000| Untracked 
|  52|0x00000000e3400000, 0x00000000e3500000, 0x00000000e3500000|100%| O|  |TAMS 0x00000000e3500000| PB 0x00000000e3400000| Untracked 
|  53|0x00000000e3500000, 0x00000000e3600000, 0x00000000e3600000|100%| O|  |TAMS 0x00000000e3600000| PB 0x00000000e3500000| Untracked 
|  54|0x00000000e3600000, 0x00000000e3700000, 0x00000000e3700000|100%| O|  |TAMS 0x00000000e3700000| PB 0x00000000e3600000| Untracked 
|  55|0x00000000e3700000, 0x00000000e3800000, 0x00000000e3800000|100%| O|  |TAMS 0x00000000e3800000| PB 0x00000000e3700000| Untracked 
|  56|0x00000000e3800000, 0x00000000e3900000, 0x00000000e3900000|100%| O|  |TAMS 0x00000000e3900000| PB 0x00000000e3800000| Untracked 
|  57|0x00000000e3900000, 0x00000000e3a00000, 0x00000000e3a00000|100%| O|  |TAMS 0x00000000e3a00000| PB 0x00000000e3900000| Untracked 
|  58|0x00000000e3a00000, 0x00000000e3b00000, 0x00000000e3b00000|100%| O|  |TAMS 0x00000000e3a00000| PB 0x00000000e3a00000| Untracked 
|  59|0x00000000e3b00000, 0x00000000e3c00000, 0x00000000e3c00000|100%| O|  |TAMS 0x00000000e3c00000| PB 0x00000000e3b00000| Untracked 
|  60|0x00000000e3c00000, 0x00000000e3d00000, 0x00000000e3d00000|100%| O|  |TAMS 0x00000000e3d00000| PB 0x00000000e3c00000| Untracked 
|  61|0x00000000e3d00000, 0x00000000e3e00000, 0x00000000e3e00000|100%| O|  |TAMS 0x00000000e3e00000| PB 0x00000000e3d00000| Untracked 
|  62|0x00000000e3e00000, 0x00000000e3f00000, 0x00000000e3f00000|100%| O|  |TAMS 0x00000000e3f00000| PB 0x00000000e3e00000| Untracked 
|  63|0x00000000e3f00000, 0x00000000e4000000, 0x00000000e4000000|100%| O|  |TAMS 0x00000000e4000000| PB 0x00000000e3f00000| Untracked 
|  64|0x00000000e4000000, 0x00000000e4100000, 0x00000000e4100000|100%| O|  |TAMS 0x00000000e4100000| PB 0x00000000e4000000| Untracked 
|  65|0x00000000e4100000, 0x00000000e4200000, 0x00000000e4200000|100%| O|  |TAMS 0x00000000e4200000| PB 0x00000000e4100000| Untracked 
|  66|0x00000000e4200000, 0x00000000e4300000, 0x00000000e4300000|100%| O|  |TAMS 0x00000000e4300000| PB 0x00000000e4200000| Untracked 
|  67|0x00000000e4300000, 0x00000000e4400000, 0x00000000e4400000|100%| O|  |TAMS 0x00000000e4400000| PB 0x00000000e4300000| Untracked 
|  68|0x00000000e4400000, 0x00000000e4500000, 0x00000000e4500000|100%| O|  |TAMS 0x00000000e4500000| PB 0x00000000e4400000| Untracked 
|  69|0x00000000e4500000, 0x00000000e4600000, 0x00000000e4600000|100%| O|  |TAMS 0x00000000e4600000| PB 0x00000000e4500000| Untracked 
|  70|0x00000000e4600000, 0x00000000e4700000, 0x00000000e4700000|100%| O|  |TAMS 0x00000000e4700000| PB 0x00000000e4600000| Untracked 
|  71|0x00000000e4700000, 0x00000000e4800000, 0x00000000e4800000|100%| O|  |TAMS 0x00000000e4800000| PB 0x00000000e4700000| Untracked 
|  72|0x00000000e4800000, 0x00000000e4900000, 0x00000000e4900000|100%| O|  |TAMS 0x00000000e4900000| PB 0x00000000e4800000| Untracked 
|  73|0x00000000e4900000, 0x00000000e4a00000, 0x00000000e4a00000|100%| O|  |TAMS 0x00000000e4a00000| PB 0x00000000e4900000| Untracked 
|  74|0x00000000e4a00000, 0x00000000e4b00000, 0x00000000e4b00000|100%| O|  |TAMS 0x00000000e4b00000| PB 0x00000000e4a00000| Untracked 
|  75|0x00000000e4b00000, 0x00000000e4c00000, 0x00000000e4c00000|100%| O|  |TAMS 0x00000000e4c00000| PB 0x00000000e4b00000| Untracked 
|  76|0x00000000e4c00000, 0x00000000e4d00000, 0x00000000e4d00000|100%| O|  |TAMS 0x00000000e4d00000| PB 0x00000000e4c00000| Untracked 
|  77|0x00000000e4d00000, 0x00000000e4e00000, 0x00000000e4e00000|100%| O|  |TAMS 0x00000000e4e00000| PB 0x00000000e4d00000| Untracked 
|  78|0x00000000e4e00000, 0x00000000e4f00000, 0x00000000e4f00000|100%| O|  |TAMS 0x00000000e4f00000| PB 0x00000000e4e00000| Untracked 
|  79|0x00000000e4f00000, 0x00000000e5000000, 0x00000000e5000000|100%| O|  |TAMS 0x00000000e5000000| PB 0x00000000e4f00000| Untracked 
|  80|0x00000000e5000000, 0x00000000e5100000, 0x00000000e5100000|100%| O|  |TAMS 0x00000000e5100000| PB 0x00000000e5000000| Untracked 
|  81|0x00000000e5100000, 0x00000000e5200000, 0x00000000e5200000|100%| O|  |TAMS 0x00000000e5200000| PB 0x00000000e5100000| Untracked 
|  82|0x00000000e5200000, 0x00000000e5300000, 0x00000000e5300000|100%| O|  |TAMS 0x00000000e5300000| PB 0x00000000e5200000| Untracked 
|  83|0x00000000e5300000, 0x00000000e5400000, 0x00000000e5400000|100%| O|  |TAMS 0x00000000e5400000| PB 0x00000000e5300000| Untracked 
|  84|0x00000000e5400000, 0x00000000e5500000, 0x00000000e5500000|100%| O|  |TAMS 0x00000000e5500000| PB 0x00000000e5400000| Untracked 
|  85|0x00000000e5500000, 0x00000000e5600000, 0x00000000e5600000|100%| O|  |TAMS 0x00000000e5600000| PB 0x00000000e5500000| Untracked 
|  86|0x00000000e5600000, 0x00000000e5700000, 0x00000000e5700000|100%| O|  |TAMS 0x00000000e5700000| PB 0x00000000e5600000| Untracked 
|  87|0x00000000e5700000, 0x00000000e5800000, 0x00000000e5800000|100%| O|  |TAMS 0x00000000e5800000| PB 0x00000000e5700000| Untracked 
|  88|0x00000000e5800000, 0x00000000e5900000, 0x00000000e5900000|100%| O|  |TAMS 0x00000000e5900000| PB 0x00000000e5800000| Untracked 
|  89|0x00000000e5900000, 0x00000000e5a00000, 0x00000000e5a00000|100%| O|  |TAMS 0x00000000e5980000| PB 0x00000000e5900000| Untracked 
|  90|0x00000000e5a00000, 0x00000000e5b00000, 0x00000000e5b00000|100%| O|  |TAMS 0x00000000e5a00000| PB 0x00000000e5a00000| Untracked 
|  91|0x00000000e5b00000, 0x00000000e5c00000, 0x00000000e5c00000|100%| O|  |TAMS 0x00000000e5b00000| PB 0x00000000e5b00000| Untracked 
|  92|0x00000000e5c00000, 0x00000000e5d00000, 0x00000000e5d00000|100%| O|  |TAMS 0x00000000e5c00000| PB 0x00000000e5c00000| Untracked 
|  93|0x00000000e5d00000, 0x00000000e5e00000, 0x00000000e5e00000|100%| O|  |TAMS 0x00000000e5d00000| PB 0x00000000e5d00000| Untracked 
|  94|0x00000000e5e00000, 0x00000000e5f00000, 0x00000000e5f00000|100%|HS|  |TAMS 0x00000000e5e00000| PB 0x00000000e5e00000| Complete 
|  95|0x00000000e5f00000, 0x00000000e6000000, 0x00000000e6000000|100%| O|  |TAMS 0x00000000e5f00000| PB 0x00000000e5f00000| Untracked 
|  96|0x00000000e6000000, 0x00000000e6100000, 0x00000000e6100000|100%| O|  |TAMS 0x00000000e6000000| PB 0x00000000e6000000| Untracked 
|  97|0x00000000e6100000, 0x00000000e6200000, 0x00000000e6200000|100%| O|  |TAMS 0x00000000e6100000| PB 0x00000000e6100000| Untracked 
|  98|0x00000000e6200000, 0x00000000e6300000, 0x00000000e6300000|100%| O|  |TAMS 0x00000000e6200000| PB 0x00000000e6200000| Untracked 
|  99|0x00000000e6300000, 0x00000000e6400000, 0x00000000e6400000|100%| O|  |TAMS 0x00000000e6300000| PB 0x00000000e6300000| Untracked 
| 100|0x00000000e6400000, 0x00000000e6500000, 0x00000000e6500000|100%| O|  |TAMS 0x00000000e6400000| PB 0x00000000e6400000| Untracked 
| 101|0x00000000e6500000, 0x00000000e6600000, 0x00000000e6600000|100%| O|  |TAMS 0x00000000e6500000| PB 0x00000000e6500000| Untracked 
| 102|0x00000000e6600000, 0x00000000e6700000, 0x00000000e6700000|100%| O|  |TAMS 0x00000000e6600000| PB 0x00000000e6600000| Untracked 
| 103|0x00000000e6700000, 0x00000000e6800000, 0x00000000e6800000|100%| O|  |TAMS 0x00000000e6700000| PB 0x00000000e6700000| Untracked 
| 104|0x00000000e6800000, 0x00000000e6900000, 0x00000000e6900000|100%| O|  |TAMS 0x00000000e6800000| PB 0x00000000e6800000| Untracked 
| 105|0x00000000e6900000, 0x00000000e6a00000, 0x00000000e6a00000|100%| O|  |TAMS 0x00000000e6900000| PB 0x00000000e6900000| Untracked 
| 106|0x00000000e6a00000, 0x00000000e6b00000, 0x00000000e6b00000|100%| O|  |TAMS 0x00000000e6a00000| PB 0x00000000e6a00000| Untracked 
| 107|0x00000000e6b00000, 0x00000000e6c00000, 0x00000000e6c00000|100%| O|  |TAMS 0x00000000e6b00000| PB 0x00000000e6b00000| Untracked 
| 108|0x00000000e6c00000, 0x00000000e6d00000, 0x00000000e6d00000|100%| O|  |TAMS 0x00000000e6c00000| PB 0x00000000e6c00000| Untracked 
| 109|0x00000000e6d00000, 0x00000000e6e00000, 0x00000000e6e00000|100%| O|  |TAMS 0x00000000e6d00000| PB 0x00000000e6d00000| Untracked 
| 110|0x00000000e6e00000, 0x00000000e6f00000, 0x00000000e6f00000|100%| O|  |TAMS 0x00000000e6e00000| PB 0x00000000e6e00000| Untracked 
| 111|0x00000000e6f00000, 0x00000000e6f00000, 0x00000000e7000000|  0%| F|  |TAMS 0x00000000e6f00000| PB 0x00000000e6f00000| Untracked 
| 112|0x00000000e7000000, 0x00000000e7000000, 0x00000000e7100000|  0%| F|  |TAMS 0x00000000e7000000| PB 0x00000000e7000000| Untracked 
| 113|0x00000000e7100000, 0x00000000e7100000, 0x00000000e7200000|  0%| F|  |TAMS 0x00000000e7100000| PB 0x00000000e7100000| Untracked 
| 114|0x00000000e7200000, 0x00000000e7200000, 0x00000000e7300000|  0%| F|  |TAMS 0x00000000e7200000| PB 0x00000000e7200000| Untracked 
| 115|0x00000000e7300000, 0x00000000e7300000, 0x00000000e7400000|  0%| F|  |TAMS 0x00000000e7300000| PB 0x00000000e7300000| Untracked 
| 116|0x00000000e7400000, 0x00000000e7400000, 0x00000000e7500000|  0%| F|  |TAMS 0x00000000e7400000| PB 0x00000000e7400000| Untracked 
| 117|0x00000000e7500000, 0x00000000e7600000, 0x00000000e7600000|100%| O|  |TAMS 0x00000000e7500000| PB 0x00000000e7500000| Untracked 
| 118|0x00000000e7600000, 0x00000000e7700000, 0x00000000e7700000|100%| O|  |TAMS 0x00000000e7600000| PB 0x00000000e7600000| Untracked 
| 119|0x00000000e7700000, 0x00000000e7800000, 0x00000000e7800000|100%| O|  |TAMS 0x00000000e7700000| PB 0x00000000e7700000| Untracked 
| 120|0x00000000e7800000, 0x00000000e7900000, 0x00000000e7900000|100%| O|  |TAMS 0x00000000e7800000| PB 0x00000000e7800000| Untracked 
| 121|0x00000000e7900000, 0x00000000e7a00000, 0x00000000e7a00000|100%| O|  |TAMS 0x00000000e7900000| PB 0x00000000e7900000| Untracked 
| 122|0x00000000e7a00000, 0x00000000e7a00000, 0x00000000e7b00000|  0%| F|  |TAMS 0x00000000e7a00000| PB 0x00000000e7a00000| Untracked 
| 123|0x00000000e7b00000, 0x00000000e7b00000, 0x00000000e7c00000|  0%| F|  |TAMS 0x00000000e7b00000| PB 0x00000000e7b00000| Untracked 
| 124|0x00000000e7c00000, 0x00000000e7c00000, 0x00000000e7d00000|  0%| F|  |TAMS 0x00000000e7c00000| PB 0x00000000e7c00000| Untracked 
| 125|0x00000000e7d00000, 0x00000000e7e00000, 0x00000000e7e00000|100%| S|CS|TAMS 0x00000000e7d00000| PB 0x00000000e7d00000| Complete 
| 126|0x00000000e7e00000, 0x00000000e7f00000, 0x00000000e7f00000|100%| S|CS|TAMS 0x00000000e7e00000| PB 0x00000000e7e00000| Complete 
| 127|0x00000000e7f00000, 0x00000000e8000000, 0x00000000e8000000|100%| S|CS|TAMS 0x00000000e7f00000| PB 0x00000000e7f00000| Complete 
| 128|0x00000000e8000000, 0x00000000e8100000, 0x00000000e8100000|100%| S|CS|TAMS 0x00000000e8000000| PB 0x00000000e8000000| Complete 
| 129|0x00000000e8100000, 0x00000000e8100000, 0x00000000e8200000|  0%| F|  |TAMS 0x00000000e8100000| PB 0x00000000e8100000| Untracked 
| 130|0x00000000e8200000, 0x00000000e8200000, 0x00000000e8300000|  0%| F|  |TAMS 0x00000000e8200000| PB 0x00000000e8200000| Untracked 
| 131|0x00000000e8300000, 0x00000000e8300000, 0x00000000e8400000|  0%| F|  |TAMS 0x00000000e8300000| PB 0x00000000e8300000| Untracked 
| 132|0x00000000e8400000, 0x00000000e8400000, 0x00000000e8500000|  0%| F|  |TAMS 0x00000000e8400000| PB 0x00000000e8400000| Untracked 
| 133|0x00000000e8500000, 0x00000000e8500000, 0x00000000e8600000|  0%| F|  |TAMS 0x00000000e8500000| PB 0x00000000e8500000| Untracked 
| 134|0x00000000e8600000, 0x00000000e8600000, 0x00000000e8700000|  0%| F|  |TAMS 0x00000000e8600000| PB 0x00000000e8600000| Untracked 
| 135|0x00000000e8700000, 0x00000000e8700000, 0x00000000e8800000|  0%| F|  |TAMS 0x00000000e8700000| PB 0x00000000e8700000| Untracked 
| 136|0x00000000e8800000, 0x00000000e8800000, 0x00000000e8900000|  0%| F|  |TAMS 0x00000000e8800000| PB 0x00000000e8800000| Untracked 
| 137|0x00000000e8900000, 0x00000000e8900000, 0x00000000e8a00000|  0%| F|  |TAMS 0x00000000e8900000| PB 0x00000000e8900000| Untracked 
| 138|0x00000000e8a00000, 0x00000000e8a00000, 0x00000000e8b00000|  0%| F|  |TAMS 0x00000000e8a00000| PB 0x00000000e8a00000| Untracked 
| 139|0x00000000e8b00000, 0x00000000e8b00000, 0x00000000e8c00000|  0%| F|  |TAMS 0x00000000e8b00000| PB 0x00000000e8b00000| Untracked 
| 140|0x00000000e8c00000, 0x00000000e8c00000, 0x00000000e8d00000|  0%| F|  |TAMS 0x00000000e8c00000| PB 0x00000000e8c00000| Untracked 
| 141|0x00000000e8d00000, 0x00000000e8d00000, 0x00000000e8e00000|  0%| F|  |TAMS 0x00000000e8d00000| PB 0x00000000e8d00000| Untracked 
| 142|0x00000000e8e00000, 0x00000000e8e00000, 0x00000000e8f00000|  0%| F|  |TAMS 0x00000000e8e00000| PB 0x00000000e8e00000| Untracked 
| 143|0x00000000e8f00000, 0x00000000e8f00000, 0x00000000e9000000|  0%| F|  |TAMS 0x00000000e8f00000| PB 0x00000000e8f00000| Untracked 
| 144|0x00000000e9000000, 0x00000000e9000000, 0x00000000e9100000|  0%| F|  |TAMS 0x00000000e9000000| PB 0x00000000e9000000| Untracked 
| 145|0x00000000e9100000, 0x00000000e9100000, 0x00000000e9200000|  0%| F|  |TAMS 0x00000000e9100000| PB 0x00000000e9100000| Untracked 
| 146|0x00000000e9200000, 0x00000000e9200000, 0x00000000e9300000|  0%| F|  |TAMS 0x00000000e9200000| PB 0x00000000e9200000| Untracked 
| 147|0x00000000e9300000, 0x00000000e9300000, 0x00000000e9400000|  0%| F|  |TAMS 0x00000000e9300000| PB 0x00000000e9300000| Untracked 
| 148|0x00000000e9400000, 0x00000000e9400000, 0x00000000e9500000|  0%| F|  |TAMS 0x00000000e9400000| PB 0x00000000e9400000| Untracked 
| 149|0x00000000e9500000, 0x00000000e9500000, 0x00000000e9600000|  0%| F|  |TAMS 0x00000000e9500000| PB 0x00000000e9500000| Untracked 
| 150|0x00000000e9600000, 0x00000000e9600000, 0x00000000e9700000|  0%| F|  |TAMS 0x00000000e9600000| PB 0x00000000e9600000| Untracked 
| 151|0x00000000e9700000, 0x00000000e9700000, 0x00000000e9800000|  0%| F|  |TAMS 0x00000000e9700000| PB 0x00000000e9700000| Untracked 
| 152|0x00000000e9800000, 0x00000000e9800000, 0x00000000e9900000|  0%| F|  |TAMS 0x00000000e9800000| PB 0x00000000e9800000| Untracked 
| 153|0x00000000e9900000, 0x00000000e9900000, 0x00000000e9a00000|  0%| F|  |TAMS 0x00000000e9900000| PB 0x00000000e9900000| Untracked 
| 511|0x00000000fff00000, 0x00000000fff00000, 0x0000000100000000|  0%| F|  |TAMS 0x00000000fff00000| PB 0x00000000fff00000| Untracked 

Card table byte_map: [0x000001fbfe420000,0x000001fbfe520000] _byte_map_base: 0x000001fbfdd20000

Marking Bits: (CMBitMap*) 0x000001fbfda05530
 Bits: [0x000001fbfe520000, 0x000001fbfed20000)

Polling page: 0x000001fbfb970000

Metaspace:

Usage:
  Non-class:     79.91 MB used.
      Class:     11.61 MB used.
       Both:     91.51 MB used.

Virtual space:
  Non-class space:      128.00 MB reserved,      80.25 MB ( 63%) committed,  2 nodes.
      Class space:        1.00 GB reserved,      11.88 MB (  1%) committed,  1 nodes.
             Both:        1.12 GB reserved,      92.12 MB (  8%) committed. 

Chunk freelists:
   Non-Class:  15.64 MB
       Class:  3.97 MB
        Both:  19.61 MB

MaxMetaspaceSize: unlimited
CompressedClassSpaceSize: 1.00 GB
Initial GC threshold: 21.00 MB
Current GC threshold: 153.56 MB
CDS: on
 - commit_granule_bytes: 65536.
 - commit_granule_words: 8192.
 - virtual_space_node_default_size: 8388608.
 - enlarge_chunks_in_place: 1.
 - use_allocation_guard: 0.


Internal statistics:

num_allocs_failed_limit: 3.
num_arena_births: 886.
num_arena_deaths: 0.
num_vsnodes_births: 3.
num_vsnodes_deaths: 0.
num_space_committed: 1469.
num_space_uncommitted: 0.
num_chunks_returned_to_freelist: 3.
num_chunks_taken_from_freelist: 4170.
num_chunk_merges: 3.
num_chunk_splits: 3099.
num_chunks_enlarged: 2514.
num_inconsistent_stats: 0.

CodeHeap 'non-profiled nmethods': size=119168Kb used=7599Kb max_used=8148Kb free=111568Kb
 bounds [0x000001fb8ff80000, 0x000001fb90780000, 0x000001fb973e0000]
CodeHeap 'profiled nmethods': size=119104Kb used=17729Kb max_used=18699Kb free=101374Kb
 bounds [0x000001fb883e0000, 0x000001fb89630000, 0x000001fb8f830000]
CodeHeap 'non-nmethods': size=7488Kb used=3495Kb max_used=3574Kb free=3992Kb
 bounds [0x000001fb8f830000, 0x000001fb8fbc0000, 0x000001fb8ff80000]
 total_blobs=10168 nmethods=9362 adapters=704
 compilation: enabled
              stopped_count=0, restarted_count=0
 full_count=0

Compilation events (20 events):
Event: 11.746 Thread 0x000001fbdf6e3290 nmethod 11641 0x000001fb906aee90 code [0x000001fb906af020, 0x000001fb906af0e8]
Event: 11.746 Thread 0x000001fbffd0d8f0 nmethod 11642 0x000001fb9019dd10 code [0x000001fb9019dea0, 0x000001fb9019df68]
Event: 11.747 Thread 0x000001fbe7612530 nmethod 11630 0x000001fb90221890 code [0x000001fb90221a20, 0x000001fb90221b88]
Event: 11.747 Thread 0x000001fbdf6e3290 11643       3       org.antlr.v4.runtime.atn.LexerSkipAction::execute (5 bytes)
Event: 11.747 Thread 0x000001fbffc8cc80 nmethod 11629 0x000001fb90338810 code [0x000001fb903389a0, 0x000001fb90338b38]
Event: 11.747 Thread 0x000001fbffd0d8f0 11644       3       org.antlr.v4.runtime.Lexer::skip (7 bytes)
Event: 11.748 Thread 0x000001fbdf6e3290 nmethod 11643 0x000001fb8959d190 code [0x000001fb8959d340, 0x000001fb8959d538]
Event: 11.748 Thread 0x000001fbffd0d8f0 nmethod 11644 0x000001fb88520f10 code [0x000001fb885210a0, 0x000001fb885211b0]
Event: 11.749 Thread 0x000001fbe7614070 nmethod 11623 0x000001fb8ffa1590 code [0x000001fb8ffa1740, 0x000001fb8ffa1cd8]
Event: 11.749 Thread 0x000001fbe76139a0 nmethod 11628 0x000001fb90494c10 code [0x000001fb90494e00, 0x000001fb904952a8]
Event: 11.753 Thread 0x000001fbe76139a0 11645       4       org.antlr.v4.runtime.atn.PredictionContext::mergeArrays (809 bytes)
Event: 11.754 Thread 0x000001fbe7614070 11646       4       org.antlr.v4.runtime.atn.LexerATNConfig::hashCode (80 bytes)
Event: 11.755 Thread 0x000001fbe7614070 nmethod 11646 0x000001fb9004ce90 code [0x000001fb9004d020, 0x000001fb9004d2c0]
Event: 11.798 Thread 0x000001fbdf6e3290 11647       3       org.antlr.v4.runtime.atn.PredictionMode::allConfigsInRuleStopStates (41 bytes)
Event: 11.798 Thread 0x000001fbe7614070 11648       4       org.antlr.v4.runtime.atn.ArrayPredictionContext::isEmpty (17 bytes)
Event: 11.799 Thread 0x000001fbdf6e3290 nmethod 11647 0x000001fb88d9ef90 code [0x000001fb88d9f1a0, 0x000001fb88d9fad0]
Event: 11.799 Thread 0x000001fbe7614070 nmethod 11648 0x000001fb902e3010 code [0x000001fb902e31a0, 0x000001fb902e3280]
Event: 11.800 Thread 0x000001fbffd0d8f0 11649       3       org.antlr.v4.runtime.atn.PredictionMode::hasSLLConflictTerminatingPrediction (109 bytes)
Event: 11.800 Thread 0x000001fbffd0d8f0 nmethod 11649 0x000001fb8856d810 code [0x000001fb8856daa0, 0x000001fb8856e860]
Event: 11.810 Thread 0x000001fbffc8cc80 11650 %     4       org.antlr.v4.runtime.atn.PredictionMode::getConflictingAltSubsets @ 13 (81 bytes)

GC Heap History (20 events):
Event: 9.193 GC heap after
{Heap after GC invocations=36 (full 0):
 garbage-first heap   total 116736K, used 58577K [0x00000000e0000000, 0x0000000100000000)
  region size 1024K, 4 young (4096K), 4 survivors (4096K)
 Metaspace       used 75837K, committed 76480K, reserved 1179648K
  class space    used 9284K, committed 9600K, reserved 1048576K
}
Event: 10.142 GC heap before
{Heap before GC invocations=37 (full 0):
 garbage-first heap   total 116736K, used 104657K [0x00000000e0000000, 0x0000000100000000)
  region size 1024K, 49 young (50176K), 4 survivors (4096K)
 Metaspace       used 82064K, committed 82688K, reserved 1179648K
  class space    used 10076K, committed 10368K, reserved 1048576K
}
Event: 10.152 GC heap after
{Heap after GC invocations=38 (full 0):
 garbage-first heap   total 116736K, used 64388K [0x00000000e0000000, 0x0000000100000000)
  region size 1024K, 7 young (7168K), 7 survivors (7168K)
 Metaspace       used 82064K, committed 82688K, reserved 1179648K
  class space    used 10076K, committed 10368K, reserved 1048576K
}
Event: 10.521 GC heap before
{Heap before GC invocations=38 (full 0):
 garbage-first heap   total 116736K, used 102276K [0x00000000e0000000, 0x0000000100000000)
  region size 1024K, 44 young (45056K), 7 survivors (7168K)
 Metaspace       used 84676K, committed 85376K, reserved 1179648K
  class space    used 10569K, committed 10880K, reserved 1048576K
}
Event: 10.534 GC heap after
{Heap after GC invocations=39 (full 0):
 garbage-first heap   total 116736K, used 68096K [0x00000000e0000000, 0x0000000100000000)
  region size 1024K, 4 young (4096K), 4 survivors (4096K)
 Metaspace       used 84676K, committed 85376K, reserved 1179648K
  class space    used 10569K, committed 10880K, reserved 1048576K
}
Event: 10.826 GC heap before
{Heap before GC invocations=39 (full 0):
 garbage-first heap   total 116736K, used 104960K [0x00000000e0000000, 0x0000000100000000)
  region size 1024K, 40 young (40960K), 4 survivors (4096K)
 Metaspace       used 86466K, committed 87168K, reserved 1179648K
  class space    used 10941K, committed 11264K, reserved 1048576K
}
Event: 10.831 GC heap after
{Heap after GC invocations=40 (full 0):
 garbage-first heap   total 116736K, used 69325K [0x00000000e0000000, 0x0000000100000000)
  region size 1024K, 3 young (3072K), 3 survivors (3072K)
 Metaspace       used 86466K, committed 87168K, reserved 1179648K
  class space    used 10941K, committed 11264K, reserved 1048576K
}
Event: 10.934 GC heap before
{Heap before GC invocations=41 (full 0):
 garbage-first heap   total 124928K, used 106189K [0x00000000e0000000, 0x0000000100000000)
  region size 1024K, 39 young (39936K), 3 survivors (3072K)
 Metaspace       used 86476K, committed 87168K, reserved 1179648K
  class space    used 10941K, committed 11264K, reserved 1048576K
}
Event: 10.940 GC heap after
{Heap after GC invocations=42 (full 0):
 garbage-first heap   total 124928K, used 73214K [0x00000000e0000000, 0x0000000100000000)
  region size 1024K, 5 young (5120K), 5 survivors (5120K)
 Metaspace       used 86476K, committed 87168K, reserved 1179648K
  class space    used 10941K, committed 11264K, reserved 1048576K
}
Event: 11.075 GC heap before
{Heap before GC invocations=42 (full 0):
 garbage-first heap   total 124928K, used 111102K [0x00000000e0000000, 0x0000000100000000)
  region size 1024K, 43 young (44032K), 5 survivors (5120K)
 Metaspace       used 87345K, committed 88000K, reserved 1179648K
  class space    used 11045K, committed 11328K, reserved 1048576K
}
Event: 11.077 GC heap after
{Heap after GC invocations=43 (full 0):
 garbage-first heap   total 124928K, used 68522K [0x00000000e0000000, 0x0000000100000000)
  region size 1024K, 1 young (1024K), 1 survivors (1024K)
 Metaspace       used 87345K, committed 88000K, reserved 1179648K
  class space    used 11045K, committed 11328K, reserved 1048576K
}
Event: 11.589 GC heap before
{Heap before GC invocations=43 (full 0):
 garbage-first heap   total 124928K, used 114602K [0x00000000e0000000, 0x0000000100000000)
  region size 1024K, 46 young (47104K), 1 survivors (1024K)
 Metaspace       used 93694K, committed 94336K, reserved 1179648K
  class space    used 11874K, committed 12160K, reserved 1048576K
}
Event: 11.597 GC heap after
{Heap after GC invocations=44 (full 0):
 garbage-first heap   total 124928K, used 74275K [0x00000000e0000000, 0x0000000100000000)
  region size 1024K, 6 young (6144K), 6 survivors (6144K)
 Metaspace       used 93694K, committed 94336K, reserved 1179648K
  class space    used 11874K, committed 12160K, reserved 1048576K
}
Event: 11.649 GC heap before
{Heap before GC invocations=45 (full 0):
 garbage-first heap   total 158720K, used 109091K [0x00000000e0000000, 0x0000000100000000)
  region size 1024K, 40 young (40960K), 6 survivors (6144K)
 Metaspace       used 93695K, committed 94336K, reserved 1179648K
  class space    used 11874K, committed 12160K, reserved 1048576K
}
Event: 11.660 GC heap after
{Heap after GC invocations=46 (full 0):
 garbage-first heap   total 158720K, used 83968K [0x00000000e0000000, 0x0000000100000000)
  region size 1024K, 5 young (5120K), 5 survivors (5120K)
 Metaspace       used 93695K, committed 94336K, reserved 1179648K
  class space    used 11874K, committed 12160K, reserved 1048576K
}
Event: 11.715 GC heap before
{Heap before GC invocations=46 (full 0):
 garbage-first heap   total 158720K, used 134144K [0x00000000e0000000, 0x0000000100000000)
  region size 1024K, 54 young (55296K), 5 survivors (5120K)
 Metaspace       used 93704K, committed 94336K, reserved 1179648K
  class space    used 11883K, committed 12160K, reserved 1048576K
}
Event: 11.728 GC heap after
{Heap after GC invocations=47 (full 0):
 garbage-first heap   total 158720K, used 96768K [0x00000000e0000000, 0x0000000100000000)
  region size 1024K, 7 young (7168K), 7 survivors (7168K)
 Metaspace       used 93704K, committed 94336K, reserved 1179648K
  class space    used 11883K, committed 12160K, reserved 1048576K
}
Event: 11.775 GC heap before
{Heap before GC invocations=47 (full 0):
 garbage-first heap   total 158720K, used 135680K [0x00000000e0000000, 0x0000000100000000)
  region size 1024K, 45 young (46080K), 7 survivors (7168K)
 Metaspace       used 93708K, committed 94336K, reserved 1179648K
  class space    used 11885K, committed 12160K, reserved 1048576K
}
Event: 11.789 GC heap after
{Heap after GC invocations=48 (full 0):
 garbage-first heap   total 158720K, used 112128K [0x00000000e0000000, 0x0000000100000000)
  region size 1024K, 6 young (6144K), 6 survivors (6144K)
 Metaspace       used 93708K, committed 94336K, reserved 1179648K
  class space    used 11885K, committed 12160K, reserved 1048576K
}
Event: 11.817 GC heap before
{Heap before GC invocations=48 (full 0):
 garbage-first heap   total 158720K, used 139776K [0x00000000e0000000, 0x0000000100000000)
  region size 1024K, 32 young (32768K), 6 survivors (6144K)
 Metaspace       used 93708K, committed 94336K, reserved 1179648K
  class space    used 11885K, committed 12160K, reserved 1048576K
}

Dll operation events (11 events):
Event: 0.006 Loaded shared library C:\Program Files\Java\jdk-21.0.10\bin\java.dll
Event: 0.027 Loaded shared library C:\Program Files\Java\jdk-21.0.10\bin\jsvml.dll
Event: 0.038 Loaded shared library C:\Program Files\Java\jdk-21.0.10\bin\net.dll
Event: 0.040 Loaded shared library C:\Program Files\Java\jdk-21.0.10\bin\nio.dll
Event: 0.042 Loaded shared library C:\Program Files\Java\jdk-21.0.10\bin\zip.dll
Event: 0.078 Loaded shared library C:\Program Files\Java\jdk-21.0.10\bin\management.dll
Event: 0.081 Loaded shared library C:\Program Files\Java\jdk-21.0.10\bin\management_ext.dll
Event: 0.094 Loaded shared library C:\Program Files\Java\jdk-21.0.10\bin\jimage.dll
Event: 2.452 Loaded shared library C:\Program Files\Java\jdk-21.0.10\bin\sunmscapi.dll
Event: 5.649 Loaded shared library C:\Program Files\Java\jdk-21.0.10\bin\verify.dll
Event: 5.953 Loaded shared library C:\Program Files\Java\jdk-21.0.10\bin\extnet.dll

Deoptimization events (20 events):
Event: 11.699 Thread 0x000001fbfd9df470 DEOPT PACKING pc=0x000001fb906c99cc sp=0x000000d274ff5cc0
Event: 11.699 Thread 0x000001fbfd9df470 DEOPT UNPACKING pc=0x000001fb8f8846a2 sp=0x000000d274ff5cb0 mode 2
Event: 11.699 Thread 0x000001fbfd9df470 Uncommon trap: trap_request=0xffffffde fr.pc=0x000001fb906c99cc relative=0x000000000000094c
Event: 11.699 Thread 0x000001fbfd9df470 Uncommon trap: reason=class_check action=maybe_recompile pc=0x000001fb906c99cc method=org.antlr.v4.runtime.atn.PredictionContext.merge(Lorg/antlr/v4/runtime/atn/PredictionContext;Lorg/antlr/v4/runtime/atn/PredictionContext;ZLorg/antlr/v4/runtime/misc/Doub
Event: 11.699 Thread 0x000001fbfd9df470 DEOPT PACKING pc=0x000001fb906c99cc sp=0x000000d274ff63f0
Event: 11.699 Thread 0x000001fbfd9df470 DEOPT UNPACKING pc=0x000001fb8f8846a2 sp=0x000000d274ff63e0 mode 2
Event: 11.700 Thread 0x000001fbfd9df470 Uncommon trap: trap_request=0xffffff45 fr.pc=0x000001fb906d6890 relative=0x00000000000024d0
Event: 11.700 Thread 0x000001fbfd9df470 Uncommon trap: reason=unstable_if action=reinterpret pc=0x000001fb906d6890 method=org.antlr.v4.runtime.atn.LexerATNSimulator.getEpsilonTarget(Lorg/antlr/v4/runtime/CharStream;Lorg/antlr/v4/runtime/atn/LexerATNConfig;Lorg/antlr/v4/runtime/atn/Transition;Lo
Event: 11.700 Thread 0x000001fbfd9df470 DEOPT PACKING pc=0x000001fb906d6890 sp=0x000000d274ff7400
Event: 11.700 Thread 0x000001fbfd9df470 DEOPT UNPACKING pc=0x000001fb8f8846a2 sp=0x000000d274ff7370 mode 2
Event: 11.701 Thread 0x000001fbfd9df470 Uncommon trap: trap_request=0xffffff6e fr.pc=0x000001fb906f0a8c relative=0x000000000000390c
Event: 11.701 Thread 0x000001fbfd9df470 Uncommon trap: reason=loop_limit_check action=maybe_recompile pc=0x000001fb906f0a8c method=java.util.BitSet.recalculateWordsInUse()V @ 8 c2
Event: 11.701 Thread 0x000001fbfd9df470 DEOPT PACKING pc=0x000001fb906f0a8c sp=0x000000d274ff76f0
Event: 11.701 Thread 0x000001fbfd9df470 DEOPT UNPACKING pc=0x000001fb8f8846a2 sp=0x000000d274ff75e0 mode 2
Event: 11.701 Thread 0x000001fbfd9df470 DEOPT PACKING pc=0x000001fb89621f2f sp=0x000000d274ff7570
Event: 11.702 Thread 0x000001fbfd9df470 DEOPT UNPACKING pc=0x000001fb8f884e42 sp=0x000000d274ff6b18 mode 0
Event: 11.734 Thread 0x000001fbfd9df470 Uncommon trap: trap_request=0xffffffde fr.pc=0x000001fb90717a78 relative=0x0000000000003098
Event: 11.734 Thread 0x000001fbfd9df470 Uncommon trap: reason=class_check action=maybe_recompile pc=0x000001fb90717a78 method=org.antlr.v4.runtime.atn.PredictionContext.merge(Lorg/antlr/v4/runtime/atn/PredictionContext;Lorg/antlr/v4/runtime/atn/PredictionContext;ZLorg/antlr/v4/runtime/misc/Doub
Event: 11.734 Thread 0x000001fbfd9df470 DEOPT PACKING pc=0x000001fb90717a78 sp=0x000000d274ff5b20
Event: 11.734 Thread 0x000001fbfd9df470 DEOPT UNPACKING pc=0x000001fb8f8846a2 sp=0x000000d274ff5a90 mode 2

Classes loaded (20 events):
Event: 11.506 Loading class jdk/xml/internal/JdkXmlUtils
Event: 11.506 Loading class jdk/xml/internal/JdkXmlUtils done
Event: 11.506 Loading class javax/xml/catalog/CatalogFeatures$Feature
Event: 11.506 Loading class javax/xml/catalog/CatalogFeatures$Feature done
Event: 11.506 Loading class com/sun/org/apache/xerces/internal/jaxp/SAXParserFactoryImpl
Event: 11.506 Loading class javax/xml/parsers/SAXParserFactory
Event: 11.506 Loading class javax/xml/parsers/SAXParserFactory done
Event: 11.507 Loading class com/sun/org/apache/xerces/internal/jaxp/SAXParserFactoryImpl done
Event: 11.507 Loading class com/sun/xml/internal/stream/StaxEntityResolverWrapper
Event: 11.507 Loading class com/sun/xml/internal/stream/StaxEntityResolverWrapper done
Event: 11.514 Loading class java/nio/charset/CoderMalfunctionError
Event: 11.514 Loading class java/nio/charset/CoderMalfunctionError done
Event: 11.572 Loading class java/util/WeakHashMap$KeyIterator
Event: 11.572 Loading class java/util/WeakHashMap$HashIterator
Event: 11.572 Loading class java/util/WeakHashMap$HashIterator done
Event: 11.572 Loading class java/util/WeakHashMap$KeyIterator done
Event: 11.572 Loading class java/util/WeakHashMap$EntrySet
Event: 11.572 Loading class java/util/WeakHashMap$EntrySet done
Event: 11.572 Loading class java/util/WeakHashMap$EntryIterator
Event: 11.573 Loading class java/util/WeakHashMap$EntryIterator done

Classes unloaded (0 events):
No events

Classes redefined (0 events):
No events

Internal exceptions (20 events):
Event: 9.321 Thread 0x000001fbfd9df470 Exception <a 'java/lang/NoSuchMethodError'{0x00000000e695f378}: 'java.lang.Object java.lang.invoke.DirectMethodHandle$Holder.invokeSpecial(java.lang.Object, java.lang.Object, java.lang.Object, java.lang.Object, java.lang.Object, java.lang.Object, java.lang.Object, java.lang.Object, java.lang.Object, java.lang.Object, java.lang.Object, java.lang.Object, java.lang.Object)'> (0x00000000e695f378) 
thrown [s\open\src\hotspot\share\interpreter\linkResolver.cpp, line 773]
Event: 9.321 Thread 0x000001fbfd9df470 Exception <a 'java/lang/NoSuchMethodError'{0x00000000e6964028}: 'java.lang.Object java.lang.invoke.Invokers$Holder.linkToTargetMethod(java.lang.Object, java.lang.Object, java.lang.Object, java.lang.Object, java.lang.Object, java.lang.Object, java.lang.Object, java.lang.Object, java.lang.Object, java.lang.Object, java.lang.Object, java.lang.Object)'> (0x00000000e6964028) 
thrown [s\open\src\hotspot\share\interpreter\linkResolver.cpp, line 773]
Event: 9.331 Thread 0x000001fbfd9df470 Exception <a 'java/lang/IncompatibleClassChangeError'{0x00000000e69f9010}: Found class java.lang.Object, but interface was expected> (0x00000000e69f9010) 
thrown [s\open\src\hotspot\share\interpreter\linkResolver.cpp, line 840]
Event: 9.394 Thread 0x000001fbfd9df470 Exception <a 'java/lang/IncompatibleClassChangeError'{0x00000000e6487e98}: Found class java.lang.Object, but interface was expected> (0x00000000e6487e98) 
thrown [s\open\src\hotspot\share\interpreter\linkResolver.cpp, line 840]
Event: 9.406 Thread 0x000001fbfd9df470 Exception <a 'java/lang/NoSuchMethodError'{0x00000000e6332650}: 'java.lang.Object java.lang.invoke.DirectMethodHandle$Holder.newInvokeSpecial(java.lang.Object, java.lang.Object, int, java.lang.Object, int, java.lang.Object, java.lang.Object)'> (0x00000000e6332650) 
thrown [s\open\src\hotspot\share\interpreter\linkResolver.cpp, line 773]
Event: 9.415 Thread 0x000001fbfd9df470 Exception <a 'java/lang/NoSuchMethodError'{0x00000000e63c2db0}: 'java.lang.Object java.lang.invoke.DirectMethodHandle$Holder.newInvokeSpecial(java.lang.Object, java.lang.Object, java.lang.Object, java.lang.Object, java.lang.Object, java.lang.Object, java.lang.Object, int)'> (0x00000000e63c2db0) 
thrown [s\open\src\hotspot\share\interpreter\linkResolver.cpp, line 773]
Event: 9.415 Thread 0x000001fbfd9df470 Exception <a 'java/lang/NoSuchMethodError'{0x00000000e63c7aa8}: 'java.lang.Object java.lang.invoke.DirectMethodHandle$Holder.invokeSpecial(java.lang.Object, java.lang.Object, java.lang.Object, java.lang.Object, java.lang.Object, java.lang.Object, java.lang.Object, java.lang.Object, int)'> (0x00000000e63c7aa8) 
thrown [s\open\src\hotspot\share\interpreter\linkResolver.cpp, line 773]
Event: 9.415 Thread 0x000001fbfd9df470 Exception <a 'java/lang/NoSuchMethodError'{0x00000000e63cc298}: 'java.lang.Object java.lang.invoke.Invokers$Holder.linkToTargetMethod(java.lang.Object, java.lang.Object, java.lang.Object, java.lang.Object, java.lang.Object, java.lang.Object, int, java.lang.Object)'> (0x00000000e63cc298) 
thrown [s\open\src\hotspot\share\interpreter\linkResolver.cpp, line 773]
Event: 9.714 Thread 0x000001fbfd9df470 Exception <a 'java/lang/NoSuchMethodError'{0x00000000e55e5d10}: 'void java.lang.invoke.Invokers$Holder.invokeExact_MT(java.lang.Object, java.lang.Object, java.lang.Object, java.lang.Object)'> (0x00000000e55e5d10) 
thrown [s\open\src\hotspot\share\interpreter\linkResolver.cpp, line 773]
Event: 9.745 Thread 0x000001fbfd9df470 Implicit null exception at 0x000001fb90494ef7 to 0x000001fb90495168
Event: 9.765 Thread 0x000001fbfd9df470 Implicit null exception at 0x000001fb904b66a6 to 0x000001fb904b6b28
Event: 9.822 Thread 0x000001fbfd9df470 Implicit null exception at 0x000001fb901828bc to 0x000001fb90184334
Event: 9.836 Thread 0x000001fbfd9df470 Exception <a 'java/lang/IncompatibleClassChangeError'{0x00000000e4ec2190}: Found class java.lang.Object, but interface was expected> (0x00000000e4ec2190) 
thrown [s\open\src\hotspot\share\interpreter\linkResolver.cpp, line 840]
Event: 9.929 Thread 0x000001fbfd9df470 Exception <a 'java/lang/IncompatibleClassChangeError'{0x00000000e4b6d130}: Found class java.lang.Object, but interface was expected> (0x00000000e4b6d130) 
thrown [s\open\src\hotspot\share\interpreter\linkResolver.cpp, line 840]
Event: 10.163 Thread 0x000001fbfd9df470 Exception <a 'java/lang/IncompatibleClassChangeError'{0x00000000fff7f8e0}: Found class java.lang.Object, but interface was expected> (0x00000000fff7f8e0) 
thrown [s\open\src\hotspot\share\interpreter\linkResolver.cpp, line 840]
Event: 10.172 Thread 0x000001fbfd9df470 Exception <a 'java/lang/NoSuchMethodError'{0x00000000e700d860}: 'void java.lang.invoke.DirectMethodHandle$Holder.invokeSpecial(java.lang.Object, java.lang.Object, java.lang.Object, java.lang.Object, java.lang.Object, java.lang.Object, java.lang.Object)'> (0x00000000e700d860) 
thrown [s\open\src\hotspot\share\interpreter\linkResolver.cpp, line 773]
Event: 11.216 Thread 0x000001fbfd9df470 Exception <a 'java/lang/IncompatibleClassChangeError'{0x00000000e6a19c78}: Found class java.lang.Object, but interface was expected> (0x00000000e6a19c78) 
thrown [s\open\src\hotspot\share\interpreter\linkResolver.cpp, line 840]
Event: 11.376 Thread 0x000001fbfd9df470 Exception <a 'java/lang/NoSuchMethodError'{0x00000000e63c8e30}: 'java.lang.Object java.lang.invoke.DirectMethodHandle$Holder.invokeStaticInit(java.lang.Object, java.lang.Object, int)'> (0x00000000e63c8e30) 
thrown [s\open\src\hotspot\share\interpreter\linkResolver.cpp, line 773]
Event: 11.504 Thread 0x000001fbfd9df470 Exception <a 'java/lang/NoSuchMethodError'{0x00000000e5c1a940}: 'java.lang.Object java.lang.invoke.DirectMethodHandle$Holder.invokeStaticInit(java.lang.Object, java.lang.Object, java.lang.Object, java.lang.Object, java.lang.Object)'> (0x00000000e5c1a940) 
thrown [s\open\src\hotspot\share\interpreter\linkResolver.cpp, line 773]
Event: 11.569 Thread 0x000001fbfd9df470 Implicit null exception at 0x000001fb90745f5e to 0x000001fb90745fe1

ZGC Phase Switch (0 events):
No events

VM Operations (20 events):
Event: 11.063 Executing VM operation: HandshakeAllThreads (Deoptimize) done
Event: 11.075 Executing VM operation: G1CollectForAllocation (G1 Evacuation Pause)
Event: 11.077 Executing VM operation: G1CollectForAllocation (G1 Evacuation Pause) done
Event: 11.320 Executing VM operation: HandshakeAllThreads (Deoptimize)
Event: 11.320 Executing VM operation: HandshakeAllThreads (Deoptimize) done
Event: 11.541 Executing VM operation: ICBufferFull
Event: 11.541 Executing VM operation: ICBufferFull done
Event: 11.589 Executing VM operation: G1CollectForAllocation (G1 Evacuation Pause)
Event: 11.597 Executing VM operation: G1CollectForAllocation (G1 Evacuation Pause) done
Event: 11.624 Executing VM operation: G1PauseRemark
Event: 11.632 Executing VM operation: G1PauseRemark done
Event: 11.647 Executing VM operation: G1PauseCleanup
Event: 11.647 Executing VM operation: G1PauseCleanup done
Event: 11.649 Executing VM operation: G1CollectForAllocation (G1 Evacuation Pause)
Event: 11.660 Executing VM operation: G1CollectForAllocation (G1 Evacuation Pause) done
Event: 11.715 Executing VM operation: G1CollectForAllocation (G1 Evacuation Pause)
Event: 11.728 Executing VM operation: G1CollectForAllocation (G1 Evacuation Pause) done
Event: 11.775 Executing VM operation: G1CollectForAllocation (G1 Evacuation Pause)
Event: 11.789 Executing VM operation: G1CollectForAllocation (G1 Evacuation Pause) done
Event: 11.817 Executing VM operation: G1CollectForAllocation (G1 Evacuation Pause)

Events (20 events):
Event: 11.631 Thread 0x000001fbffc5b310 flushing nmethod 0x000001fb895b6410
Event: 11.631 Thread 0x000001fbffc5b310 flushing nmethod 0x000001fb895b6d90
Event: 11.631 Thread 0x000001fbffc5b310 flushing nmethod 0x000001fb895b8210
Event: 11.631 Thread 0x000001fbffc5b310 flushing nmethod 0x000001fb895b9510
Event: 11.631 Thread 0x000001fbffc5b310 flushing nmethod 0x000001fb895baa90
Event: 11.631 Thread 0x000001fbffc5b310 flushing nmethod 0x000001fb895cf690
Event: 11.631 Thread 0x000001fbffc5b310 flushing nmethod 0x000001fb895cff10
Event: 11.631 Thread 0x000001fbffc5b310 flushing nmethod 0x000001fb895d0310
Event: 11.631 Thread 0x000001fbffc5b310 flushing nmethod 0x000001fb895d0b10
Event: 11.631 Thread 0x000001fbffc5b310 flushing nmethod 0x000001fb895d2010
Event: 11.631 Thread 0x000001fbffc5b310 flushing nmethod 0x000001fb895d2990
Event: 11.631 Thread 0x000001fbffc5b310 flushing nmethod 0x000001fb895dba10
Event: 11.631 Thread 0x000001fbffc5b310 flushing nmethod 0x000001fb895dfc90
Event: 11.631 Thread 0x000001fbffc5b310 flushing nmethod 0x000001fb895e9e10
Event: 11.631 Thread 0x000001fbffc5b310 flushing nmethod 0x000001fb895eaa90
Event: 11.631 Thread 0x000001fbffc5b310 flushing nmethod 0x000001fb895ec810
Event: 11.631 Thread 0x000001fbffc5b310 flushing nmethod 0x000001fb895ecd90
Event: 11.631 Thread 0x000001fbffc5b310 flushing nmethod 0x000001fb895ef110
Event: 11.631 Thread 0x000001fbffc5b310 flushing nmethod 0x000001fb895ff710
Event: 11.809 Thread 0x000001fbe247a080 Thread exited: 0x000001fbe247a080


Dynamic libraries:
0x00007ff6255e0000 - 0x00007ff6255f0000 	C:\Program Files\Java\jdk-21.0.10\bin\java.exe
0x00007ffd97700000 - 0x00007ffd97966000 	C:\Windows\SYSTEM32\ntdll.dll
0x00007ffd96bd0000 - 0x00007ffd96c99000 	C:\Windows\System32\KERNEL32.DLL
0x00007ffd94ec0000 - 0x00007ffd952be000 	C:\Windows\System32\KERNELBASE.dll
0x00007ffd952d0000 - 0x00007ffd9541c000 	C:\Windows\System32\ucrtbase.dll
0x00007ffd88410000 - 0x00007ffd8842e000 	C:\Program Files\Java\jdk-21.0.10\bin\VCRUNTIME140.dll
0x00007ffd88440000 - 0x00007ffd88459000 	C:\Program Files\Java\jdk-21.0.10\bin\jli.dll
0x00007ffd97320000 - 0x00007ffd973d7000 	C:\Windows\System32\ADVAPI32.dll
0x00007ffd95870000 - 0x00007ffd95919000 	C:\Windows\System32\msvcrt.dll
0x00007ffd96d30000 - 0x00007ffd96dda000 	C:\Windows\System32\sechost.dll
0x00007ffd975a0000 - 0x00007ffd976b8000 	C:\Windows\System32\RPCRT4.dll
0x00007ffd96920000 - 0x00007ffd96ae7000 	C:\Windows\System32\USER32.dll
0x00007ffd949e0000 - 0x00007ffd94a07000 	C:\Windows\System32\win32u.dll
0x00007ffd95b80000 - 0x00007ffd95bab000 	C:\Windows\System32\GDI32.dll
0x00007ffd7fd90000 - 0x00007ffd80022000 	C:\Windows\WinSxS\amd64_microsoft.windows.common-controls_6595b64144ccf1df_6.0.26100.8875_none_3e0d5d42e32fe9dd\COMCTL32.dll
0x00007ffd94d90000 - 0x00007ffd94eba000 	C:\Windows\System32\gdi32full.dll
0x00007ffd94b90000 - 0x00007ffd94c33000 	C:\Windows\System32\msvcp_win.dll
0x00007ffd8dd40000 - 0x00007ffd8dd4b000 	C:\Windows\SYSTEM32\VERSION.dll
0x00007ffd97170000 - 0x00007ffd971a2000 	C:\Windows\System32\IMM32.DLL
0x00007ffd8da20000 - 0x00007ffd8da2c000 	C:\Program Files\Java\jdk-21.0.10\bin\vcruntime140_1.dll
0x00007ffd70240000 - 0x00007ffd702cd000 	C:\Program Files\Java\jdk-21.0.10\bin\msvcp140.dll
0x00007ffce3f90000 - 0x00007ffce4cb7000 	C:\Program Files\Java\jdk-21.0.10\bin\server\jvm.dll
0x00007ffd96360000 - 0x00007ffd963e0000 	C:\Windows\System32\WS2_32.dll
0x00007ffd94780000 - 0x00007ffd947de000 	C:\Windows\SYSTEM32\POWRPROF.dll
0x00007ffd8b410000 - 0x00007ffd8b446000 	C:\Windows\SYSTEM32\WINMM.dll
0x00007ffd94760000 - 0x00007ffd94774000 	C:\Windows\SYSTEM32\UMPDC.dll
0x00007ffd935d0000 - 0x00007ffd935eb000 	C:\Windows\SYSTEM32\kernel.appcore.dll
0x00007ffd88360000 - 0x00007ffd8836a000 	C:\Program Files\Java\jdk-21.0.10\bin\jimage.dll
0x00007ffd88630000 - 0x00007ffd88872000 	C:\Windows\SYSTEM32\DBGHELP.DLL
0x00007ffd96de0000 - 0x00007ffd97163000 	C:\Windows\System32\combase.dll
0x00007ffd96af0000 - 0x00007ffd96bc9000 	C:\Windows\System32\OLEAUT32.dll
0x00007ffd738e0000 - 0x00007ffd7391b000 	C:\Windows\SYSTEM32\dbgcore.DLL
0x00007ffd94c40000 - 0x00007ffd94cec000 	C:\Windows\System32\bcryptPrimitives.dll
0x00007ffd75fc0000 - 0x00007ffd75fe1000 	C:\Program Files\Java\jdk-21.0.10\bin\java.dll
0x00007ffd95bc0000 - 0x00007ffd96352000 	C:\Windows\System32\SHELL32.dll
0x00007ffd92380000 - 0x00007ffd92c12000 	C:\Windows\SYSTEM32\windows.storage.dll
0x00007ffd959b0000 - 0x00007ffd95aa7000 	C:\Windows\System32\SHCORE.dll
0x00007ffd95ab0000 - 0x00007ffd95b17000 	C:\Windows\System32\shlwapi.dll
0x00007ffd94840000 - 0x00007ffd94869000 	C:\Windows\SYSTEM32\profapi.dll
0x00007ffd62d00000 - 0x00007ffd62dd7000 	C:\Program Files\Java\jdk-21.0.10\bin\jsvml.dll
0x00007ffd71ba0000 - 0x00007ffd71bb1000 	C:\Program Files\Java\jdk-21.0.10\bin\net.dll
0x00007ffd8d870000 - 0x00007ffd8d997000 	C:\Windows\SYSTEM32\WINHTTP.dll
0x00007ffd93b70000 - 0x00007ffd93bdc000 	C:\Windows\system32\mswsock.dll
0x00007ffd71a80000 - 0x00007ffd71a96000 	C:\Program Files\Java\jdk-21.0.10\bin\nio.dll
0x00007ffd718d0000 - 0x00007ffd718e8000 	C:\Program Files\Java\jdk-21.0.10\bin\zip.dll
0x00007ffd76880000 - 0x00007ffd7688a000 	C:\Program Files\Java\jdk-21.0.10\bin\management.dll
0x00007ffd75f60000 - 0x00007ffd75f6c000 	C:\Program Files\Java\jdk-21.0.10\bin\management_ext.dll
0x00007ffd95bb0000 - 0x00007ffd95bb8000 	C:\Windows\System32\PSAPI.DLL
0x00007ffd75ef0000 - 0x00007ffd75efe000 	C:\Program Files\Java\jdk-21.0.10\bin\sunmscapi.dll
0x00007ffd94a10000 - 0x00007ffd94b88000 	C:\Windows\System32\CRYPT32.dll
0x00007ffd940f0000 - 0x00007ffd94120000 	C:\Windows\SYSTEM32\ncrypt.dll
0x00007ffd940a0000 - 0x00007ffd940df000 	C:\Windows\SYSTEM32\NTASN1.dll
0x00007ffd93eb0000 - 0x00007ffd93ecb000 	C:\Windows\SYSTEM32\CRYPTSP.dll
0x00007ffd93530000 - 0x00007ffd93569000 	C:\Windows\system32\rsaenh.dll
0x00007ffd93c50000 - 0x00007ffd93c82000 	C:\Windows\SYSTEM32\USERENV.dll
0x00007ffd94810000 - 0x00007ffd9483a000 	C:\Windows\SYSTEM32\bcrypt.dll
0x00007ffd93e90000 - 0x00007ffd93e9c000 	C:\Windows\SYSTEM32\CRYPTBASE.dll
0x00007ffd93020000 - 0x00007ffd93053000 	C:\Windows\SYSTEM32\IPHLPAPI.DLL
0x00007ffd97460000 - 0x00007ffd9746a000 	C:\Windows\System32\NSI.dll
0x00007ffd73810000 - 0x00007ffd73820000 	C:\Program Files\Java\jdk-21.0.10\bin\verify.dll
0x00007ffd93110000 - 0x00007ffd93266000 	C:\Windows\SYSTEM32\DNSAPI.dll
0x00007ffd93980000 - 0x00007ffd9398d000 	C:\Windows\SYSTEM32\DSPARSE.dll
0x00007ffd8da50000 - 0x00007ffd8da5b000 	C:\Windows\System32\rasadhlp.dll
0x00007ffd8e5a0000 - 0x00007ffd8e626000 	C:\Windows\System32\fwpuclnt.dll
0x00007ffd72a00000 - 0x00007ffd72a09000 	C:\Program Files\Java\jdk-21.0.10\bin\extnet.dll

dbghelp: loaded successfully - version: 4.0.5 - missing functions: none
symbol engine: initialized successfully - sym options: 0x614 - pdb path: .;C:\Program Files\Java\jdk-21.0.10\bin;C:\Windows\SYSTEM32;C:\Windows\WinSxS\amd64_microsoft.windows.common-controls_6595b64144ccf1df_6.0.26100.8875_none_3e0d5d42e32fe9dd;C:\Program Files\Java\jdk-21.0.10\bin\server

VM Arguments:
jvm_args: -Xmx512m -Xms64m 
java_command: C:\Users\sesol\AppData\Local\Temp\surefire17105621624497816583\surefirebooter-20260723180239732_3.jar C:\Users\sesol\AppData\Local\Temp\surefire17105621624497816583 2026-07-23T18-02-39_631-jvmRun1 surefire-20260723180239732_1tmp surefire_0-20260723180239732_2tmp
java_class_path (initial): C:\Users\sesol\AppData\Local\Temp\surefire17105621624497816583\surefirebooter-20260723180239732_3.jar
Launcher Type: SUN_STANDARD

[Global flags]
     intx CICompilerCount                          = 12                                        {product} {ergonomic}
     uint ConcGCThreads                            = 3                                         {product} {ergonomic}
     uint G1ConcRefinementThreads                  = 13                                        {product} {ergonomic}
   size_t G1HeapRegionSize                         = 1048576                                   {product} {ergonomic}
    uintx GCDrainStackTargetSize                   = 64                                        {product} {ergonomic}
   size_t InitialHeapSize                          = 67108864                                  {product} {command line}
   size_t MarkStackSize                            = 4194304                                   {product} {ergonomic}
   size_t MaxHeapSize                              = 536870912                                 {product} {command line}
   size_t MaxNewSize                               = 321912832                                 {product} {ergonomic}
   size_t MinHeapDeltaBytes                        = 1048576                                   {product} {ergonomic}
   size_t MinHeapSize                              = 67108864                                  {product} {command line}
    uintx NonNMethodCodeHeapSize                   = 7602480                                {pd product} {ergonomic}
    uintx NonProfiledCodeHeapSize                  = 122027880                              {pd product} {ergonomic}
    uintx ProfiledCodeHeapSize                     = 122027880                              {pd product} {ergonomic}
    uintx ReservedCodeCacheSize                    = 251658240                              {pd product} {ergonomic}
     bool SegmentedCodeCache                       = true                                      {product} {ergonomic}
   size_t SoftMaxHeapSize                          = 536870912                              {manageable} {ergonomic}
     bool UseCompressedOops                        = true                           {product lp64_product} {ergonomic}
     bool UseG1GC                                  = true                                      {product} {ergonomic}
     bool UseLargePagesIndividualAllocation        = false                                  {pd product} {ergonomic}

Logging:
Log output configuration:
 #0: stdout all=warning uptime,level,tags foldmultilines=false
 #1: stderr all=off uptime,level,tags foldmultilines=false

Environment Variables:
JAVA_HOME=C:/Program Files/Java/jdk-21.0.10
PATH=C:\Users\sesol\bin;C:\Program Files\Git\mingw64\bin;C:\Program Files\Git\usr\local\bin;C:\Program Files\Git\usr\bin;C:\Program Files\Git\usr\bin;C:\Program Files\Git\mingw64\bin;C:\Program Files\Git\usr\bin;C:\Users\sesol\bin;C:\Program Files\Eclipse Adoptium\jdk-21.0.11.10-hotspot\bin;C:\Program Files\Common Files\Oracle\Java\javapath;C:\Windows\system32;C:\Windows;C:\Windows\System32\Wbem;C:\Windows\System32\WindowsPowerShell\v1.0;C:\Windows\System32\OpenSSH;C:\Program Files\Git\cmd;C:\Program Files\nodejs;C:\Program Files\Java\jdk-21.0.10\bin;C:\Program Files\MySQL\MySQL Shell 8.0\bin;C:\Users\sesol\AppData\Local\Microsoft\WindowsApps;C:\Users\sesol\AppData\Local\Programs\Microsoft VS Code\bin;C:\Users\sesol\AppData\Roaming\npm;C:\Program Files\Git\usr\bin\vendor_perl;C:\Program Files\Git\usr\bin\core_perl
USERNAME=sesol
SHELL=C:\Program Files\Git\usr\bin\bash.exe
TERM=xterm-256color
OS=Windows_NT
PROCESSOR_IDENTIFIER=Intel64 Family 6 Model 186 Stepping 2, GenuineIntel
TMP=C:\Users\sesol\AppData\Local\Temp
TEMP=C:\Users\sesol\AppData\Local\Temp




Periodic native trim disabled

---------------  S Y S T E M  ---------------

OS:
 Windows 11 , 64 bit Build 26100 (10.0.26100.8875)
OS uptime: 2 days 2:35 hours
Hyper-V role detected

CPU: total 16 (initial active 16) (8 cores per cpu, 2 threads per core) family 6 model 186 stepping 2 microcode 0x6134, cx8, cmov, fxsr, ht, mmx, 3dnowpref, sse, sse2, sse3, ssse3, sse4.1, sse4.2, popcnt, lzcnt, tsc, tscinvbit, avx, avx2, aes, erms, clmul, bmi1, bmi2, adx, sha, fma, vzeroupper, clflush, clflushopt, clwb, hv, serialize, rdtscp, rdpid, fsrm, f16c, cet_ibt, cet_ss
Processor Information for processor 0
  Max Mhz: 2400, Current Mhz: 2400, Mhz Limit: 2400
Processor Information for processor 1
  Max Mhz: 2400, Current Mhz: 2400, Mhz Limit: 2400
Processor Information for processor 2
  Max Mhz: 2400, Current Mhz: 1520, Mhz Limit: 2400
Processor Information for processor 3
  Max Mhz: 2400, Current Mhz: 2400, Mhz Limit: 2400
Processor Information for processor 4
  Max Mhz: 2400, Current Mhz: 2400, Mhz Limit: 2400
Processor Information for processor 5
  Max Mhz: 2400, Current Mhz: 2400, Mhz Limit: 2400
Processor Information for processor 6
  Max Mhz: 2400, Current Mhz: 2400, Mhz Limit: 2400
Processor Information for processor 7
  Max Mhz: 2400, Current Mhz: 2400, Mhz Limit: 2400
Processor Information for processor 8
  Max Mhz: 2400, Current Mhz: 2400, Mhz Limit: 2400
Processor Information for processor 9
  Max Mhz: 2400, Current Mhz: 2400, Mhz Limit: 2400
Processor Information for processor 10
  Max Mhz: 2400, Current Mhz: 2400, Mhz Limit: 2400
Processor Information for processor 11
  Max Mhz: 2400, Current Mhz: 2400, Mhz Limit: 2400
Processor Information for processor 12
  Max Mhz: 2400, Current Mhz: 2400, Mhz Limit: 2400
Processor Information for processor 13
  Max Mhz: 2400, Current Mhz: 2400, Mhz Limit: 2400
Processor Information for processor 14
  Max Mhz: 2400, Current Mhz: 2400, Mhz Limit: 2400
Processor Information for processor 15
  Max Mhz: 2400, Current Mhz: 2400, Mhz Limit: 2400

Memory: 4k page, system-wide physical 16044M (1745M free)
TotalPageFile size 24236M (AvailPageFile size 39M)
current process WorkingSet (physical memory assigned to process): 427M, peak: 427M
current process commit charge ("private bytes"): 473M, peak: 616M

vm_info: Java HotSpot(TM) 64-Bit Server VM (21.0.10+8-LTS-217) for windows-amd64 JRE (21.0.10+8-LTS-217), built on 2025-12-18T14:59:28Z by "mach5run" with MS VC++ 17.13 (VS2022)

END.
