#
# There is insufficient memory for the Java Runtime Environment to continue.
# Native memory allocation (mmap) failed to map 56623104 bytes for G1 virtual space
# Possible reasons:
#   The system is out of physical RAM or swap space
#   The process is running with CompressedOops enabled, and the Java Heap may be blocking the growth of the native heap
# Possible solutions:
#   Reduce memory load on the system
#   Increase physical memory or swap space
#   Check if swap backing store is full
#   Decrease Java heap size (-Xmx/-Xms)
#   Decrease number of Java threads
#   Decrease Java thread stack sizes (-Xss)
#   Set larger code cache with -XX:ReservedCodeCacheSize=
#   JVM is running with Unscaled Compressed Oops mode in which the Java heap is
#     placed in the first 4GB address space. The Java Heap base address is the
#     maximum limit for the native heap growth. Please use -XX:HeapBaseMinAddress
#     to set the Java Heap base and to place the Java Heap above 4GB virtual address.
# This output file may be truncated or incomplete.
#
#  Out of Memory Error (os_windows.cpp:3604), pid=10688, tid=11396
#
# JRE version: Java(TM) SE Runtime Environment (21.0.10+8) (build 21.0.10+8-LTS-217)
# Java VM: Java HotSpot(TM) 64-Bit Server VM (21.0.10+8-LTS-217, mixed mode, sharing, tiered, compressed oops, compressed class ptrs, g1 gc, windows-amd64)
# No core dump will be written. Minidumps are not enabled by default on client versions of Windows
#

---------------  S U M M A R Y ------------

Command Line: -Xmx512m -Xms64m C:\Users\sesol\AppData\Local\Temp\surefire11896939390326407273\surefirebooter-20260723180151519_3.jar C:\Users\sesol\AppData\Local\Temp\surefire11896939390326407273 2026-07-23T18-01-51_368-jvmRun1 surefire-20260723180151519_1tmp surefire_0-20260723180151519_2tmp

Host: 13th Gen Intel(R) Core(TM) i7-13620H, 16 cores, 15G,  Windows 11 , 64 bit Build 26100 (10.0.26100.8875)
Time: Thu Jul 23 18:02:04 2026 India Standard Time elapsed time: 13.246263 seconds (0d 0h 0m 13s)

---------------  T H R E A D  ---------------

Current thread (0x00000127edf40730):  VMThread "VM Thread"          [id=11396, stack(0x0000001c47600000,0x0000001c47700000) (1024K)]

Stack: [0x0000001c47600000,0x0000001c47700000]
Native frames: (J=compiled Java code, j=interpreted, Vv=VM code, C=native code)
V  [jvm.dll+0x6d0b59]
V  [jvm.dll+0x85fd56]
V  [jvm.dll+0x86224e]
V  [jvm.dll+0x862923]
V  [jvm.dll+0x282a16]
V  [jvm.dll+0x6cd405]
V  [jvm.dll+0x6c1f8a]
V  [jvm.dll+0x35bcc8]
V  [jvm.dll+0x363986]
V  [jvm.dll+0x3b4a3e]
V  [jvm.dll+0x3b4ce8]
V  [jvm.dll+0x32f98c]
V  [jvm.dll+0x32fa17]
V  [jvm.dll+0x373c9c]
V  [jvm.dll+0x372441]
V  [jvm.dll+0x32f0d1]
V  [jvm.dll+0x371aaa]
V  [jvm.dll+0x86861f]
V  [jvm.dll+0x8699ac]
V  [jvm.dll+0x869ee1]
V  [jvm.dll+0x86a183]
V  [jvm.dll+0x80a83d]
V  [jvm.dll+0x6cf3fd]
C  [ucrtbase.dll+0x2cd30]
C  [KERNEL32.DLL+0x2e957]
C  [ntdll.dll+0xaad6c]

VM_Operation (0x0000001c46ff5af0): G1CollectForAllocation, mode: safepoint, requested by thread 0x00000127d29f9120


---------------  P R O C E S S  ---------------

Threads class SMR info:
_java_thread_list=0x00000127f81f1f10, length=20, elements={
0x00000127d29f9120, 0x00000127edf59ab0, 0x00000127edf5c520, 0x00000127edf618e0,
0x00000127edf62680, 0x00000127edf63470, 0x00000127edf65b60, 0x00000127edf71290,
0x00000127edfa0ff0, 0x00000127edfa0250, 0x00000127f22e8190, 0x00000127f22eb1e0,
0x00000127edfa16c0, 0x00000127f2483950, 0x00000127f272fac0, 0x00000127edfa2460,
0x00000127f7de76f0, 0x00000127f7de4270, 0x00000127f51bb9c0, 0x00000127f51bc090
}

Java Threads: ( => current thread )
  0x00000127d29f9120 JavaThread "main"                              [_thread_blocked, id=28496, stack(0x0000001c46f00000,0x0000001c47000000) (1024K)]
  0x00000127edf59ab0 JavaThread "Reference Handler"          daemon [_thread_blocked, id=27948, stack(0x0000001c47700000,0x0000001c47800000) (1024K)]
  0x00000127edf5c520 JavaThread "Finalizer"                  daemon [_thread_blocked, id=14932, stack(0x0000001c47800000,0x0000001c47900000) (1024K)]
  0x00000127edf618e0 JavaThread "Signal Dispatcher"          daemon [_thread_blocked, id=19344, stack(0x0000001c47900000,0x0000001c47a00000) (1024K)]
  0x00000127edf62680 JavaThread "Attach Listener"            daemon [_thread_blocked, id=14716, stack(0x0000001c47a00000,0x0000001c47b00000) (1024K)]
  0x00000127edf63470 JavaThread "Service Thread"             daemon [_thread_blocked, id=13900, stack(0x0000001c47b00000,0x0000001c47c00000) (1024K)]
  0x00000127edf65b60 JavaThread "Monitor Deflation Thread"   daemon [_thread_blocked, id=19140, stack(0x0000001c47c00000,0x0000001c47d00000) (1024K)]
  0x00000127edf71290 JavaThread "C2 CompilerThread0"         daemon [_thread_blocked, id=24876, stack(0x0000001c47d00000,0x0000001c47e00000) (1024K)]
  0x00000127edfa0ff0 JavaThread "C1 CompilerThread0"         daemon [_thread_blocked, id=22140, stack(0x0000001c47e00000,0x0000001c47f00000) (1024K)]
  0x00000127edfa0250 JavaThread "C1 CompilerThread1"         daemon [_thread_blocked, id=13268, stack(0x0000001c47f00000,0x0000001c48000000) (1024K)]
  0x00000127f22e8190 JavaThread "Notification Thread"        daemon [_thread_blocked, id=23148, stack(0x0000001c48000000,0x0000001c48100000) (1024K)]
  0x00000127f22eb1e0 JavaThread "Common-Cleaner"             daemon [_thread_blocked, id=6368, stack(0x0000001c48100000,0x0000001c48200000) (1024K)]
  0x00000127edfa16c0 JavaThread "C1 CompilerThread2"         daemon [_thread_blocked, id=22764, stack(0x0000001c48200000,0x0000001c48300000) (1024K)]
  0x00000127f2483950 JavaThread "surefire-forkedjvm-stream-flusher" daemon [_thread_blocked, id=22460, stack(0x0000001c48400000,0x0000001c48500000) (1024K)]
  0x00000127f272fac0 JavaThread "surefire-forkedjvm-command-thread" daemon [_thread_in_native, id=19712, stack(0x0000001c48500000,0x0000001c48600000) (1024K)]
  0x00000127edfa2460 JavaThread "C1 CompilerThread3"         daemon [_thread_blocked, id=22456, stack(0x0000001c48600000,0x0000001c48700000) (1024K)]
  0x00000127f7de76f0 JavaThread "mysql-cj-abandoned-connection-cleanup" daemon [_thread_blocked, id=18696, stack(0x0000001c49300000,0x0000001c49400000) (1024K)]
  0x00000127f7de4270 JavaThread "HikariPool-1 housekeeper"   daemon [_thread_blocked, id=14320, stack(0x0000001c49b00000,0x0000001c49c00000) (1024K)]
  0x00000127f51bb9c0 JavaThread "C2 CompilerThread1"         daemon [_thread_blocked, id=3916, stack(0x0000001c48300000,0x0000001c48400000) (1024K)]
  0x00000127f51bc090 JavaThread "C2 CompilerThread2"         daemon [_thread_blocked, id=26752, stack(0x0000001c48e00000,0x0000001c48f00000) (1024K)]
Total: 20

Other Threads:
=>0x00000127edf40730 VMThread "VM Thread"                           [id=11396, stack(0x0000001c47600000,0x0000001c47700000) (1024K)]
  0x00000127edf2e2b0 WatcherThread "VM Periodic Task Thread"        [id=21680, stack(0x0000001c47500000,0x0000001c47600000) (1024K)]
  0x00000127d2a23770 WorkerThread "GC Thread#0"                     [id=6704, stack(0x0000001c47000000,0x0000001c47100000) (1024K)]
  0x00000127f2d24860 WorkerThread "GC Thread#1"                     [id=2648, stack(0x0000001c48700000,0x0000001c48800000) (1024K)]
  0x00000127f316a720 WorkerThread "GC Thread#2"                     [id=14796, stack(0x0000001c48800000,0x0000001c48900000) (1024K)]
  0x00000127f316aad0 WorkerThread "GC Thread#3"                     [id=10432, stack(0x0000001c48900000,0x0000001c48a00000) (1024K)]
  0x00000127f316ae80 WorkerThread "GC Thread#4"                     [id=17392, stack(0x0000001c48a00000,0x0000001c48b00000) (1024K)]
  0x00000127f316b230 WorkerThread "GC Thread#5"                     [id=15252, stack(0x0000001c48b00000,0x0000001c48c00000) (1024K)]
  0x00000127f316b5e0 WorkerThread "GC Thread#6"                     [id=19160, stack(0x0000001c48c00000,0x0000001c48d00000) (1024K)]
  0x00000127f316b990 WorkerThread "GC Thread#7"                     [id=20084, stack(0x0000001c48d00000,0x0000001c48e00000) (1024K)]
  0x00000127f3452bc0 WorkerThread "GC Thread#8"                     [id=3192, stack(0x0000001c48f00000,0x0000001c49000000) (1024K)]
  0x00000127f3580410 WorkerThread "GC Thread#9"                     [id=9644, stack(0x0000001c49000000,0x0000001c49100000) (1024K)]
  0x00000127f3482d30 WorkerThread "GC Thread#10"                    [id=25364, stack(0x0000001c49200000,0x0000001c49300000) (1024K)]
  0x00000127f3c7f2c0 WorkerThread "GC Thread#11"                    [id=18876, stack(0x0000001c49400000,0x0000001c49500000) (1024K)]
  0x00000127f3c7e7b0 WorkerThread "GC Thread#12"                    [id=5372, stack(0x0000001c49500000,0x0000001c49600000) (1024K)]
  0x00000127d2a28670 ConcurrentGCThread "G1 Main Marker"            [id=17744, stack(0x0000001c47100000,0x0000001c47200000) (1024K)]
  0x00000127d2a2a0a0 WorkerThread "G1 Conc#0"                       [id=13224, stack(0x0000001c47200000,0x0000001c47300000) (1024K)]
  0x00000127f3c7ef10 WorkerThread "G1 Conc#1"                       [id=21976, stack(0x0000001c49700000,0x0000001c49800000) (1024K)]
  0x00000127f3c7f670 WorkerThread "G1 Conc#2"                       [id=21420, stack(0x0000001c49800000,0x0000001c49900000) (1024K)]
  0x00000127d2ab74e0 ConcurrentGCThread "G1 Refine#0"               [id=24724, stack(0x0000001c47300000,0x0000001c47400000) (1024K)]
  0x00000127ede010a0 ConcurrentGCThread "G1 Service"                [id=6748, stack(0x0000001c47400000,0x0000001c47500000) (1024K)]
Total: 21

Threads with active compile tasks:
Total: 0

VM state: at safepoint (normal execution)

VM Mutex/Monitor currently owned by a thread:  ([mutex/lock_event])
[0x00007ffce4bd9f10] Threads_lock - owner thread: 0x00000127edf40730
[0x00007ffce4bda010] Heap_lock - owner thread: 0x00000127d29f9120

Heap address: 0x00000000e0000000, size: 512 MB, Compressed Oops mode: 32-bit

CDS archive(s) mapped at: [0x0000012780000000-0x0000012780c90000-0x0000012780c90000), size 13172736, SharedBaseAddress: 0x0000012780000000, ArchiveRelocationMode: 1.
Compressed class space mapped at: 0x0000012781000000-0x00000127c1000000, reserved size: 1073741824
Narrow klass base: 0x0000012780000000, Narrow klass shift: 0, Narrow klass range: 0x100000000

GC Precious Log:
 CardTable entry size: 512
 Card Set container configuration: InlinePtr #cards 5 size 8 Array Of Cards #cards 12 size 40 Howl #buckets 4 coarsen threshold 1843 Howl Bitmap #cards 512 size 80 coarsen threshold 460 Card regions per heap region 1 cards per card region 2048
 CPUs: 16 total, 16 available
 Memory: 16044M
 Large Page Support: Disabled
 NUMA Support: Disabled
 Compressed Oops: Enabled (32-bit)
 Heap Region Size: 1M
 Heap Min Capacity: 64M
 Heap Initial Capacity: 64M
 Heap Max Capacity: 512M
 Pre-touch: Disabled
 Parallel Workers: 13
 Concurrent Workers: 3
 Concurrent Refinement Workers: 13
 Periodic GC: Disabled

Heap:
 garbage-first heap   total 270336K, used 165376K [0x00000000e0000000, 0x0000000100000000)
  region size 1024K, 8 young (8192K), 8 survivors (8192K)
 Metaspace       used 93823K, committed 94464K, reserved 1179648K
  class space    used 11921K, committed 12224K, reserved 1048576K

Heap Regions: E=young(eden), S=young(survivor), O=old, HS=humongous(starts), HC=humongous(continues), CS=collection set, F=free, TAMS=top-at-mark-start, PB=parsable bottom
|   0|0x00000000e0000000, 0x00000000e0100000, 0x00000000e0100000|100%|HS|  |TAMS 0x00000000e0000000| PB 0x00000000e0000000| Complete 
|   1|0x00000000e0100000, 0x00000000e0200000, 0x00000000e0200000|100%|HS|  |TAMS 0x00000000e0100000| PB 0x00000000e0100000| Complete 
|   2|0x00000000e0200000, 0x00000000e0300000, 0x00000000e0300000|100%| O|  |TAMS 0x00000000e0200000| PB 0x00000000e0200000| Untracked 
|   3|0x00000000e0300000, 0x00000000e0400000, 0x00000000e0400000|100%| O|  |TAMS 0x00000000e0300000| PB 0x00000000e0300000| Untracked 
|   4|0x00000000e0400000, 0x00000000e0500000, 0x00000000e0500000|100%| O|  |TAMS 0x00000000e0400000| PB 0x00000000e0400000| Untracked 
|   5|0x00000000e0500000, 0x00000000e0600000, 0x00000000e0600000|100%| O|  |TAMS 0x00000000e0500000| PB 0x00000000e0500000| Untracked 
|   6|0x00000000e0600000, 0x00000000e0700000, 0x00000000e0700000|100%| O|  |TAMS 0x00000000e0600000| PB 0x00000000e0600000| Untracked 
|   7|0x00000000e0700000, 0x00000000e0800000, 0x00000000e0800000|100%| O|  |TAMS 0x00000000e0700000| PB 0x00000000e0700000| Untracked 
|   8|0x00000000e0800000, 0x00000000e0900000, 0x00000000e0900000|100%| O|  |TAMS 0x00000000e0800000| PB 0x00000000e0800000| Untracked 
|   9|0x00000000e0900000, 0x00000000e0a00000, 0x00000000e0a00000|100%| O|  |TAMS 0x00000000e0900000| PB 0x00000000e0900000| Untracked 
|  10|0x00000000e0a00000, 0x00000000e0b00000, 0x00000000e0b00000|100%| O|  |TAMS 0x00000000e0a00000| PB 0x00000000e0a00000| Untracked 
|  11|0x00000000e0b00000, 0x00000000e0c00000, 0x00000000e0c00000|100%| O|  |TAMS 0x00000000e0b00000| PB 0x00000000e0b00000| Untracked 
|  12|0x00000000e0c00000, 0x00000000e0d00000, 0x00000000e0d00000|100%| O|  |TAMS 0x00000000e0c00000| PB 0x00000000e0c00000| Untracked 
|  13|0x00000000e0d00000, 0x00000000e0e00000, 0x00000000e0e00000|100%| O|  |TAMS 0x00000000e0d00000| PB 0x00000000e0d00000| Untracked 
|  14|0x00000000e0e00000, 0x00000000e0f00000, 0x00000000e0f00000|100%| O|  |TAMS 0x00000000e0e00000| PB 0x00000000e0e00000| Untracked 
|  15|0x00000000e0f00000, 0x00000000e1000000, 0x00000000e1000000|100%| O|  |TAMS 0x00000000e0f00000| PB 0x00000000e0f00000| Untracked 
|  16|0x00000000e1000000, 0x00000000e1100000, 0x00000000e1100000|100%| O|  |TAMS 0x00000000e1000000| PB 0x00000000e1000000| Untracked 
|  17|0x00000000e1100000, 0x00000000e1200000, 0x00000000e1200000|100%| O|  |TAMS 0x00000000e1100000| PB 0x00000000e1100000| Untracked 
|  18|0x00000000e1200000, 0x00000000e1300000, 0x00000000e1300000|100%| O|  |TAMS 0x00000000e1200000| PB 0x00000000e1200000| Untracked 
|  19|0x00000000e1300000, 0x00000000e1400000, 0x00000000e1400000|100%| O|  |TAMS 0x00000000e1300000| PB 0x00000000e1300000| Untracked 
|  20|0x00000000e1400000, 0x00000000e1500000, 0x00000000e1500000|100%| O|  |TAMS 0x00000000e1400000| PB 0x00000000e1400000| Untracked 
|  21|0x00000000e1500000, 0x00000000e1600000, 0x00000000e1600000|100%| O|  |TAMS 0x00000000e1500000| PB 0x00000000e1500000| Untracked 
|  22|0x00000000e1600000, 0x00000000e1700000, 0x00000000e1700000|100%| O|  |TAMS 0x00000000e1600000| PB 0x00000000e1600000| Untracked 
|  23|0x00000000e1700000, 0x00000000e1800000, 0x00000000e1800000|100%| O|  |TAMS 0x00000000e1700000| PB 0x00000000e1700000| Untracked 
|  24|0x00000000e1800000, 0x00000000e1900000, 0x00000000e1900000|100%| O|  |TAMS 0x00000000e1800000| PB 0x00000000e1800000| Untracked 
|  25|0x00000000e1900000, 0x00000000e1a00000, 0x00000000e1a00000|100%| O|  |TAMS 0x00000000e1900000| PB 0x00000000e1900000| Untracked 
|  26|0x00000000e1a00000, 0x00000000e1b00000, 0x00000000e1b00000|100%| O|  |TAMS 0x00000000e1a00000| PB 0x00000000e1a00000| Untracked 
|  27|0x00000000e1b00000, 0x00000000e1c00000, 0x00000000e1c00000|100%| O|  |TAMS 0x00000000e1b00000| PB 0x00000000e1b00000| Untracked 
|  28|0x00000000e1c00000, 0x00000000e1d00000, 0x00000000e1d00000|100%| O|  |TAMS 0x00000000e1c00000| PB 0x00000000e1c00000| Untracked 
|  29|0x00000000e1d00000, 0x00000000e1e00000, 0x00000000e1e00000|100%| O|  |TAMS 0x00000000e1d00000| PB 0x00000000e1d00000| Untracked 
|  30|0x00000000e1e00000, 0x00000000e1f00000, 0x00000000e1f00000|100%| O|  |TAMS 0x00000000e1e00000| PB 0x00000000e1e00000| Untracked 
|  31|0x00000000e1f00000, 0x00000000e2000000, 0x00000000e2000000|100%| O|  |TAMS 0x00000000e1f00000| PB 0x00000000e1f00000| Untracked 
|  32|0x00000000e2000000, 0x00000000e2100000, 0x00000000e2100000|100%| O|  |TAMS 0x00000000e2000000| PB 0x00000000e2000000| Untracked 
|  33|0x00000000e2100000, 0x00000000e2200000, 0x00000000e2200000|100%| O|  |TAMS 0x00000000e2100000| PB 0x00000000e2100000| Untracked 
|  34|0x00000000e2200000, 0x00000000e2300000, 0x00000000e2300000|100%| O|  |TAMS 0x00000000e2200000| PB 0x00000000e2200000| Untracked 
|  35|0x00000000e2300000, 0x00000000e2400000, 0x00000000e2400000|100%| O|  |TAMS 0x00000000e2300000| PB 0x00000000e2300000| Untracked 
|  36|0x00000000e2400000, 0x00000000e2500000, 0x00000000e2500000|100%| O|  |TAMS 0x00000000e2400000| PB 0x00000000e2400000| Untracked 
|  37|0x00000000e2500000, 0x00000000e2600000, 0x00000000e2600000|100%| O|  |TAMS 0x00000000e2500000| PB 0x00000000e2500000| Untracked 
|  38|0x00000000e2600000, 0x00000000e2700000, 0x00000000e2700000|100%| O|  |TAMS 0x00000000e2600000| PB 0x00000000e2600000| Untracked 
|  39|0x00000000e2700000, 0x00000000e2800000, 0x00000000e2800000|100%| O|  |TAMS 0x00000000e2700000| PB 0x00000000e2700000| Untracked 
|  40|0x00000000e2800000, 0x00000000e2900000, 0x00000000e2900000|100%| O|  |TAMS 0x00000000e2800000| PB 0x00000000e2800000| Untracked 
|  41|0x00000000e2900000, 0x00000000e2900000, 0x00000000e2a00000|  0%| F|  |TAMS 0x00000000e2900000| PB 0x00000000e2900000| Untracked 
|  42|0x00000000e2a00000, 0x00000000e2b00000, 0x00000000e2b00000|100%| O|  |TAMS 0x00000000e2a00000| PB 0x00000000e2a00000| Untracked 
|  43|0x00000000e2b00000, 0x00000000e2c00000, 0x00000000e2c00000|100%| O|  |TAMS 0x00000000e2b00000| PB 0x00000000e2b00000| Untracked 
|  44|0x00000000e2c00000, 0x00000000e2d00000, 0x00000000e2d00000|100%| O|  |TAMS 0x00000000e2c00000| PB 0x00000000e2c00000| Untracked 
|  45|0x00000000e2d00000, 0x00000000e2e00000, 0x00000000e2e00000|100%| O|  |TAMS 0x00000000e2d00000| PB 0x00000000e2d00000| Untracked 
|  46|0x00000000e2e00000, 0x00000000e2f00000, 0x00000000e2f00000|100%| O|  |TAMS 0x00000000e2e00000| PB 0x00000000e2e00000| Untracked 
|  47|0x00000000e2f00000, 0x00000000e3000000, 0x00000000e3000000|100%| O|  |TAMS 0x00000000e2f00000| PB 0x00000000e2f00000| Untracked 
|  48|0x00000000e3000000, 0x00000000e3100000, 0x00000000e3100000|100%| O|  |TAMS 0x00000000e3000000| PB 0x00000000e3000000| Untracked 
|  49|0x00000000e3100000, 0x00000000e3200000, 0x00000000e3200000|100%| O|  |TAMS 0x00000000e3100000| PB 0x00000000e3100000| Untracked 
|  50|0x00000000e3200000, 0x00000000e3300000, 0x00000000e3300000|100%| O|  |TAMS 0x00000000e3200000| PB 0x00000000e3200000| Untracked 
|  51|0x00000000e3300000, 0x00000000e3400000, 0x00000000e3400000|100%| O|  |TAMS 0x00000000e3300000| PB 0x00000000e3300000| Untracked 
|  52|0x00000000e3400000, 0x00000000e3500000, 0x00000000e3500000|100%| O|  |TAMS 0x00000000e3400000| PB 0x00000000e3400000| Untracked 
|  53|0x00000000e3500000, 0x00000000e3600000, 0x00000000e3600000|100%| O|  |TAMS 0x00000000e3500000| PB 0x00000000e3500000| Untracked 
|  54|0x00000000e3600000, 0x00000000e3700000, 0x00000000e3700000|100%| O|  |TAMS 0x00000000e3600000| PB 0x00000000e3600000| Untracked 
|  55|0x00000000e3700000, 0x00000000e3800000, 0x00000000e3800000|100%| O|  |TAMS 0x00000000e3700000| PB 0x00000000e3700000| Untracked 
|  56|0x00000000e3800000, 0x00000000e3900000, 0x00000000e3900000|100%| O|  |TAMS 0x00000000e3800000| PB 0x00000000e3800000| Untracked 
|  57|0x00000000e3900000, 0x00000000e3a00000, 0x00000000e3a00000|100%| O|  |TAMS 0x00000000e3900000| PB 0x00000000e3900000| Untracked 
|  58|0x00000000e3a00000, 0x00000000e3b00000, 0x00000000e3b00000|100%| O|  |TAMS 0x00000000e3a00000| PB 0x00000000e3a00000| Untracked 
|  59|0x00000000e3b00000, 0x00000000e3c00000, 0x00000000e3c00000|100%| O|  |TAMS 0x00000000e3b00000| PB 0x00000000e3b00000| Untracked 
|  60|0x00000000e3c00000, 0x00000000e3d00000, 0x00000000e3d00000|100%| O|  |TAMS 0x00000000e3c00000| PB 0x00000000e3c00000| Untracked 
|  61|0x00000000e3d00000, 0x00000000e3e00000, 0x00000000e3e00000|100%| O|  |TAMS 0x00000000e3d00000| PB 0x00000000e3d00000| Untracked 
|  62|0x00000000e3e00000, 0x00000000e3f00000, 0x00000000e3f00000|100%| O|  |TAMS 0x00000000e3e00000| PB 0x00000000e3e00000| Untracked 
|  63|0x00000000e3f00000, 0x00000000e4000000, 0x00000000e4000000|100%| O|  |TAMS 0x00000000e3f00000| PB 0x00000000e3f00000| Untracked 
|  64|0x00000000e4000000, 0x00000000e4000000, 0x00000000e4100000|  0%| F|  |TAMS 0x00000000e4000000| PB 0x00000000e4000000| Untracked 
|  65|0x00000000e4100000, 0x00000000e4200000, 0x00000000e4200000|100%| O|  |TAMS 0x00000000e4100000| PB 0x00000000e4100000| Untracked 
|  66|0x00000000e4200000, 0x00000000e4300000, 0x00000000e4300000|100%| O|  |TAMS 0x00000000e4200000| PB 0x00000000e4200000| Untracked 
|  67|0x00000000e4300000, 0x00000000e4400000, 0x00000000e4400000|100%| O|  |TAMS 0x00000000e4300000| PB 0x00000000e4300000| Untracked 
|  68|0x00000000e4400000, 0x00000000e4500000, 0x00000000e4500000|100%| O|  |TAMS 0x00000000e4400000| PB 0x00000000e4400000| Untracked 
|  69|0x00000000e4500000, 0x00000000e4500000, 0x00000000e4600000|  0%| F|  |TAMS 0x00000000e4500000| PB 0x00000000e4500000| Untracked 
|  70|0x00000000e4600000, 0x00000000e4600000, 0x00000000e4700000|  0%| F|  |TAMS 0x00000000e4600000| PB 0x00000000e4600000| Untracked 
|  71|0x00000000e4700000, 0x00000000e4800000, 0x00000000e4800000|100%| O|  |TAMS 0x00000000e4700000| PB 0x00000000e4700000| Untracked 
|  72|0x00000000e4800000, 0x00000000e4900000, 0x00000000e4900000|100%| O|  |TAMS 0x00000000e4800000| PB 0x00000000e4800000| Untracked 
|  73|0x00000000e4900000, 0x00000000e4a00000, 0x00000000e4a00000|100%| O|  |TAMS 0x00000000e4900000| PB 0x00000000e4900000| Untracked 
|  74|0x00000000e4a00000, 0x00000000e4b00000, 0x00000000e4b00000|100%| O|  |TAMS 0x00000000e4a00000| PB 0x00000000e4a00000| Untracked 
|  75|0x00000000e4b00000, 0x00000000e4b00000, 0x00000000e4c00000|  0%| F|  |TAMS 0x00000000e4b00000| PB 0x00000000e4b00000| Untracked 
|  76|0x00000000e4c00000, 0x00000000e4d00000, 0x00000000e4d00000|100%| O|  |TAMS 0x00000000e4c00000| PB 0x00000000e4c00000| Untracked 
|  77|0x00000000e4d00000, 0x00000000e4d00000, 0x00000000e4e00000|  0%| F|  |TAMS 0x00000000e4d00000| PB 0x00000000e4d00000| Untracked 
|  78|0x00000000e4e00000, 0x00000000e4f00000, 0x00000000e4f00000|100%| O|  |TAMS 0x00000000e4e00000| PB 0x00000000e4e00000| Untracked 
|  79|0x00000000e4f00000, 0x00000000e5000000, 0x00000000e5000000|100%| O|  |TAMS 0x00000000e4f00000| PB 0x00000000e4f00000| Untracked 
|  80|0x00000000e5000000, 0x00000000e5100000, 0x00000000e5100000|100%| O|  |TAMS 0x00000000e5000000| PB 0x00000000e5000000| Untracked 
|  81|0x00000000e5100000, 0x00000000e5200000, 0x00000000e5200000|100%| O|  |TAMS 0x00000000e5100000| PB 0x00000000e5100000| Untracked 
|  82|0x00000000e5200000, 0x00000000e5200000, 0x00000000e5300000|  0%| F|  |TAMS 0x00000000e5200000| PB 0x00000000e5200000| Untracked 
|  83|0x00000000e5300000, 0x00000000e5300000, 0x00000000e5400000|  0%| F|  |TAMS 0x00000000e5300000| PB 0x00000000e5300000| Untracked 
|  84|0x00000000e5400000, 0x00000000e5400000, 0x00000000e5500000|  0%| F|  |TAMS 0x00000000e5400000| PB 0x00000000e5400000| Untracked 
|  85|0x00000000e5500000, 0x00000000e5600000, 0x00000000e5600000|100%| O|  |TAMS 0x00000000e5500000| PB 0x00000000e5500000| Untracked 
|  86|0x00000000e5600000, 0x00000000e5600000, 0x00000000e5700000|  0%| F|  |TAMS 0x00000000e5600000| PB 0x00000000e5600000| Untracked 
|  87|0x00000000e5700000, 0x00000000e5700000, 0x00000000e5800000|  0%| F|  |TAMS 0x00000000e5700000| PB 0x00000000e5700000| Untracked 
|  88|0x00000000e5800000, 0x00000000e5900000, 0x00000000e5900000|100%| O|  |TAMS 0x00000000e5800000| PB 0x00000000e5800000| Untracked 
|  89|0x00000000e5900000, 0x00000000e5a00000, 0x00000000e5a00000|100%| O|  |TAMS 0x00000000e5900000| PB 0x00000000e5900000| Untracked 
|  90|0x00000000e5a00000, 0x00000000e5a00000, 0x00000000e5b00000|  0%| F|  |TAMS 0x00000000e5a00000| PB 0x00000000e5a00000| Untracked 
|  91|0x00000000e5b00000, 0x00000000e5b00000, 0x00000000e5c00000|  0%| F|  |TAMS 0x00000000e5b00000| PB 0x00000000e5b00000| Untracked 
|  92|0x00000000e5c00000, 0x00000000e5c00000, 0x00000000e5d00000|  0%| F|  |TAMS 0x00000000e5c00000| PB 0x00000000e5c00000| Untracked 
|  93|0x00000000e5d00000, 0x00000000e5d00000, 0x00000000e5e00000|  0%| F|  |TAMS 0x00000000e5d00000| PB 0x00000000e5d00000| Untracked 
|  94|0x00000000e5e00000, 0x00000000e5f00000, 0x00000000e5f00000|100%| O|  |TAMS 0x00000000e5e00000| PB 0x00000000e5e00000| Untracked 
|  95|0x00000000e5f00000, 0x00000000e6000000, 0x00000000e6000000|100%| O|  |TAMS 0x00000000e5f00000| PB 0x00000000e5f00000| Untracked 
|  96|0x00000000e6000000, 0x00000000e6100000, 0x00000000e6100000|100%| O|  |TAMS 0x00000000e6000000| PB 0x00000000e6000000| Untracked 
|  97|0x00000000e6100000, 0x00000000e6200000, 0x00000000e6200000|100%| O|  |TAMS 0x00000000e6100000| PB 0x00000000e6100000| Untracked 
|  98|0x00000000e6200000, 0x00000000e6300000, 0x00000000e6300000|100%| O|  |TAMS 0x00000000e6200000| PB 0x00000000e6200000| Untracked 
|  99|0x00000000e6300000, 0x00000000e6400000, 0x00000000e6400000|100%| O|  |TAMS 0x00000000e6300000| PB 0x00000000e6300000| Untracked 
| 100|0x00000000e6400000, 0x00000000e6500000, 0x00000000e6500000|100%| O|  |TAMS 0x00000000e6400000| PB 0x00000000e6400000| Untracked 
| 101|0x00000000e6500000, 0x00000000e6600000, 0x00000000e6600000|100%| O|  |TAMS 0x00000000e6500000| PB 0x00000000e6500000| Untracked 
| 102|0x00000000e6600000, 0x00000000e6700000, 0x00000000e6700000|100%| O|  |TAMS 0x00000000e6600000| PB 0x00000000e6600000| Untracked 
| 103|0x00000000e6700000, 0x00000000e6700000, 0x00000000e6800000|  0%| F|  |TAMS 0x00000000e6700000| PB 0x00000000e6700000| Untracked 
| 104|0x00000000e6800000, 0x00000000e6800000, 0x00000000e6900000|  0%| F|  |TAMS 0x00000000e6800000| PB 0x00000000e6800000| Untracked 
| 105|0x00000000e6900000, 0x00000000e6900000, 0x00000000e6a00000|  0%| F|  |TAMS 0x00000000e6900000| PB 0x00000000e6900000| Untracked 
| 106|0x00000000e6a00000, 0x00000000e6b00000, 0x00000000e6b00000|100%| O|  |TAMS 0x00000000e6a00000| PB 0x00000000e6a00000| Untracked 
| 107|0x00000000e6b00000, 0x00000000e6c00000, 0x00000000e6c00000|100%| O|  |TAMS 0x00000000e6b00000| PB 0x00000000e6b00000| Untracked 
| 108|0x00000000e6c00000, 0x00000000e6d00000, 0x00000000e6d00000|100%| O|  |TAMS 0x00000000e6c00000| PB 0x00000000e6c00000| Untracked 
| 109|0x00000000e6d00000, 0x00000000e6e00000, 0x00000000e6e00000|100%| O|  |TAMS 0x00000000e6d00000| PB 0x00000000e6d00000| Untracked 
| 110|0x00000000e6e00000, 0x00000000e6f00000, 0x00000000e6f00000|100%| O|  |TAMS 0x00000000e6e00000| PB 0x00000000e6e00000| Untracked 
| 111|0x00000000e6f00000, 0x00000000e7000000, 0x00000000e7000000|100%| O|  |TAMS 0x00000000e6f00000| PB 0x00000000e6f00000| Untracked 
| 112|0x00000000e7000000, 0x00000000e7100000, 0x00000000e7100000|100%| O|  |TAMS 0x00000000e7000000| PB 0x00000000e7000000| Untracked 
| 113|0x00000000e7100000, 0x00000000e7200000, 0x00000000e7200000|100%| O|  |TAMS 0x00000000e7100000| PB 0x00000000e7100000| Untracked 
| 114|0x00000000e7200000, 0x00000000e7300000, 0x00000000e7300000|100%| O|  |TAMS 0x00000000e7200000| PB 0x00000000e7200000| Untracked 
| 115|0x00000000e7300000, 0x00000000e7400000, 0x00000000e7400000|100%| O|  |TAMS 0x00000000e7300000| PB 0x00000000e7300000| Untracked 
| 116|0x00000000e7400000, 0x00000000e7500000, 0x00000000e7500000|100%| O|  |TAMS 0x00000000e7400000| PB 0x00000000e7400000| Untracked 
| 117|0x00000000e7500000, 0x00000000e7600000, 0x00000000e7600000|100%| O|  |TAMS 0x00000000e7500000| PB 0x00000000e7500000| Untracked 
| 118|0x00000000e7600000, 0x00000000e7700000, 0x00000000e7700000|100%| O|  |TAMS 0x00000000e7600000| PB 0x00000000e7600000| Untracked 
| 119|0x00000000e7700000, 0x00000000e7800000, 0x00000000e7800000|100%| O|  |TAMS 0x00000000e7700000| PB 0x00000000e7700000| Untracked 
| 120|0x00000000e7800000, 0x00000000e7900000, 0x00000000e7900000|100%| O|  |TAMS 0x00000000e7800000| PB 0x00000000e7800000| Untracked 
| 121|0x00000000e7900000, 0x00000000e7a00000, 0x00000000e7a00000|100%| O|  |TAMS 0x00000000e7900000| PB 0x00000000e7900000| Untracked 
| 122|0x00000000e7a00000, 0x00000000e7b00000, 0x00000000e7b00000|100%| O|  |TAMS 0x00000000e7a00000| PB 0x00000000e7a00000| Untracked 
| 123|0x00000000e7b00000, 0x00000000e7c00000, 0x00000000e7c00000|100%| O|  |TAMS 0x00000000e7b00000| PB 0x00000000e7b00000| Untracked 
| 124|0x00000000e7c00000, 0x00000000e7d00000, 0x00000000e7d00000|100%| O|  |TAMS 0x00000000e7c00000| PB 0x00000000e7c00000| Untracked 
| 125|0x00000000e7d00000, 0x00000000e7e00000, 0x00000000e7e00000|100%| O|  |TAMS 0x00000000e7d00000| PB 0x00000000e7d00000| Untracked 
| 126|0x00000000e7e00000, 0x00000000e7f00000, 0x00000000e7f00000|100%| O|  |TAMS 0x00000000e7e00000| PB 0x00000000e7e00000| Untracked 
| 127|0x00000000e7f00000, 0x00000000e8000000, 0x00000000e8000000|100%| O|  |TAMS 0x00000000e7f00000| PB 0x00000000e7f00000| Untracked 
| 128|0x00000000e8000000, 0x00000000e8100000, 0x00000000e8100000|100%| O|  |TAMS 0x00000000e8000000| PB 0x00000000e8000000| Untracked 
| 129|0x00000000e8100000, 0x00000000e8200000, 0x00000000e8200000|100%| O|  |TAMS 0x00000000e8100000| PB 0x00000000e8100000| Untracked 
| 130|0x00000000e8200000, 0x00000000e8300000, 0x00000000e8300000|100%| O|  |TAMS 0x00000000e8200000| PB 0x00000000e8200000| Untracked 
| 131|0x00000000e8300000, 0x00000000e8400000, 0x00000000e8400000|100%| O|  |TAMS 0x00000000e8300000| PB 0x00000000e8300000| Untracked 
| 132|0x00000000e8400000, 0x00000000e8500000, 0x00000000e8500000|100%| O|  |TAMS 0x00000000e8400000| PB 0x00000000e8400000| Untracked 
| 133|0x00000000e8500000, 0x00000000e8600000, 0x00000000e8600000|100%| O|  |TAMS 0x00000000e8500000| PB 0x00000000e8500000| Untracked 
| 134|0x00000000e8600000, 0x00000000e8700000, 0x00000000e8700000|100%|HS|  |TAMS 0x00000000e8600000| PB 0x00000000e8600000| Complete 
| 135|0x00000000e8700000, 0x00000000e8800000, 0x00000000e8800000|100%|HS|  |TAMS 0x00000000e8700000| PB 0x00000000e8700000| Complete 
| 136|0x00000000e8800000, 0x00000000e8900000, 0x00000000e8900000|100%|HC|  |TAMS 0x00000000e8800000| PB 0x00000000e8800000| Complete 
| 137|0x00000000e8900000, 0x00000000e8a00000, 0x00000000e8a00000|100%| O|  |TAMS 0x00000000e8900000| PB 0x00000000e8900000| Untracked 
| 138|0x00000000e8a00000, 0x00000000e8b00000, 0x00000000e8b00000|100%| O|  |TAMS 0x00000000e8a00000| PB 0x00000000e8a00000| Untracked 
| 139|0x00000000e8b00000, 0x00000000e8c00000, 0x00000000e8c00000|100%| O|  |TAMS 0x00000000e8b00000| PB 0x00000000e8b00000| Untracked 
| 140|0x00000000e8c00000, 0x00000000e8d00000, 0x00000000e8d00000|100%| O|  |TAMS 0x00000000e8c00000| PB 0x00000000e8c00000| Untracked 
| 141|0x00000000e8d00000, 0x00000000e8e00000, 0x00000000e8e00000|100%| O|  |TAMS 0x00000000e8d00000| PB 0x00000000e8d00000| Untracked 
| 142|0x00000000e8e00000, 0x00000000e8f00000, 0x00000000e8f00000|100%| O|  |TAMS 0x00000000e8e00000| PB 0x00000000e8e00000| Untracked 
| 143|0x00000000e8f00000, 0x00000000e9000000, 0x00000000e9000000|100%| O|  |TAMS 0x00000000e8f00000| PB 0x00000000e8f00000| Untracked 
| 144|0x00000000e9000000, 0x00000000e9100000, 0x00000000e9100000|100%| O|  |TAMS 0x00000000e9000000| PB 0x00000000e9000000| Untracked 
| 145|0x00000000e9100000, 0x00000000e9200000, 0x00000000e9200000|100%| O|  |TAMS 0x00000000e9100000| PB 0x00000000e9100000| Untracked 
| 146|0x00000000e9200000, 0x00000000e9300000, 0x00000000e9300000|100%| O|  |TAMS 0x00000000e9200000| PB 0x00000000e9200000| Untracked 
| 147|0x00000000e9300000, 0x00000000e9400000, 0x00000000e9400000|100%| O|  |TAMS 0x00000000e9300000| PB 0x00000000e9300000| Untracked 
| 148|0x00000000e9400000, 0x00000000e9500000, 0x00000000e9500000|100%| O|  |TAMS 0x00000000e9400000| PB 0x00000000e9400000| Untracked 
| 149|0x00000000e9500000, 0x00000000e9600000, 0x00000000e9600000|100%| O|  |TAMS 0x00000000e9500000| PB 0x00000000e9500000| Untracked 
| 150|0x00000000e9600000, 0x00000000e9700000, 0x00000000e9700000|100%| O|  |TAMS 0x00000000e9600000| PB 0x00000000e9600000| Untracked 
| 151|0x00000000e9700000, 0x00000000e9800000, 0x00000000e9800000|100%| O|  |TAMS 0x00000000e9700000| PB 0x00000000e9700000| Untracked 
| 152|0x00000000e9800000, 0x00000000e9900000, 0x00000000e9900000|100%| O|  |TAMS 0x00000000e9800000| PB 0x00000000e9800000| Untracked 
| 153|0x00000000e9900000, 0x00000000e9a00000, 0x00000000e9a00000|100%| O|  |TAMS 0x00000000e9900000| PB 0x00000000e9900000| Untracked 
| 154|0x00000000e9a00000, 0x00000000e9b00000, 0x00000000e9b00000|100%| O|  |TAMS 0x00000000e9a00000| PB 0x00000000e9a00000| Untracked 
| 155|0x00000000e9b00000, 0x00000000e9c00000, 0x00000000e9c00000|100%| O|  |TAMS 0x00000000e9b00000| PB 0x00000000e9b00000| Untracked 
| 156|0x00000000e9c00000, 0x00000000e9d00000, 0x00000000e9d00000|100%| O|  |TAMS 0x00000000e9c00000| PB 0x00000000e9c00000| Untracked 
| 157|0x00000000e9d00000, 0x00000000e9e00000, 0x00000000e9e00000|100%| O|  |TAMS 0x00000000e9d00000| PB 0x00000000e9d00000| Untracked 
| 158|0x00000000e9e00000, 0x00000000e9f00000, 0x00000000e9f00000|100%| O|  |TAMS 0x00000000e9e00000| PB 0x00000000e9e00000| Untracked 
| 159|0x00000000e9f00000, 0x00000000ea000000, 0x00000000ea000000|100%| O|  |TAMS 0x00000000e9f00000| PB 0x00000000e9f00000| Untracked 
| 160|0x00000000ea000000, 0x00000000ea100000, 0x00000000ea100000|100%| O|  |TAMS 0x00000000ea000000| PB 0x00000000ea000000| Untracked 
| 161|0x00000000ea100000, 0x00000000ea200000, 0x00000000ea200000|100%| O|  |TAMS 0x00000000ea100000| PB 0x00000000ea100000| Untracked 
| 162|0x00000000ea200000, 0x00000000ea300000, 0x00000000ea300000|100%| O|  |TAMS 0x00000000ea200000| PB 0x00000000ea200000| Untracked 
| 163|0x00000000ea300000, 0x00000000ea400000, 0x00000000ea400000|100%| O|  |TAMS 0x00000000ea300000| PB 0x00000000ea300000| Untracked 
| 164|0x00000000ea400000, 0x00000000ea500000, 0x00000000ea500000|100%| O|  |TAMS 0x00000000ea400000| PB 0x00000000ea400000| Untracked 
| 165|0x00000000ea500000, 0x00000000ea600000, 0x00000000ea600000|100%| O|  |TAMS 0x00000000ea500000| PB 0x00000000ea500000| Untracked 
| 166|0x00000000ea600000, 0x00000000ea700000, 0x00000000ea700000|100%| O|  |TAMS 0x00000000ea600000| PB 0x00000000ea600000| Untracked 
| 167|0x00000000ea700000, 0x00000000ea800000, 0x00000000ea800000|100%| O|  |TAMS 0x00000000ea700000| PB 0x00000000ea700000| Untracked 
| 168|0x00000000ea800000, 0x00000000ea900000, 0x00000000ea900000|100%| O|  |TAMS 0x00000000ea800000| PB 0x00000000ea800000| Untracked 
| 169|0x00000000ea900000, 0x00000000eaa00000, 0x00000000eaa00000|100%| O|  |TAMS 0x00000000ea900000| PB 0x00000000ea900000| Untracked 
| 170|0x00000000eaa00000, 0x00000000eab00000, 0x00000000eab00000|100%| O|  |TAMS 0x00000000eaa00000| PB 0x00000000eaa00000| Untracked 
| 171|0x00000000eab00000, 0x00000000eab80000, 0x00000000eac00000| 50%| O|  |TAMS 0x00000000eab00000| PB 0x00000000eab00000| Untracked 
| 172|0x00000000eac00000, 0x00000000eac00000, 0x00000000ead00000|  0%| F|  |TAMS 0x00000000eac00000| PB 0x00000000eac00000| Untracked 
| 173|0x00000000ead00000, 0x00000000ead00000, 0x00000000eae00000|  0%| F|  |TAMS 0x00000000ead00000| PB 0x00000000ead00000| Untracked 
| 174|0x00000000eae00000, 0x00000000eae00000, 0x00000000eaf00000|  0%| F|  |TAMS 0x00000000eae00000| PB 0x00000000eae00000| Untracked 
| 175|0x00000000eaf00000, 0x00000000eaf00000, 0x00000000eb000000|  0%| F|  |TAMS 0x00000000eaf00000| PB 0x00000000eaf00000| Untracked 
| 176|0x00000000eb000000, 0x00000000eb000000, 0x00000000eb100000|  0%| F|  |TAMS 0x00000000eb000000| PB 0x00000000eb000000| Untracked 
| 177|0x00000000eb100000, 0x00000000eb100000, 0x00000000eb200000|  0%| F|  |TAMS 0x00000000eb100000| PB 0x00000000eb100000| Untracked 
| 178|0x00000000eb200000, 0x00000000eb200000, 0x00000000eb300000|  0%| F|  |TAMS 0x00000000eb200000| PB 0x00000000eb200000| Untracked 
| 179|0x00000000eb300000, 0x00000000eb300000, 0x00000000eb400000|  0%| F|  |TAMS 0x00000000eb300000| PB 0x00000000eb300000| Untracked 
| 180|0x00000000eb400000, 0x00000000eb400000, 0x00000000eb500000|  0%| F|  |TAMS 0x00000000eb400000| PB 0x00000000eb400000| Untracked 
| 181|0x00000000eb500000, 0x00000000eb500000, 0x00000000eb600000|  0%| F|  |TAMS 0x00000000eb500000| PB 0x00000000eb500000| Untracked 
| 182|0x00000000eb600000, 0x00000000eb600000, 0x00000000eb700000|  0%| F|  |TAMS 0x00000000eb600000| PB 0x00000000eb600000| Untracked 
| 183|0x00000000eb700000, 0x00000000eb700000, 0x00000000eb800000|  0%| F|  |TAMS 0x00000000eb700000| PB 0x00000000eb700000| Untracked 
| 184|0x00000000eb800000, 0x00000000eb800000, 0x00000000eb900000|  0%| F|  |TAMS 0x00000000eb800000| PB 0x00000000eb800000| Untracked 
| 185|0x00000000eb900000, 0x00000000eb900000, 0x00000000eba00000|  0%| F|  |TAMS 0x00000000eb900000| PB 0x00000000eb900000| Untracked 
| 186|0x00000000eba00000, 0x00000000eba00000, 0x00000000ebb00000|  0%| F|  |TAMS 0x00000000eba00000| PB 0x00000000eba00000| Untracked 
| 187|0x00000000ebb00000, 0x00000000ebb00000, 0x00000000ebc00000|  0%| F|  |TAMS 0x00000000ebb00000| PB 0x00000000ebb00000| Untracked 
| 188|0x00000000ebc00000, 0x00000000ebc00000, 0x00000000ebd00000|  0%| F|  |TAMS 0x00000000ebc00000| PB 0x00000000ebc00000| Untracked 
| 189|0x00000000ebd00000, 0x00000000ebd00000, 0x00000000ebe00000|  0%| F|  |TAMS 0x00000000ebd00000| PB 0x00000000ebd00000| Untracked 
| 190|0x00000000ebe00000, 0x00000000ebe00000, 0x00000000ebf00000|  0%| F|  |TAMS 0x00000000ebe00000| PB 0x00000000ebe00000| Untracked 
| 191|0x00000000ebf00000, 0x00000000ebf00000, 0x00000000ec000000|  0%| F|  |TAMS 0x00000000ebf00000| PB 0x00000000ebf00000| Untracked 
| 192|0x00000000ec000000, 0x00000000ec000000, 0x00000000ec100000|  0%| F|  |TAMS 0x00000000ec000000| PB 0x00000000ec000000| Untracked 
| 193|0x00000000ec100000, 0x00000000ec100000, 0x00000000ec200000|  0%| F|  |TAMS 0x00000000ec100000| PB 0x00000000ec100000| Untracked 
| 194|0x00000000ec200000, 0x00000000ec200000, 0x00000000ec300000|  0%| F|  |TAMS 0x00000000ec200000| PB 0x00000000ec200000| Untracked 
| 195|0x00000000ec300000, 0x00000000ec300000, 0x00000000ec400000|  0%| F|  |TAMS 0x00000000ec300000| PB 0x00000000ec300000| Untracked 
| 196|0x00000000ec400000, 0x00000000ec400000, 0x00000000ec500000|  0%| F|  |TAMS 0x00000000ec400000| PB 0x00000000ec400000| Untracked 
| 197|0x00000000ec500000, 0x00000000ec500000, 0x00000000ec600000|  0%| F|  |TAMS 0x00000000ec500000| PB 0x00000000ec500000| Untracked 
| 198|0x00000000ec600000, 0x00000000ec600000, 0x00000000ec700000|  0%| F|  |TAMS 0x00000000ec600000| PB 0x00000000ec600000| Untracked 
| 199|0x00000000ec700000, 0x00000000ec700000, 0x00000000ec800000|  0%| F|  |TAMS 0x00000000ec700000| PB 0x00000000ec700000| Untracked 
| 200|0x00000000ec800000, 0x00000000ec800000, 0x00000000ec900000|  0%| F|  |TAMS 0x00000000ec800000| PB 0x00000000ec800000| Untracked 
| 201|0x00000000ec900000, 0x00000000ec900000, 0x00000000eca00000|  0%| F|  |TAMS 0x00000000ec900000| PB 0x00000000ec900000| Untracked 
| 202|0x00000000eca00000, 0x00000000eca00000, 0x00000000ecb00000|  0%| F|  |TAMS 0x00000000eca00000| PB 0x00000000eca00000| Untracked 
| 203|0x00000000ecb00000, 0x00000000ecb00000, 0x00000000ecc00000|  0%| F|  |TAMS 0x00000000ecb00000| PB 0x00000000ecb00000| Untracked 
| 204|0x00000000ecc00000, 0x00000000ecc00000, 0x00000000ecd00000|  0%| F|  |TAMS 0x00000000ecc00000| PB 0x00000000ecc00000| Untracked 
| 205|0x00000000ecd00000, 0x00000000ecd00000, 0x00000000ece00000|  0%| F|  |TAMS 0x00000000ecd00000| PB 0x00000000ecd00000| Untracked 
| 206|0x00000000ece00000, 0x00000000ecf00000, 0x00000000ecf00000|100%| S|CS|TAMS 0x00000000ece00000| PB 0x00000000ece00000| Complete 
| 207|0x00000000ecf00000, 0x00000000ed000000, 0x00000000ed000000|100%| S|CS|TAMS 0x00000000ecf00000| PB 0x00000000ecf00000| Complete 
| 208|0x00000000ed000000, 0x00000000ed100000, 0x00000000ed100000|100%| S|CS|TAMS 0x00000000ed000000| PB 0x00000000ed000000| Complete 
| 209|0x00000000ed100000, 0x00000000ed200000, 0x00000000ed200000|100%| S|CS|TAMS 0x00000000ed100000| PB 0x00000000ed100000| Complete 
| 210|0x00000000ed200000, 0x00000000ed300000, 0x00000000ed300000|100%| S|CS|TAMS 0x00000000ed200000| PB 0x00000000ed200000| Complete 
| 211|0x00000000ed300000, 0x00000000ed400000, 0x00000000ed400000|100%| S|CS|TAMS 0x00000000ed300000| PB 0x00000000ed300000| Complete 
| 212|0x00000000ed400000, 0x00000000ed500000, 0x00000000ed500000|100%| S|CS|TAMS 0x00000000ed400000| PB 0x00000000ed400000| Complete 
| 213|0x00000000ed500000, 0x00000000ed600000, 0x00000000ed600000|100%| S|CS|TAMS 0x00000000ed500000| PB 0x00000000ed500000| Complete 
| 214|0x00000000ed600000, 0x00000000ed600000, 0x00000000ed700000|  0%| F|  |TAMS 0x00000000ed600000| PB 0x00000000ed600000| Untracked 
| 215|0x00000000ed700000, 0x00000000ed700000, 0x00000000ed800000|  0%| F|  |TAMS 0x00000000ed700000| PB 0x00000000ed700000| Untracked 
| 216|0x00000000ed800000, 0x00000000ed800000, 0x00000000ed900000|  0%| F|  |TAMS 0x00000000ed800000| PB 0x00000000ed800000| Untracked 
| 217|0x00000000ed900000, 0x00000000ed900000, 0x00000000eda00000|  0%| F|  |TAMS 0x00000000ed900000| PB 0x00000000ed900000| Untracked 
| 218|0x00000000eda00000, 0x00000000eda00000, 0x00000000edb00000|  0%| F|  |TAMS 0x00000000eda00000| PB 0x00000000eda00000| Untracked 
| 219|0x00000000edb00000, 0x00000000edb00000, 0x00000000edc00000|  0%| F|  |TAMS 0x00000000edb00000| PB 0x00000000edb00000| Untracked 
| 220|0x00000000edc00000, 0x00000000edc00000, 0x00000000edd00000|  0%| F|  |TAMS 0x00000000edc00000| PB 0x00000000edc00000| Untracked 
| 221|0x00000000edd00000, 0x00000000edd00000, 0x00000000ede00000|  0%| F|  |TAMS 0x00000000edd00000| PB 0x00000000edd00000| Untracked 
| 222|0x00000000ede00000, 0x00000000ede00000, 0x00000000edf00000|  0%| F|  |TAMS 0x00000000ede00000| PB 0x00000000ede00000| Untracked 
| 223|0x00000000edf00000, 0x00000000edf00000, 0x00000000ee000000|  0%| F|  |TAMS 0x00000000edf00000| PB 0x00000000edf00000| Untracked 
| 224|0x00000000ee000000, 0x00000000ee000000, 0x00000000ee100000|  0%| F|  |TAMS 0x00000000ee000000| PB 0x00000000ee000000| Untracked 
| 225|0x00000000ee100000, 0x00000000ee100000, 0x00000000ee200000|  0%| F|  |TAMS 0x00000000ee100000| PB 0x00000000ee100000| Untracked 
| 226|0x00000000ee200000, 0x00000000ee200000, 0x00000000ee300000|  0%| F|  |TAMS 0x00000000ee200000| PB 0x00000000ee200000| Untracked 
| 227|0x00000000ee300000, 0x00000000ee300000, 0x00000000ee400000|  0%| F|  |TAMS 0x00000000ee300000| PB 0x00000000ee300000| Untracked 
| 228|0x00000000ee400000, 0x00000000ee400000, 0x00000000ee500000|  0%| F|  |TAMS 0x00000000ee400000| PB 0x00000000ee400000| Untracked 
| 229|0x00000000ee500000, 0x00000000ee500000, 0x00000000ee600000|  0%| F|  |TAMS 0x00000000ee500000| PB 0x00000000ee500000| Untracked 
| 230|0x00000000ee600000, 0x00000000ee600000, 0x00000000ee700000|  0%| F|  |TAMS 0x00000000ee600000| PB 0x00000000ee600000| Untracked 
| 231|0x00000000ee700000, 0x00000000ee700000, 0x00000000ee800000|  0%| F|  |TAMS 0x00000000ee700000| PB 0x00000000ee700000| Untracked 
| 232|0x00000000ee800000, 0x00000000ee800000, 0x00000000ee900000|  0%| F|  |TAMS 0x00000000ee800000| PB 0x00000000ee800000| Untracked 
| 233|0x00000000ee900000, 0x00000000ee900000, 0x00000000eea00000|  0%| F|  |TAMS 0x00000000ee900000| PB 0x00000000ee900000| Untracked 
| 234|0x00000000eea00000, 0x00000000eea00000, 0x00000000eeb00000|  0%| F|  |TAMS 0x00000000eea00000| PB 0x00000000eea00000| Untracked 
| 235|0x00000000eeb00000, 0x00000000eeb00000, 0x00000000eec00000|  0%| F|  |TAMS 0x00000000eeb00000| PB 0x00000000eeb00000| Untracked 
| 236|0x00000000eec00000, 0x00000000eec00000, 0x00000000eed00000|  0%| F|  |TAMS 0x00000000eec00000| PB 0x00000000eec00000| Untracked 
| 237|0x00000000eed00000, 0x00000000eed00000, 0x00000000eee00000|  0%| F|  |TAMS 0x00000000eed00000| PB 0x00000000eed00000| Untracked 
| 238|0x00000000eee00000, 0x00000000eee00000, 0x00000000eef00000|  0%| F|  |TAMS 0x00000000eee00000| PB 0x00000000eee00000| Untracked 
| 239|0x00000000eef00000, 0x00000000eef00000, 0x00000000ef000000|  0%| F|  |TAMS 0x00000000eef00000| PB 0x00000000eef00000| Untracked 
| 240|0x00000000ef000000, 0x00000000ef000000, 0x00000000ef100000|  0%| F|  |TAMS 0x00000000ef000000| PB 0x00000000ef000000| Untracked 
| 241|0x00000000ef100000, 0x00000000ef100000, 0x00000000ef200000|  0%| F|  |TAMS 0x00000000ef100000| PB 0x00000000ef100000| Untracked 
| 242|0x00000000ef200000, 0x00000000ef200000, 0x00000000ef300000|  0%| F|  |TAMS 0x00000000ef200000| PB 0x00000000ef200000| Untracked 
| 243|0x00000000ef300000, 0x00000000ef300000, 0x00000000ef400000|  0%| F|  |TAMS 0x00000000ef300000| PB 0x00000000ef300000| Untracked 
| 244|0x00000000ef400000, 0x00000000ef400000, 0x00000000ef500000|  0%| F|  |TAMS 0x00000000ef400000| PB 0x00000000ef400000| Untracked 
| 245|0x00000000ef500000, 0x00000000ef500000, 0x00000000ef600000|  0%| F|  |TAMS 0x00000000ef500000| PB 0x00000000ef500000| Untracked 
| 246|0x00000000ef600000, 0x00000000ef600000, 0x00000000ef700000|  0%| F|  |TAMS 0x00000000ef600000| PB 0x00000000ef600000| Untracked 
| 247|0x00000000ef700000, 0x00000000ef700000, 0x00000000ef800000|  0%| F|  |TAMS 0x00000000ef700000| PB 0x00000000ef700000| Untracked 
| 248|0x00000000ef800000, 0x00000000ef800000, 0x00000000ef900000|  0%| F|  |TAMS 0x00000000ef800000| PB 0x00000000ef800000| Untracked 
| 249|0x00000000ef900000, 0x00000000ef900000, 0x00000000efa00000|  0%| F|  |TAMS 0x00000000ef900000| PB 0x00000000ef900000| Untracked 
| 250|0x00000000efa00000, 0x00000000efa00000, 0x00000000efb00000|  0%| F|  |TAMS 0x00000000efa00000| PB 0x00000000efa00000| Untracked 
| 251|0x00000000efb00000, 0x00000000efb00000, 0x00000000efc00000|  0%| F|  |TAMS 0x00000000efb00000| PB 0x00000000efb00000| Untracked 
| 252|0x00000000efc00000, 0x00000000efc00000, 0x00000000efd00000|  0%| F|  |TAMS 0x00000000efc00000| PB 0x00000000efc00000| Untracked 
| 253|0x00000000efd00000, 0x00000000efd00000, 0x00000000efe00000|  0%| F|  |TAMS 0x00000000efd00000| PB 0x00000000efd00000| Untracked 
| 254|0x00000000efe00000, 0x00000000efe00000, 0x00000000eff00000|  0%| F|  |TAMS 0x00000000efe00000| PB 0x00000000efe00000| Untracked 
| 255|0x00000000eff00000, 0x00000000eff00000, 0x00000000f0000000|  0%| F|  |TAMS 0x00000000eff00000| PB 0x00000000eff00000| Untracked 
| 256|0x00000000f0000000, 0x00000000f0000000, 0x00000000f0100000|  0%| F|  |TAMS 0x00000000f0000000| PB 0x00000000f0000000| Untracked 
| 257|0x00000000f0100000, 0x00000000f0100000, 0x00000000f0200000|  0%| F|  |TAMS 0x00000000f0100000| PB 0x00000000f0100000| Untracked 
| 506|0x00000000ffa00000, 0x00000000ffa00000, 0x00000000ffb00000|  0%| F|  |TAMS 0x00000000ffa00000| PB 0x00000000ffa00000| Untracked 
| 507|0x00000000ffb00000, 0x00000000ffb00000, 0x00000000ffc00000|  0%| F|  |TAMS 0x00000000ffb00000| PB 0x00000000ffb00000| Untracked 
| 508|0x00000000ffc00000, 0x00000000ffc00000, 0x00000000ffd00000|  0%| F|  |TAMS 0x00000000ffc00000| PB 0x00000000ffc00000| Untracked 
| 509|0x00000000ffd00000, 0x00000000ffd00000, 0x00000000ffe00000|  0%| F|  |TAMS 0x00000000ffd00000| PB 0x00000000ffd00000| Untracked 
| 510|0x00000000ffe00000, 0x00000000ffe00000, 0x00000000fff00000|  0%| F|  |TAMS 0x00000000ffe00000| PB 0x00000000ffe00000| Untracked 
| 511|0x00000000fff00000, 0x00000000fff00000, 0x0000000100000000|  0%| F|  |TAMS 0x00000000fff00000| PB 0x00000000fff00000| Untracked 

Card table byte_map: [0x00000127ea720000,0x00000127ea820000] _byte_map_base: 0x00000127ea020000

Marking Bits: (CMBitMap*) 0x00000127d2a23d90
 Bits: [0x00000127ea820000, 0x00000127eb020000)

Polling page: 0x00000127d08d0000

Metaspace:

Usage:
  Non-class:     79.98 MB used.
      Class:     11.64 MB used.
       Both:     91.62 MB used.

Virtual space:
  Non-class space:      128.00 MB reserved,      80.31 MB ( 63%) committed,  2 nodes.
      Class space:        1.00 GB reserved,      11.94 MB (  1%) committed,  1 nodes.
             Both:        1.12 GB reserved,      92.25 MB (  8%) committed. 

Chunk freelists:
   Non-Class:  15.72 MB
       Class:  3.94 MB
        Both:  19.66 MB

MaxMetaspaceSize: unlimited
CompressedClassSpaceSize: 1.00 GB
Initial GC threshold: 21.00 MB
Current GC threshold: 153.75 MB
CDS: on
 - commit_granule_bytes: 65536.
 - commit_granule_words: 8192.
 - virtual_space_node_default_size: 8388608.
 - enlarge_chunks_in_place: 1.
 - use_allocation_guard: 0.


Internal statistics:

num_allocs_failed_limit: 3.
num_arena_births: 884.
num_arena_deaths: 0.
num_vsnodes_births: 3.
num_vsnodes_deaths: 0.
num_space_committed: 1471.
num_space_uncommitted: 0.
num_chunks_returned_to_freelist: 3.
num_chunks_taken_from_freelist: 4203.
num_chunk_merges: 3.
num_chunk_splits: 3096.
num_chunks_enlarged: 2515.
num_inconsistent_stats: 0.

CodeHeap 'non-profiled nmethods': size=119168Kb used=7269Kb max_used=7745Kb free=111898Kb
 bounds [0x00000127e2a40000, 0x00000127e31e0000, 0x00000127e9ea0000]
CodeHeap 'profiled nmethods': size=119104Kb used=17353Kb max_used=18358Kb free=101751Kb
 bounds [0x00000127daea0000, 0x00000127dc090000, 0x00000127e22f0000]
CodeHeap 'non-nmethods': size=7488Kb used=3494Kb max_used=3566Kb free=3993Kb
 bounds [0x00000127e22f0000, 0x00000127e2680000, 0x00000127e2a40000]
 total_blobs=10002 nmethods=9197 adapters=704
 compilation: enabled
              stopped_count=0, restarted_count=0
 full_count=0

Compilation events (20 events):
Event: 11.942 Thread 0x00000127edfa0250 11563       3       org.antlr.v4.runtime.dfa.DFAState::equals (35 bytes)
Event: 11.942 Thread 0x00000127edfa2460 11564       3       org.antlr.v4.runtime.atn.ATNConfigSet::equals (105 bytes)
Event: 11.942 Thread 0x00000127edfa0ff0 11565       3       java.util.ArrayList::equals (62 bytes)
Event: 11.942 Thread 0x00000127edfa0250 nmethod 11563 0x00000127db75bf90 code [0x00000127db75c160, 0x00000127db75c5e8]
Event: 11.942 Thread 0x00000127edfa0250 11566       3       org.antlr.v4.runtime.atn.ATNConfigSet::add (7 bytes)
Event: 11.942 Thread 0x00000127edfa2460 nmethod 11564 0x00000127db47c890 code [0x00000127db47ca80, 0x00000127db47d0d8]
Event: 11.942 Thread 0x00000127edfa0ff0 nmethod 11565 0x00000127db0a7190 code [0x00000127db0a73a0, 0x00000127db0a7ba0]
Event: 11.942 Thread 0x00000127edfa0250 nmethod 11566 0x00000127db5b5010 code [0x00000127db5b51c0, 0x00000127db5b5390]
Event: 11.952 Thread 0x00000127edfa16c0 nmethod 11562 0x00000127dc00c090 code [0x00000127dc00c440, 0x00000127dc00e1c0]
Event: 11.953 Thread 0x00000127f51bb9c0 nmethod 11561 0x00000127e2b67d90 code [0x00000127e2b67f40, 0x00000127e2b682e0]
Event: 11.954 Thread 0x00000127edf71290 11567       4       org.antlr.v4.runtime.atn.ParserATNSimulator::actionTransition (60 bytes)
Event: 11.956 Thread 0x00000127edf71290 nmethod 11567 0x00000127e2ca4190 code [0x00000127e2ca4340, 0x00000127e2ca4700]
Event: 12.012 Thread 0x00000127edfa2460 11568       3       org.antlr.v4.runtime.misc.DoubleKeyMap::put (71 bytes)
Event: 12.013 Thread 0x00000127edfa2460 nmethod 11568 0x00000127dbc2f790 code [0x00000127dbc2f9c0, 0x00000127dbc301c8]
Event: 12.017 Thread 0x00000127f51bc090 11569       4       org.antlr.v4.runtime.misc.DoubleKeyMap::put (71 bytes)
Event: 12.038 Thread 0x00000127edf71290 11570       4       org.antlr.v4.runtime.atn.PredictionMode::hasConflictingAltSet (41 bytes)
Event: 12.042 Thread 0x00000127edf71290 nmethod 11570 0x00000127e3180390 code [0x00000127e3180540, 0x00000127e3180818]
Event: 12.058 Thread 0x00000127f51bc090 nmethod 11569 0x00000127e2c8bf90 code [0x00000127e2c8c320, 0x00000127e2c8f0c0]
Event: 12.118 Thread 0x00000127edfa0ff0 11571       3       org.antlr.v4.runtime.misc.IntegerList::get (27 bytes)
Event: 12.118 Thread 0x00000127edfa0ff0 nmethod 11571 0x00000127daf76b90 code [0x00000127daf76d40, 0x00000127daf76fa8]

GC Heap History (20 events):
Event: 10.963 GC heap after
{Heap after GC invocations=46 (full 0):
 garbage-first heap   total 119808K, used 67204K [0x00000000e0000000, 0x0000000100000000)
  region size 1024K, 2 young (2048K), 2 survivors (2048K)
 Metaspace       used 86321K, committed 86976K, reserved 1179648K
  class space    used 10951K, committed 11264K, reserved 1048576K
}
Event: 11.460 GC heap before
{Heap before GC invocations=46 (full 0):
 garbage-first heap   total 119808K, used 110212K [0x00000000e0000000, 0x0000000100000000)
  region size 1024K, 44 young (45056K), 2 survivors (2048K)
 Metaspace       used 92355K, committed 92992K, reserved 1179648K
  class space    used 11739K, committed 12032K, reserved 1048576K
}
Event: 11.466 GC heap after
{Heap after GC invocations=47 (full 0):
 garbage-first heap   total 119808K, used 69433K [0x00000000e0000000, 0x0000000100000000)
  region size 1024K, 5 young (5120K), 5 survivors (5120K)
 Metaspace       used 92355K, committed 92992K, reserved 1179648K
  class space    used 11739K, committed 12032K, reserved 1048576K
}
Event: 11.634 GC heap before
{Heap before GC invocations=48 (full 0):
 garbage-first heap   total 119808K, used 106297K [0x00000000e0000000, 0x0000000100000000)
  region size 1024K, 41 young (41984K), 5 survivors (5120K)
 Metaspace       used 93760K, committed 94336K, reserved 1179648K
  class space    used 11911K, committed 12160K, reserved 1048576K
}
Event: 11.642 GC heap after
{Heap after GC invocations=49 (full 0):
 garbage-first heap   total 119808K, used 72923K [0x00000000e0000000, 0x0000000100000000)
  region size 1024K, 6 young (6144K), 6 survivors (6144K)
 Metaspace       used 93760K, committed 94336K, reserved 1179648K
  class space    used 11911K, committed 12160K, reserved 1048576K
}
Event: 11.670 GC heap before
{Heap before GC invocations=49 (full 0):
 garbage-first heap   total 119808K, used 105691K [0x00000000e0000000, 0x0000000100000000)
  region size 1024K, 38 young (38912K), 6 survivors (6144K)
 Metaspace       used 93769K, committed 94336K, reserved 1179648K
  class space    used 11911K, committed 12160K, reserved 1048576K
}
Event: 11.691 GC heap after
{Heap after GC invocations=50 (full 0):
 garbage-first heap   total 125952K, used 84992K [0x00000000e0000000, 0x0000000100000000)
  region size 1024K, 5 young (5120K), 5 survivors (5120K)
 Metaspace       used 93769K, committed 94336K, reserved 1179648K
  class space    used 11911K, committed 12160K, reserved 1048576K
}
Event: 11.722 GC heap before
{Heap before GC invocations=50 (full 0):
 garbage-first heap   total 125952K, used 110592K [0x00000000e0000000, 0x0000000100000000)
  region size 1024K, 30 young (30720K), 5 survivors (5120K)
 Metaspace       used 93815K, committed 94464K, reserved 1179648K
  class space    used 11921K, committed 12224K, reserved 1048576K
}
Event: 11.734 GC heap after
{Heap after GC invocations=51 (full 0):
 garbage-first heap   total 205824K, used 93184K [0x00000000e0000000, 0x0000000100000000)
  region size 1024K, 4 young (4096K), 4 survivors (4096K)
 Metaspace       used 93815K, committed 94464K, reserved 1179648K
  class space    used 11921K, committed 12224K, reserved 1048576K
}
Event: 11.822 GC heap before
{Heap before GC invocations=52 (full 0):
 garbage-first heap   total 205824K, used 163840K [0x00000000e0000000, 0x0000000100000000)
  region size 1024K, 72 young (73728K), 4 survivors (4096K)
 Metaspace       used 93815K, committed 94464K, reserved 1179648K
  class space    used 11921K, committed 12224K, reserved 1048576K
}
Event: 11.836 GC heap after
{Heap after GC invocations=53 (full 0):
 garbage-first heap   total 205824K, used 116224K [0x00000000e0000000, 0x0000000100000000)
  region size 1024K, 9 young (9216K), 9 survivors (9216K)
 Metaspace       used 93815K, committed 94464K, reserved 1179648K
  class space    used 11921K, committed 12224K, reserved 1048576K
}
Event: 11.884 GC heap before
{Heap before GC invocations=53 (full 0):
 garbage-first heap   total 205824K, used 165376K [0x00000000e0000000, 0x0000000100000000)
  region size 1024K, 57 young (58368K), 9 survivors (9216K)
 Metaspace       used 93817K, committed 94464K, reserved 1179648K
  class space    used 11921K, committed 12224K, reserved 1048576K
}
Event: 11.897 GC heap after
{Heap after GC invocations=54 (full 0):
 garbage-first heap   total 205824K, used 127744K [0x00000000e0000000, 0x0000000100000000)
  region size 1024K, 8 young (8192K), 8 survivors (8192K)
 Metaspace       used 93817K, committed 94464K, reserved 1179648K
  class space    used 11921K, committed 12224K, reserved 1048576K
}
Event: 11.942 GC heap before
{Heap before GC invocations=54 (full 0):
 garbage-first heap   total 205824K, used 171776K [0x00000000e0000000, 0x0000000100000000)
  region size 1024K, 51 young (52224K), 8 survivors (8192K)
 Metaspace       used 93823K, committed 94464K, reserved 1179648K
  class space    used 11921K, committed 12224K, reserved 1048576K
}
Event: 11.952 GC heap after
{Heap after GC invocations=55 (full 0):
 garbage-first heap   total 205824K, used 138240K [0x00000000e0000000, 0x0000000100000000)
  region size 1024K, 7 young (7168K), 7 survivors (7168K)
 Metaspace       used 93823K, committed 94464K, reserved 1179648K
  class space    used 11921K, committed 12224K, reserved 1048576K
}
Event: 11.992 GC heap before
{Heap before GC invocations=55 (full 0):
 garbage-first heap   total 270336K, used 164864K [0x00000000e0000000, 0x0000000100000000)
  region size 1024K, 45 young (46080K), 7 survivors (7168K)
 Metaspace       used 93823K, committed 94464K, reserved 1179648K
  class space    used 11921K, committed 12224K, reserved 1048576K
}
Event: 12.002 GC heap after
{Heap after GC invocations=56 (full 0):
 garbage-first heap   total 270336K, used 142848K [0x00000000e0000000, 0x0000000100000000)
  region size 1024K, 6 young (6144K), 6 survivors (6144K)
 Metaspace       used 93823K, committed 94464K, reserved 1179648K
  class space    used 11921K, committed 12224K, reserved 1048576K
}
Event: 12.081 GC heap before
{Heap before GC invocations=57 (full 0):
 garbage-first heap   total 270336K, used 212480K [0x00000000e0000000, 0x0000000100000000)
  region size 1024K, 71 young (72704K), 6 survivors (6144K)
 Metaspace       used 93823K, committed 94464K, reserved 1179648K
  class space    used 11921K, committed 12224K, reserved 1048576K
}
Event: 12.094 GC heap after
{Heap after GC invocations=58 (full 0):
 garbage-first heap   total 270336K, used 172544K [0x00000000e0000000, 0x0000000100000000)
  region size 1024K, 9 young (9216K), 9 survivors (9216K)
 Metaspace       used 93823K, committed 94464K, reserved 1179648K
  class space    used 11921K, committed 12224K, reserved 1048576K
}
Event: 12.133 GC heap before
{Heap before GC invocations=58 (full 0):
 garbage-first heap   total 270336K, used 223744K [0x00000000e0000000, 0x0000000100000000)
  region size 1024K, 59 young (60416K), 9 survivors (9216K)
 Metaspace       used 93823K, committed 94464K, reserved 1179648K
  class space    used 11921K, committed 12224K, reserved 1048576K
}

Dll operation events (11 events):
Event: 0.006 Loaded shared library C:\Program Files\Java\jdk-21.0.10\bin\java.dll
Event: 0.027 Loaded shared library C:\Program Files\Java\jdk-21.0.10\bin\jsvml.dll
Event: 0.039 Loaded shared library C:\Program Files\Java\jdk-21.0.10\bin\net.dll
Event: 0.040 Loaded shared library C:\Program Files\Java\jdk-21.0.10\bin\nio.dll
Event: 0.042 Loaded shared library C:\Program Files\Java\jdk-21.0.10\bin\zip.dll
Event: 0.079 Loaded shared library C:\Program Files\Java\jdk-21.0.10\bin\management.dll
Event: 0.083 Loaded shared library C:\Program Files\Java\jdk-21.0.10\bin\management_ext.dll
Event: 0.096 Loaded shared library C:\Program Files\Java\jdk-21.0.10\bin\jimage.dll
Event: 2.434 Loaded shared library C:\Program Files\Java\jdk-21.0.10\bin\sunmscapi.dll
Event: 5.693 Loaded shared library C:\Program Files\Java\jdk-21.0.10\bin\verify.dll
Event: 5.995 Loaded shared library C:\Program Files\Java\jdk-21.0.10\bin\extnet.dll

Deoptimization events (20 events):
Event: 11.877 Thread 0x00000127d29f9120 Uncommon trap: trap_request=0xffffff45 fr.pc=0x00000127e2bcec64 relative=0x00000000000012e4
Event: 11.877 Thread 0x00000127d29f9120 Uncommon trap: reason=unstable_if action=reinterpret pc=0x00000127e2bcec64 method=org.antlr.v4.runtime.atn.PredictionContext.mergeSingletons(Lorg/antlr/v4/runtime/atn/SingletonPredictionContext;Lorg/antlr/v4/runtime/atn/SingletonPredictionContext;ZLorg/an
Event: 11.877 Thread 0x00000127d29f9120 DEOPT PACKING pc=0x00000127e2bcec64 sp=0x0000001c46ff6180
Event: 11.877 Thread 0x00000127d29f9120 DEOPT UNPACKING pc=0x00000127e23446a2 sp=0x0000001c46ff6130 mode 2
Event: 11.911 Thread 0x00000127d29f9120 Uncommon trap: trap_request=0xffffff6e fr.pc=0x00000127e314c134 relative=0x00000000000037b4
Event: 11.911 Thread 0x00000127d29f9120 Uncommon trap: reason=loop_limit_check action=maybe_recompile pc=0x00000127e314c134 method=java.util.BitSet.recalculateWordsInUse()V @ 8 c2
Event: 11.911 Thread 0x00000127d29f9120 DEOPT PACKING pc=0x00000127e314c134 sp=0x0000001c46ff7240
Event: 11.911 Thread 0x00000127d29f9120 DEOPT UNPACKING pc=0x00000127e23446a2 sp=0x0000001c46ff7130 mode 2
Event: 11.911 Thread 0x00000127d29f9120 DEOPT PACKING pc=0x00000127db9024bd sp=0x0000001c46ff72f0
Event: 11.911 Thread 0x00000127d29f9120 DEOPT UNPACKING pc=0x00000127e2344e42 sp=0x0000001c46ff67d8 mode 0
Event: 11.936 Thread 0x00000127d29f9120 Uncommon trap: trap_request=0xffffff45 fr.pc=0x00000127e3179f9c relative=0x0000000000001e9c
Event: 11.936 Thread 0x00000127d29f9120 Uncommon trap: reason=unstable_if action=reinterpret pc=0x00000127e3179f9c method=org.antlr.v4.runtime.atn.LexerATNSimulator.getEpsilonTarget(Lorg/antlr/v4/runtime/CharStream;Lorg/antlr/v4/runtime/atn/LexerATNConfig;Lorg/antlr/v4/runtime/atn/Transition;Lo
Event: 11.936 Thread 0x00000127d29f9120 DEOPT PACKING pc=0x00000127e3179f9c sp=0x0000001c46ff7410
Event: 11.936 Thread 0x00000127d29f9120 DEOPT UNPACKING pc=0x00000127e23446a2 sp=0x0000001c46ff7350 mode 2
Event: 12.012 Thread 0x00000127d29f9120 Uncommon trap: trap_request=0xffffffde fr.pc=0x00000127e315c654 relative=0x0000000000002ef4
Event: 12.012 Thread 0x00000127d29f9120 Uncommon trap: reason=class_check action=maybe_recompile pc=0x00000127e315c654 method=java.util.HashMap.putVal(ILjava/lang/Object;Ljava/lang/Object;ZZ)Ljava/lang/Object; @ 203 c2
Event: 12.012 Thread 0x00000127d29f9120 DEOPT PACKING pc=0x00000127e315c654 sp=0x0000001c46ff5490
Event: 12.012 Thread 0x00000127d29f9120 DEOPT UNPACKING pc=0x00000127e23446a2 sp=0x0000001c46ff5348 mode 2
Event: 12.039 Thread 0x00000127d29f9120 DEOPT PACKING pc=0x00000127db0c815d sp=0x0000001c46ff7680
Event: 12.039 Thread 0x00000127d29f9120 DEOPT UNPACKING pc=0x00000127e2344e42 sp=0x0000001c46ff6b10 mode 0

Classes loaded (20 events):
Event: 11.515 Loading class jdk/xml/internal/JdkXmlUtils
Event: 11.515 Loading class jdk/xml/internal/JdkXmlUtils done
Event: 11.515 Loading class javax/xml/catalog/CatalogFeatures$Feature
Event: 11.515 Loading class javax/xml/catalog/CatalogFeatures$Feature done
Event: 11.515 Loading class com/sun/org/apache/xerces/internal/jaxp/SAXParserFactoryImpl
Event: 11.515 Loading class javax/xml/parsers/SAXParserFactory
Event: 11.515 Loading class javax/xml/parsers/SAXParserFactory done
Event: 11.515 Loading class com/sun/org/apache/xerces/internal/jaxp/SAXParserFactoryImpl done
Event: 11.516 Loading class com/sun/xml/internal/stream/StaxEntityResolverWrapper
Event: 11.516 Loading class com/sun/xml/internal/stream/StaxEntityResolverWrapper done
Event: 11.522 Loading class java/nio/charset/CoderMalfunctionError
Event: 11.522 Loading class java/nio/charset/CoderMalfunctionError done
Event: 11.578 Loading class java/util/WeakHashMap$KeyIterator
Event: 11.578 Loading class java/util/WeakHashMap$HashIterator
Event: 11.578 Loading class java/util/WeakHashMap$HashIterator done
Event: 11.578 Loading class java/util/WeakHashMap$KeyIterator done
Event: 11.578 Loading class java/util/WeakHashMap$EntrySet
Event: 11.578 Loading class java/util/WeakHashMap$EntrySet done
Event: 11.578 Loading class java/util/WeakHashMap$EntryIterator
Event: 11.578 Loading class java/util/WeakHashMap$EntryIterator done

Classes unloaded (0 events):
No events

Classes redefined (0 events):
No events

Internal exceptions (20 events):
Event: 9.387 Thread 0x00000127d29f9120 Exception <a 'java/lang/IncompatibleClassChangeError'{0x00000000e6871fd0}: Found class java.lang.Object, but interface was expected> (0x00000000e6871fd0) 
thrown [s\open\src\hotspot\share\interpreter\linkResolver.cpp, line 840]
Event: 9.453 Thread 0x00000127d29f9120 Exception <a 'java/lang/IncompatibleClassChangeError'{0x00000000e6300588}: Found class java.lang.Object, but interface was expected> (0x00000000e6300588) 
thrown [s\open\src\hotspot\share\interpreter\linkResolver.cpp, line 840]
Event: 9.465 Thread 0x00000127d29f9120 Exception <a 'java/lang/NoSuchMethodError'{0x00000000e63aa4c8}: 'java.lang.Object java.lang.invoke.DirectMethodHandle$Holder.newInvokeSpecial(java.lang.Object, java.lang.Object, int, java.lang.Object, int, java.lang.Object, java.lang.Object)'> (0x00000000e63aa4c8) 
thrown [s\open\src\hotspot\share\interpreter\linkResolver.cpp, line 773]
Event: 9.475 Thread 0x00000127d29f9120 Exception <a 'java/lang/NoSuchMethodError'{0x00000000e623ac08}: 'java.lang.Object java.lang.invoke.DirectMethodHandle$Holder.newInvokeSpecial(java.lang.Object, java.lang.Object, java.lang.Object, java.lang.Object, java.lang.Object, java.lang.Object, java.lang.Object, int)'> (0x00000000e623ac08) 
thrown [s\open\src\hotspot\share\interpreter\linkResolver.cpp, line 773]
Event: 9.475 Thread 0x00000127d29f9120 Exception <a 'java/lang/NoSuchMethodError'{0x00000000e623f900}: 'java.lang.Object java.lang.invoke.DirectMethodHandle$Holder.invokeSpecial(java.lang.Object, java.lang.Object, java.lang.Object, java.lang.Object, java.lang.Object, java.lang.Object, java.lang.Object, java.lang.Object, int)'> (0x00000000e623f900) 
thrown [s\open\src\hotspot\share\interpreter\linkResolver.cpp, line 773]
Event: 9.475 Thread 0x00000127d29f9120 Exception <a 'java/lang/NoSuchMethodError'{0x00000000e62440f0}: 'java.lang.Object java.lang.invoke.Invokers$Holder.linkToTargetMethod(java.lang.Object, java.lang.Object, java.lang.Object, java.lang.Object, java.lang.Object, java.lang.Object, int, java.lang.Object)'> (0x00000000e62440f0) 
thrown [s\open\src\hotspot\share\interpreter\linkResolver.cpp, line 773]
Event: 9.818 Thread 0x00000127d29f9120 Exception <a 'java/lang/NoSuchMethodError'{0x00000000e5460db8}: 'void java.lang.invoke.Invokers$Holder.invokeExact_MT(java.lang.Object, java.lang.Object, java.lang.Object, java.lang.Object)'> (0x00000000e5460db8) 
thrown [s\open\src\hotspot\share\interpreter\linkResolver.cpp, line 773]
Event: 9.847 Thread 0x00000127d29f9120 Implicit null exception at 0x00000127e2eea1f7 to 0x00000127e2eea468
Event: 9.864 Thread 0x00000127d29f9120 Implicit null exception at 0x00000127e2b079a6 to 0x00000127e2b07e28
Event: 9.864 Thread 0x00000127d29f9120 Implicit null exception at 0x00000127e2c2ecba to 0x00000127e2c2ecf4
Event: 9.894 Thread 0x00000127d29f9120 Implicit null exception at 0x00000127e2cb3ebc to 0x00000127e2cb5934
Event: 9.904 Thread 0x00000127d29f9120 Exception <a 'java/lang/IncompatibleClassChangeError'{0x00000000e4d86530}: Found class java.lang.Object, but interface was expected> (0x00000000e4d86530) 
thrown [s\open\src\hotspot\share\interpreter\linkResolver.cpp, line 840]
Event: 9.973 Thread 0x00000127d29f9120 Exception <a 'java/lang/IncompatibleClassChangeError'{0x00000000e4bccc38}: Found class java.lang.Object, but interface was expected> (0x00000000e4bccc38) 
thrown [s\open\src\hotspot\share\interpreter\linkResolver.cpp, line 840]
Event: 10.108 Thread 0x00000127d29f9120 Exception <a 'java/lang/IncompatibleClassChangeError'{0x00000000e68ddce8}: Found class java.lang.Object, but interface was expected> (0x00000000e68ddce8) 
thrown [s\open\src\hotspot\share\interpreter\linkResolver.cpp, line 840]
Event: 10.116 Thread 0x00000127d29f9120 Exception <a 'java/lang/NoSuchMethodError'{0x00000000e676b908}: 'void java.lang.invoke.DirectMethodHandle$Holder.invokeSpecial(java.lang.Object, java.lang.Object, java.lang.Object, java.lang.Object, java.lang.Object, java.lang.Object, java.lang.Object)'> (0x00000000e676b908) 
thrown [s\open\src\hotspot\share\interpreter\linkResolver.cpp, line 773]
Event: 11.215 Thread 0x00000127d29f9120 Exception <a 'java/lang/IncompatibleClassChangeError'{0x00000000e577cee8}: Found class java.lang.Object, but interface was expected> (0x00000000e577cee8) 
thrown [s\open\src\hotspot\share\interpreter\linkResolver.cpp, line 840]
Event: 11.372 Thread 0x00000127d29f9120 Exception <a 'java/lang/NoSuchMethodError'{0x00000000e4f2f1d0}: 'java.lang.Object java.lang.invoke.DirectMethodHandle$Holder.invokeStaticInit(java.lang.Object, java.lang.Object, int)'> (0x00000000e4f2f1d0) 
thrown [s\open\src\hotspot\share\interpreter\linkResolver.cpp, line 773]
Event: 11.512 Thread 0x00000127d29f9120 Exception <a 'java/lang/NoSuchMethodError'{0x00000000e73811c8}: 'java.lang.Object java.lang.invoke.DirectMethodHandle$Holder.invokeStaticInit(java.lang.Object, java.lang.Object, java.lang.Object, java.lang.Object, java.lang.Object)'> (0x00000000e73811c8) 
thrown [s\open\src\hotspot\share\interpreter\linkResolver.cpp, line 773]
Event: 11.575 Thread 0x00000127d29f9120 Implicit null exception at 0x00000127e31acf5e to 0x00000127e31acfe1
Event: 11.598 Thread 0x00000127d29f9120 Exception <a 'java/lang/IncompatibleClassChangeError'{0x00000000e6dde6f8}: Found class java.lang.Object, but interface was expected> (0x00000000e6dde6f8) 
thrown [s\open\src\hotspot\share\interpreter\linkResolver.cpp, line 840]

ZGC Phase Switch (0 events):
No events

VM Operations (20 events):
Event: 11.734 Executing VM operation: G1CollectForAllocation (G1 Evacuation Pause) done
Event: 11.764 Executing VM operation: G1PauseRemark
Event: 11.770 Executing VM operation: G1PauseRemark done
Event: 11.793 Executing VM operation: G1PauseCleanup
Event: 11.793 Executing VM operation: G1PauseCleanup done
Event: 11.822 Executing VM operation: G1CollectForAllocation (G1 Evacuation Pause)
Event: 11.836 Executing VM operation: G1CollectForAllocation (G1 Evacuation Pause) done
Event: 11.884 Executing VM operation: G1CollectForAllocation (G1 Evacuation Pause)
Event: 11.897 Executing VM operation: G1CollectForAllocation (G1 Evacuation Pause) done
Event: 11.942 Executing VM operation: G1CollectForAllocation (G1 Evacuation Pause)
Event: 11.952 Executing VM operation: G1CollectForAllocation (G1 Evacuation Pause) done
Event: 11.985 Executing VM operation: G1PauseRemark
Event: 11.989 Executing VM operation: G1PauseRemark done
Event: 11.992 Executing VM operation: G1CollectForAllocation (G1 Evacuation Pause)
Event: 12.002 Executing VM operation: G1CollectForAllocation (G1 Evacuation Pause) done
Event: 12.023 Executing VM operation: G1PauseCleanup
Event: 12.023 Executing VM operation: G1PauseCleanup done
Event: 12.081 Executing VM operation: G1CollectForAllocation (G1 Evacuation Pause)
Event: 12.094 Executing VM operation: G1CollectForAllocation (G1 Evacuation Pause) done
Event: 12.133 Executing VM operation: G1CollectForAllocation (G1 Evacuation Pause)

Events (20 events):
Event: 11.989 Thread 0x00000127edf40730 flushing nmethod 0x00000127db45c710
Event: 11.989 Thread 0x00000127edf40730 flushing nmethod 0x00000127db9da510
Event: 11.989 Thread 0x00000127edf40730 flushing nmethod 0x00000127dbbb1810
Event: 11.989 Thread 0x00000127edf40730 flushing nmethod 0x00000127dbfe1f90
Event: 11.989 Thread 0x00000127edf40730 flushing nmethod 0x00000127dc06df10
Event: 11.989 Thread 0x00000127edf40730 flushing nmethod 0x00000127dc075b10
Event: 11.989 Thread 0x00000127edf40730 flushing nmethod 0x00000127e2d51890
Event: 11.989 Thread 0x00000127edf40730 flushing nmethod 0x00000127e31acd90
Event: 11.989 Thread 0x00000127edf40730 flushing nmethod 0x00000127db74e190
Event: 11.989 Thread 0x00000127edf40730 flushing nmethod 0x00000127dbc5f010
Event: 11.989 Thread 0x00000127edf40730 flushing nmethod 0x00000127daf2de90
Event: 11.989 Thread 0x00000127edf40730 flushing nmethod 0x00000127db0bdb10
Event: 11.989 Thread 0x00000127edf40730 flushing nmethod 0x00000127db17f890
Event: 11.989 Thread 0x00000127edf40730 flushing nmethod 0x00000127db1cda90
Event: 11.989 Thread 0x00000127edf40730 flushing nmethod 0x00000127db7c9f90
Event: 11.989 Thread 0x00000127edf40730 flushing nmethod 0x00000127dbe6fb10
Event: 11.989 Thread 0x00000127edf40730 flushing nmethod 0x00000127dbfce210
Event: 11.989 Thread 0x00000127edf40730 flushing nmethod 0x00000127dbfcef10
Event: 11.989 Thread 0x00000127edf40730 flushing nmethod 0x00000127dbfcf390
Event: 11.989 Thread 0x00000127edf40730 flushing nmethod 0x00000127dc008d90


Dynamic libraries:
0x00007ff6255e0000 - 0x00007ff6255f0000 	C:\Program Files\Java\jdk-21.0.10\bin\java.exe
0x00007ffd97700000 - 0x00007ffd97966000 	C:\Windows\SYSTEM32\ntdll.dll
0x00007ffd96bd0000 - 0x00007ffd96c99000 	C:\Windows\System32\KERNEL32.DLL
0x00007ffd94ec0000 - 0x00007ffd952be000 	C:\Windows\System32\KERNELBASE.dll
0x00007ffd952d0000 - 0x00007ffd9541c000 	C:\Windows\System32\ucrtbase.dll
0x00007ffd88440000 - 0x00007ffd88459000 	C:\Program Files\Java\jdk-21.0.10\bin\jli.dll
0x00007ffd88410000 - 0x00007ffd8842e000 	C:\Program Files\Java\jdk-21.0.10\bin\VCRUNTIME140.dll
0x00007ffd97320000 - 0x00007ffd973d7000 	C:\Windows\System32\ADVAPI32.dll
0x00007ffd95870000 - 0x00007ffd95919000 	C:\Windows\System32\msvcrt.dll
0x00007ffd96d30000 - 0x00007ffd96dda000 	C:\Windows\System32\sechost.dll
0x00007ffd975a0000 - 0x00007ffd976b8000 	C:\Windows\System32\RPCRT4.dll
0x00007ffd96920000 - 0x00007ffd96ae7000 	C:\Windows\System32\USER32.dll
0x00007ffd949e0000 - 0x00007ffd94a07000 	C:\Windows\System32\win32u.dll
0x00007ffd95b80000 - 0x00007ffd95bab000 	C:\Windows\System32\GDI32.dll
0x00007ffd94d90000 - 0x00007ffd94eba000 	C:\Windows\System32\gdi32full.dll
0x00007ffd7fd90000 - 0x00007ffd80022000 	C:\Windows\WinSxS\amd64_microsoft.windows.common-controls_6595b64144ccf1df_6.0.26100.8875_none_3e0d5d42e32fe9dd\COMCTL32.dll
0x00007ffd94b90000 - 0x00007ffd94c33000 	C:\Windows\System32\msvcp_win.dll
0x00007ffd8dd40000 - 0x00007ffd8dd4b000 	C:\Windows\SYSTEM32\VERSION.dll
0x00007ffd97170000 - 0x00007ffd971a2000 	C:\Windows\System32\IMM32.DLL
0x00007ffd8da20000 - 0x00007ffd8da2c000 	C:\Program Files\Java\jdk-21.0.10\bin\vcruntime140_1.dll
0x00007ffd70240000 - 0x00007ffd702cd000 	C:\Program Files\Java\jdk-21.0.10\bin\msvcp140.dll
0x00007ffce3f90000 - 0x00007ffce4cb7000 	C:\Program Files\Java\jdk-21.0.10\bin\server\jvm.dll
0x00007ffd96360000 - 0x00007ffd963e0000 	C:\Windows\System32\WS2_32.dll
0x00007ffd94780000 - 0x00007ffd947de000 	C:\Windows\SYSTEM32\POWRPROF.dll
0x00007ffd8b410000 - 0x00007ffd8b446000 	C:\Windows\SYSTEM32\WINMM.dll
0x00007ffd94760000 - 0x00007ffd94774000 	C:\Windows\SYSTEM32\UMPDC.dll
0x00007ffd935d0000 - 0x00007ffd935eb000 	C:\Windows\SYSTEM32\kernel.appcore.dll
0x00007ffd88360000 - 0x00007ffd8836a000 	C:\Program Files\Java\jdk-21.0.10\bin\jimage.dll
0x00007ffd88630000 - 0x00007ffd88872000 	C:\Windows\SYSTEM32\DBGHELP.DLL
0x00007ffd96de0000 - 0x00007ffd97163000 	C:\Windows\System32\combase.dll
0x00007ffd96af0000 - 0x00007ffd96bc9000 	C:\Windows\System32\OLEAUT32.dll
0x00007ffd738e0000 - 0x00007ffd7391b000 	C:\Windows\SYSTEM32\dbgcore.DLL
0x00007ffd94c40000 - 0x00007ffd94cec000 	C:\Windows\System32\bcryptPrimitives.dll
0x00007ffd75fc0000 - 0x00007ffd75fe1000 	C:\Program Files\Java\jdk-21.0.10\bin\java.dll
0x00007ffd95bc0000 - 0x00007ffd96352000 	C:\Windows\System32\SHELL32.dll
0x00007ffd92380000 - 0x00007ffd92c12000 	C:\Windows\SYSTEM32\windows.storage.dll
0x00007ffd959b0000 - 0x00007ffd95aa7000 	C:\Windows\System32\SHCORE.dll
0x00007ffd95ab0000 - 0x00007ffd95b17000 	C:\Windows\System32\shlwapi.dll
0x00007ffd94840000 - 0x00007ffd94869000 	C:\Windows\SYSTEM32\profapi.dll
0x00007ffd62d00000 - 0x00007ffd62dd7000 	C:\Program Files\Java\jdk-21.0.10\bin\jsvml.dll
0x00007ffd71ba0000 - 0x00007ffd71bb1000 	C:\Program Files\Java\jdk-21.0.10\bin\net.dll
0x00007ffd8d870000 - 0x00007ffd8d997000 	C:\Windows\SYSTEM32\WINHTTP.dll
0x00007ffd93b70000 - 0x00007ffd93bdc000 	C:\Windows\system32\mswsock.dll
0x00007ffd71a80000 - 0x00007ffd71a96000 	C:\Program Files\Java\jdk-21.0.10\bin\nio.dll
0x00007ffd718d0000 - 0x00007ffd718e8000 	C:\Program Files\Java\jdk-21.0.10\bin\zip.dll
0x00007ffd76880000 - 0x00007ffd7688a000 	C:\Program Files\Java\jdk-21.0.10\bin\management.dll
0x00007ffd75f60000 - 0x00007ffd75f6c000 	C:\Program Files\Java\jdk-21.0.10\bin\management_ext.dll
0x00007ffd95bb0000 - 0x00007ffd95bb8000 	C:\Windows\System32\PSAPI.DLL
0x00007ffd75ef0000 - 0x00007ffd75efe000 	C:\Program Files\Java\jdk-21.0.10\bin\sunmscapi.dll
0x00007ffd94a10000 - 0x00007ffd94b88000 	C:\Windows\System32\CRYPT32.dll
0x00007ffd940f0000 - 0x00007ffd94120000 	C:\Windows\SYSTEM32\ncrypt.dll
0x00007ffd940a0000 - 0x00007ffd940df000 	C:\Windows\SYSTEM32\NTASN1.dll
0x00007ffd93eb0000 - 0x00007ffd93ecb000 	C:\Windows\SYSTEM32\CRYPTSP.dll
0x00007ffd93530000 - 0x00007ffd93569000 	C:\Windows\system32\rsaenh.dll
0x00007ffd93c50000 - 0x00007ffd93c82000 	C:\Windows\SYSTEM32\USERENV.dll
0x00007ffd94810000 - 0x00007ffd9483a000 	C:\Windows\SYSTEM32\bcrypt.dll
0x00007ffd93e90000 - 0x00007ffd93e9c000 	C:\Windows\SYSTEM32\CRYPTBASE.dll
0x00007ffd93020000 - 0x00007ffd93053000 	C:\Windows\SYSTEM32\IPHLPAPI.DLL
0x00007ffd97460000 - 0x00007ffd9746a000 	C:\Windows\System32\NSI.dll
0x00007ffd73810000 - 0x00007ffd73820000 	C:\Program Files\Java\jdk-21.0.10\bin\verify.dll
0x00007ffd93110000 - 0x00007ffd93266000 	C:\Windows\SYSTEM32\DNSAPI.dll
0x00007ffd93980000 - 0x00007ffd9398d000 	C:\Windows\SYSTEM32\DSPARSE.dll
0x00007ffd8da50000 - 0x00007ffd8da5b000 	C:\Windows\System32\rasadhlp.dll
0x00007ffd8e5a0000 - 0x00007ffd8e626000 	C:\Windows\System32\fwpuclnt.dll
0x00007ffd72a00000 - 0x00007ffd72a09000 	C:\Program Files\Java\jdk-21.0.10\bin\extnet.dll

dbghelp: loaded successfully - version: 4.0.5 - missing functions: none
symbol engine: initialized successfully - sym options: 0x614 - pdb path: .;C:\Program Files\Java\jdk-21.0.10\bin;C:\Windows\SYSTEM32;C:\Windows\WinSxS\amd64_microsoft.windows.common-controls_6595b64144ccf1df_6.0.26100.8875_none_3e0d5d42e32fe9dd;C:\Program Files\Java\jdk-21.0.10\bin\server

VM Arguments:
jvm_args: -Xmx512m -Xms64m 
java_command: C:\Users\sesol\AppData\Local\Temp\surefire11896939390326407273\surefirebooter-20260723180151519_3.jar C:\Users\sesol\AppData\Local\Temp\surefire11896939390326407273 2026-07-23T18-01-51_368-jvmRun1 surefire-20260723180151519_1tmp surefire_0-20260723180151519_2tmp
java_class_path (initial): C:\Users\sesol\AppData\Local\Temp\surefire11896939390326407273\surefirebooter-20260723180151519_3.jar
Launcher Type: SUN_STANDARD

[Global flags]
     intx CICompilerCount                          = 12                                        {product} {ergonomic}
     uint ConcGCThreads                            = 3                                         {product} {ergonomic}
     uint G1ConcRefinementThreads                  = 13                                        {product} {ergonomic}
   size_t G1HeapRegionSize                         = 1048576                                   {product} {ergonomic}
    uintx GCDrainStackTargetSize                   = 64                                        {product} {ergonomic}
   size_t InitialHeapSize                          = 67108864                                  {product} {command line}
   size_t MarkStackSize                            = 4194304                                   {product} {ergonomic}
   size_t MaxHeapSize                              = 536870912                                 {product} {command line}
   size_t MaxNewSize                               = 321912832                                 {product} {ergonomic}
   size_t MinHeapDeltaBytes                        = 1048576                                   {product} {ergonomic}
   size_t MinHeapSize                              = 67108864                                  {product} {command line}
    uintx NonNMethodCodeHeapSize                   = 7602480                                {pd product} {ergonomic}
    uintx NonProfiledCodeHeapSize                  = 122027880                              {pd product} {ergonomic}
    uintx ProfiledCodeHeapSize                     = 122027880                              {pd product} {ergonomic}
    uintx ReservedCodeCacheSize                    = 251658240                              {pd product} {ergonomic}
     bool SegmentedCodeCache                       = true                                      {product} {ergonomic}
   size_t SoftMaxHeapSize                          = 536870912                              {manageable} {ergonomic}
     bool UseCompressedOops                        = true                           {product lp64_product} {ergonomic}
     bool UseG1GC                                  = true                                      {product} {ergonomic}
     bool UseLargePagesIndividualAllocation        = false                                  {pd product} {ergonomic}

Logging:
Log output configuration:
 #0: stdout all=warning uptime,level,tags foldmultilines=false
 #1: stderr all=off uptime,level,tags foldmultilines=false

Environment Variables:
JAVA_HOME=C:/Program Files/Java/jdk-21.0.10
PATH=C:\Users\sesol\bin;C:\Program Files\Git\mingw64\bin;C:\Program Files\Git\usr\local\bin;C:\Program Files\Git\usr\bin;C:\Program Files\Git\usr\bin;C:\Program Files\Git\mingw64\bin;C:\Program Files\Git\usr\bin;C:\Users\sesol\bin;C:\Program Files\Eclipse Adoptium\jdk-21.0.11.10-hotspot\bin;C:\Program Files\Common Files\Oracle\Java\javapath;C:\Windows\system32;C:\Windows;C:\Windows\System32\Wbem;C:\Windows\System32\WindowsPowerShell\v1.0;C:\Windows\System32\OpenSSH;C:\Program Files\Git\cmd;C:\Program Files\nodejs;C:\Program Files\Java\jdk-21.0.10\bin;C:\Program Files\MySQL\MySQL Shell 8.0\bin;C:\Users\sesol\AppData\Local\Microsoft\WindowsApps;C:\Users\sesol\AppData\Local\Programs\Microsoft VS Code\bin;C:\Users\sesol\AppData\Roaming\npm;C:\Program Files\Git\usr\bin\vendor_perl;C:\Program Files\Git\usr\bin\core_perl
USERNAME=sesol
SHELL=C:\Program Files\Git\usr\bin\bash.exe
TERM=xterm-256color
OS=Windows_NT
PROCESSOR_IDENTIFIER=Intel64 Family 6 Model 186 Stepping 2, GenuineIntel
TMP=C:\Users\sesol\AppData\Local\Temp
TEMP=C:\Users\sesol\AppData\Local\Temp




Periodic native trim disabled

---------------  S Y S T E M  ---------------

OS:
 Windows 11 , 64 bit Build 26100 (10.0.26100.8875)
OS uptime: 2 days 2:34 hours
Hyper-V role detected

CPU: total 16 (initial active 16) (8 cores per cpu, 2 threads per core) family 6 model 186 stepping 2 microcode 0x6134, cx8, cmov, fxsr, ht, mmx, 3dnowpref, sse, sse2, sse3, ssse3, sse4.1, sse4.2, popcnt, lzcnt, tsc, tscinvbit, avx, avx2, aes, erms, clmul, bmi1, bmi2, adx, sha, fma, vzeroupper, clflush, clflushopt, clwb, hv, serialize, rdtscp, rdpid, fsrm, f16c, cet_ibt, cet_ss
Processor Information for processor 0
  Max Mhz: 2400, Current Mhz: 2400, Mhz Limit: 2400
Processor Information for processor 1
  Max Mhz: 2400, Current Mhz: 1520, Mhz Limit: 2400
Processor Information for processor 2
  Max Mhz: 2400, Current Mhz: 2400, Mhz Limit: 2400
Processor Information for processor 3
  Max Mhz: 2400, Current Mhz: 2400, Mhz Limit: 2400
Processor Information for processor 4
  Max Mhz: 2400, Current Mhz: 2400, Mhz Limit: 2400
Processor Information for processor 5
  Max Mhz: 2400, Current Mhz: 2400, Mhz Limit: 2400
Processor Information for processor 6
  Max Mhz: 2400, Current Mhz: 2400, Mhz Limit: 2400
Processor Information for processor 7
  Max Mhz: 2400, Current Mhz: 2400, Mhz Limit: 2400
Processor Information for processor 8
  Max Mhz: 2400, Current Mhz: 2400, Mhz Limit: 2400
Processor Information for processor 9
  Max Mhz: 2400, Current Mhz: 2400, Mhz Limit: 2400
Processor Information for processor 10
  Max Mhz: 2400, Current Mhz: 2400, Mhz Limit: 2400
Processor Information for processor 11
  Max Mhz: 2400, Current Mhz: 2400, Mhz Limit: 2400
Processor Information for processor 12
  Max Mhz: 2400, Current Mhz: 2400, Mhz Limit: 2400
Processor Information for processor 13
  Max Mhz: 2400, Current Mhz: 2400, Mhz Limit: 2400
Processor Information for processor 14
  Max Mhz: 2400, Current Mhz: 1466, Mhz Limit: 2400
Processor Information for processor 15
  Max Mhz: 2400, Current Mhz: 2400, Mhz Limit: 2400

Memory: 4k page, system-wide physical 16044M (1800M free)
TotalPageFile size 24236M (AvailPageFile size 62M)
current process WorkingSet (physical memory assigned to process): 528M, peak: 528M
current process commit charge ("private bytes"): 574M, peak: 628M

vm_info: Java HotSpot(TM) 64-Bit Server VM (21.0.10+8-LTS-217) for windows-amd64 JRE (21.0.10+8-LTS-217), built on 2025-12-18T14:59:28Z by "mach5run" with MS VC++ 17.13 (VS2022)

END.
