#
# There is insufficient memory for the Java Runtime Environment to continue.
# Native memory allocation (mmap) failed to map 312475648 bytes. Error detail: G1 virtual space
# Possible reasons:
#   The system is out of physical RAM or swap space
#   This process is running with CompressedOops enabled, and the Java Heap may be blocking the growth of the native heap
# Possible solutions:
#   Reduce memory load on the system
#   Increase physical memory or swap space
#   Check if swap backing store is full
#   Decrease Java heap size (-Xmx/-Xms)
#   Decrease number of Java threads
#   Decrease Java thread stack sizes (-Xss)
#   Set larger code cache with -XX:ReservedCodeCacheSize=
#   JVM is running with Zero Based Compressed Oops mode in which the Java heap is
#     placed in the first 32GB address space. The Java Heap base address is the
#     maximum limit for the native heap growth. Please use -XX:HeapBaseMinAddress
#     to set the Java Heap base and to place the Java Heap above 32GB virtual address.
# This output file may be truncated or incomplete.
#
#  Out of Memory Error (os_windows.cpp:3714), pid=10076, tid=16188
#
# JRE version: OpenJDK Runtime Environment Temurin-21.0.10+7 (21.0.10+7) (build 21.0.10+7-LTS)
# Java VM: OpenJDK 64-Bit Server VM Temurin-21.0.10+7 (21.0.10+7-LTS, mixed mode, sharing, tiered, compressed oops, compressed class ptrs, g1 gc, windows-amd64)
# No core dump will be written. Minidumps are not enabled by default on client versions of Windows
#

---------------  S U M M A R Y ------------

Command Line: -Dmaven.home=EMBEDDED -Dclassworlds.conf=C:\Users\sesol\eclipse-workspace\.metadata\.plugins\org.eclipse.m2e.launching\launches\m2conf3366347724979747354.tmp -Dmaven.multiModuleProjectDirectory=C:\IstlReact\istlReact\istl_group_crm\Istl_group_crm_backend -Dm2e.build.project.data.socket.port=63680 -Dfile.encoding=UTF-8 -Dstdout.encoding=UTF-8 -Dstderr.encoding=UTF-8 -XX:+ShowCodeDetailsInExceptionMessages org.codehaus.plexus.classworlds.launcher.Launcher -B -Dstyle.color=always clean install

Host: 13th Gen Intel(R) Core(TM) i7-13620H, 16 cores, 15G,  Windows 11 , 64 bit Build 26100 (10.0.26100.8521)
Time: Sat Jul  4 13:08:13 2026 India Standard Time elapsed time: 11.724075 seconds (0d 0h 0m 11s)

---------------  T H R E A D  ---------------

Current thread (0x0000014ef21cecb0):  VMThread "VM Thread"          [id=16188, stack(0x0000003c20e00000,0x0000003c20f00000) (1024K)]

Stack: [0x0000003c20e00000,0x0000003c20f00000]
Native frames: (J=compiled Java code, j=interpreted, Vv=VM code, C=native code)
V  [jvm.dll+0x6d7a39]
V  [jvm.dll+0x8b4b26]
V  [jvm.dll+0x8b70de]
V  [jvm.dll+0x8b77c3]
V  [jvm.dll+0x284346]
V  [jvm.dll+0x6d4355]
V  [jvm.dll+0x6c808a]
V  [jvm.dll+0x35edb8]
V  [jvm.dll+0x3669f6]
V  [jvm.dll+0x3b7afe]
V  [jvm.dll+0x3b7da8]
V  [jvm.dll+0x332fbc]
V  [jvm.dll+0x333047]
V  [jvm.dll+0x376e1c]
V  [jvm.dll+0x3755be]
V  [jvm.dll+0x332701]
V  [jvm.dll+0x374c2a]
V  [jvm.dll+0x8bd4b0]
V  [jvm.dll+0x8be824]
V  [jvm.dll+0x8bed50]
V  [jvm.dll+0x8beff3]
V  [jvm.dll+0x85f59d]
V  [jvm.dll+0x6d626d]
C  [ucrtbase.dll+0x2cd30]
C  [KERNEL32.DLL+0x2e957]
C  [ntdll.dll+0x87c1c]

VM_Operation (0x0000003c207fcac0): G1CollectForAllocation, mode: safepoint, requested by thread 0x0000014ed4f318b0


---------------  P R O C E S S  ---------------

Threads class SMR info:
_java_thread_list=0x0000014ef2530020, length=16, elements={
0x0000014ed4f318b0, 0x0000014ef21ebed0, 0x0000014ef21ec540, 0x0000014ef21ef5f0,
0x0000014ef21f12c0, 0x0000014ef21f1fe0, 0x0000014ef21f2670, 0x0000014ef22073f0,
0x0000014ef2207eb0, 0x0000014ef23d54d0, 0x0000014ef21f0c30, 0x0000014ef21f2d00,
0x0000014ef2551f40, 0x0000014ef29f6a20, 0x0000014ef8938370, 0x0000014ef8939110
}

Java Threads: ( => current thread )
  0x0000014ed4f318b0 JavaThread "main"                              [_thread_blocked, id=27936, stack(0x0000003c20700000,0x0000003c20800000) (1024K)]
  0x0000014ef21ebed0 JavaThread "Reference Handler"          daemon [_thread_blocked, id=9984, stack(0x0000003c20f00000,0x0000003c21000000) (1024K)]
  0x0000014ef21ec540 JavaThread "Finalizer"                  daemon [_thread_blocked, id=15788, stack(0x0000003c21000000,0x0000003c21100000) (1024K)]
  0x0000014ef21ef5f0 JavaThread "Signal Dispatcher"          daemon [_thread_blocked, id=28520, stack(0x0000003c21100000,0x0000003c21200000) (1024K)]
  0x0000014ef21f12c0 JavaThread "Attach Listener"            daemon [_thread_blocked, id=27112, stack(0x0000003c21200000,0x0000003c21300000) (1024K)]
  0x0000014ef21f1fe0 JavaThread "Service Thread"             daemon [_thread_blocked, id=14372, stack(0x0000003c21300000,0x0000003c21400000) (1024K)]
  0x0000014ef21f2670 JavaThread "Monitor Deflation Thread"   daemon [_thread_blocked, id=27748, stack(0x0000003c21400000,0x0000003c21500000) (1024K)]
  0x0000014ef22073f0 JavaThread "C2 CompilerThread0"         daemon [_thread_blocked, id=28544, stack(0x0000003c21500000,0x0000003c21600000) (1024K)]
  0x0000014ef2207eb0 JavaThread "C1 CompilerThread0"         daemon [_thread_blocked, id=11044, stack(0x0000003c21600000,0x0000003c21700000) (1024K)]
  0x0000014ef23d54d0 JavaThread "C1 CompilerThread1"         daemon [_thread_blocked, id=24112, stack(0x0000003c21700000,0x0000003c21800000) (1024K)]
  0x0000014ef21f0c30 JavaThread "Notification Thread"        daemon [_thread_blocked, id=23764, stack(0x0000003c21800000,0x0000003c21900000) (1024K)]
  0x0000014ef21f2d00 JavaThread "Common-Cleaner"             daemon [_thread_blocked, id=24740, stack(0x0000003c21900000,0x0000003c21a00000) (1024K)]
  0x0000014ef2551f40 JavaThread "C1 CompilerThread2"         daemon [_thread_blocked, id=4328, stack(0x0000003c21a00000,0x0000003c21b00000) (1024K)]
  0x0000014ef29f6a20 JavaThread "C1 CompilerThread3"         daemon [_thread_blocked, id=480, stack(0x0000003c21d00000,0x0000003c21e00000) (1024K)]
  0x0000014ef8938370 JavaThread "C2 CompilerThread1"         daemon [_thread_blocked, id=23732, stack(0x0000003c21b00000,0x0000003c21c00000) (1024K)]
  0x0000014ef8939110 JavaThread "C2 CompilerThread2"         daemon [_thread_blocked, id=25644, stack(0x0000003c21c00000,0x0000003c21d00000) (1024K)]
Total: 16

Other Threads:
=>0x0000014ef21cecb0 VMThread "VM Thread"                           [id=16188, stack(0x0000003c20e00000,0x0000003c20f00000) (1024K)]
  0x0000014ef21b9290 WatcherThread "VM Periodic Task Thread"        [id=26328, stack(0x0000003c20d00000,0x0000003c20e00000) (1024K)]
  0x0000014ed730fe60 WorkerThread "GC Thread#0"                     [id=24428, stack(0x0000003c20800000,0x0000003c20900000) (1024K)]
  0x0000014ef2d0b180 WorkerThread "GC Thread#1"                     [id=25536, stack(0x0000003c21e00000,0x0000003c21f00000) (1024K)]
  0x0000014ef2d0b530 WorkerThread "GC Thread#2"                     [id=28532, stack(0x0000003c21f00000,0x0000003c22000000) (1024K)]
  0x0000014ef72f8660 WorkerThread "GC Thread#3"                     [id=25912, stack(0x0000003c22000000,0x0000003c22100000) (1024K)]
  0x0000014ef72f8a10 WorkerThread "GC Thread#4"                     [id=28300, stack(0x0000003c22100000,0x0000003c22200000) (1024K)]
  0x0000014ef72f8dc0 WorkerThread "GC Thread#5"                     [id=27560, stack(0x0000003c22200000,0x0000003c22300000) (1024K)]
  0x0000014ef29e3db0 WorkerThread "GC Thread#6"                     [id=14244, stack(0x0000003c22300000,0x0000003c22400000) (1024K)]
  0x0000014ef29e4370 WorkerThread "GC Thread#7"                     [id=20636, stack(0x0000003c22400000,0x0000003c22500000) (1024K)]
  0x0000014ef84bb7b0 WorkerThread "GC Thread#8"                     [id=26836, stack(0x0000003c22600000,0x0000003c22700000) (1024K)]
  0x0000014ef7e1b7d0 WorkerThread "GC Thread#9"                     [id=27208, stack(0x0000003c22700000,0x0000003c22800000) (1024K)]
  0x0000014ef74f47c0 WorkerThread "GC Thread#10"                    [id=26480, stack(0x0000003c22800000,0x0000003c22900000) (1024K)]
  0x0000014ef84cc4e0 WorkerThread "GC Thread#11"                    [id=22532, stack(0x0000003c22500000,0x0000003c22600000) (1024K)]
  0x0000014ef84ccc40 WorkerThread "GC Thread#12"                    [id=24188, stack(0x0000003c22900000,0x0000003c22a00000) (1024K)]
  0x0000014ed7321030 ConcurrentGCThread "G1 Main Marker"            [id=11492, stack(0x0000003c20900000,0x0000003c20a00000) (1024K)]
  0x0000014ed7321bb0 WorkerThread "G1 Conc#0"                       [id=27192, stack(0x0000003c20a00000,0x0000003c20b00000) (1024K)]
  0x0000014ef84ccff0 WorkerThread "G1 Conc#1"                       [id=27576, stack(0x0000003c22a00000,0x0000003c22b00000) (1024K)]
  0x0000014ef84cbd80 WorkerThread "G1 Conc#2"                       [id=26548, stack(0x0000003c22b00000,0x0000003c22c00000) (1024K)]
  0x0000014ef2088de0 ConcurrentGCThread "G1 Refine#0"               [id=27592, stack(0x0000003c20b00000,0x0000003c20c00000) (1024K)]
  0x0000014ef208e250 ConcurrentGCThread "G1 Service"                [id=17480, stack(0x0000003c20c00000,0x0000003c20d00000) (1024K)]
Total: 21

Threads with active compile tasks:
C2 CompilerThread0  11767 10703       4       com.sun.tools.javac.code.TypeAnnotationPosition::<init> (87 bytes)
C2 CompilerThread1  11767 10656       4       com.sun.tools.javac.comp.Annotate::getAnnotationPrimitiveValue (128 bytes)
C2 CompilerThread2  11767 10697       4       com.sun.tools.javac.code.TypeAnnotations$TypeAnnotationPositions::visitVarDef (465 bytes)
Total: 3

VM state: at safepoint (normal execution)

VM Mutex/Monitor currently owned by a thread:  ([mutex/lock_event])
[0x00007ffee67ae560] Threads_lock - owner thread: 0x0000014ef21cecb0
[0x00007ffee67ae660] Heap_lock - owner thread: 0x0000014ed4f318b0

Heap address: 0x0000000705400000, size: 4012 MB, Compressed Oops mode: Zero based, Oop shift amount: 3

CDS archive(s) mapped at: [0x0000014e80000000-0x0000014e80c80000-0x0000014e80c80000), size 13107200, SharedBaseAddress: 0x0000014e80000000, ArchiveRelocationMode: 1.
Compressed class space mapped at: 0x0000014e81000000-0x0000014ec1000000, reserved size: 1073741824
Narrow klass base: 0x0000014e80000000, Narrow klass shift: 0, Narrow klass range: 0x100000000

GC Precious Log:
 CardTable entry size: 512
 Card Set container configuration: InlinePtr #cards 4 size 8 Array Of Cards #cards 16 size 48 Howl #buckets 8 coarsen threshold 3686 Howl Bitmap #cards 512 size 80 coarsen threshold 460 Card regions per heap region 1 cards per card region 4096
 CPUs: 16 total, 16 available
 Memory: 16044M
 Large Page Support: Disabled
 NUMA Support: Disabled
 Compressed Oops: Enabled (Zero based)
 Heap Region Size: 2M
 Heap Min Capacity: 8M
 Heap Initial Capacity: 252M
 Heap Max Capacity: 4012M
 Pre-touch: Disabled
 Parallel Workers: 13
 Concurrent Workers: 3
 Concurrent Refinement Workers: 13
 Periodic GC: Disabled

Heap:
 garbage-first heap   total 690176K, used 367797K [0x0000000705400000, 0x0000000800000000)
  region size 2048K, 4 young (8192K), 4 survivors (8192K)
 Metaspace       used 32117K, committed 32704K, reserved 1114112K
  class space    used 3515K, committed 3776K, reserved 1048576K

Heap Regions: E=young(eden), S=young(survivor), O=old, HS=humongous(starts), HC=humongous(continues), CS=collection set, F=free, TAMS=top-at-mark-start, PB=parsable bottom
|   0|0x0000000705400000, 0x0000000705600000, 0x0000000705600000|100%| O|  |TAMS 0x0000000705600000| PB 0x0000000705400000| Untracked 
|   1|0x0000000705600000, 0x0000000705800000, 0x0000000705800000|100%| O|  |TAMS 0x0000000705800000| PB 0x0000000705600000| Untracked 
|   2|0x0000000705800000, 0x0000000705a00000, 0x0000000705a00000|100%| O|  |TAMS 0x0000000705a00000| PB 0x0000000705800000| Untracked 
|   3|0x0000000705a00000, 0x0000000705c00000, 0x0000000705c00000|100%|HS|  |TAMS 0x0000000705c00000| PB 0x0000000705a00000| Complete 
|   4|0x0000000705c00000, 0x0000000705e00000, 0x0000000705e00000|100%| O|  |TAMS 0x0000000705e00000| PB 0x0000000705c00000| Untracked 
|   5|0x0000000705e00000, 0x0000000706000000, 0x0000000706000000|100%| O|  |TAMS 0x0000000706000000| PB 0x0000000705e00000| Untracked 
|   6|0x0000000706000000, 0x0000000706200000, 0x0000000706200000|100%| O|  |TAMS 0x0000000706200000| PB 0x0000000706000000| Untracked 
|   7|0x0000000706200000, 0x0000000706400000, 0x0000000706400000|100%| O|  |TAMS 0x0000000706400000| PB 0x0000000706200000| Untracked 
|   8|0x0000000706400000, 0x0000000706600000, 0x0000000706600000|100%| O|  |TAMS 0x0000000706600000| PB 0x0000000706400000| Untracked 
|   9|0x0000000706600000, 0x0000000706800000, 0x0000000706800000|100%| O|  |TAMS 0x0000000706800000| PB 0x0000000706600000| Untracked 
|  10|0x0000000706800000, 0x0000000706a00000, 0x0000000706a00000|100%|HS|  |TAMS 0x0000000706a00000| PB 0x0000000706800000| Complete 
|  11|0x0000000706a00000, 0x0000000706c00000, 0x0000000706c00000|100%|HS|  |TAMS 0x0000000706c00000| PB 0x0000000706a00000| Complete 
|  12|0x0000000706c00000, 0x0000000706e00000, 0x0000000706e00000|100%|HC|  |TAMS 0x0000000706e00000| PB 0x0000000706c00000| Complete 
|  13|0x0000000706e00000, 0x0000000707000000, 0x0000000707000000|100%| O|  |TAMS 0x0000000707000000| PB 0x0000000706e00000| Untracked 
|  14|0x0000000707000000, 0x0000000707200000, 0x0000000707200000|100%|HS|  |TAMS 0x0000000707200000| PB 0x0000000707000000| Complete 
|  15|0x0000000707200000, 0x0000000707400000, 0x0000000707400000|100%|HC|  |TAMS 0x0000000707400000| PB 0x0000000707200000| Complete 
|  16|0x0000000707400000, 0x0000000707600000, 0x0000000707600000|100%|HS|  |TAMS 0x0000000707600000| PB 0x0000000707400000| Complete 
|  17|0x0000000707600000, 0x0000000707800000, 0x0000000707800000|100%|HC|  |TAMS 0x0000000707800000| PB 0x0000000707600000| Complete 
|  18|0x0000000707800000, 0x0000000707a00000, 0x0000000707a00000|100%| O|  |TAMS 0x0000000707a00000| PB 0x0000000707800000| Untracked 
|  19|0x0000000707a00000, 0x0000000707c00000, 0x0000000707c00000|100%| O|  |TAMS 0x0000000707c00000| PB 0x0000000707a00000| Untracked 
|  20|0x0000000707c00000, 0x0000000707e00000, 0x0000000707e00000|100%| O|  |TAMS 0x0000000707e00000| PB 0x0000000707c00000| Untracked 
|  21|0x0000000707e00000, 0x0000000708000000, 0x0000000708000000|100%| O|  |TAMS 0x0000000708000000| PB 0x0000000707e00000| Untracked 
|  22|0x0000000708000000, 0x0000000708200000, 0x0000000708200000|100%| O|  |TAMS 0x0000000708200000| PB 0x0000000708000000| Untracked 
|  23|0x0000000708200000, 0x0000000708400000, 0x0000000708400000|100%| O|  |TAMS 0x0000000708400000| PB 0x0000000708200000| Untracked 
|  24|0x0000000708400000, 0x0000000708600000, 0x0000000708600000|100%| O|  |TAMS 0x0000000708600000| PB 0x0000000708400000| Untracked 
|  25|0x0000000708600000, 0x0000000708800000, 0x0000000708800000|100%| O|  |TAMS 0x0000000708800000| PB 0x0000000708600000| Untracked 
|  26|0x0000000708800000, 0x0000000708a00000, 0x0000000708a00000|100%| O|  |TAMS 0x0000000708a00000| PB 0x0000000708800000| Untracked 
|  27|0x0000000708a00000, 0x0000000708c00000, 0x0000000708c00000|100%| O|  |TAMS 0x0000000708c00000| PB 0x0000000708a00000| Untracked 
|  28|0x0000000708c00000, 0x0000000708e00000, 0x0000000708e00000|100%| O|  |TAMS 0x0000000708e00000| PB 0x0000000708c00000| Untracked 
|  29|0x0000000708e00000, 0x0000000709000000, 0x0000000709000000|100%| O|  |TAMS 0x0000000709000000| PB 0x0000000708e00000| Untracked 
|  30|0x0000000709000000, 0x0000000709200000, 0x0000000709200000|100%| O|  |TAMS 0x0000000709200000| PB 0x0000000709000000| Untracked 
|  31|0x0000000709200000, 0x0000000709400000, 0x0000000709400000|100%| O|  |TAMS 0x0000000709400000| PB 0x0000000709200000| Untracked 
|  32|0x0000000709400000, 0x0000000709600000, 0x0000000709600000|100%| O|  |TAMS 0x0000000709600000| PB 0x0000000709400000| Untracked 
|  33|0x0000000709600000, 0x0000000709800000, 0x0000000709800000|100%| O|  |TAMS 0x0000000709800000| PB 0x0000000709600000| Untracked 
|  34|0x0000000709800000, 0x0000000709a00000, 0x0000000709a00000|100%| O|  |TAMS 0x0000000709a00000| PB 0x0000000709800000| Untracked 
|  35|0x0000000709a00000, 0x0000000709c00000, 0x0000000709c00000|100%| O|  |TAMS 0x0000000709c00000| PB 0x0000000709a00000| Untracked 
|  36|0x0000000709c00000, 0x0000000709e00000, 0x0000000709e00000|100%| O|  |TAMS 0x0000000709e00000| PB 0x0000000709c00000| Untracked 
|  37|0x0000000709e00000, 0x000000070a000000, 0x000000070a000000|100%| O|  |TAMS 0x000000070a000000| PB 0x0000000709e00000| Untracked 
|  38|0x000000070a000000, 0x000000070a200000, 0x000000070a200000|100%| O|  |TAMS 0x000000070a200000| PB 0x000000070a000000| Untracked 
|  39|0x000000070a200000, 0x000000070a400000, 0x000000070a400000|100%| O|  |TAMS 0x000000070a400000| PB 0x000000070a200000| Untracked 
|  40|0x000000070a400000, 0x000000070a600000, 0x000000070a600000|100%| O|  |TAMS 0x000000070a600000| PB 0x000000070a400000| Untracked 
|  41|0x000000070a600000, 0x000000070a800000, 0x000000070a800000|100%| O|  |TAMS 0x000000070a800000| PB 0x000000070a600000| Untracked 
|  42|0x000000070a800000, 0x000000070aa00000, 0x000000070aa00000|100%|HS|  |TAMS 0x000000070aa00000| PB 0x000000070a800000| Complete 
|  43|0x000000070aa00000, 0x000000070ac00000, 0x000000070ac00000|100%|HC|  |TAMS 0x000000070ac00000| PB 0x000000070aa00000| Complete 
|  44|0x000000070ac00000, 0x000000070ae00000, 0x000000070ae00000|100%| O|  |TAMS 0x000000070ae00000| PB 0x000000070ac00000| Untracked 
|  45|0x000000070ae00000, 0x000000070b000000, 0x000000070b000000|100%|HS|  |TAMS 0x000000070b000000| PB 0x000000070ae00000| Complete 
|  46|0x000000070b000000, 0x000000070b200000, 0x000000070b200000|100%|HS|  |TAMS 0x000000070b200000| PB 0x000000070b000000| Complete 
|  47|0x000000070b200000, 0x000000070b400000, 0x000000070b400000|100%|HS|  |TAMS 0x000000070b400000| PB 0x000000070b200000| Complete 
|  48|0x000000070b400000, 0x000000070b600000, 0x000000070b600000|100%|HC|  |TAMS 0x000000070b600000| PB 0x000000070b400000| Complete 
|  49|0x000000070b600000, 0x000000070b800000, 0x000000070b800000|100%| O|  |TAMS 0x000000070b800000| PB 0x000000070b600000| Untracked 
|  50|0x000000070b800000, 0x000000070ba00000, 0x000000070ba00000|100%| O|  |TAMS 0x000000070ba00000| PB 0x000000070b800000| Untracked 
|  51|0x000000070ba00000, 0x000000070bc00000, 0x000000070bc00000|100%|HS|  |TAMS 0x000000070bc00000| PB 0x000000070ba00000| Complete 
|  52|0x000000070bc00000, 0x000000070be00000, 0x000000070be00000|100%|HC|  |TAMS 0x000000070be00000| PB 0x000000070bc00000| Complete 
|  53|0x000000070be00000, 0x000000070c000000, 0x000000070c000000|100%| O|  |TAMS 0x000000070c000000| PB 0x000000070be00000| Untracked 
|  54|0x000000070c000000, 0x000000070c200000, 0x000000070c200000|100%| O|  |TAMS 0x000000070c200000| PB 0x000000070c000000| Untracked 
|  55|0x000000070c200000, 0x000000070c400000, 0x000000070c400000|100%| O|  |TAMS 0x000000070c400000| PB 0x000000070c200000| Untracked 
|  56|0x000000070c400000, 0x000000070c600000, 0x000000070c600000|100%| O|  |TAMS 0x000000070c400000| PB 0x000000070c400000| Untracked 
|  57|0x000000070c600000, 0x000000070c800000, 0x000000070c800000|100%| O|  |TAMS 0x000000070c800000| PB 0x000000070c600000| Untracked 
|  58|0x000000070c800000, 0x000000070ca00000, 0x000000070ca00000|100%| O|  |TAMS 0x000000070c800000| PB 0x000000070c800000| Untracked 
|  59|0x000000070ca00000, 0x000000070cc00000, 0x000000070cc00000|100%| O|  |TAMS 0x000000070cc00000| PB 0x000000070ca00000| Untracked 
|  60|0x000000070cc00000, 0x000000070ce00000, 0x000000070ce00000|100%|HS|  |TAMS 0x000000070ce00000| PB 0x000000070cc00000| Complete 
|  61|0x000000070ce00000, 0x000000070d000000, 0x000000070d000000|100%|HC|  |TAMS 0x000000070d000000| PB 0x000000070ce00000| Complete 
|  62|0x000000070d000000, 0x000000070d200000, 0x000000070d200000|100%|HC|  |TAMS 0x000000070d200000| PB 0x000000070d000000| Complete 
|  63|0x000000070d200000, 0x000000070d400000, 0x000000070d400000|100%|HS|  |TAMS 0x000000070d400000| PB 0x000000070d200000| Complete 
|  64|0x000000070d400000, 0x000000070d600000, 0x000000070d600000|100%|HC|  |TAMS 0x000000070d600000| PB 0x000000070d400000| Complete 
|  65|0x000000070d600000, 0x000000070d800000, 0x000000070d800000|100%|HC|  |TAMS 0x000000070d800000| PB 0x000000070d600000| Complete 
|  66|0x000000070d800000, 0x000000070da00000, 0x000000070da00000|100%|HS|  |TAMS 0x000000070da00000| PB 0x000000070d800000| Complete 
|  67|0x000000070da00000, 0x000000070dc00000, 0x000000070dc00000|100%| O|  |TAMS 0x000000070dc00000| PB 0x000000070da00000| Untracked 
|  68|0x000000070dc00000, 0x000000070de00000, 0x000000070de00000|100%| O|  |TAMS 0x000000070de00000| PB 0x000000070dc00000| Untracked 
|  69|0x000000070de00000, 0x000000070e000000, 0x000000070e000000|100%| O|  |TAMS 0x000000070e000000| PB 0x000000070de00000| Untracked 
|  70|0x000000070e000000, 0x000000070e200000, 0x000000070e200000|100%| O|  |TAMS 0x000000070e200000| PB 0x000000070e000000| Untracked 
|  71|0x000000070e200000, 0x000000070e400000, 0x000000070e400000|100%| O|  |TAMS 0x000000070e400000| PB 0x000000070e200000| Untracked 
|  72|0x000000070e400000, 0x000000070e600000, 0x000000070e600000|100%| O|  |TAMS 0x000000070e600000| PB 0x000000070e400000| Untracked 
|  73|0x000000070e600000, 0x000000070e800000, 0x000000070e800000|100%| O|  |TAMS 0x000000070e800000| PB 0x000000070e600000| Untracked 
|  74|0x000000070e800000, 0x000000070ea00000, 0x000000070ea00000|100%| O|  |TAMS 0x000000070e800000| PB 0x000000070e800000| Untracked 
|  75|0x000000070ea00000, 0x000000070ec00000, 0x000000070ec00000|100%| O|  |TAMS 0x000000070ec00000| PB 0x000000070ea00000| Untracked 
|  76|0x000000070ec00000, 0x000000070ee00000, 0x000000070ee00000|100%| O|  |TAMS 0x000000070ec00000| PB 0x000000070ec00000| Untracked 
|  77|0x000000070ee00000, 0x000000070f000000, 0x000000070f000000|100%| O|  |TAMS 0x000000070ee00000| PB 0x000000070ee00000| Untracked 
|  78|0x000000070f000000, 0x000000070f200000, 0x000000070f200000|100%| O|  |TAMS 0x000000070f200000| PB 0x000000070f000000| Untracked 
|  79|0x000000070f200000, 0x000000070f400000, 0x000000070f400000|100%| O|  |TAMS 0x000000070f400000| PB 0x000000070f200000| Untracked 
|  80|0x000000070f400000, 0x000000070f600000, 0x000000070f600000|100%|HS|  |TAMS 0x000000070f600000| PB 0x000000070f400000| Complete 
|  81|0x000000070f600000, 0x000000070f800000, 0x000000070f800000|100%|HC|  |TAMS 0x000000070f800000| PB 0x000000070f600000| Complete 
|  82|0x000000070f800000, 0x000000070fa00000, 0x000000070fa00000|100%|HC|  |TAMS 0x000000070fa00000| PB 0x000000070f800000| Complete 
|  83|0x000000070fa00000, 0x000000070fc00000, 0x000000070fc00000|100%| O|  |TAMS 0x000000070fc00000| PB 0x000000070fa00000| Untracked 
|  84|0x000000070fc00000, 0x000000070fe00000, 0x000000070fe00000|100%| O|  |TAMS 0x000000070fe00000| PB 0x000000070fc00000| Untracked 
|  85|0x000000070fe00000, 0x0000000710000000, 0x0000000710000000|100%| O|  |TAMS 0x0000000710000000| PB 0x000000070fe00000| Untracked 
|  86|0x0000000710000000, 0x0000000710200000, 0x0000000710200000|100%|HS|  |TAMS 0x0000000710200000| PB 0x0000000710000000| Complete 
|  87|0x0000000710200000, 0x0000000710400000, 0x0000000710400000|100%|HC|  |TAMS 0x0000000710400000| PB 0x0000000710200000| Complete 
|  88|0x0000000710400000, 0x0000000710600000, 0x0000000710600000|100%|HC|  |TAMS 0x0000000710600000| PB 0x0000000710400000| Complete 
|  89|0x0000000710600000, 0x0000000710800000, 0x0000000710800000|100%| O|  |TAMS 0x0000000710800000| PB 0x0000000710600000| Untracked 
|  90|0x0000000710800000, 0x0000000710a00000, 0x0000000710a00000|100%| O|  |TAMS 0x0000000710a00000| PB 0x0000000710800000| Untracked 
|  91|0x0000000710a00000, 0x0000000710c00000, 0x0000000710c00000|100%| O|  |TAMS 0x0000000710c00000| PB 0x0000000710a00000| Untracked 
|  92|0x0000000710c00000, 0x0000000710e00000, 0x0000000710e00000|100%| O|  |TAMS 0x0000000710e00000| PB 0x0000000710c00000| Untracked 
|  93|0x0000000710e00000, 0x0000000711000000, 0x0000000711000000|100%| O|  |TAMS 0x0000000711000000| PB 0x0000000710e00000| Untracked 
|  94|0x0000000711000000, 0x0000000711200000, 0x0000000711200000|100%| O|  |TAMS 0x0000000711200000| PB 0x0000000711000000| Untracked 
|  95|0x0000000711200000, 0x0000000711400000, 0x0000000711400000|100%| O|  |TAMS 0x0000000711400000| PB 0x0000000711200000| Untracked 
|  96|0x0000000711400000, 0x0000000711600000, 0x0000000711600000|100%| O|  |TAMS 0x0000000711600000| PB 0x0000000711400000| Untracked 
|  97|0x0000000711600000, 0x0000000711800000, 0x0000000711800000|100%| O|  |TAMS 0x0000000711800000| PB 0x0000000711600000| Untracked 
|  98|0x0000000711800000, 0x0000000711a00000, 0x0000000711a00000|100%| O|  |TAMS 0x0000000711a00000| PB 0x0000000711800000| Untracked 
|  99|0x0000000711a00000, 0x0000000711c00000, 0x0000000711c00000|100%| O|  |TAMS 0x0000000711c00000| PB 0x0000000711a00000| Untracked 
| 100|0x0000000711c00000, 0x0000000711e00000, 0x0000000711e00000|100%| O|  |TAMS 0x0000000711c00000| PB 0x0000000711c00000| Untracked 
| 101|0x0000000711e00000, 0x0000000712000000, 0x0000000712000000|100%| O|  |TAMS 0x0000000712000000| PB 0x0000000711e00000| Untracked 
| 102|0x0000000712000000, 0x0000000712200000, 0x0000000712200000|100%| O|  |TAMS 0x0000000712200000| PB 0x0000000712000000| Untracked 
| 103|0x0000000712200000, 0x0000000712400000, 0x0000000712400000|100%| O|  |TAMS 0x0000000712400000| PB 0x0000000712200000| Untracked 
| 104|0x0000000712400000, 0x0000000712600000, 0x0000000712600000|100%| O|  |TAMS 0x0000000712600000| PB 0x0000000712400000| Untracked 
| 105|0x0000000712600000, 0x0000000712800000, 0x0000000712800000|100%| O|  |TAMS 0x0000000712800000| PB 0x0000000712600000| Untracked 
| 106|0x0000000712800000, 0x0000000712a00000, 0x0000000712a00000|100%| O|  |TAMS 0x0000000712a00000| PB 0x0000000712800000| Untracked 
| 107|0x0000000712a00000, 0x0000000712c00000, 0x0000000712c00000|100%| O|  |TAMS 0x0000000712c00000| PB 0x0000000712a00000| Untracked 
| 108|0x0000000712c00000, 0x0000000712e00000, 0x0000000712e00000|100%| O|  |TAMS 0x0000000712e00000| PB 0x0000000712c00000| Untracked 
| 109|0x0000000712e00000, 0x0000000713000000, 0x0000000713000000|100%|HS|  |TAMS 0x0000000713000000| PB 0x0000000712e00000| Complete 
| 110|0x0000000713000000, 0x0000000713200000, 0x0000000713200000|100%|HC|  |TAMS 0x0000000713200000| PB 0x0000000713000000| Complete 
| 111|0x0000000713200000, 0x0000000713400000, 0x0000000713400000|100%|HC|  |TAMS 0x0000000713400000| PB 0x0000000713200000| Complete 
| 112|0x0000000713400000, 0x0000000713600000, 0x0000000713600000|100%|HS|  |TAMS 0x0000000713600000| PB 0x0000000713400000| Complete 
| 113|0x0000000713600000, 0x0000000713800000, 0x0000000713800000|100%|HS|  |TAMS 0x0000000713800000| PB 0x0000000713600000| Complete 
| 114|0x0000000713800000, 0x0000000713a00000, 0x0000000713a00000|100%|HC|  |TAMS 0x0000000713a00000| PB 0x0000000713800000| Complete 
| 115|0x0000000713a00000, 0x0000000713c00000, 0x0000000713c00000|100%|HS|  |TAMS 0x0000000713c00000| PB 0x0000000713a00000| Complete 
| 116|0x0000000713c00000, 0x0000000713e00000, 0x0000000713e00000|100%|HC|  |TAMS 0x0000000713e00000| PB 0x0000000713c00000| Complete 
| 117|0x0000000713e00000, 0x0000000714000000, 0x0000000714000000|100%|HS|  |TAMS 0x0000000714000000| PB 0x0000000713e00000| Complete 
| 118|0x0000000714000000, 0x0000000714200000, 0x0000000714200000|100%|HC|  |TAMS 0x0000000714200000| PB 0x0000000714000000| Complete 
| 119|0x0000000714200000, 0x0000000714400000, 0x0000000714400000|100%|HC|  |TAMS 0x0000000714400000| PB 0x0000000714200000| Complete 
| 120|0x0000000714400000, 0x0000000714600000, 0x0000000714600000|100%|HS|  |TAMS 0x0000000714600000| PB 0x0000000714400000| Complete 
| 121|0x0000000714600000, 0x0000000714800000, 0x0000000714800000|100%|HC|  |TAMS 0x0000000714800000| PB 0x0000000714600000| Complete 
| 122|0x0000000714800000, 0x0000000714a00000, 0x0000000714a00000|100%|HC|  |TAMS 0x0000000714a00000| PB 0x0000000714800000| Complete 
| 123|0x0000000714a00000, 0x0000000714c00000, 0x0000000714c00000|100%|HS|  |TAMS 0x0000000714c00000| PB 0x0000000714a00000| Complete 
| 124|0x0000000714c00000, 0x0000000714e00000, 0x0000000714e00000|100%|HS|  |TAMS 0x0000000714e00000| PB 0x0000000714c00000| Complete 
| 125|0x0000000714e00000, 0x0000000715000000, 0x0000000715000000|100%|HS|  |TAMS 0x0000000715000000| PB 0x0000000714e00000| Complete 
| 126|0x0000000715000000, 0x0000000715200000, 0x0000000715200000|100%|HC|  |TAMS 0x0000000715200000| PB 0x0000000715000000| Complete 
| 127|0x0000000715200000, 0x0000000715400000, 0x0000000715400000|100%|HS|  |TAMS 0x0000000715400000| PB 0x0000000715200000| Complete 
| 128|0x0000000715400000, 0x0000000715600000, 0x0000000715600000|100%|HC|  |TAMS 0x0000000715600000| PB 0x0000000715400000| Complete 
| 129|0x0000000715600000, 0x0000000715800000, 0x0000000715800000|100%|HS|  |TAMS 0x0000000715800000| PB 0x0000000715600000| Complete 
| 130|0x0000000715800000, 0x0000000715a00000, 0x0000000715a00000|100%|HC|  |TAMS 0x0000000715a00000| PB 0x0000000715800000| Complete 
| 131|0x0000000715a00000, 0x0000000715c00000, 0x0000000715c00000|100%|HC|  |TAMS 0x0000000715c00000| PB 0x0000000715a00000| Complete 
| 132|0x0000000715c00000, 0x0000000715e00000, 0x0000000715e00000|100%| O|  |TAMS 0x0000000715e00000| PB 0x0000000715c00000| Untracked 
| 133|0x0000000715e00000, 0x0000000716000000, 0x0000000716000000|100%| O|  |TAMS 0x0000000716000000| PB 0x0000000715e00000| Untracked 
| 134|0x0000000716000000, 0x0000000716200000, 0x0000000716200000|100%| O|  |TAMS 0x0000000716200000| PB 0x0000000716000000| Untracked 
| 135|0x0000000716200000, 0x0000000716400000, 0x0000000716400000|100%| O|  |TAMS 0x0000000716400000| PB 0x0000000716200000| Untracked 
| 136|0x0000000716400000, 0x0000000716600000, 0x0000000716600000|100%| O|  |TAMS 0x0000000716600000| PB 0x0000000716400000| Untracked 
| 137|0x0000000716600000, 0x0000000716800000, 0x0000000716800000|100%| O|  |TAMS 0x0000000716800000| PB 0x0000000716600000| Untracked 
| 138|0x0000000716800000, 0x0000000716a00000, 0x0000000716a00000|100%| O|  |TAMS 0x0000000716a00000| PB 0x0000000716800000| Untracked 
| 139|0x0000000716a00000, 0x0000000716c00000, 0x0000000716c00000|100%| O|  |TAMS 0x0000000716c00000| PB 0x0000000716a00000| Untracked 
| 140|0x0000000716c00000, 0x0000000716e00000, 0x0000000716e00000|100%| O|  |TAMS 0x0000000716e00000| PB 0x0000000716c00000| Untracked 
| 141|0x0000000716e00000, 0x0000000717000000, 0x0000000717000000|100%| O|  |TAMS 0x0000000717000000| PB 0x0000000716e00000| Untracked 
| 142|0x0000000717000000, 0x0000000717200000, 0x0000000717200000|100%| O|  |TAMS 0x0000000717200000| PB 0x0000000717000000| Untracked 
| 143|0x0000000717200000, 0x0000000717400000, 0x0000000717400000|100%| O|  |TAMS 0x0000000717400000| PB 0x0000000717200000| Untracked 
| 144|0x0000000717400000, 0x0000000717600000, 0x0000000717600000|100%|HS|  |TAMS 0x0000000717600000| PB 0x0000000717400000| Complete 
| 145|0x0000000717600000, 0x0000000717800000, 0x0000000717800000|100%|HC|  |TAMS 0x0000000717800000| PB 0x0000000717600000| Complete 
| 146|0x0000000717800000, 0x0000000717a00000, 0x0000000717a00000|100%|HC|  |TAMS 0x0000000717a00000| PB 0x0000000717800000| Complete 
| 147|0x0000000717a00000, 0x0000000717c00000, 0x0000000717c00000|100%| O|  |TAMS 0x0000000717c00000| PB 0x0000000717a00000| Untracked 
| 148|0x0000000717c00000, 0x0000000717e00000, 0x0000000717e00000|100%| O|  |TAMS 0x0000000717e00000| PB 0x0000000717c00000| Untracked 
| 149|0x0000000717e00000, 0x0000000718000000, 0x0000000718000000|100%| O|  |TAMS 0x0000000718000000| PB 0x0000000717e00000| Untracked 
| 150|0x0000000718000000, 0x0000000718200000, 0x0000000718200000|100%| O|  |TAMS 0x0000000718200000| PB 0x0000000718000000| Untracked 
| 151|0x0000000718200000, 0x0000000718400000, 0x0000000718400000|100%| O|  |TAMS 0x0000000718400000| PB 0x0000000718200000| Untracked 
| 152|0x0000000718400000, 0x0000000718600000, 0x0000000718600000|100%| O|  |TAMS 0x0000000718600000| PB 0x0000000718400000| Untracked 
| 153|0x0000000718600000, 0x0000000718800000, 0x0000000718800000|100%| O|  |TAMS 0x0000000718800000| PB 0x0000000718600000| Untracked 
| 154|0x0000000718800000, 0x0000000718a00000, 0x0000000718a00000|100%| O|  |TAMS 0x0000000718a00000| PB 0x0000000718800000| Untracked 
| 155|0x0000000718a00000, 0x0000000718c00000, 0x0000000718c00000|100%| O|  |TAMS 0x0000000718c00000| PB 0x0000000718a00000| Untracked 
| 156|0x0000000718c00000, 0x0000000718e00000, 0x0000000718e00000|100%| O|  |TAMS 0x0000000718c00000| PB 0x0000000718c00000| Untracked 
| 157|0x0000000718e00000, 0x0000000719000000, 0x0000000719000000|100%| O|  |TAMS 0x0000000718e00000| PB 0x0000000718e00000| Untracked 
| 158|0x0000000719000000, 0x0000000719200000, 0x0000000719200000|100%| O|  |TAMS 0x0000000719000000| PB 0x0000000719000000| Untracked 
| 159|0x0000000719200000, 0x00000007193b6110, 0x0000000719400000| 85%| O|  |TAMS 0x0000000719200000| PB 0x0000000719200000| Untracked 
| 160|0x0000000719400000, 0x0000000719400000, 0x0000000719600000|  0%| F|  |TAMS 0x0000000719400000| PB 0x0000000719400000| Untracked 
| 161|0x0000000719600000, 0x0000000719600000, 0x0000000719800000|  0%| F|  |TAMS 0x0000000719600000| PB 0x0000000719600000| Untracked 
| 162|0x0000000719800000, 0x0000000719800000, 0x0000000719a00000|  0%| F|  |TAMS 0x0000000719800000| PB 0x0000000719800000| Untracked 
| 163|0x0000000719a00000, 0x0000000719a00000, 0x0000000719c00000|  0%| F|  |TAMS 0x0000000719a00000| PB 0x0000000719a00000| Untracked 
| 164|0x0000000719c00000, 0x0000000719c00000, 0x0000000719e00000|  0%| F|  |TAMS 0x0000000719c00000| PB 0x0000000719c00000| Untracked 
| 165|0x0000000719e00000, 0x0000000719e00000, 0x000000071a000000|  0%| F|  |TAMS 0x0000000719e00000| PB 0x0000000719e00000| Untracked 
| 166|0x000000071a000000, 0x000000071a000000, 0x000000071a200000|  0%| F|  |TAMS 0x000000071a000000| PB 0x000000071a000000| Untracked 
| 167|0x000000071a200000, 0x000000071a200000, 0x000000071a400000|  0%| F|  |TAMS 0x000000071a200000| PB 0x000000071a200000| Untracked 
| 168|0x000000071a400000, 0x000000071a400000, 0x000000071a600000|  0%| F|  |TAMS 0x000000071a400000| PB 0x000000071a400000| Untracked 
| 169|0x000000071a600000, 0x000000071a600000, 0x000000071a800000|  0%| F|  |TAMS 0x000000071a600000| PB 0x000000071a600000| Untracked 
| 170|0x000000071a800000, 0x000000071aa00000, 0x000000071aa00000|100%| O|  |TAMS 0x000000071aa00000| PB 0x000000071a800000| Untracked 
| 171|0x000000071aa00000, 0x000000071ac00000, 0x000000071ac00000|100%| O|  |TAMS 0x000000071ac00000| PB 0x000000071aa00000| Untracked 
| 172|0x000000071ac00000, 0x000000071ae00000, 0x000000071ae00000|100%| O|  |TAMS 0x000000071ae00000| PB 0x000000071ac00000| Untracked 
| 173|0x000000071ae00000, 0x000000071b000000, 0x000000071b000000|100%| O|  |TAMS 0x000000071b000000| PB 0x000000071ae00000| Untracked 
| 174|0x000000071b000000, 0x000000071b200000, 0x000000071b200000|100%| O|  |TAMS 0x000000071b0c4320| PB 0x000000071b000000| Untracked 
| 175|0x000000071b200000, 0x000000071b200000, 0x000000071b400000|  0%| F|  |TAMS 0x000000071b200000| PB 0x000000071b200000| Untracked 
| 176|0x000000071b400000, 0x000000071b400000, 0x000000071b600000|  0%| F|  |TAMS 0x000000071b400000| PB 0x000000071b400000| Untracked 
| 177|0x000000071b600000, 0x000000071b600000, 0x000000071b800000|  0%| F|  |TAMS 0x000000071b600000| PB 0x000000071b600000| Untracked 
| 178|0x000000071b800000, 0x000000071b800000, 0x000000071ba00000|  0%| F|  |TAMS 0x000000071b800000| PB 0x000000071b800000| Untracked 
| 179|0x000000071ba00000, 0x000000071ba00000, 0x000000071bc00000|  0%| F|  |TAMS 0x000000071ba00000| PB 0x000000071ba00000| Untracked 
| 180|0x000000071bc00000, 0x000000071bc00000, 0x000000071be00000|  0%| F|  |TAMS 0x000000071bc00000| PB 0x000000071bc00000| Untracked 
| 181|0x000000071be00000, 0x000000071be00000, 0x000000071c000000|  0%| F|  |TAMS 0x000000071be00000| PB 0x000000071be00000| Untracked 
| 182|0x000000071c000000, 0x000000071c000000, 0x000000071c200000|  0%| F|  |TAMS 0x000000071c000000| PB 0x000000071c000000| Untracked 
| 183|0x000000071c200000, 0x000000071c200000, 0x000000071c400000|  0%| F|  |TAMS 0x000000071c200000| PB 0x000000071c200000| Untracked 
| 184|0x000000071c400000, 0x000000071c400000, 0x000000071c600000|  0%| F|  |TAMS 0x000000071c400000| PB 0x000000071c400000| Untracked 
| 185|0x000000071c600000, 0x000000071c600000, 0x000000071c800000|  0%| F|  |TAMS 0x000000071c600000| PB 0x000000071c600000| Untracked 
| 186|0x000000071c800000, 0x000000071c800000, 0x000000071ca00000|  0%| F|  |TAMS 0x000000071c800000| PB 0x000000071c800000| Untracked 
| 187|0x000000071ca00000, 0x000000071ca00000, 0x000000071cc00000|  0%| F|  |TAMS 0x000000071ca00000| PB 0x000000071ca00000| Untracked 
| 188|0x000000071cc00000, 0x000000071cc00000, 0x000000071ce00000|  0%| F|  |TAMS 0x000000071cc00000| PB 0x000000071cc00000| Untracked 
| 189|0x000000071ce00000, 0x000000071ce00000, 0x000000071d000000|  0%| F|  |TAMS 0x000000071ce00000| PB 0x000000071ce00000| Untracked 
| 190|0x000000071d000000, 0x000000071d000000, 0x000000071d200000|  0%| F|  |TAMS 0x000000071d000000| PB 0x000000071d000000| Untracked 
| 191|0x000000071d200000, 0x000000071d200000, 0x000000071d400000|  0%| F|  |TAMS 0x000000071d200000| PB 0x000000071d200000| Untracked 
| 192|0x000000071d400000, 0x000000071d400000, 0x000000071d600000|  0%| F|  |TAMS 0x000000071d400000| PB 0x000000071d400000| Untracked 
| 193|0x000000071d600000, 0x000000071d600000, 0x000000071d800000|  0%| F|  |TAMS 0x000000071d600000| PB 0x000000071d600000| Untracked 
| 194|0x000000071d800000, 0x000000071d800000, 0x000000071da00000|  0%| F|  |TAMS 0x000000071d800000| PB 0x000000071d800000| Untracked 
| 195|0x000000071da00000, 0x000000071da00000, 0x000000071dc00000|  0%| F|  |TAMS 0x000000071da00000| PB 0x000000071da00000| Untracked 
| 196|0x000000071dc00000, 0x000000071dc00000, 0x000000071de00000|  0%| F|  |TAMS 0x000000071dc00000| PB 0x000000071dc00000| Untracked 
| 197|0x000000071de00000, 0x000000071de00000, 0x000000071e000000|  0%| F|  |TAMS 0x000000071de00000| PB 0x000000071de00000| Untracked 
| 198|0x000000071e000000, 0x000000071e000000, 0x000000071e200000|  0%| F|  |TAMS 0x000000071e000000| PB 0x000000071e000000| Untracked 
| 199|0x000000071e200000, 0x000000071e200000, 0x000000071e400000|  0%| F|  |TAMS 0x000000071e200000| PB 0x000000071e200000| Untracked 
| 200|0x000000071e400000, 0x000000071e400000, 0x000000071e600000|  0%| F|  |TAMS 0x000000071e400000| PB 0x000000071e400000| Untracked 
| 201|0x000000071e600000, 0x000000071e600000, 0x000000071e800000|  0%| F|  |TAMS 0x000000071e600000| PB 0x000000071e600000| Untracked 
| 202|0x000000071e800000, 0x000000071e800000, 0x000000071ea00000|  0%| F|  |TAMS 0x000000071e800000| PB 0x000000071e800000| Untracked 
| 203|0x000000071ea00000, 0x000000071eb776c0, 0x000000071ec00000| 73%| S|CS|TAMS 0x000000071ea00000| PB 0x000000071ea00000| Complete 
| 204|0x000000071ec00000, 0x000000071ee00000, 0x000000071ee00000|100%| S|CS|TAMS 0x000000071ec00000| PB 0x000000071ec00000| Complete 
| 205|0x000000071ee00000, 0x000000071f000000, 0x000000071f000000|100%| S|CS|TAMS 0x000000071ee00000| PB 0x000000071ee00000| Complete 
| 206|0x000000071f000000, 0x000000071f200000, 0x000000071f200000|100%| S|CS|TAMS 0x000000071f000000| PB 0x000000071f000000| Complete 
| 207|0x000000071f200000, 0x000000071f200000, 0x000000071f400000|  0%| F|  |TAMS 0x000000071f200000| PB 0x000000071f200000| Untracked 
| 208|0x000000071f400000, 0x000000071f400000, 0x000000071f600000|  0%| F|  |TAMS 0x000000071f400000| PB 0x000000071f400000| Untracked 
| 209|0x000000071f600000, 0x000000071f600000, 0x000000071f800000|  0%| F|  |TAMS 0x000000071f600000| PB 0x000000071f600000| Untracked 
| 210|0x000000071f800000, 0x000000071f800000, 0x000000071fa00000|  0%| F|  |TAMS 0x000000071f800000| PB 0x000000071f800000| Untracked 
| 211|0x000000071fa00000, 0x000000071fa00000, 0x000000071fc00000|  0%| F|  |TAMS 0x000000071fa00000| PB 0x000000071fa00000| Untracked 
| 212|0x000000071fc00000, 0x000000071fc00000, 0x000000071fe00000|  0%| F|  |TAMS 0x000000071fc00000| PB 0x000000071fc00000| Untracked 
| 213|0x000000071fe00000, 0x000000071fe00000, 0x0000000720000000|  0%| F|  |TAMS 0x000000071fe00000| PB 0x000000071fe00000| Untracked 
| 214|0x0000000720000000, 0x0000000720000000, 0x0000000720200000|  0%| F|  |TAMS 0x0000000720000000| PB 0x0000000720000000| Untracked 
| 215|0x0000000720200000, 0x0000000720200000, 0x0000000720400000|  0%| F|  |TAMS 0x0000000720200000| PB 0x0000000720200000| Untracked 
| 216|0x0000000720400000, 0x0000000720400000, 0x0000000720600000|  0%| F|  |TAMS 0x0000000720400000| PB 0x0000000720400000| Untracked 
| 217|0x0000000720600000, 0x0000000720600000, 0x0000000720800000|  0%| F|  |TAMS 0x0000000720600000| PB 0x0000000720600000| Untracked 
| 218|0x0000000720800000, 0x0000000720800000, 0x0000000720a00000|  0%| F|  |TAMS 0x0000000720800000| PB 0x0000000720800000| Untracked 
| 219|0x0000000720a00000, 0x0000000720a00000, 0x0000000720c00000|  0%| F|  |TAMS 0x0000000720a00000| PB 0x0000000720a00000| Untracked 
| 220|0x0000000720c00000, 0x0000000720c00000, 0x0000000720e00000|  0%| F|  |TAMS 0x0000000720c00000| PB 0x0000000720c00000| Untracked 
| 221|0x0000000720e00000, 0x0000000720e00000, 0x0000000721000000|  0%| F|  |TAMS 0x0000000720e00000| PB 0x0000000720e00000| Untracked 
| 222|0x0000000721000000, 0x0000000721000000, 0x0000000721200000|  0%| F|  |TAMS 0x0000000721000000| PB 0x0000000721000000| Untracked 
| 223|0x0000000721200000, 0x0000000721200000, 0x0000000721400000|  0%| F|  |TAMS 0x0000000721200000| PB 0x0000000721200000| Untracked 
| 224|0x0000000721400000, 0x0000000721400000, 0x0000000721600000|  0%| F|  |TAMS 0x0000000721400000| PB 0x0000000721400000| Untracked 
| 225|0x0000000721600000, 0x0000000721600000, 0x0000000721800000|  0%| F|  |TAMS 0x0000000721600000| PB 0x0000000721600000| Untracked 
| 226|0x0000000721800000, 0x0000000721800000, 0x0000000721a00000|  0%| F|  |TAMS 0x0000000721800000| PB 0x0000000721800000| Untracked 
| 227|0x0000000721a00000, 0x0000000721a00000, 0x0000000721c00000|  0%| F|  |TAMS 0x0000000721a00000| PB 0x0000000721a00000| Untracked 
| 228|0x0000000721c00000, 0x0000000721c00000, 0x0000000721e00000|  0%| F|  |TAMS 0x0000000721c00000| PB 0x0000000721c00000| Untracked 
| 229|0x0000000721e00000, 0x0000000721e00000, 0x0000000722000000|  0%| F|  |TAMS 0x0000000721e00000| PB 0x0000000721e00000| Untracked 
| 230|0x0000000722000000, 0x0000000722000000, 0x0000000722200000|  0%| F|  |TAMS 0x0000000722000000| PB 0x0000000722000000| Untracked 
| 231|0x0000000722200000, 0x0000000722200000, 0x0000000722400000|  0%| F|  |TAMS 0x0000000722200000| PB 0x0000000722200000| Untracked 
| 232|0x0000000722400000, 0x0000000722400000, 0x0000000722600000|  0%| F|  |TAMS 0x0000000722400000| PB 0x0000000722400000| Untracked 
| 233|0x0000000722600000, 0x0000000722600000, 0x0000000722800000|  0%| F|  |TAMS 0x0000000722600000| PB 0x0000000722600000| Untracked 
| 234|0x0000000722800000, 0x0000000722800000, 0x0000000722a00000|  0%| F|  |TAMS 0x0000000722800000| PB 0x0000000722800000| Untracked 
| 235|0x0000000722a00000, 0x0000000722a00000, 0x0000000722c00000|  0%| F|  |TAMS 0x0000000722a00000| PB 0x0000000722a00000| Untracked 
| 236|0x0000000722c00000, 0x0000000722c00000, 0x0000000722e00000|  0%| F|  |TAMS 0x0000000722c00000| PB 0x0000000722c00000| Untracked 
| 237|0x0000000722e00000, 0x0000000722e00000, 0x0000000723000000|  0%| F|  |TAMS 0x0000000722e00000| PB 0x0000000722e00000| Untracked 
| 238|0x0000000723000000, 0x0000000723000000, 0x0000000723200000|  0%| F|  |TAMS 0x0000000723000000| PB 0x0000000723000000| Untracked 
| 239|0x0000000723200000, 0x0000000723200000, 0x0000000723400000|  0%| F|  |TAMS 0x0000000723200000| PB 0x0000000723200000| Untracked 
| 240|0x0000000723400000, 0x0000000723400000, 0x0000000723600000|  0%| F|  |TAMS 0x0000000723400000| PB 0x0000000723400000| Untracked 
| 241|0x0000000723600000, 0x0000000723600000, 0x0000000723800000|  0%| F|  |TAMS 0x0000000723600000| PB 0x0000000723600000| Untracked 
| 242|0x0000000723800000, 0x0000000723800000, 0x0000000723a00000|  0%| F|  |TAMS 0x0000000723800000| PB 0x0000000723800000| Untracked 
| 243|0x0000000723a00000, 0x0000000723a00000, 0x0000000723c00000|  0%| F|  |TAMS 0x0000000723a00000| PB 0x0000000723a00000| Untracked 
| 244|0x0000000723c00000, 0x0000000723c00000, 0x0000000723e00000|  0%| F|  |TAMS 0x0000000723c00000| PB 0x0000000723c00000| Untracked 
| 245|0x0000000723e00000, 0x0000000723e00000, 0x0000000724000000|  0%| F|  |TAMS 0x0000000723e00000| PB 0x0000000723e00000| Untracked 
| 246|0x0000000724000000, 0x0000000724000000, 0x0000000724200000|  0%| F|  |TAMS 0x0000000724000000| PB 0x0000000724000000| Untracked 
| 247|0x0000000724200000, 0x0000000724200000, 0x0000000724400000|  0%| F|  |TAMS 0x0000000724200000| PB 0x0000000724200000| Untracked 
| 248|0x0000000724400000, 0x0000000724400000, 0x0000000724600000|  0%| F|  |TAMS 0x0000000724400000| PB 0x0000000724400000| Untracked 
| 249|0x0000000724600000, 0x0000000724600000, 0x0000000724800000|  0%| F|  |TAMS 0x0000000724600000| PB 0x0000000724600000| Untracked 
| 250|0x0000000724800000, 0x0000000724800000, 0x0000000724a00000|  0%| F|  |TAMS 0x0000000724800000| PB 0x0000000724800000| Untracked 
| 251|0x0000000724a00000, 0x0000000724a00000, 0x0000000724c00000|  0%| F|  |TAMS 0x0000000724a00000| PB 0x0000000724a00000| Untracked 
| 252|0x0000000724c00000, 0x0000000724c00000, 0x0000000724e00000|  0%| F|  |TAMS 0x0000000724c00000| PB 0x0000000724c00000| Untracked 
| 253|0x0000000724e00000, 0x0000000724e00000, 0x0000000725000000|  0%| F|  |TAMS 0x0000000724e00000| PB 0x0000000724e00000| Untracked 
| 254|0x0000000725000000, 0x0000000725000000, 0x0000000725200000|  0%| F|  |TAMS 0x0000000725000000| PB 0x0000000725000000| Untracked 
| 255|0x0000000725200000, 0x0000000725200000, 0x0000000725400000|  0%| F|  |TAMS 0x0000000725200000| PB 0x0000000725200000| Untracked 
| 256|0x0000000725400000, 0x0000000725400000, 0x0000000725600000|  0%| F|  |TAMS 0x0000000725400000| PB 0x0000000725400000| Untracked 
| 257|0x0000000725600000, 0x0000000725600000, 0x0000000725800000|  0%| F|  |TAMS 0x0000000725600000| PB 0x0000000725600000| Untracked 
| 258|0x0000000725800000, 0x0000000725800000, 0x0000000725a00000|  0%| F|  |TAMS 0x0000000725800000| PB 0x0000000725800000| Untracked 
| 259|0x0000000725a00000, 0x0000000725a00000, 0x0000000725c00000|  0%| F|  |TAMS 0x0000000725a00000| PB 0x0000000725a00000| Untracked 
| 260|0x0000000725c00000, 0x0000000725c00000, 0x0000000725e00000|  0%| F|  |TAMS 0x0000000725c00000| PB 0x0000000725c00000| Untracked 
| 261|0x0000000725e00000, 0x0000000725e00000, 0x0000000726000000|  0%| F|  |TAMS 0x0000000725e00000| PB 0x0000000725e00000| Untracked 
| 262|0x0000000726000000, 0x0000000726000000, 0x0000000726200000|  0%| F|  |TAMS 0x0000000726000000| PB 0x0000000726000000| Untracked 
| 263|0x0000000726200000, 0x0000000726200000, 0x0000000726400000|  0%| F|  |TAMS 0x0000000726200000| PB 0x0000000726200000| Untracked 
| 264|0x0000000726400000, 0x0000000726400000, 0x0000000726600000|  0%| F|  |TAMS 0x0000000726400000| PB 0x0000000726400000| Untracked 
| 265|0x0000000726600000, 0x0000000726600000, 0x0000000726800000|  0%| F|  |TAMS 0x0000000726600000| PB 0x0000000726600000| Untracked 
| 266|0x0000000726800000, 0x0000000726800000, 0x0000000726a00000|  0%| F|  |TAMS 0x0000000726800000| PB 0x0000000726800000| Untracked 
| 267|0x0000000726a00000, 0x0000000726a00000, 0x0000000726c00000|  0%| F|  |TAMS 0x0000000726a00000| PB 0x0000000726a00000| Untracked 
| 268|0x0000000726c00000, 0x0000000726c00000, 0x0000000726e00000|  0%| F|  |TAMS 0x0000000726c00000| PB 0x0000000726c00000| Untracked 
| 269|0x0000000726e00000, 0x0000000726e00000, 0x0000000727000000|  0%| F|  |TAMS 0x0000000726e00000| PB 0x0000000726e00000| Untracked 
| 270|0x0000000727000000, 0x0000000727000000, 0x0000000727200000|  0%| F|  |TAMS 0x0000000727000000| PB 0x0000000727000000| Untracked 
| 271|0x0000000727200000, 0x0000000727200000, 0x0000000727400000|  0%| F|  |TAMS 0x0000000727200000| PB 0x0000000727200000| Untracked 
| 272|0x0000000727400000, 0x0000000727400000, 0x0000000727600000|  0%| F|  |TAMS 0x0000000727400000| PB 0x0000000727400000| Untracked 
| 273|0x0000000727600000, 0x0000000727600000, 0x0000000727800000|  0%| F|  |TAMS 0x0000000727600000| PB 0x0000000727600000| Untracked 
| 274|0x0000000727800000, 0x0000000727800000, 0x0000000727a00000|  0%| F|  |TAMS 0x0000000727800000| PB 0x0000000727800000| Untracked 
| 275|0x0000000727a00000, 0x0000000727a00000, 0x0000000727c00000|  0%| F|  |TAMS 0x0000000727a00000| PB 0x0000000727a00000| Untracked 
| 276|0x0000000727c00000, 0x0000000727c00000, 0x0000000727e00000|  0%| F|  |TAMS 0x0000000727c00000| PB 0x0000000727c00000| Untracked 
| 277|0x0000000727e00000, 0x0000000727e00000, 0x0000000728000000|  0%| F|  |TAMS 0x0000000727e00000| PB 0x0000000727e00000| Untracked 
| 278|0x0000000728000000, 0x0000000728000000, 0x0000000728200000|  0%| F|  |TAMS 0x0000000728000000| PB 0x0000000728000000| Untracked 
| 279|0x0000000728200000, 0x0000000728200000, 0x0000000728400000|  0%| F|  |TAMS 0x0000000728200000| PB 0x0000000728200000| Untracked 
| 280|0x0000000728400000, 0x0000000728400000, 0x0000000728600000|  0%| F|  |TAMS 0x0000000728400000| PB 0x0000000728400000| Untracked 
| 281|0x0000000728600000, 0x0000000728600000, 0x0000000728800000|  0%| F|  |TAMS 0x0000000728600000| PB 0x0000000728600000| Untracked 
| 282|0x0000000728800000, 0x0000000728800000, 0x0000000728a00000|  0%| F|  |TAMS 0x0000000728800000| PB 0x0000000728800000| Untracked 
| 283|0x0000000728a00000, 0x0000000728a00000, 0x0000000728c00000|  0%| F|  |TAMS 0x0000000728a00000| PB 0x0000000728a00000| Untracked 
| 284|0x0000000728c00000, 0x0000000728c00000, 0x0000000728e00000|  0%| F|  |TAMS 0x0000000728c00000| PB 0x0000000728c00000| Untracked 
| 285|0x0000000728e00000, 0x0000000728e00000, 0x0000000729000000|  0%| F|  |TAMS 0x0000000728e00000| PB 0x0000000728e00000| Untracked 
| 286|0x0000000729000000, 0x0000000729000000, 0x0000000729200000|  0%| F|  |TAMS 0x0000000729000000| PB 0x0000000729000000| Untracked 
| 287|0x0000000729200000, 0x0000000729200000, 0x0000000729400000|  0%| F|  |TAMS 0x0000000729200000| PB 0x0000000729200000| Untracked 
| 288|0x0000000729400000, 0x0000000729400000, 0x0000000729600000|  0%| F|  |TAMS 0x0000000729400000| PB 0x0000000729400000| Untracked 
| 289|0x0000000729600000, 0x0000000729600000, 0x0000000729800000|  0%| F|  |TAMS 0x0000000729600000| PB 0x0000000729600000| Untracked 
| 290|0x0000000729800000, 0x0000000729800000, 0x0000000729a00000|  0%| F|  |TAMS 0x0000000729800000| PB 0x0000000729800000| Untracked 
| 291|0x0000000729a00000, 0x0000000729a00000, 0x0000000729c00000|  0%| F|  |TAMS 0x0000000729a00000| PB 0x0000000729a00000| Untracked 
| 292|0x0000000729c00000, 0x0000000729c00000, 0x0000000729e00000|  0%| F|  |TAMS 0x0000000729c00000| PB 0x0000000729c00000| Untracked 
| 293|0x0000000729e00000, 0x0000000729e00000, 0x000000072a000000|  0%| F|  |TAMS 0x0000000729e00000| PB 0x0000000729e00000| Untracked 
| 294|0x000000072a000000, 0x000000072a000000, 0x000000072a200000|  0%| F|  |TAMS 0x000000072a000000| PB 0x000000072a000000| Untracked 
| 295|0x000000072a200000, 0x000000072a200000, 0x000000072a400000|  0%| F|  |TAMS 0x000000072a200000| PB 0x000000072a200000| Untracked 
| 296|0x000000072a400000, 0x000000072a400000, 0x000000072a600000|  0%| F|  |TAMS 0x000000072a400000| PB 0x000000072a400000| Untracked 
| 297|0x000000072a600000, 0x000000072a600000, 0x000000072a800000|  0%| F|  |TAMS 0x000000072a600000| PB 0x000000072a600000| Untracked 
| 298|0x000000072a800000, 0x000000072a800000, 0x000000072aa00000|  0%| F|  |TAMS 0x000000072a800000| PB 0x000000072a800000| Untracked 
| 299|0x000000072aa00000, 0x000000072aa00000, 0x000000072ac00000|  0%| F|  |TAMS 0x000000072aa00000| PB 0x000000072aa00000| Untracked 
| 300|0x000000072ac00000, 0x000000072ac00000, 0x000000072ae00000|  0%| F|  |TAMS 0x000000072ac00000| PB 0x000000072ac00000| Untracked 
| 301|0x000000072ae00000, 0x000000072ae00000, 0x000000072b000000|  0%| F|  |TAMS 0x000000072ae00000| PB 0x000000072ae00000| Untracked 
| 302|0x000000072b000000, 0x000000072b000000, 0x000000072b200000|  0%| F|  |TAMS 0x000000072b000000| PB 0x000000072b000000| Untracked 
| 303|0x000000072b200000, 0x000000072b200000, 0x000000072b400000|  0%| F|  |TAMS 0x000000072b200000| PB 0x000000072b200000| Untracked 
| 304|0x000000072b400000, 0x000000072b400000, 0x000000072b600000|  0%| F|  |TAMS 0x000000072b400000| PB 0x000000072b400000| Untracked 
| 305|0x000000072b600000, 0x000000072b600000, 0x000000072b800000|  0%| F|  |TAMS 0x000000072b600000| PB 0x000000072b600000| Untracked 
| 306|0x000000072b800000, 0x000000072b800000, 0x000000072ba00000|  0%| F|  |TAMS 0x000000072b800000| PB 0x000000072b800000| Untracked 
| 307|0x000000072ba00000, 0x000000072ba00000, 0x000000072bc00000|  0%| F|  |TAMS 0x000000072ba00000| PB 0x000000072ba00000| Untracked 
| 308|0x000000072bc00000, 0x000000072bc00000, 0x000000072be00000|  0%| F|  |TAMS 0x000000072bc00000| PB 0x000000072bc00000| Untracked 
| 309|0x000000072be00000, 0x000000072be00000, 0x000000072c000000|  0%| F|  |TAMS 0x000000072be00000| PB 0x000000072be00000| Untracked 
| 310|0x000000072c000000, 0x000000072c000000, 0x000000072c200000|  0%| F|  |TAMS 0x000000072c000000| PB 0x000000072c000000| Untracked 
| 311|0x000000072c200000, 0x000000072c200000, 0x000000072c400000|  0%| F|  |TAMS 0x000000072c200000| PB 0x000000072c200000| Untracked 
| 312|0x000000072c400000, 0x000000072c400000, 0x000000072c600000|  0%| F|  |TAMS 0x000000072c400000| PB 0x000000072c400000| Untracked 
| 313|0x000000072c600000, 0x000000072c600000, 0x000000072c800000|  0%| F|  |TAMS 0x000000072c600000| PB 0x000000072c600000| Untracked 
| 314|0x000000072c800000, 0x000000072c800000, 0x000000072ca00000|  0%| F|  |TAMS 0x000000072c800000| PB 0x000000072c800000| Untracked 
| 315|0x000000072ca00000, 0x000000072ca00000, 0x000000072cc00000|  0%| F|  |TAMS 0x000000072ca00000| PB 0x000000072ca00000| Untracked 
| 316|0x000000072cc00000, 0x000000072cc00000, 0x000000072ce00000|  0%| F|  |TAMS 0x000000072cc00000| PB 0x000000072cc00000| Untracked 
| 317|0x000000072ce00000, 0x000000072ce00000, 0x000000072d000000|  0%| F|  |TAMS 0x000000072ce00000| PB 0x000000072ce00000| Untracked 
| 318|0x000000072d000000, 0x000000072d000000, 0x000000072d200000|  0%| F|  |TAMS 0x000000072d000000| PB 0x000000072d000000| Untracked 
| 319|0x000000072d200000, 0x000000072d200000, 0x000000072d400000|  0%| F|  |TAMS 0x000000072d200000| PB 0x000000072d200000| Untracked 
| 320|0x000000072d400000, 0x000000072d400000, 0x000000072d600000|  0%| F|  |TAMS 0x000000072d400000| PB 0x000000072d400000| Untracked 
|1990|0x00000007fe000000, 0x00000007fe000000, 0x00000007fe200000|  0%| F|  |TAMS 0x00000007fe000000| PB 0x00000007fe000000| Untracked 
|1991|0x00000007fe200000, 0x00000007fe200000, 0x00000007fe400000|  0%| F|  |TAMS 0x00000007fe200000| PB 0x00000007fe200000| Untracked 
|1992|0x00000007fe400000, 0x00000007fe400000, 0x00000007fe600000|  0%| F|  |TAMS 0x00000007fe400000| PB 0x00000007fe400000| Untracked 
|1993|0x00000007fe600000, 0x00000007fe600000, 0x00000007fe800000|  0%| F|  |TAMS 0x00000007fe600000| PB 0x00000007fe600000| Untracked 
|1994|0x00000007fe800000, 0x00000007fea00000, 0x00000007fea00000|100%| O|  |TAMS 0x00000007fea00000| PB 0x00000007fe800000| Untracked 
|1995|0x00000007fea00000, 0x00000007fec00000, 0x00000007fec00000|100%| O|  |TAMS 0x00000007fec00000| PB 0x00000007fea00000| Untracked 
|1996|0x00000007fec00000, 0x00000007fec00000, 0x00000007fee00000|  0%| F|  |TAMS 0x00000007fec00000| PB 0x00000007fec00000| Untracked 
|1997|0x00000007fee00000, 0x00000007ff000000, 0x00000007ff000000|100%| O|  |TAMS 0x00000007ff000000| PB 0x00000007fee00000| Untracked 
|1998|0x00000007ff000000, 0x00000007ff200000, 0x00000007ff200000|100%| O|  |TAMS 0x00000007ff200000| PB 0x00000007ff000000| Untracked 
|1999|0x00000007ff200000, 0x00000007ff400000, 0x00000007ff400000|100%| O|  |TAMS 0x00000007ff400000| PB 0x00000007ff200000| Untracked 
|2000|0x00000007ff400000, 0x00000007ff600000, 0x00000007ff600000|100%| O|  |TAMS 0x00000007ff600000| PB 0x00000007ff400000| Untracked 
|2001|0x00000007ff600000, 0x00000007ff800000, 0x00000007ff800000|100%| O|  |TAMS 0x00000007ff800000| PB 0x00000007ff600000| Untracked 
|2002|0x00000007ff800000, 0x00000007ffa00000, 0x00000007ffa00000|100%| O|  |TAMS 0x00000007ffa00000| PB 0x00000007ff800000| Untracked 
|2003|0x00000007ffa00000, 0x00000007ffc00000, 0x00000007ffc00000|100%| O|  |TAMS 0x00000007ffc00000| PB 0x00000007ffa00000| Untracked 
|2004|0x00000007ffc00000, 0x00000007ffe00000, 0x00000007ffe00000|100%| O|  |TAMS 0x00000007ffe00000| PB 0x00000007ffc00000| Untracked 
|2005|0x00000007ffe00000, 0x0000000800000000, 0x0000000800000000|100%| O|  |TAMS 0x0000000800000000| PB 0x00000007ffe00000| Untracked 

Card table byte_map: [0x0000014eeacc0000,0x0000014eeb4a0000] _byte_map_base: 0x0000014ee7496000

Marking Bits: (CMBitMap*) 0x0000014ed7310c90
 Bits: [0x0000014eeb4a0000, 0x0000014eef350000)

Polling page: 0x0000014ed4ec0000

Metaspace:

Usage:
  Non-class:     27.93 MB used.
      Class:      3.43 MB used.
       Both:     31.36 MB used.

Virtual space:
  Non-class space:       64.00 MB reserved,      28.25 MB ( 44%) committed,  1 nodes.
      Class space:        1.00 GB reserved,       3.69 MB ( <1%) committed,  1 nodes.
             Both:        1.06 GB reserved,      31.94 MB (  3%) committed. 

Chunk freelists:
   Non-Class:  3.80 MB
       Class:  12.33 MB
        Both:  16.13 MB

MaxMetaspaceSize: unlimited
CompressedClassSpaceSize: 1.00 GB
Initial GC threshold: 21.00 MB
Current GC threshold: 52.94 MB
CDS: on
 - commit_granule_bytes: 65536.
 - commit_granule_words: 8192.
 - virtual_space_node_default_size: 8388608.
 - enlarge_chunks_in_place: 1.
 - use_allocation_guard: 0.


Internal statistics:

num_allocs_failed_limit: 3.
num_arena_births: 568.
num_arena_deaths: 0.
num_vsnodes_births: 2.
num_vsnodes_deaths: 0.
num_space_committed: 511.
num_space_uncommitted: 0.
num_chunks_returned_to_freelist: 3.
num_chunks_taken_from_freelist: 1887.
num_chunk_merges: 3.
num_chunk_splits: 1263.
num_chunks_enlarged: 851.
num_inconsistent_stats: 0.

CodeHeap 'non-profiled nmethods': size=119168Kb used=7666Kb max_used=7666Kb free=111501Kb
 bounds [0x0000014ee2800000, 0x0000014ee2f80000, 0x0000014ee9c60000]
CodeHeap 'profiled nmethods': size=119104Kb used=17241Kb max_used=18569Kb free=101862Kb
 bounds [0x0000014edac60000, 0x0000014edbe90000, 0x0000014ee20b0000]
CodeHeap 'non-nmethods': size=7488Kb used=3073Kb max_used=3194Kb free=4414Kb
 bounds [0x0000014ee20b0000, 0x0000014ee23e0000, 0x0000014ee2800000]
CodeCache: size=245760Kb, used=27980Kb, max_used=29429Kb, free=217777Kb
 total_blobs=8914, nmethods=8369, adapters=446, full_count=0
Compilation: enabled, stopped_count=0, restarted_count=0

Compilation events (20 events):
Event: 10.345 Thread 0x0000014ef8938370 nmethod 10650 0x0000014ee2f79b10 code [0x0000014ee2f79ca0, 0x0000014ee2f79dd0]
Event: 10.345 Thread 0x0000014ef8938370 10651       4       com.sun.tools.javac.comp.Annotate::annotationValueInfo (30 bytes)
Event: 10.345 Thread 0x0000014ef22073f0 nmethod 10712 0x0000014ee2f79e90 code [0x0000014ee2f7a060, 0x0000014ee2f7a310]
Event: 10.345 Thread 0x0000014ef22073f0 10653       4       com.sun.tools.javac.comp.ConstFold::coerce (221 bytes)
Event: 10.347 Thread 0x0000014ef8938370 nmethod 10651 0x0000014ee2f7a610 code [0x0000014ee2f7a7c0, 0x0000014ee2f7aa50]
Event: 10.347 Thread 0x0000014ef8938370 10656       4       com.sun.tools.javac.comp.Annotate::getAnnotationPrimitiveValue (128 bytes)
Event: 10.348 Thread 0x0000014ef22073f0 nmethod 10653 0x0000014ee2f7ac10 code [0x0000014ee2f7ae20, 0x0000014ee2f7b1b0]
Event: 10.348 Thread 0x0000014ef22073f0 10640       4       com.sun.tools.javac.code.Symbol::isInterface (19 bytes)
Event: 10.349 Thread 0x0000014ef22073f0 nmethod 10640 0x0000014ee2f7b510 code [0x0000014ee2f7b6a0, 0x0000014ee2f7b790]
Event: 10.349 Thread 0x0000014ef22073f0 10692       4       java.util.Spliterators$IteratorSpliterator::forEachRemaining (58 bytes)
Event: 10.349 Thread 0x0000014ef22073f0 nmethod 10692 0x0000014ee2f7b890 code [0x0000014ee2f7ba20, 0x0000014ee2f7bb18]
Event: 10.349 Thread 0x0000014ef22073f0 10657       4       com.sun.tools.javac.comp.Check$1::compatible (14 bytes)
Event: 10.350 Thread 0x0000014ef22073f0 nmethod 10657 0x0000014ee2f7bc10 code [0x0000014ee2f7bda0, 0x0000014ee2f7be98]
Event: 10.350 Thread 0x0000014ef22073f0 10699       4       java.util.stream.ReduceOps::makeRef (24 bytes)
Event: 10.351 Thread 0x0000014ef22073f0 nmethod 10699 0x0000014ee2f7bf90 code [0x0000014ee2f7c120, 0x0000014ee2f7c270]
Event: 10.351 Thread 0x0000014ef22073f0 10700       4       java.util.stream.ReduceOps$1::makeSink (5 bytes)
Event: 10.351 Thread 0x0000014ef22073f0 nmethod 10700 0x0000014ee2f7c390 code [0x0000014ee2f7c520, 0x0000014ee2f7c628]
Event: 10.351 Thread 0x0000014ef22073f0 10701       4       java.util.stream.ReduceOps$1::makeSink (20 bytes)
Event: 10.352 Thread 0x0000014ef22073f0 nmethod 10701 0x0000014ee2f7c710 code [0x0000014ee2f7c8a0, 0x0000014ee2f7c9a8]
Event: 10.352 Thread 0x0000014ef22073f0 10703       4       com.sun.tools.javac.code.TypeAnnotationPosition::<init> (87 bytes)

GC Heap History (20 events):
Event: 7.605 GC heap after
{Heap after GC invocations=21 (full 0):
 garbage-first heap   total 475136K, used 227681K [0x0000000705400000, 0x0000000800000000)
  region size 2048K, 12 young (24576K), 12 survivors (24576K)
 Metaspace       used 31592K, committed 32128K, reserved 1114112K
  class space    used 3480K, committed 3712K, reserved 1048576K
}
Event: 7.690 GC heap before
{Heap before GC invocations=21 (full 0):
 garbage-first heap   total 475136K, used 299361K [0x0000000705400000, 0x0000000800000000)
  region size 2048K, 39 young (79872K), 12 survivors (24576K)
 Metaspace       used 31595K, committed 32192K, reserved 1114112K
  class space    used 3481K, committed 3776K, reserved 1048576K
}
Event: 7.702 GC heap after
{Heap after GC invocations=22 (full 0):
 garbage-first heap   total 475136K, used 261587K [0x0000000705400000, 0x0000000800000000)
  region size 2048K, 8 young (16384K), 8 survivors (16384K)
 Metaspace       used 31595K, committed 32192K, reserved 1114112K
  class space    used 3481K, committed 3776K, reserved 1048576K
}
Event: 7.979 GC heap before
{Heap before GC invocations=23 (full 0):
 garbage-first heap   total 475136K, used 361939K [0x0000000705400000, 0x0000000800000000)
  region size 2048K, 81 young (165888K), 8 survivors (16384K)
 Metaspace       used 31686K, committed 32256K, reserved 1114112K
  class space    used 3483K, committed 3776K, reserved 1048576K
}
Event: 7.992 GC heap after
{Heap after GC invocations=24 (full 0):
 garbage-first heap   total 475136K, used 228017K [0x0000000705400000, 0x0000000800000000)
  region size 2048K, 7 young (14336K), 7 survivors (14336K)
 Metaspace       used 31686K, committed 32256K, reserved 1114112K
  class space    used 3483K, committed 3776K, reserved 1048576K
}
Event: 8.282 GC heap before
{Heap before GC invocations=24 (full 0):
 garbage-first heap   total 475136K, used 416433K [0x0000000705400000, 0x0000000800000000)
  region size 2048K, 92 young (188416K), 7 survivors (14336K)
 Metaspace       used 31899K, committed 32512K, reserved 1114112K
  class space    used 3504K, committed 3776K, reserved 1048576K
}
Event: 8.297 GC heap after
{Heap after GC invocations=25 (full 0):
 garbage-first heap   total 475136K, used 250103K [0x0000000705400000, 0x0000000800000000)
  region size 2048K, 8 young (16384K), 8 survivors (16384K)
 Metaspace       used 31899K, committed 32512K, reserved 1114112K
  class space    used 3504K, committed 3776K, reserved 1048576K
}
Event: 8.459 GC heap before
{Heap before GC invocations=25 (full 0):
 garbage-first heap   total 475136K, used 415991K [0x0000000705400000, 0x0000000800000000)
  region size 2048K, 89 young (182272K), 8 survivors (16384K)
 Metaspace       used 31925K, committed 32512K, reserved 1114112K
  class space    used 3505K, committed 3776K, reserved 1048576K
}
Event: 8.494 GC heap after
{Heap after GC invocations=26 (full 0):
 garbage-first heap   total 684032K, used 259738K [0x0000000705400000, 0x0000000800000000)
  region size 2048K, 5 young (10240K), 5 survivors (10240K)
 Metaspace       used 31925K, committed 32512K, reserved 1114112K
  class space    used 3505K, committed 3776K, reserved 1048576K
}
Event: 8.896 GC heap before
{Heap before GC invocations=27 (full 0):
 garbage-first heap   total 684032K, used 525978K [0x0000000705400000, 0x0000000800000000)
  region size 2048K, 157 young (321536K), 5 survivors (10240K)
 Metaspace       used 31982K, committed 32576K, reserved 1114112K
  class space    used 3507K, committed 3776K, reserved 1048576K
}
Event: 8.914 GC heap after
{Heap after GC invocations=28 (full 0):
 garbage-first heap   total 684032K, used 231216K [0x0000000705400000, 0x0000000800000000)
  region size 2048K, 13 young (26624K), 13 survivors (26624K)
 Metaspace       used 31982K, committed 32576K, reserved 1114112K
  class space    used 3507K, committed 3776K, reserved 1048576K
}
Event: 9.287 GC heap before
{Heap before GC invocations=28 (full 0):
 garbage-first heap   total 684032K, used 610096K [0x0000000705400000, 0x0000000800000000)
  region size 2048K, 187 young (382976K), 13 survivors (26624K)
 Metaspace       used 32046K, committed 32640K, reserved 1114112K
  class space    used 3510K, committed 3776K, reserved 1048576K
}
Event: 9.313 GC heap after
{Heap after GC invocations=29 (full 0):
 garbage-first heap   total 684032K, used 275271K [0x0000000705400000, 0x0000000800000000)
  region size 2048K, 24 young (49152K), 24 survivors (49152K)
 Metaspace       used 32046K, committed 32640K, reserved 1114112K
  class space    used 3510K, committed 3776K, reserved 1048576K
}
Event: 9.317 GC heap before
{Heap before GC invocations=29 (full 0):
 garbage-first heap   total 684032K, used 277319K [0x0000000705400000, 0x0000000800000000)
  region size 2048K, 26 young (53248K), 24 survivors (49152K)
 Metaspace       used 32046K, committed 32640K, reserved 1114112K
  class space    used 3510K, committed 3776K, reserved 1048576K
}
Event: 9.332 GC heap after
{Heap after GC invocations=30 (full 0):
 garbage-first heap   total 684032K, used 281170K [0x0000000705400000, 0x0000000800000000)
  region size 2048K, 4 young (8192K), 4 survivors (8192K)
 Metaspace       used 32046K, committed 32640K, reserved 1114112K
  class space    used 3510K, committed 3776K, reserved 1048576K
}
Event: 9.670 GC heap before
{Heap before GC invocations=31 (full 0):
 garbage-first heap   total 684032K, used 596562K [0x0000000705400000, 0x0000000800000000)
  region size 2048K, 150 young (307200K), 4 survivors (8192K)
 Metaspace       used 32051K, committed 32640K, reserved 1114112K
  class space    used 3510K, committed 3776K, reserved 1048576K
}
Event: 9.684 GC heap after
{Heap after GC invocations=32 (full 0):
 garbage-first heap   total 684032K, used 319283K [0x0000000705400000, 0x0000000800000000)
  region size 2048K, 14 young (28672K), 14 survivors (28672K)
 Metaspace       used 32051K, committed 32640K, reserved 1114112K
  class space    used 3510K, committed 3776K, reserved 1048576K
}
Event: 10.043 GC heap before
{Heap before GC invocations=32 (full 0):
 garbage-first heap   total 684032K, used 630579K [0x0000000705400000, 0x0000000800000000)
  region size 2048K, 148 young (303104K), 14 survivors (28672K)
 Metaspace       used 32111K, committed 32704K, reserved 1114112K
  class space    used 3515K, committed 3776K, reserved 1048576K
}
Event: 10.064 GC heap after
{Heap after GC invocations=33 (full 0):
 garbage-first heap   total 690176K, used 366683K [0x0000000705400000, 0x0000000800000000)
  region size 2048K, 14 young (28672K), 14 survivors (28672K)
 Metaspace       used 32111K, committed 32704K, reserved 1114112K
  class space    used 3515K, committed 3776K, reserved 1048576K
}
Event: 10.353 GC heap before
{Heap before GC invocations=33 (full 0):
 garbage-first heap   total 690176K, used 604251K [0x0000000705400000, 0x0000000800000000)
  region size 2048K, 130 young (266240K), 14 survivors (28672K)
 Metaspace       used 32117K, committed 32704K, reserved 1114112K
  class space    used 3515K, committed 3776K, reserved 1048576K
}

Dll operation events (9 events):
Event: 0.011 Loaded shared library C:\Users\sesol\.p2\pool\plugins\org.eclipse.justj.openjdk.hotspot.jre.full.win32.x86_64_21.0.10.v20260205-0638\jre\bin\java.dll
Event: 0.038 Loaded shared library C:\Users\sesol\.p2\pool\plugins\org.eclipse.justj.openjdk.hotspot.jre.full.win32.x86_64_21.0.10.v20260205-0638\jre\bin\zip.dll
Event: 0.053 Loaded shared library C:\Users\sesol\.p2\pool\plugins\org.eclipse.justj.openjdk.hotspot.jre.full.win32.x86_64_21.0.10.v20260205-0638\jre\bin\net.dll
Event: 0.056 Loaded shared library C:\Users\sesol\.p2\pool\plugins\org.eclipse.justj.openjdk.hotspot.jre.full.win32.x86_64_21.0.10.v20260205-0638\jre\bin\nio.dll
Event: 0.058 Loaded shared library C:\Users\sesol\.p2\pool\plugins\org.eclipse.justj.openjdk.hotspot.jre.full.win32.x86_64_21.0.10.v20260205-0638\jre\bin\zip.dll
Event: 0.161 Loaded shared library C:\Users\sesol\.p2\pool\plugins\org.eclipse.justj.openjdk.hotspot.jre.full.win32.x86_64_21.0.10.v20260205-0638\jre\bin\jimage.dll
Event: 0.194 Loaded shared library C:\Users\sesol\AppData\Local\Temp\jansi-2.4.2-28c469456affd8f6-jansi.dll
Event: 0.623 Loaded shared library C:\Users\sesol\.p2\pool\plugins\org.eclipse.justj.openjdk.hotspot.jre.full.win32.x86_64_21.0.10.v20260205-0638\jre\bin\verify.dll
Event: 1.269 Loaded shared library C:\Users\sesol\.p2\pool\plugins\org.eclipse.justj.openjdk.hotspot.jre.full.win32.x86_64_21.0.10.v20260205-0638\jre\bin\extnet.dll

Deoptimization events (20 events):
Event: 10.270 Thread 0x0000014ed4f318b0 Uncommon trap: trap_request=0xffffffc6 fr.pc=0x0000014ee2907c34 relative=0x00000000000000f4
Event: 10.270 Thread 0x0000014ed4f318b0 Uncommon trap: reason=bimorphic_or_optimized_type_check action=maybe_recompile pc=0x0000014ee2907c34 method=com.sun.tools.javac.tree.JCTree$JCParens.accept(Lcom/sun/tools/javac/tree/JCTree$Visitor;)V @ 2 c2
Event: 10.270 Thread 0x0000014ed4f318b0 DEOPT PACKING pc=0x0000014ee2907c34 sp=0x0000003c207fd240
Event: 10.270 Thread 0x0000014ed4f318b0 DEOPT UNPACKING pc=0x0000014ee2104422 sp=0x0000003c207fd1e8 mode 2
Event: 10.270 Thread 0x0000014ed4f318b0 Uncommon trap: trap_request=0xffffffc6 fr.pc=0x0000014ee2d0619c relative=0x000000000000023c
Event: 10.270 Thread 0x0000014ed4f318b0 Uncommon trap: reason=bimorphic_or_optimized_type_check action=maybe_recompile pc=0x0000014ee2d0619c method=com.sun.tools.javac.tree.JCTree$JCIf.accept(Lcom/sun/tools/javac/tree/JCTree$Visitor;)V @ 2 c2
Event: 10.270 Thread 0x0000014ed4f318b0 DEOPT PACKING pc=0x0000014ee2d0619c sp=0x0000003c207fd350
Event: 10.270 Thread 0x0000014ed4f318b0 DEOPT UNPACKING pc=0x0000014ee2104422 sp=0x0000003c207fd2f8 mode 2
Event: 10.270 Thread 0x0000014ed4f318b0 Uncommon trap: trap_request=0xffffffc6 fr.pc=0x0000014ee2d1247c relative=0x000000000000027c
Event: 10.270 Thread 0x0000014ed4f318b0 Uncommon trap: reason=bimorphic_or_optimized_type_check action=maybe_recompile pc=0x0000014ee2d1247c method=com.sun.tools.javac.tree.TreeScanner.visitIf(Lcom/sun/tools/javac/tree/JCTree$JCIf;)V @ 5 c2
Event: 10.270 Thread 0x0000014ed4f318b0 DEOPT PACKING pc=0x0000014ee2d1247c sp=0x0000003c207fd2c0
Event: 10.270 Thread 0x0000014ed4f318b0 DEOPT UNPACKING pc=0x0000014ee2104422 sp=0x0000003c207fd288 mode 2
Event: 10.270 Thread 0x0000014ed4f318b0 Uncommon trap: trap_request=0xffffffc6 fr.pc=0x0000014ee2907c34 relative=0x00000000000000f4
Event: 10.270 Thread 0x0000014ed4f318b0 Uncommon trap: reason=bimorphic_or_optimized_type_check action=maybe_recompile pc=0x0000014ee2907c34 method=com.sun.tools.javac.tree.JCTree$JCParens.accept(Lcom/sun/tools/javac/tree/JCTree$Visitor;)V @ 2 c2
Event: 10.270 Thread 0x0000014ed4f318b0 DEOPT PACKING pc=0x0000014ee2907c34 sp=0x0000003c207fd240
Event: 10.270 Thread 0x0000014ed4f318b0 DEOPT UNPACKING pc=0x0000014ee2104422 sp=0x0000003c207fd1e8 mode 2
Event: 10.278 Thread 0x0000014ed4f318b0 Uncommon trap: trap_request=0xffffff45 fr.pc=0x0000014ee28f4ec0 relative=0x0000000000000a80
Event: 10.278 Thread 0x0000014ed4f318b0 Uncommon trap: reason=unstable_if action=reinterpret pc=0x0000014ee28f4ec0 method=com.sun.tools.javac.comp.Check.validateAnnotation(Lcom/sun/tools/javac/tree/JCTree$JCAnnotation;Lcom/sun/tools/javac/tree/JCTree;Lcom/sun/tools/javac/code/Symbol;)V @ 766 c2
Event: 10.278 Thread 0x0000014ed4f318b0 DEOPT PACKING pc=0x0000014ee28f4ec0 sp=0x0000003c207fd5a0
Event: 10.278 Thread 0x0000014ed4f318b0 DEOPT UNPACKING pc=0x0000014ee2104422 sp=0x0000003c207fd4f8 mode 2

Classes loaded (20 events):
Event: 6.149 Loading class java/util/IdentityHashMap$EntrySet
Event: 6.149 Loading class java/util/IdentityHashMap$EntrySet done
Event: 6.150 Loading class java/util/IdentityHashMap$EntryIterator
Event: 6.150 Loading class java/util/IdentityHashMap$EntryIterator done
Event: 6.150 Loading class java/util/IdentityHashMap$EntryIterator$Entry
Event: 6.151 Loading class java/util/IdentityHashMap$EntryIterator$Entry done
Event: 6.162 Loading class java/util/function/UnaryOperator
Event: 6.162 Loading class java/util/function/UnaryOperator done
Event: 6.172 Loading class java/util/regex/Pattern$Caret
Event: 6.172 Loading class java/util/regex/Pattern$Caret done
Event: 7.063 Loading class java/util/regex/Pattern$SliceI
Event: 7.063 Loading class java/util/regex/Pattern$SliceI done
Event: 7.065 Loading class java/util/regex/Pattern$Loop
Event: 7.065 Loading class java/util/regex/Pattern$Loop done
Event: 7.065 Loading class java/util/regex/Pattern$Prolog
Event: 7.065 Loading class java/util/regex/Pattern$Prolog done
Event: 7.137 Loading class java/util/regex/Pattern$LazyLoop
Event: 7.137 Loading class java/util/regex/Pattern$LazyLoop done
Event: 8.145 Loading class java/util/regex/Pattern$End
Event: 8.145 Loading class java/util/regex/Pattern$End done

Classes unloaded (0 events):
No events

Classes redefined (0 events):
No events

Internal exceptions (20 events):
Event: 7.073 Thread 0x0000014ed4f318b0 Exception <a 'java/lang/NoSuchMethodError'{0x000000071ce1ee00}: 'java.lang.Object java.lang.invoke.DirectMethodHandle$Holder.invokeVirtual(java.lang.Object, java.lang.Object, java.lang.Object, java.lang.Object, java.lang.Object, java.lang.Object, java.lang.Object, java.lang.Object)'> (0x000000071ce1ee00) 
thrown [s\src\hotspot\share\interpreter\linkResolver.cpp, line 773]
Event: 7.075 Thread 0x0000014ed4f318b0 Exception <a 'java/lang/NoSuchMethodError'{0x000000071ce39cd8}: 'java.lang.Object java.lang.invoke.DirectMethodHandle$Holder.invokeStatic(java.lang.Object, java.lang.Object, int)'> (0x000000071ce39cd8) 
thrown [s\src\hotspot\share\interpreter\linkResolver.cpp, line 773]
Event: 7.075 Thread 0x0000014ed4f318b0 Exception <a 'java/lang/NoSuchMethodError'{0x000000071ce3e400}: 'void java.lang.invoke.DirectMethodHandle$Holder.invokeStatic(java.lang.Object, java.lang.Object, int, java.lang.Object)'> (0x000000071ce3e400) 
thrown [s\src\hotspot\share\interpreter\linkResolver.cpp, line 773]
Event: 7.075 Thread 0x0000014ed4f318b0 Exception <a 'java/lang/NoSuchMethodError'{0x000000071ce457a8}: 'void java.lang.invoke.DelegatingMethodHandle$Holder.delegate(java.lang.Object, java.lang.Object, int, java.lang.Object)'> (0x000000071ce457a8) 
thrown [s\src\hotspot\share\interpreter\linkResolver.cpp, line 773]
Event: 7.092 Thread 0x0000014ed4f318b0 Exception <a 'java/lang/NoSuchMethodError'{0x000000071cf6eb60}: 'java.lang.Object java.lang.invoke.DirectMethodHandle$Holder.invokeVirtual(java.lang.Object, java.lang.Object, java.lang.Object, java.lang.Object, java.lang.Object, java.lang.Object)'> (0x000000071cf6eb60) 
thrown [s\src\hotspot\share\interpreter\linkResolver.cpp, line 773]
Event: 7.093 Thread 0x0000014ed4f318b0 Implicit null exception at 0x0000014ee2a500fd to 0x0000014ee2a50270
Event: 7.094 Thread 0x0000014ed4f318b0 Exception <a 'java/lang/NoSuchMethodError'{0x000000071cf91868}: 'void java.lang.invoke.DirectMethodHandle$Holder.invokeVirtual(java.lang.Object, java.lang.Object, java.lang.Object, java.lang.Object)'> (0x000000071cf91868) 
thrown [s\src\hotspot\share\interpreter\linkResolver.cpp, line 773]
Event: 7.108 Thread 0x0000014ed4f318b0 Exception <a 'java/lang/NoSuchMethodError'{0x000000071cc2fc98}: 'java.lang.Object java.lang.invoke.DirectMethodHandle$Holder.invokeSpecial(java.lang.Object, java.lang.Object, java.lang.Object, long, java.lang.Object)'> (0x000000071cc2fc98) 
thrown [s\src\hotspot\share\interpreter\linkResolver.cpp, line 773]
Event: 7.108 Thread 0x0000014ed4f318b0 Exception <a 'java/lang/NoSuchMethodError'{0x000000071cc33978}: 'java.lang.Object java.lang.invoke.DelegatingMethodHandle$Holder.reinvoke_L(java.lang.Object, java.lang.Object, long, java.lang.Object)'> (0x000000071cc33978) 
thrown [s\src\hotspot\share\interpreter\linkResolver.cpp, line 773]
Event: 7.110 Thread 0x0000014ed4f318b0 Exception <a 'java/lang/NoSuchMethodError'{0x000000071cc48578}: 'java.lang.Object java.lang.invoke.DirectMethodHandle$Holder.invokeVirtual(java.lang.Object, java.lang.Object, java.lang.Object, java.lang.Object, java.lang.Object, java.lang.Object, java.lang.Object, java.lang.Object, java.lang.Object, java.lang.Object)'> (0x000000071cc48578) 
thrown [s\src\hotspot\share\interpreter\linkResolver.cpp, line 773]
Event: 7.154 Thread 0x0000014ed4f318b0 Exception <a 'java/lang/NoSuchMethodError'{0x000000071cb02e50}: 'java.lang.Object java.lang.invoke.DirectMethodHandle$Holder.invokeVirtual(java.lang.Object, java.lang.Object, java.lang.Object, java.lang.Object, java.lang.Object, java.lang.Object, java.lang.Object)'> (0x000000071cb02e50) 
thrown [s\src\hotspot\share\interpreter\linkResolver.cpp, line 773]
Event: 7.161 Thread 0x0000014ed4f318b0 Exception <a 'java/lang/NoSuchMethodError'{0x000000071cb5b570}: 'java.lang.Object java.lang.invoke.DirectMethodHandle$Holder.invokeVirtual(java.lang.Object, java.lang.Object, java.lang.Object, java.lang.Object, java.lang.Object)'> (0x000000071cb5b570) 
thrown [s\src\hotspot\share\interpreter\linkResolver.cpp, line 773]
Event: 7.166 Thread 0x0000014ed4f318b0 Implicit null exception at 0x0000014ee2a61261 to 0x0000014ee2a61810
Event: 7.235 Thread 0x0000014ed4f318b0 Exception <a 'java/lang/NoSuchMethodError'{0x000000071be26760}: 'int java.lang.invoke.Invokers$Holder.invokeExact_MT(java.lang.Object, java.lang.Object, java.lang.Object)'> (0x000000071be26760) 
thrown [s\src\hotspot\share\interpreter\linkResolver.cpp, line 773]
Event: 8.054 Thread 0x0000014ed4f318b0 Implicit null exception at 0x0000014ee2907281 to 0x0000014ee29079f1
Event: 9.979 Thread 0x0000014ed4f318b0 Exception <a 'sun/nio/fs/WindowsException'{0x000000071fa077b8}> (0x000000071fa077b8) 
thrown [s\src\hotspot\share\prims\jni.cpp, line 520]
Event: 9.979 Thread 0x0000014ed4f318b0 Exception <a 'sun/nio/fs/WindowsException'{0x000000071fa081a0}> (0x000000071fa081a0) 
thrown [s\src\hotspot\share\prims\jni.cpp, line 520]
Event: 9.979 Thread 0x0000014ed4f318b0 Exception <a 'sun/nio/fs/WindowsException'{0x000000071fa08c68}> (0x000000071fa08c68) 
thrown [s\src\hotspot\share\prims\jni.cpp, line 520]
Event: 10.080 Thread 0x0000014ed4f318b0 Implicit null exception at 0x0000014ee2e7a36d to 0x0000014ee2e7b7f4
Event: 10.080 Thread 0x0000014ed4f318b0 Implicit null exception at 0x0000014ee2e8ad40 to 0x0000014ee2e8af33

ZGC Phase Switch (0 events):
No events

VM Operations (20 events):
Event: 8.561 Executing safepoint VM operation: G1PauseRemark done
Event: 8.598 Executing safepoint VM operation: G1PauseCleanup
Event: 8.598 Executing safepoint VM operation: G1PauseCleanup done
Event: 8.896 Executing safepoint VM operation: G1CollectForAllocation (G1 Evacuation Pause)
Event: 8.914 Executing safepoint VM operation: G1CollectForAllocation (G1 Evacuation Pause) done
Event: 9.287 Executing safepoint VM operation: G1CollectForAllocation (G1 Evacuation Pause)
Event: 9.313 Executing safepoint VM operation: G1CollectForAllocation (G1 Evacuation Pause) done
Event: 9.317 Executing safepoint VM operation: G1TryInitiateConcMark (G1 Humongous Allocation)
Event: 9.332 Executing safepoint VM operation: G1TryInitiateConcMark (G1 Humongous Allocation) done
Event: 9.409 Executing safepoint VM operation: G1PauseRemark
Event: 9.413 Executing safepoint VM operation: G1PauseRemark done
Event: 9.470 Executing safepoint VM operation: G1PauseCleanup
Event: 9.470 Executing safepoint VM operation: G1PauseCleanup done
Event: 9.670 Executing safepoint VM operation: G1CollectForAllocation (G1 Evacuation Pause)
Event: 9.684 Executing safepoint VM operation: G1CollectForAllocation (G1 Evacuation Pause) done
Event: 10.001 Executing safepoint VM operation: ICBufferFull
Event: 10.001 Executing safepoint VM operation: ICBufferFull done
Event: 10.043 Executing safepoint VM operation: G1CollectForAllocation (G1 Evacuation Pause)
Event: 10.064 Executing safepoint VM operation: G1CollectForAllocation (G1 Evacuation Pause) done
Event: 10.352 Executing safepoint VM operation: G1CollectForAllocation (G1 Evacuation Pause)

Memory protections (0 events):
No events

Nmethod flushes (20 events):
Event: 9.413 Thread 0x0000014ef21cecb0 flushing  nmethod 0x0000014edb49dc90
Event: 9.413 Thread 0x0000014ef21cecb0 flushing  nmethod 0x0000014edba92810
Event: 9.413 Thread 0x0000014ef21cecb0 flushing  nmethod 0x0000014edba9bc90
Event: 9.413 Thread 0x0000014ef21cecb0 flushing  nmethod 0x0000014edba9ec10
Event: 9.413 Thread 0x0000014ef21cecb0 flushing  nmethod 0x0000014edba9f790
Event: 9.413 Thread 0x0000014ef21cecb0 flushing  nmethod 0x0000014edba9fc10
Event: 9.413 Thread 0x0000014ef21cecb0 flushing  nmethod 0x0000014edbd60c10
Event: 9.413 Thread 0x0000014ef21cecb0 flushing  nmethod 0x0000014edbd63090
Event: 9.413 Thread 0x0000014ef21cecb0 flushing  nmethod 0x0000014edbd65c10
Event: 9.413 Thread 0x0000014ef21cecb0 flushing  nmethod 0x0000014edbd6ef90
Event: 9.413 Thread 0x0000014ef21cecb0 flushing  nmethod 0x0000014edbd76010
Event: 9.413 Thread 0x0000014ef21cecb0 flushing  nmethod 0x0000014edbdbbf90
Event: 9.413 Thread 0x0000014ef21cecb0 flushing  nmethod 0x0000014edbdce710
Event: 9.413 Thread 0x0000014ef21cecb0 flushing  nmethod 0x0000014edbde5210
Event: 9.413 Thread 0x0000014ef21cecb0 flushing  nmethod 0x0000014edaeb7f90
Event: 9.413 Thread 0x0000014ef21cecb0 flushing  nmethod 0x0000014edaefdf90
Event: 9.413 Thread 0x0000014ef21cecb0 flushing  nmethod 0x0000014edb731990
Event: 9.413 Thread 0x0000014ef21cecb0 flushing  nmethod 0x0000014edbc8e690
Event: 9.413 Thread 0x0000014ef21cecb0 flushing  nmethod 0x0000014edbdd2390
Event: 9.413 Thread 0x0000014ef21cecb0 flushing  nmethod 0x0000014edbdd2e10

Events (20 events):
Event: 0.049 Thread 0x0000014ed4f318b0 Thread added: 0x0000014ef21f0c30
Event: 0.050 Thread 0x0000014ed4f318b0 Thread added: 0x0000014ef21f2d00
Event: 0.092 Thread 0x0000014ef23d54d0 Thread added: 0x0000014ef2551f40
Event: 0.130 Thread 0x0000014ef2551f40 Thread added: 0x0000014ef26471b0
Event: 0.130 Thread 0x0000014ef2551f40 Thread added: 0x0000014ef26aa3e0
Event: 0.159 Thread 0x0000014ed4f318b0 Thread added: 0x0000014ef21f3390
Event: 0.173 Thread 0x0000014ef21f3390 Thread exited: 0x0000014ef21f3390
Event: 0.299 Thread 0x0000014ef2551f40 Thread added: 0x0000014ef29f6a20
Event: 0.536 Thread 0x0000014ef23d54d0 Thread added: 0x0000014ef719bd10
Event: 2.538 Thread 0x0000014ef719bd10 Thread exited: 0x0000014ef719bd10
Event: 2.615 Thread 0x0000014ef26aa3e0 Thread exited: 0x0000014ef26aa3e0
Event: 2.713 Thread 0x0000014ef29f6a20 Thread added: 0x0000014ef8939110
Event: 3.911 Thread 0x0000014ef22073f0 Thread added: 0x0000014ef8939eb0
Event: 3.970 Thread 0x0000014ef2207eb0 Thread added: 0x0000014ef8936830
Event: 9.042 Thread 0x0000014ef8936830 Thread exited: 0x0000014ef8936830
Event: 9.517 Thread 0x0000014ef8939eb0 Thread exited: 0x0000014ef8939eb0
Event: 9.517 Thread 0x0000014ef26471b0 Thread exited: 0x0000014ef26471b0
Event: 9.517 Thread 0x0000014ef8939110 Thread exited: 0x0000014ef8939110
Event: 9.936 Thread 0x0000014ef29f6a20 Thread added: 0x0000014ef8938370
Event: 9.936 Thread 0x0000014ef29f6a20 Thread added: 0x0000014ef8939110


Dynamic libraries:
0x00007ff776450000 - 0x00007ff77645e000 	C:\Users\sesol\.p2\pool\plugins\org.eclipse.justj.openjdk.hotspot.jre.full.win32.x86_64_21.0.10.v20260205-0638\jre\bin\javaw.exe
0x00007fffd7460000 - 0x00007fffd76c6000 	C:\Windows\SYSTEM32\ntdll.dll
0x00007fffd6010000 - 0x00007fffd60d9000 	C:\Windows\System32\KERNEL32.DLL
0x00007fffd4a50000 - 0x00007fffd4e4a000 	C:\Windows\System32\KERNELBASE.dll
0x00007fffd4900000 - 0x00007fffd4a4c000 	C:\Windows\System32\ucrtbase.dll
0x00007fffa6f30000 - 0x00007fffa6f48000 	C:\Users\sesol\.p2\pool\plugins\org.eclipse.justj.openjdk.hotspot.jre.full.win32.x86_64_21.0.10.v20260205-0638\jre\bin\jli.dll
0x00007fffd6440000 - 0x00007fffd6607000 	C:\Windows\System32\USER32.dll
0x00007fffd46f0000 - 0x00007fffd4717000 	C:\Windows\System32\win32u.dll
0x00007fffd5ee0000 - 0x00007fffd5f0b000 	C:\Windows\System32\GDI32.dll
0x00007fffbd9c0000 - 0x00007fffbdc52000 	C:\Windows\WinSxS\amd64_microsoft.windows.common-controls_6595b64144ccf1df_6.0.26100.8521_none_3e08b75ce33403b3\COMCTL32.dll
0x00007fffd5690000 - 0x00007fffd5739000 	C:\Windows\System32\msvcrt.dll
0x00007fffd47d0000 - 0x00007fffd48fb000 	C:\Windows\System32\gdi32full.dll
0x00007fffd4720000 - 0x00007fffd47c3000 	C:\Windows\System32\msvcp_win.dll
0x00007fffa3090000 - 0x00007fffa30ae000 	C:\Users\sesol\.p2\pool\plugins\org.eclipse.justj.openjdk.hotspot.jre.full.win32.x86_64_21.0.10.v20260205-0638\jre\bin\VCRUNTIME140.dll
0x00007fffd5d00000 - 0x00007fffd5d32000 	C:\Windows\System32\IMM32.DLL
0x00007fffa53c0000 - 0x00007fffa53cc000 	C:\Users\sesol\.p2\pool\plugins\org.eclipse.justj.openjdk.hotspot.jre.full.win32.x86_64_21.0.10.v20260205-0638\jre\bin\vcruntime140_1.dll
0x00007fffa3000000 - 0x00007fffa308d000 	C:\Users\sesol\.p2\pool\plugins\org.eclipse.justj.openjdk.hotspot.jre.full.win32.x86_64_21.0.10.v20260205-0638\jre\bin\msvcp140.dll
0x00007ffee5af0000 - 0x00007ffee6891000 	C:\Users\sesol\.p2\pool\plugins\org.eclipse.justj.openjdk.hotspot.jre.full.win32.x86_64_21.0.10.v20260205-0638\jre\bin\server\jvm.dll
0x00007fffd62c0000 - 0x00007fffd6376000 	C:\Windows\System32\ADVAPI32.dll
0x00007fffd66a0000 - 0x00007fffd674a000 	C:\Windows\System32\sechost.dll
0x00007fffd5740000 - 0x00007fffd5858000 	C:\Windows\System32\RPCRT4.dll
0x00007fffd6610000 - 0x00007fffd6690000 	C:\Windows\System32\WS2_32.dll
0x00007fffd4550000 - 0x00007fffd45ae000 	C:\Windows\SYSTEM32\POWRPROF.dll
0x00007fffcb0c0000 - 0x00007fffcb0f6000 	C:\Windows\SYSTEM32\WINMM.dll
0x00007fffccfd0000 - 0x00007fffccfdb000 	C:\Windows\SYSTEM32\VERSION.dll
0x00007fffd4530000 - 0x00007fffd4544000 	C:\Windows\SYSTEM32\UMPDC.dll
0x00007fffd3480000 - 0x00007fffd349b000 	C:\Windows\SYSTEM32\kernel.appcore.dll
0x00007fffa9060000 - 0x00007fffa906a000 	C:\Users\sesol\.p2\pool\plugins\org.eclipse.justj.openjdk.hotspot.jre.full.win32.x86_64_21.0.10.v20260205-0638\jre\bin\jimage.dll
0x00007fffcae00000 - 0x00007fffcb042000 	C:\Windows\SYSTEM32\DBGHELP.DLL
0x00007fffd51e0000 - 0x00007fffd5563000 	C:\Windows\System32\combase.dll
0x00007fffd5da0000 - 0x00007fffd5e79000 	C:\Windows\System32\OLEAUT32.dll
0x00007fffb7050000 - 0x00007fffb708b000 	C:\Windows\SYSTEM32\dbgcore.DLL
0x00007fffd4e50000 - 0x00007fffd4ef8000 	C:\Windows\System32\bcryptPrimitives.dll
0x00007fffa7040000 - 0x00007fffa7060000 	C:\Users\sesol\.p2\pool\plugins\org.eclipse.justj.openjdk.hotspot.jre.full.win32.x86_64_21.0.10.v20260205-0638\jre\bin\java.dll
0x00007fffd68f0000 - 0x00007fffd7074000 	C:\Windows\System32\SHELL32.dll
0x00007fffd2280000 - 0x00007fffd2b00000 	C:\Windows\SYSTEM32\windows.storage.dll
0x00007fffd5570000 - 0x00007fffd5666000 	C:\Windows\System32\SHCORE.dll
0x00007fffd5fa0000 - 0x00007fffd6007000 	C:\Windows\System32\shlwapi.dll
0x00007fffd4610000 - 0x00007fffd4639000 	C:\Windows\SYSTEM32\profapi.dll
0x00007fffa6f10000 - 0x00007fffa6f28000 	C:\Users\sesol\.p2\pool\plugins\org.eclipse.justj.openjdk.hotspot.jre.full.win32.x86_64_21.0.10.v20260205-0638\jre\bin\zip.dll
0x00007fffa9070000 - 0x00007fffa9080000 	C:\Users\sesol\.p2\pool\plugins\org.eclipse.justj.openjdk.hotspot.jre.full.win32.x86_64_21.0.10.v20260205-0638\jre\bin\net.dll
0x00007fffcd980000 - 0x00007fffcdaa9000 	C:\Windows\SYSTEM32\WINHTTP.dll
0x00007fffd39f0000 - 0x00007fffd3a5c000 	C:\Windows\system32\mswsock.dll
0x00007fffa6ef0000 - 0x00007fffa6f06000 	C:\Users\sesol\.p2\pool\plugins\org.eclipse.justj.openjdk.hotspot.jre.full.win32.x86_64_21.0.10.v20260205-0638\jre\bin\nio.dll
0x00007fffa2fd0000 - 0x00007fffa2ff4000 	C:\Users\sesol\AppData\Local\Temp\jansi-2.4.2-28c469456affd8f6-jansi.dll
0x00007fffa7030000 - 0x00007fffa7040000 	C:\Users\sesol\.p2\pool\plugins\org.eclipse.justj.openjdk.hotspot.jre.full.win32.x86_64_21.0.10.v20260205-0638\jre\bin\verify.dll
0x00007fffd2f70000 - 0x00007fffd2fa3000 	C:\Windows\SYSTEM32\IPHLPAPI.DLL
0x00007fffd5cf0000 - 0x00007fffd5cfa000 	C:\Windows\System32\NSI.dll
0x00007fffa6ed0000 - 0x00007fffa6ed9000 	C:\Users\sesol\.p2\pool\plugins\org.eclipse.justj.openjdk.hotspot.jre.full.win32.x86_64_21.0.10.v20260205-0638\jre\bin\extnet.dll
0x00007fffd35a0000 - 0x00007fffd35d6000 	C:\Windows\SYSTEM32\ntmarta.dll

JVMTI agents: none

dbghelp: loaded successfully - version: 4.0.5 - missing functions: none
symbol engine: initialized successfully - sym options: 0x614 - pdb path: .;C:\Users\sesol\.p2\pool\plugins\org.eclipse.justj.openjdk.hotspot.jre.full.win32.x86_64_21.0.10.v20260205-0638\jre\bin;C:\Windows\SYSTEM32;C:\Windows\WinSxS\amd64_microsoft.windows.common-controls_6595b64144ccf1df_6.0.26100.8521_none_3e08b75ce33403b3;C:\Users\sesol\.p2\pool\plugins\org.eclipse.justj.openjdk.hotspot.jre.full.win32.x86_64_21.0.10.v20260205-0638\jre\bin\server;C:\Users\sesol\AppData\Local\Temp

VM Arguments:
jvm_args: -Dmaven.home=EMBEDDED -Dclassworlds.conf=C:\Users\sesol\eclipse-workspace\.metadata\.plugins\org.eclipse.m2e.launching\launches\m2conf3366347724979747354.tmp -Dmaven.multiModuleProjectDirectory=C:\IstlReact\istlReact\istl_group_crm\Istl_group_crm_backend -Dm2e.build.project.data.socket.port=63680 -Dfile.encoding=UTF-8 -Dstdout.encoding=UTF-8 -Dstderr.encoding=UTF-8 -XX:+ShowCodeDetailsInExceptionMessages 
java_command: org.codehaus.plexus.classworlds.launcher.Launcher -B -Dstyle.color=always clean install
java_class_path (initial): C:\Users\sesol\.p2\pool\plugins\org.eclipse.m2e.maven.runtime_3.9.1200.20260112-2306\jars\plexus-classworlds-2.9.0.jar
Launcher Type: SUN_STANDARD

[Global flags]
     intx CICompilerCount                          = 12                                        {product} {ergonomic}
     uint ConcGCThreads                            = 3                                         {product} {ergonomic}
     uint G1ConcRefinementThreads                  = 13                                        {product} {ergonomic}
   size_t G1HeapRegionSize                         = 2097152                                   {product} {ergonomic}
    uintx GCDrainStackTargetSize                   = 64                                        {product} {ergonomic}
   size_t InitialHeapSize                          = 264241152                                 {product} {ergonomic}
   size_t MarkStackSize                            = 4194304                                   {product} {ergonomic}
   size_t MaxHeapSize                              = 4206886912                                {product} {ergonomic}
   size_t MaxNewSize                               = 2522873856                                {product} {ergonomic}
   size_t MinHeapDeltaBytes                        = 2097152                                   {product} {ergonomic}
   size_t MinHeapSize                              = 8388608                                   {product} {ergonomic}
    uintx NonNMethodCodeHeapSize                   = 7602480                                {pd product} {ergonomic}
    uintx NonProfiledCodeHeapSize                  = 122027880                              {pd product} {ergonomic}
    uintx ProfiledCodeHeapSize                     = 122027880                              {pd product} {ergonomic}
    uintx ReservedCodeCacheSize                    = 251658240                              {pd product} {ergonomic}
     bool SegmentedCodeCache                       = true                                      {product} {ergonomic}
     bool ShowCodeDetailsInExceptionMessages       = true                                   {manageable} {command line}
   size_t SoftMaxHeapSize                          = 4206886912                             {manageable} {ergonomic}
     bool UseCompressedOops                        = true                           {product lp64_product} {ergonomic}
     bool UseG1GC                                  = true                                      {product} {ergonomic}
     bool UseLargePagesIndividualAllocation        = false                                  {pd product} {ergonomic}

Logging:
Log output configuration:
 #0: stdout all=warning uptime,level,tags foldmultilines=false
 #1: stderr all=off uptime,level,tags foldmultilines=false

Release file:
JAVA_VERSION="21.0.10" 
MODULES="java.base java.compiler java.datatransfer java.xml java.prefs java.desktop java.instrument java.logging java.management java.security.sasl java.naming java.rmi java.management.rmi java.net.http java.scripting java.security.jgss java.transaction.xa java.sql java.sql.rowset java.xml.crypto java.se java.smartcardio jdk.accessibility jdk.internal.jvmstat jdk.attach jdk.charsets jdk.internal.opt jdk.zipfs jdk.compiler jdk.crypto.ec jdk.crypto.cryptoki jdk.crypto.mscapi jdk.dynalink jdk.internal.ed jdk.editpad jdk.hotspot.agent jdk.httpserver jdk.internal.le jdk.internal.vm.ci jdk.internal.vm.compiler jdk.internal.vm.compiler.management jdk.jartool jdk.javadoc jdk.jcmd jdk.management jdk.management.agent jdk.jconsole jdk.jdeps jdk.jdwp.agent jdk.jdi jdk.jfr jdk.jshell jdk.jsobject jdk.jstatd jdk.localedata jdk.management.jfr jdk.naming.dns jdk.naming.rmi jdk.net jdk.nio.mapmode jdk.random jdk.sctp jdk.security.auth jdk.security.jgss jdk.unsupported jdk.unsupported.desktop jdk.xml.dom" 

Environment Variables:
JAVA_HOME=C:\Program Files\Java\jdk-21.0.10
PATH=C:/Users/sesol/.p2/pool/plugins/org.eclipse.justj.openjdk.hotspot.jre.full.win32.x86_64_21.0.10.v20260205-0638/jre/bin/server;C:/Users/sesol/.p2/pool/plugins/org.eclipse.justj.openjdk.hotspot.jre.full.win32.x86_64_21.0.10.v20260205-0638/jre/bin;C:\Program Files\Eclipse Adoptium\jdk-21.0.11.10-hotspot\bin;C:\Program Files\Common Files\Oracle\Java\javapath;C:\Windows\system32;C:\Windows;C:\Windows\System32\Wbem;C:\Windows\System32\WindowsPowerShell\v1.0\;C:\Windows\System32\OpenSSH\;C:\Program Files\Git\cmd;C:\Program Files\nodejs\;C:\Program Files\Java\jdk-21.0.10\bin;C:\Program Files\MySQL\MySQL Shell 8.0\bin\;C:\Users\sesol\AppData\Local\Microsoft\WindowsApps;C:\Users\sesol\AppData\Local\Programs\Microsoft VS Code\bin;C:\Users\sesol\AppData\Roaming\npm;C:\Users\sesol\eclipse\java-2026-03\eclipse;
USERNAME=sesol
OS=Windows_NT
PROCESSOR_IDENTIFIER=Intel64 Family 6 Model 186 Stepping 2, GenuineIntel
TMP=C:\Users\sesol\AppData\Local\Temp
TEMP=C:\Users\sesol\AppData\Local\Temp




Periodic native trim disabled

---------------  S Y S T E M  ---------------

OS:
 Windows 11 , 64 bit Build 26100 (10.0.26100.8521)
OS uptime: 0 days 18:33 hours
Hyper-V role detected

CPU: total 16 (initial active 16) (8 cores per cpu, 2 threads per core) family 6 model 186 stepping 2 microcode 0x6134, cx8, cmov, fxsr, ht, mmx, 3dnowpref, sse, sse2, sse3, ssse3, sse4.1, sse4.2, popcnt, lzcnt, tsc, tscinvbit, avx, avx2, aes, erms, clmul, bmi1, bmi2, adx, sha, fma, vzeroupper, clflush, clflushopt, clwb, hv, serialize, rdtscp, rdpid, fsrm, f16c, cet_ibt, cet_ss
Processor Information for processor 0
  Max Mhz: 2400, Current Mhz: 2400, Mhz Limit: 2400
Processor Information for processor 1
  Max Mhz: 2400, Current Mhz: 2400, Mhz Limit: 2400
Processor Information for processor 2
  Max Mhz: 2400, Current Mhz: 2400, Mhz Limit: 2400
Processor Information for processor 3
  Max Mhz: 2400, Current Mhz: 2400, Mhz Limit: 2400
Processor Information for processor 4
  Max Mhz: 2400, Current Mhz: 2400, Mhz Limit: 2400
Processor Information for processor 5
  Max Mhz: 2400, Current Mhz: 2400, Mhz Limit: 2400
Processor Information for processor 6
  Max Mhz: 2400, Current Mhz: 2400, Mhz Limit: 2400
Processor Information for processor 7
  Max Mhz: 2400, Current Mhz: 2400, Mhz Limit: 2400
Processor Information for processor 8
  Max Mhz: 2400, Current Mhz: 2400, Mhz Limit: 2400
Processor Information for processor 9
  Max Mhz: 2400, Current Mhz: 2400, Mhz Limit: 2400
Processor Information for processor 10
  Max Mhz: 2400, Current Mhz: 2400, Mhz Limit: 2400
Processor Information for processor 11
  Max Mhz: 2400, Current Mhz: 2400, Mhz Limit: 2400
Processor Information for processor 12
  Max Mhz: 2400, Current Mhz: 2400, Mhz Limit: 2400
Processor Information for processor 13
  Max Mhz: 2400, Current Mhz: 1466, Mhz Limit: 2400
Processor Information for processor 14
  Max Mhz: 2400, Current Mhz: 2400, Mhz Limit: 2400
Processor Information for processor 15
  Max Mhz: 2400, Current Mhz: 1466, Mhz Limit: 2400

Memory: 4k page, system-wide physical 16044M (1222M free)
TotalPageFile size 24236M (AvailPageFile size 250M)
current process WorkingSet (physical memory assigned to process): 839M, peak: 917M
current process commit charge ("private bytes"): 886M, peak: 1184M

vm_info: OpenJDK 64-Bit Server VM (21.0.10+7-LTS) for windows-amd64 JRE (21.0.10+7-LTS), built on 2026-01-20T00:00:00Z by "admin" with MS VC++ 17.12 (VS2022)

END.
