#
# There is insufficient memory for the Java Runtime Environment to continue.
# Native memory allocation (mmap) failed to map 264241152 bytes for G1 virtual space
# Possible reasons:
#   The system is out of physical RAM or swap space
#   The process is running with CompressedOops enabled, and the Java Heap may be blocking the growth of the native heap
# Possible solutions:
#   Reduce memory load on the system
#   Increase physical memory or swap space
#   Check if swap backing store is full
#   Decrease Java heap size (-Xmx/-Xms)
#   Decrease number of Java threads
#   Decrease Java thread stack sizes (-Xss)
#   Set larger code cache with -XX:ReservedCodeCacheSize=
#   JVM is running with Zero Based Compressed Oops mode in which the Java heap is
#     placed in the first 32GB address space. The Java Heap base address is the
#     maximum limit for the native heap growth. Please use -XX:HeapBaseMinAddress
#     to set the Java Heap base and to place the Java Heap above 32GB virtual address.
# This output file may be truncated or incomplete.
#
#  Out of Memory Error (os_windows.cpp:3604), pid=18736, tid=19524
#
# JRE version:  (21.0.10+8) (build )
# Java VM: Java HotSpot(TM) 64-Bit Server VM (21.0.10+8-LTS-217, mixed mode, sharing, tiered, compressed oops, compressed class ptrs, g1 gc, windows-amd64)
# No core dump will be written. Minidumps are not enabled by default on client versions of Windows
#

---------------  S U M M A R Y ------------

Command Line: C:\Users\sesol\AppData\Local\Temp\surefire10250183117486635607\surefirebooter-20260723175105323_3.jar C:\Users\sesol\AppData\Local\Temp\surefire10250183117486635607 2026-07-23T17-51-05_134-jvmRun1 surefire-20260723175105323_1tmp surefire_0-20260723175105323_2tmp

Host: 13th Gen Intel(R) Core(TM) i7-13620H, 16 cores, 15G,  Windows 11 , 64 bit Build 26100 (10.0.26100.8875)
Time: Thu Jul 23 17:51:06 2026 India Standard Time elapsed time: 1.138773 seconds (0d 0h 0m 1s)

---------------  T H R E A D  ---------------

Current thread (0x0000015c02d04c50):  JavaThread "Unknown thread" [_thread_in_vm, id=19524, stack(0x00000038f8300000,0x00000038f8400000) (1024K)]

Stack: [0x00000038f8300000,0x00000038f8400000]
Native frames: (J=compiled Java code, j=interpreted, Vv=VM code, C=native code)
V  [jvm.dll+0x6d0b59]
V  [jvm.dll+0x85fd56]
V  [jvm.dll+0x86224e]
V  [jvm.dll+0x862923]
V  [jvm.dll+0x282a16]
V  [jvm.dll+0x6cd405]
V  [jvm.dll+0x6c1f8a]
V  [jvm.dll+0x35bcc8]
V  [jvm.dll+0x363986]
V  [jvm.dll+0x3b4a3e]
V  [jvm.dll+0x3b4ce8]
V  [jvm.dll+0x32f98c]
V  [jvm.dll+0x3304db]
V  [jvm.dll+0x829d3e]
V  [jvm.dll+0x3c19d1]
V  [jvm.dll+0x812c0a]
V  [jvm.dll+0x4543d1]
V  [jvm.dll+0x455e21]
C  [jli.dll+0x5310]
C  [ucrtbase.dll+0x2cd30]
C  [KERNEL32.DLL+0x2e957]
C  [ntdll.dll+0xaad6c]


---------------  P R O C E S S  ---------------

Threads class SMR info:
_java_thread_list=0x00007ffce4b68c88, length=0, elements={
}

Java Threads: ( => current thread )
Total: 0

Other Threads:
  0x0000015c051be440 WorkerThread "GC Thread#0"                     [id=19132, stack(0x00000038f8400000,0x00000038f8500000) (1024K)]
  0x0000015c051cee00 ConcurrentGCThread "G1 Main Marker"            [id=3172, stack(0x00000038f8500000,0x00000038f8600000) (1024K)]
  0x0000015c051d16b0 WorkerThread "G1 Conc#0"                       [id=14172, stack(0x00000038f8600000,0x00000038f8700000) (1024K)]

[error occurred during error reporting (printing all threads), id 0xc0000005, EXCEPTION_ACCESS_VIOLATION (0xc0000005) at pc=0x00007ffce42d2447]
VM state: not at safepoint (not fully initialized)

VM Mutex/Monitor currently owned by a thread:  ([mutex/lock_event])
[0x00007ffce4bda010] Heap_lock - owner thread: 0x0000015c02d04c50

Heap address: 0x0000000705400000, size: 4012 MB, Compressed Oops mode: Zero based, Oop shift amount: 3

CDS archive(s) mapped at: [0x0000000000000000-0x0000000000000000-0x0000000000000000), size 0, SharedBaseAddress: 0x0000000800000000, ArchiveRelocationMode: 1.
Narrow klass base: 0x0000000000000000, Narrow klass shift: 0, Narrow klass range: 0x0

GC Precious Log:
 CardTable entry size: 512
 Card Set container configuration: InlinePtr #cards 4 size 8 Array Of Cards #cards 16 size 48 Howl #buckets 8 coarsen threshold 3686 Howl Bitmap #cards 512 size 80 coarsen threshold 460 Card regions per heap region 1 cards per card region 4096

Heap:
 garbage-first heap   total 0K, used 0K [0x0000000705400000, 0x0000000800000000)
  region size 2048K, 0 young (0K), 0 survivors (0K)

[error occurred during error reporting (printing heap information), id 0xc0000005, EXCEPTION_ACCESS_VIOLATION (0xc0000005) at pc=0x00007ffce46bac39]
GC Heap History (0 events):
No events

Dll operation events (1 events):
Event: 0.006 Loaded shared library C:\Program Files\Java\jdk-21.0.10\bin\java.dll

Deoptimization events (0 events):
No events

Classes loaded (0 events):
No events

Classes unloaded (0 events):
No events

Classes redefined (0 events):
No events

Internal exceptions (0 events):
No events

ZGC Phase Switch (0 events):
No events

VM Operations (0 events):
No events

Events (0 events):
No events


Dynamic libraries:
0x00007ff6255e0000 - 0x00007ff6255f0000 	C:\Program Files\Java\jdk-21.0.10\bin\java.exe
0x00007ffd97700000 - 0x00007ffd97966000 	C:\Windows\SYSTEM32\ntdll.dll
0x00007ffd96bd0000 - 0x00007ffd96c99000 	C:\Windows\System32\KERNEL32.DLL
0x00007ffd94ec0000 - 0x00007ffd952be000 	C:\Windows\System32\KERNELBASE.dll
0x00007ffd952d0000 - 0x00007ffd9541c000 	C:\Windows\System32\ucrtbase.dll
0x00007ffd88440000 - 0x00007ffd88459000 	C:\Program Files\Java\jdk-21.0.10\bin\jli.dll
0x00007ffd88410000 - 0x00007ffd8842e000 	C:\Program Files\Java\jdk-21.0.10\bin\VCRUNTIME140.dll
0x00007ffd97320000 - 0x00007ffd973d7000 	C:\Windows\System32\ADVAPI32.dll
0x00007ffd95870000 - 0x00007ffd95919000 	C:\Windows\System32\msvcrt.dll
0x00007ffd96d30000 - 0x00007ffd96dda000 	C:\Windows\System32\sechost.dll
0x00007ffd975a0000 - 0x00007ffd976b8000 	C:\Windows\System32\RPCRT4.dll
0x00007ffd96920000 - 0x00007ffd96ae7000 	C:\Windows\System32\USER32.dll
0x00007ffd949e0000 - 0x00007ffd94a07000 	C:\Windows\System32\win32u.dll
0x00007ffd95b80000 - 0x00007ffd95bab000 	C:\Windows\System32\GDI32.dll
0x00007ffd7fd90000 - 0x00007ffd80022000 	C:\Windows\WinSxS\amd64_microsoft.windows.common-controls_6595b64144ccf1df_6.0.26100.8875_none_3e0d5d42e32fe9dd\COMCTL32.dll
0x00007ffd94d90000 - 0x00007ffd94eba000 	C:\Windows\System32\gdi32full.dll
0x00007ffd94b90000 - 0x00007ffd94c33000 	C:\Windows\System32\msvcp_win.dll
0x00007ffd8dd40000 - 0x00007ffd8dd4b000 	C:\Windows\SYSTEM32\VERSION.dll
0x00007ffd97170000 - 0x00007ffd971a2000 	C:\Windows\System32\IMM32.DLL
0x00007ffd8da20000 - 0x00007ffd8da2c000 	C:\Program Files\Java\jdk-21.0.10\bin\vcruntime140_1.dll
0x00007ffd70240000 - 0x00007ffd702cd000 	C:\Program Files\Java\jdk-21.0.10\bin\msvcp140.dll
0x00007ffce3f90000 - 0x00007ffce4cb7000 	C:\Program Files\Java\jdk-21.0.10\bin\server\jvm.dll
0x00007ffd96360000 - 0x00007ffd963e0000 	C:\Windows\System32\WS2_32.dll
0x00007ffd94780000 - 0x00007ffd947de000 	C:\Windows\SYSTEM32\POWRPROF.dll
0x00007ffd8b410000 - 0x00007ffd8b446000 	C:\Windows\SYSTEM32\WINMM.dll
0x00007ffd94760000 - 0x00007ffd94774000 	C:\Windows\SYSTEM32\UMPDC.dll
0x00007ffd935d0000 - 0x00007ffd935eb000 	C:\Windows\SYSTEM32\kernel.appcore.dll
0x00007ffd88360000 - 0x00007ffd8836a000 	C:\Program Files\Java\jdk-21.0.10\bin\jimage.dll
0x00007ffd88630000 - 0x00007ffd88872000 	C:\Windows\SYSTEM32\DBGHELP.DLL
0x00007ffd96de0000 - 0x00007ffd97163000 	C:\Windows\System32\combase.dll
0x00007ffd96af0000 - 0x00007ffd96bc9000 	C:\Windows\System32\OLEAUT32.dll
0x00007ffd738e0000 - 0x00007ffd7391b000 	C:\Windows\SYSTEM32\dbgcore.DLL
0x00007ffd94c40000 - 0x00007ffd94cec000 	C:\Windows\System32\bcryptPrimitives.dll
0x00007ffd75fc0000 - 0x00007ffd75fe1000 	C:\Program Files\Java\jdk-21.0.10\bin\java.dll

dbghelp: loaded successfully - version: 4.0.5 - missing functions: none
symbol engine: initialized successfully - sym options: 0x614 - pdb path: .;C:\Program Files\Java\jdk-21.0.10\bin;C:\Windows\SYSTEM32;C:\Windows\WinSxS\amd64_microsoft.windows.common-controls_6595b64144ccf1df_6.0.26100.8875_none_3e0d5d42e32fe9dd;C:\Program Files\Java\jdk-21.0.10\bin\server

VM Arguments:
java_command: C:\Users\sesol\AppData\Local\Temp\surefire10250183117486635607\surefirebooter-20260723175105323_3.jar C:\Users\sesol\AppData\Local\Temp\surefire10250183117486635607 2026-07-23T17-51-05_134-jvmRun1 surefire-20260723175105323_1tmp surefire_0-20260723175105323_2tmp
java_class_path (initial): C:\Users\sesol\AppData\Local\Temp\surefire10250183117486635607\surefirebooter-20260723175105323_3.jar
Launcher Type: SUN_STANDARD

[Global flags]
     intx CICompilerCount                          = 12                                        {product} {ergonomic}
     uint ConcGCThreads                            = 3                                         {product} {ergonomic}
     uint G1ConcRefinementThreads                  = 13                                        {product} {ergonomic}
   size_t G1HeapRegionSize                         = 2097152                                   {product} {ergonomic}
    uintx GCDrainStackTargetSize                   = 64                                        {product} {ergonomic}
   size_t InitialHeapSize                          = 264241152                                 {product} {ergonomic}
   size_t MarkStackSize                            = 4194304                                   {product} {ergonomic}
   size_t MaxHeapSize                              = 4206886912                                {product} {ergonomic}
   size_t MinHeapDeltaBytes                        = 2097152                                   {product} {ergonomic}
   size_t MinHeapSize                              = 8388608                                   {product} {ergonomic}
    uintx NonNMethodCodeHeapSize                   = 7602480                                {pd product} {ergonomic}
    uintx NonProfiledCodeHeapSize                  = 122027880                              {pd product} {ergonomic}
    uintx ProfiledCodeHeapSize                     = 122027880                              {pd product} {ergonomic}
    uintx ReservedCodeCacheSize                    = 251658240                              {pd product} {ergonomic}
     bool SegmentedCodeCache                       = true                                      {product} {ergonomic}
   size_t SoftMaxHeapSize                          = 4206886912                             {manageable} {ergonomic}
     bool UseCompressedOops                        = true                           {product lp64_product} {ergonomic}
     bool UseG1GC                                  = true                                      {product} {ergonomic}
     bool UseLargePagesIndividualAllocation        = false                                  {pd product} {ergonomic}

Logging:
Log output configuration:
 #0: stdout all=warning uptime,level,tags foldmultilines=false
 #1: stderr all=off uptime,level,tags foldmultilines=false

Environment Variables:
JAVA_HOME=C:/Program Files/Java/jdk-21.0.10
PATH=C:\Users\sesol\bin;C:\Program Files\Git\mingw64\bin;C:\Program Files\Git\usr\local\bin;C:\Program Files\Git\usr\bin;C:\Program Files\Git\usr\bin;C:\Program Files\Git\mingw64\bin;C:\Program Files\Git\usr\bin;C:\Users\sesol\bin;C:\Program Files\Eclipse Adoptium\jdk-21.0.11.10-hotspot\bin;C:\Program Files\Common Files\Oracle\Java\javapath;C:\Windows\system32;C:\Windows;C:\Windows\System32\Wbem;C:\Windows\System32\WindowsPowerShell\v1.0;C:\Windows\System32\OpenSSH;C:\Program Files\Git\cmd;C:\Program Files\nodejs;C:\Program Files\Java\jdk-21.0.10\bin;C:\Program Files\MySQL\MySQL Shell 8.0\bin;C:\Users\sesol\AppData\Local\Microsoft\WindowsApps;C:\Users\sesol\AppData\Local\Programs\Microsoft VS Code\bin;C:\Users\sesol\AppData\Roaming\npm;C:\Program Files\Git\usr\bin\vendor_perl;C:\Program Files\Git\usr\bin\core_perl
USERNAME=sesol
SHELL=C:\Program Files\Git\usr\bin\bash.exe
TERM=xterm-256color
OS=Windows_NT
PROCESSOR_IDENTIFIER=Intel64 Family 6 Model 186 Stepping 2, GenuineIntel
TMP=C:\Users\sesol\AppData\Local\Temp
TEMP=C:\Users\sesol\AppData\Local\Temp




Periodic native trim disabled

---------------  S Y S T E M  ---------------

OS:
 Windows 11 , 64 bit Build 26100 (10.0.26100.8875)
OS uptime: 2 days 2:23 hours
Hyper-V role detected

CPU: total 16 (initial active 16) (8 cores per cpu, 2 threads per core) family 6 model 186 stepping 2 microcode 0x6134, cx8, cmov, fxsr, ht, mmx, 3dnowpref, sse, sse2, sse3, ssse3, sse4.1, sse4.2, popcnt, lzcnt, tsc, tscinvbit, avx, avx2, aes, erms, clmul, bmi1, bmi2, adx, sha, fma, vzeroupper, clflush, clflushopt, clwb, hv, serialize, rdtscp, rdpid, fsrm, f16c, cet_ibt, cet_ss
Processor Information for processor 0
  Max Mhz: 2400, Current Mhz: 2400, Mhz Limit: 2400
Processor Information for processor 1
  Max Mhz: 2400, Current Mhz: 2400, Mhz Limit: 2400
Processor Information for processor 2
  Max Mhz: 2400, Current Mhz: 2400, Mhz Limit: 2400
Processor Information for processor 3
  Max Mhz: 2400, Current Mhz: 2400, Mhz Limit: 2400
Processor Information for processor 4
  Max Mhz: 2400, Current Mhz: 2400, Mhz Limit: 2400
Processor Information for processor 5
  Max Mhz: 2400, Current Mhz: 2400, Mhz Limit: 2400
Processor Information for processor 6
  Max Mhz: 2400, Current Mhz: 2400, Mhz Limit: 2400
Processor Information for processor 7
  Max Mhz: 2400, Current Mhz: 2400, Mhz Limit: 2400
Processor Information for processor 8
  Max Mhz: 2400, Current Mhz: 2400, Mhz Limit: 2400
Processor Information for processor 9
  Max Mhz: 2400, Current Mhz: 2400, Mhz Limit: 2400
Processor Information for processor 10
  Max Mhz: 2400, Current Mhz: 2400, Mhz Limit: 2400
Processor Information for processor 11
  Max Mhz: 2400, Current Mhz: 2400, Mhz Limit: 2400
Processor Information for processor 12
  Max Mhz: 2400, Current Mhz: 1466, Mhz Limit: 2400
Processor Information for processor 13
  Max Mhz: 2400, Current Mhz: 1466, Mhz Limit: 2400
Processor Information for processor 14
  Max Mhz: 2400, Current Mhz: 1466, Mhz Limit: 2400
Processor Information for processor 15
  Max Mhz: 2400, Current Mhz: 1466, Mhz Limit: 2400

Memory: 4k page, system-wide physical 16044M (1608M free)
TotalPageFile size 24236M (AvailPageFile size 115M)
current process WorkingSet (physical memory assigned to process): 13M, peak: 13M
current process commit charge ("private bytes"): 71M, peak: 323M

vm_info: Java HotSpot(TM) 64-Bit Server VM (21.0.10+8-LTS-217) for windows-amd64 JRE (21.0.10+8-LTS-217), built on 2025-12-18T14:59:28Z by "mach5run" with MS VC++ 17.13 (VS2022)

END.
