#
# There is insufficient memory for the Java Runtime Environment to continue.
# Native memory allocation (mmap) failed to map 6291456 bytes for G1 virtual space
# Possible reasons:
#   The system is out of physical RAM or swap space
#   The process is running with CompressedOops enabled, and the Java Heap may be blocking the growth of the native heap
# Possible solutions:
#   Reduce memory load on the system
#   Increase physical memory or swap space
#   Check if swap backing store is full
#   Decrease Java heap size (-Xmx/-Xms)
#   Decrease number of Java threads
#   Decrease Java thread stack sizes (-Xss)
#   Set larger code cache with -XX:ReservedCodeCacheSize=
#   JVM is running with Unscaled Compressed Oops mode in which the Java heap is
#     placed in the first 4GB address space. The Java Heap base address is the
#     maximum limit for the native heap growth. Please use -XX:HeapBaseMinAddress
#     to set the Java Heap base and to place the Java Heap above 4GB virtual address.
# This output file may be truncated or incomplete.
#
#  Out of Memory Error (os_windows.cpp:3604), pid=18408, tid=23928
#
# JRE version: Java(TM) SE Runtime Environment (21.0.10+8) (build 21.0.10+8-LTS-217)
# Java VM: Java HotSpot(TM) 64-Bit Server VM (21.0.10+8-LTS-217, mixed mode, sharing, tiered, compressed oops, compressed class ptrs, g1 gc, windows-amd64)
# No core dump will be written. Minidumps are not enabled by default on client versions of Windows
#

---------------  S U M M A R Y ------------

Command Line: -Xmx512m -Xms64m C:\Users\sesol\AppData\Local\Temp\surefire5771380887073643897\surefirebooter-20260723175758698_3.jar C:\Users\sesol\AppData\Local\Temp\surefire5771380887073643897 2026-07-23T17-57-58_604-jvmRun1 surefire-20260723175758698_1tmp surefire_0-20260723175758698_2tmp

Host: 13th Gen Intel(R) Core(TM) i7-13620H, 16 cores, 15G,  Windows 11 , 64 bit Build 26100 (10.0.26100.8875)
Time: Thu Jul 23 17:58:23 2026 India Standard Time elapsed time: 24.860451 seconds (0d 0h 0m 24s)

---------------  T H R E A D  ---------------

Current thread (0x0000021e7b7d4000):  VMThread "VM Thread"          [id=23928, stack(0x000000849ad00000,0x000000849ae00000) (1024K)]

Stack: [0x000000849ad00000,0x000000849ae00000]
Native frames: (J=compiled Java code, j=interpreted, Vv=VM code, C=native code)
V  [jvm.dll+0x6d0b59]
V  [jvm.dll+0x85fd56]
V  [jvm.dll+0x86224e]
V  [jvm.dll+0x862923]
V  [jvm.dll+0x282a16]
V  [jvm.dll+0x6cd405]
V  [jvm.dll+0x6c1f8a]
V  [jvm.dll+0x35bcc8]
V  [jvm.dll+0x363986]
V  [jvm.dll+0x3b4a3e]
V  [jvm.dll+0x3b4ce8]
V  [jvm.dll+0x32f98c]
V  [jvm.dll+0x3321b6]
V  [jvm.dll+0x33c5ca]
V  [jvm.dll+0x371d0f]
V  [jvm.dll+0x86861f]
V  [jvm.dll+0x8699ac]
V  [jvm.dll+0x869ee1]
V  [jvm.dll+0x86a183]
V  [jvm.dll+0x80a83d]
V  [jvm.dll+0x6cf3fd]
C  [ucrtbase.dll+0x2cd30]
C  [KERNEL32.DLL+0x2e957]
C  [ntdll.dll+0xaad6c]

VM_Operation (0x000000849a8ff770): G1PauseRemark, mode: safepoint, requested by thread 0x0000021e6f1d7580


---------------  P R O C E S S  ---------------

Threads class SMR info:
_java_thread_list=0x0000021e5807f470, length=17, elements={
0x0000021e6f1af3b0, 0x0000021e7b7ead70, 0x0000021e7b7ed7e0, 0x0000021e7b7f3940,
0x0000021e7b7f4600, 0x0000021e7b7fee50, 0x0000021e7b800470, 0x0000021e7b81b770,
0x0000021e7b81cc10, 0x0000021e7b81f4f0, 0x0000021e7b801820, 0x0000021e7b8038f0,
0x0000021e7b800b00, 0x0000021e7b802540, 0x0000021e57f0f7b0, 0x0000021e57f0fe40,
0x0000021e544fb830
}

Java Threads: ( => current thread )
  0x0000021e6f1af3b0 JavaThread "main"                              [_thread_blocked, id=19276, stack(0x000000849a600000,0x000000849a700000) (1024K)]
  0x0000021e7b7ead70 JavaThread "Reference Handler"          daemon [_thread_blocked, id=3012, stack(0x000000849ae00000,0x000000849af00000) (1024K)]
  0x0000021e7b7ed7e0 JavaThread "Finalizer"                  daemon [_thread_blocked, id=15724, stack(0x000000849af00000,0x000000849b000000) (1024K)]
  0x0000021e7b7f3940 JavaThread "Signal Dispatcher"          daemon [_thread_blocked, id=11508, stack(0x000000849b000000,0x000000849b100000) (1024K)]
  0x0000021e7b7f4600 JavaThread "Attach Listener"            daemon [_thread_blocked, id=5688, stack(0x000000849b100000,0x000000849b200000) (1024K)]
  0x0000021e7b7fee50 JavaThread "Service Thread"             daemon [_thread_blocked, id=21168, stack(0x000000849b200000,0x000000849b300000) (1024K)]
  0x0000021e7b800470 JavaThread "Monitor Deflation Thread"   daemon [_thread_blocked, id=17580, stack(0x000000849b300000,0x000000849b400000) (1024K)]
  0x0000021e7b81b770 JavaThread "C2 CompilerThread0"         daemon [_thread_blocked, id=26124, stack(0x000000849b400000,0x000000849b500000) (1024K)]
  0x0000021e7b81cc10 JavaThread "C1 CompilerThread0"         daemon [_thread_blocked, id=11616, stack(0x000000849b500000,0x000000849b600000) (1024K)]
  0x0000021e7b81f4f0 JavaThread "C1 CompilerThread1"         daemon [_thread_blocked, id=16392, stack(0x000000849b600000,0x000000849b700000) (1024K)]
  0x0000021e7b801820 JavaThread "Notification Thread"        daemon [_thread_blocked, id=14960, stack(0x000000849b700000,0x000000849b800000) (1024K)]
  0x0000021e7b8038f0 JavaThread "Common-Cleaner"             daemon [_thread_blocked, id=1528, stack(0x000000849b800000,0x000000849b900000) (1024K)]
  0x0000021e7b800b00 JavaThread "surefire-forkedjvm-stream-flusher" daemon [_thread_blocked, id=11740, stack(0x000000849bb00000,0x000000849bc00000) (1024K)]
  0x0000021e7b802540 JavaThread "surefire-forkedjvm-command-thread" daemon [_thread_in_native, id=22692, stack(0x000000849bc00000,0x000000849bd00000) (1024K)]
  0x0000021e57f0f7b0 JavaThread "mysql-cj-abandoned-connection-cleanup" daemon [_thread_blocked, id=9540, stack(0x000000849bd00000,0x000000849be00000) (1024K)]
  0x0000021e57f0fe40 JavaThread "HikariPool-1 housekeeper"   daemon [_thread_blocked, id=26524, stack(0x000000849d000000,0x000000849d100000) (1024K)]
  0x0000021e544fb830 JavaThread "C1 CompilerThread2"         daemon [_thread_blocked, id=27292, stack(0x000000849c700000,0x000000849c800000) (1024K)]
Total: 17

Other Threads:
=>0x0000021e7b7d4000 VMThread "VM Thread"                           [id=23928, stack(0x000000849ad00000,0x000000849ae00000) (1024K)]
  0x0000021e7b7bda20 WatcherThread "VM Periodic Task Thread"        [id=19204, stack(0x000000849ac00000,0x000000849ad00000) (1024K)]
  0x0000021e6f1d2680 WorkerThread "GC Thread#0"                     [id=5272, stack(0x000000849a700000,0x000000849a800000) (1024K)]
  0x0000021e54f55ab0 WorkerThread "GC Thread#1"                     [id=8060, stack(0x000000849be00000,0x000000849bf00000) (1024K)]
  0x0000021e54ead1e0 WorkerThread "GC Thread#2"                     [id=8488, stack(0x000000849bf00000,0x000000849c000000) (1024K)]
  0x0000021e54e57740 WorkerThread "GC Thread#3"                     [id=15088, stack(0x000000849c000000,0x000000849c100000) (1024K)]
  0x0000021e54f55e60 WorkerThread "GC Thread#4"                     [id=24820, stack(0x000000849c100000,0x000000849c200000) (1024K)]
  0x0000021e54c4d980 WorkerThread "GC Thread#5"                     [id=1964, stack(0x000000849c200000,0x000000849c300000) (1024K)]
  0x0000021e54cb5f80 WorkerThread "GC Thread#6"                     [id=12512, stack(0x000000849c300000,0x000000849c400000) (1024K)]
  0x0000021e54cb6330 WorkerThread "GC Thread#7"                     [id=20256, stack(0x000000849c400000,0x000000849c500000) (1024K)]
  0x0000021e553e0bc0 WorkerThread "GC Thread#8"                     [id=21220, stack(0x000000849c500000,0x000000849c600000) (1024K)]
  0x0000021e5544a8e0 WorkerThread "GC Thread#9"                     [id=21868, stack(0x000000849c600000,0x000000849c700000) (1024K)]
  0x0000021e55629160 WorkerThread "GC Thread#10"                    [id=4968, stack(0x000000849c800000,0x000000849c900000) (1024K)]
  0x0000021e554e5c60 WorkerThread "GC Thread#11"                    [id=13620, stack(0x000000849c900000,0x000000849ca00000) (1024K)]
  0x0000021e55b1e410 WorkerThread "GC Thread#12"                    [id=26012, stack(0x000000849ca00000,0x000000849cb00000) (1024K)]
  0x0000021e6f1d7580 ConcurrentGCThread "G1 Main Marker"            [id=25984, stack(0x000000849a800000,0x000000849a900000) (1024K)]
  0x0000021e6f1d9e30 WorkerThread "G1 Conc#0"                       [id=23504, stack(0x000000849a900000,0x000000849aa00000) (1024K)]
  0x0000021e55b1eb70 WorkerThread "G1 Conc#1"                       [id=3004, stack(0x000000849cc00000,0x000000849cd00000) (1024K)]
  0x0000021e55b1e7c0 WorkerThread "G1 Conc#2"                       [id=15564, stack(0x000000849cd00000,0x000000849ce00000) (1024K)]
  0x0000021e6f25dbc0 ConcurrentGCThread "G1 Refine#0"               [id=18660, stack(0x000000849aa00000,0x000000849ab00000) (1024K)]
  0x0000021e6f25f500 ConcurrentGCThread "G1 Service"                [id=20336, stack(0x000000849ab00000,0x000000849ac00000) (1024K)]
Total: 21

Threads with active compile tasks:
Total: 0

VM state: at safepoint (normal execution)

VM Mutex/Monitor currently owned by a thread:  ([mutex/lock_event])
[0x00007ffce4bd9f10] Threads_lock - owner thread: 0x0000021e7b7d4000
[0x00007ffce4bda010] Heap_lock - owner thread: 0x0000021e6f1d7580

Heap address: 0x00000000e0000000, size: 512 MB, Compressed Oops mode: 32-bit

CDS archive(s) mapped at: [0x0000021e0f000000-0x0000021e0fc90000-0x0000021e0fc90000), size 13172736, SharedBaseAddress: 0x0000021e0f000000, ArchiveRelocationMode: 1.
Compressed class space mapped at: 0x0000021e10000000-0x0000021e50000000, reserved size: 1073741824
Narrow klass base: 0x0000021e0f000000, Narrow klass shift: 0, Narrow klass range: 0x100000000

GC Precious Log:
 CardTable entry size: 512
 Card Set container configuration: InlinePtr #cards 5 size 8 Array Of Cards #cards 12 size 40 Howl #buckets 4 coarsen threshold 1843 Howl Bitmap #cards 512 size 80 coarsen threshold 460 Card regions per heap region 1 cards per card region 2048
 CPUs: 16 total, 16 available
 Memory: 16044M
 Large Page Support: Disabled
 NUMA Support: Disabled
 Compressed Oops: Enabled (32-bit)
 Heap Region Size: 1M
 Heap Min Capacity: 64M
 Heap Initial Capacity: 64M
 Heap Max Capacity: 512M
 Pre-touch: Disabled
 Parallel Workers: 13
 Concurrent Workers: 3
 Concurrent Refinement Workers: 13
 Periodic GC: Disabled

Heap:
 garbage-first heap   total 91136K, used 56268K [0x00000000e0000000, 0x0000000100000000)
  region size 1024K, 4 young (4096K), 3 survivors (3072K)
 Metaspace       used 74440K, committed 75008K, reserved 1179648K
  class space    used 9162K, committed 9408K, reserved 1048576K

Heap Regions: E=young(eden), S=young(survivor), O=old, HS=humongous(starts), HC=humongous(continues), CS=collection set, F=free, TAMS=top-at-mark-start, PB=parsable bottom
|   0|0x00000000e0000000, 0x00000000e0100000, 0x00000000e0100000|100%|HS|  |TAMS 0x00000000e0100000| PB 0x00000000e0000000| Complete 
|   1|0x00000000e0100000, 0x00000000e0200000, 0x00000000e0200000|100%|HS|  |TAMS 0x00000000e0200000| PB 0x00000000e0100000| Complete 
|   2|0x00000000e0200000, 0x00000000e0300000, 0x00000000e0300000|100%| O|  |TAMS 0x00000000e0300000| PB 0x00000000e0300000| Untracked 
|   3|0x00000000e0300000, 0x00000000e0400000, 0x00000000e0400000|100%| O|  |TAMS 0x00000000e0400000| PB 0x00000000e0400000| Untracked 
|   4|0x00000000e0400000, 0x00000000e0500000, 0x00000000e0500000|100%| O|  |TAMS 0x00000000e0500000| PB 0x00000000e0500000| Untracked 
|   5|0x00000000e0500000, 0x00000000e0600000, 0x00000000e0600000|100%| O|  |TAMS 0x00000000e0600000| PB 0x00000000e0600000| Untracked 
|   6|0x00000000e0600000, 0x00000000e0700000, 0x00000000e0700000|100%| O|  |TAMS 0x00000000e0700000| PB 0x00000000e0700000| Updating 
|   7|0x00000000e0700000, 0x00000000e0800000, 0x00000000e0800000|100%| O|  |TAMS 0x00000000e0800000| PB 0x00000000e0800000| Untracked 
|   8|0x00000000e0800000, 0x00000000e0900000, 0x00000000e0900000|100%| O|  |TAMS 0x00000000e0900000| PB 0x00000000e0900000| Untracked 
|   9|0x00000000e0900000, 0x00000000e0a00000, 0x00000000e0a00000|100%| O|  |TAMS 0x00000000e0a00000| PB 0x00000000e0a00000| Updating 
|  10|0x00000000e0a00000, 0x00000000e0b00000, 0x00000000e0b00000|100%| O|  |TAMS 0x00000000e0b00000| PB 0x00000000e0b00000| Updating 
|  11|0x00000000e0b00000, 0x00000000e0c00000, 0x00000000e0c00000|100%| O|  |TAMS 0x00000000e0c00000| PB 0x00000000e0c00000| Untracked 
|  12|0x00000000e0c00000, 0x00000000e0d00000, 0x00000000e0d00000|100%| O|  |TAMS 0x00000000e0d00000| PB 0x00000000e0d00000| Untracked 
|  13|0x00000000e0d00000, 0x00000000e0e00000, 0x00000000e0e00000|100%| O|  |TAMS 0x00000000e0e00000| PB 0x00000000e0e00000| Untracked 
|  14|0x00000000e0e00000, 0x00000000e0f00000, 0x00000000e0f00000|100%| O|  |TAMS 0x00000000e0f00000| PB 0x00000000e0f00000| Untracked 
|  15|0x00000000e0f00000, 0x00000000e1000000, 0x00000000e1000000|100%| O|  |TAMS 0x00000000e1000000| PB 0x00000000e1000000| Untracked 
|  16|0x00000000e1000000, 0x00000000e1100000, 0x00000000e1100000|100%| O|  |TAMS 0x00000000e1100000| PB 0x00000000e1100000| Untracked 
|  17|0x00000000e1100000, 0x00000000e1200000, 0x00000000e1200000|100%| O|  |TAMS 0x00000000e1200000| PB 0x00000000e1200000| Untracked 
|  18|0x00000000e1200000, 0x00000000e1300000, 0x00000000e1300000|100%| O|  |TAMS 0x00000000e1300000| PB 0x00000000e1300000| Untracked 
|  19|0x00000000e1300000, 0x00000000e1400000, 0x00000000e1400000|100%| O|  |TAMS 0x00000000e1400000| PB 0x00000000e1400000| Untracked 
|  20|0x00000000e1400000, 0x00000000e1400000, 0x00000000e1500000|  0%| F|  |TAMS 0x00000000e1400000| PB 0x00000000e1400000| Untracked 
|  21|0x00000000e1500000, 0x00000000e1600000, 0x00000000e1600000|100%| O|  |TAMS 0x00000000e1600000| PB 0x00000000e1600000| Untracked 
|  22|0x00000000e1600000, 0x00000000e1700000, 0x00000000e1700000|100%| O|  |TAMS 0x00000000e1700000| PB 0x00000000e1700000| Untracked 
|  23|0x00000000e1700000, 0x00000000e1800000, 0x00000000e1800000|100%| O|  |TAMS 0x00000000e1800000| PB 0x00000000e1800000| Untracked 
|  24|0x00000000e1800000, 0x00000000e1900000, 0x00000000e1900000|100%| O|  |TAMS 0x00000000e1900000| PB 0x00000000e1900000| Untracked 
|  25|0x00000000e1900000, 0x00000000e1a00000, 0x00000000e1a00000|100%| O|  |TAMS 0x00000000e1a00000| PB 0x00000000e1a00000| Untracked 
|  26|0x00000000e1a00000, 0x00000000e1b00000, 0x00000000e1b00000|100%| O|  |TAMS 0x00000000e1b00000| PB 0x00000000e1b00000| Untracked 
|  27|0x00000000e1b00000, 0x00000000e1c00000, 0x00000000e1c00000|100%| O|  |TAMS 0x00000000e1c00000| PB 0x00000000e1c00000| Untracked 
|  28|0x00000000e1c00000, 0x00000000e1d00000, 0x00000000e1d00000|100%| O|  |TAMS 0x00000000e1d00000| PB 0x00000000e1d00000| Untracked 
|  29|0x00000000e1d00000, 0x00000000e1e00000, 0x00000000e1e00000|100%| O|  |TAMS 0x00000000e1e00000| PB 0x00000000e1e00000| Untracked 
|  30|0x00000000e1e00000, 0x00000000e1f00000, 0x00000000e1f00000|100%| O|  |TAMS 0x00000000e1f00000| PB 0x00000000e1f00000| Untracked 
|  31|0x00000000e1f00000, 0x00000000e2000000, 0x00000000e2000000|100%| O|  |TAMS 0x00000000e2000000| PB 0x00000000e2000000| Untracked 
|  32|0x00000000e2000000, 0x00000000e2100000, 0x00000000e2100000|100%| O|  |TAMS 0x00000000e2100000| PB 0x00000000e2100000| Untracked 
|  33|0x00000000e2100000, 0x00000000e2200000, 0x00000000e2200000|100%| O|  |TAMS 0x00000000e2200000| PB 0x00000000e2200000| Untracked 
|  34|0x00000000e2200000, 0x00000000e2300000, 0x00000000e2300000|100%| O|  |TAMS 0x00000000e2300000| PB 0x00000000e2300000| Untracked 
|  35|0x00000000e2300000, 0x00000000e2400000, 0x00000000e2400000|100%| O|  |TAMS 0x00000000e2400000| PB 0x00000000e2400000| Updating 
|  36|0x00000000e2400000, 0x00000000e2500000, 0x00000000e2500000|100%| O|  |TAMS 0x00000000e2500000| PB 0x00000000e2500000| Untracked 
|  37|0x00000000e2500000, 0x00000000e2600000, 0x00000000e2600000|100%| O|  |TAMS 0x00000000e2600000| PB 0x00000000e2600000| Untracked 
|  38|0x00000000e2600000, 0x00000000e2700000, 0x00000000e2700000|100%| O|  |TAMS 0x00000000e2700000| PB 0x00000000e2700000| Untracked 
|  39|0x00000000e2700000, 0x00000000e2800000, 0x00000000e2800000|100%| O|  |TAMS 0x00000000e2800000| PB 0x00000000e2800000| Updating 
|  40|0x00000000e2800000, 0x00000000e2900000, 0x00000000e2900000|100%| O|  |TAMS 0x00000000e2900000| PB 0x00000000e2900000| Untracked 
|  41|0x00000000e2900000, 0x00000000e2a00000, 0x00000000e2a00000|100%| O|  |TAMS 0x00000000e2a00000| PB 0x00000000e2a00000| Untracked 
|  42|0x00000000e2a00000, 0x00000000e2b00000, 0x00000000e2b00000|100%| O|  |TAMS 0x00000000e2b00000| PB 0x00000000e2b00000| Untracked 
|  43|0x00000000e2b00000, 0x00000000e2c00000, 0x00000000e2c00000|100%| O|  |TAMS 0x00000000e2c00000| PB 0x00000000e2c00000| Updating 
|  44|0x00000000e2c00000, 0x00000000e2d00000, 0x00000000e2d00000|100%| O|  |TAMS 0x00000000e2d00000| PB 0x00000000e2d00000| Untracked 
|  45|0x00000000e2d00000, 0x00000000e2e00000, 0x00000000e2e00000|100%| O|  |TAMS 0x00000000e2e00000| PB 0x00000000e2e00000| Untracked 
|  46|0x00000000e2e00000, 0x00000000e2f00000, 0x00000000e2f00000|100%| O|  |TAMS 0x00000000e2f00000| PB 0x00000000e2f00000| Untracked 
|  47|0x00000000e2f00000, 0x00000000e3000000, 0x00000000e3000000|100%| O|  |TAMS 0x00000000e3000000| PB 0x00000000e3000000| Updating 
|  48|0x00000000e3000000, 0x00000000e3100000, 0x00000000e3100000|100%| O|  |TAMS 0x00000000e3100000| PB 0x00000000e3100000| Untracked 
|  49|0x00000000e3100000, 0x00000000e3165768, 0x00000000e3200000| 39%| O|  |TAMS 0x00000000e3165768| PB 0x00000000e3165768| Updating 
|  50|0x00000000e3200000, 0x00000000e3300000, 0x00000000e3300000|100%| O|  |TAMS 0x00000000e3300000| PB 0x00000000e3300000| Untracked 
|  51|0x00000000e3300000, 0x00000000e3400000, 0x00000000e3400000|100%| O|  |TAMS 0x00000000e3400000| PB 0x00000000e3400000| Untracked 
|  52|0x00000000e3400000, 0x00000000e3500000, 0x00000000e3500000|100%| O|  |TAMS 0x00000000e3500000| PB 0x00000000e3500000| Untracked 
|  53|0x00000000e3500000, 0x00000000e3500000, 0x00000000e3600000|  0%| F|  |TAMS 0x00000000e3500000| PB 0x00000000e3500000| Untracked 
|  54|0x00000000e3600000, 0x00000000e3600000, 0x00000000e3700000|  0%| F|  |TAMS 0x00000000e3600000| PB 0x00000000e3600000| Untracked 
|  55|0x00000000e3700000, 0x00000000e3700000, 0x00000000e3800000|  0%| F|  |TAMS 0x00000000e3700000| PB 0x00000000e3700000| Untracked 
|  56|0x00000000e3800000, 0x00000000e3900000, 0x00000000e3900000|100%| O|  |TAMS 0x00000000e3900000| PB 0x00000000e3900000| Updating 
|  57|0x00000000e3900000, 0x00000000e3900000, 0x00000000e3a00000|  0%| F|  |TAMS 0x00000000e3900000| PB 0x00000000e3900000| Untracked 
|  58|0x00000000e3a00000, 0x00000000e3a8dc20, 0x00000000e3b00000| 55%| S|CS|TAMS 0x00000000e3a00000| PB 0x00000000e3a00000| Complete 
|  59|0x00000000e3b00000, 0x00000000e3c00000, 0x00000000e3c00000|100%| S|CS|TAMS 0x00000000e3b00000| PB 0x00000000e3b00000| Complete 
|  60|0x00000000e3c00000, 0x00000000e3d00000, 0x00000000e3d00000|100%| S|CS|TAMS 0x00000000e3c00000| PB 0x00000000e3c00000| Complete 
|  61|0x00000000e3d00000, 0x00000000e3d00000, 0x00000000e3e00000|  0%| F|  |TAMS 0x00000000e3d00000| PB 0x00000000e3d00000| Untracked 
|  62|0x00000000e3e00000, 0x00000000e3e00000, 0x00000000e3f00000|  0%| F|  |TAMS 0x00000000e3e00000| PB 0x00000000e3e00000| Untracked 
|  63|0x00000000e3f00000, 0x00000000e3f00000, 0x00000000e4000000|  0%| F|  |TAMS 0x00000000e3f00000| PB 0x00000000e3f00000| Untracked 
|  64|0x00000000e4000000, 0x00000000e4000000, 0x00000000e4100000|  0%| F|  |TAMS 0x00000000e4000000| PB 0x00000000e4000000| Untracked 
|  65|0x00000000e4100000, 0x00000000e4100000, 0x00000000e4200000|  0%| F|  |TAMS 0x00000000e4100000| PB 0x00000000e4100000| Untracked 
|  66|0x00000000e4200000, 0x00000000e4200000, 0x00000000e4300000|  0%| F|  |TAMS 0x00000000e4200000| PB 0x00000000e4200000| Untracked 
|  67|0x00000000e4300000, 0x00000000e4300000, 0x00000000e4400000|  0%| F|  |TAMS 0x00000000e4300000| PB 0x00000000e4300000| Untracked 
|  68|0x00000000e4400000, 0x00000000e4400000, 0x00000000e4500000|  0%| F|  |TAMS 0x00000000e4400000| PB 0x00000000e4400000| Untracked 
|  69|0x00000000e4500000, 0x00000000e4500000, 0x00000000e4600000|  0%| F|  |TAMS 0x00000000e4500000| PB 0x00000000e4500000| Untracked 
|  70|0x00000000e4600000, 0x00000000e4600000, 0x00000000e4700000|  0%| F|  |TAMS 0x00000000e4600000| PB 0x00000000e4600000| Untracked 
|  71|0x00000000e4700000, 0x00000000e4700000, 0x00000000e4800000|  0%| F|  |TAMS 0x00000000e4700000| PB 0x00000000e4700000| Untracked 
|  72|0x00000000e4800000, 0x00000000e4800000, 0x00000000e4900000|  0%| F|  |TAMS 0x00000000e4800000| PB 0x00000000e4800000| Untracked 
|  73|0x00000000e4900000, 0x00000000e4900000, 0x00000000e4a00000|  0%| F|  |TAMS 0x00000000e4900000| PB 0x00000000e4900000| Untracked 
|  74|0x00000000e4a00000, 0x00000000e4a00000, 0x00000000e4b00000|  0%| F|  |TAMS 0x00000000e4a00000| PB 0x00000000e4a00000| Untracked 
|  75|0x00000000e4b00000, 0x00000000e4b00000, 0x00000000e4c00000|  0%| F|  |TAMS 0x00000000e4b00000| PB 0x00000000e4b00000| Untracked 
|  76|0x00000000e4c00000, 0x00000000e4c00000, 0x00000000e4d00000|  0%| F|  |TAMS 0x00000000e4c00000| PB 0x00000000e4c00000| Untracked 
|  77|0x00000000e4d00000, 0x00000000e4d00000, 0x00000000e4e00000|  0%| F|  |TAMS 0x00000000e4d00000| PB 0x00000000e4d00000| Untracked 
|  78|0x00000000e4e00000, 0x00000000e4e00000, 0x00000000e4f00000|  0%| F|  |TAMS 0x00000000e4e00000| PB 0x00000000e4e00000| Untracked 
|  79|0x00000000e4f00000, 0x00000000e4f00000, 0x00000000e5000000|  0%| F|  |TAMS 0x00000000e4f00000| PB 0x00000000e4f00000| Untracked 
|  80|0x00000000e5000000, 0x00000000e5000000, 0x00000000e5100000|  0%| F|  |TAMS 0x00000000e5000000| PB 0x00000000e5000000| Untracked 
|  81|0x00000000e5100000, 0x00000000e5100000, 0x00000000e5200000|  0%| F|  |TAMS 0x00000000e5100000| PB 0x00000000e5100000| Untracked 
|  82|0x00000000e5200000, 0x00000000e5200000, 0x00000000e5300000|  0%| F|  |TAMS 0x00000000e5200000| PB 0x00000000e5200000| Untracked 
|  83|0x00000000e5300000, 0x00000000e5300000, 0x00000000e5400000|  0%| F|  |TAMS 0x00000000e5300000| PB 0x00000000e5300000| Untracked 
|  84|0x00000000e5400000, 0x00000000e5400000, 0x00000000e5500000|  0%| F|  |TAMS 0x00000000e5400000| PB 0x00000000e5400000| Untracked 
|  85|0x00000000e5500000, 0x00000000e5500000, 0x00000000e5600000|  0%| F|  |TAMS 0x00000000e5500000| PB 0x00000000e5500000| Untracked 
|  86|0x00000000e5600000, 0x00000000e5600000, 0x00000000e5700000|  0%| F|  |TAMS 0x00000000e5600000| PB 0x00000000e5600000| Untracked 
|  87|0x00000000e5700000, 0x00000000e5700000, 0x00000000e5800000|  0%| F|  |TAMS 0x00000000e5700000| PB 0x00000000e5700000| Untracked 
|  88|0x00000000e5800000, 0x00000000e5878dc0, 0x00000000e5900000| 47%| E|  |TAMS 0x00000000e5800000| PB 0x00000000e5800000| Complete 

Card table byte_map: [0x0000021e77fd0000,0x0000021e780d0000] _byte_map_base: 0x0000021e778d0000

Marking Bits: (CMBitMap*) 0x0000021e6f1d2ca0
 Bits: [0x0000021e780d0000, 0x0000021e788d0000)

Polling page: 0x0000021e6d040000

Metaspace:

Usage:
  Non-class:     63.75 MB used.
      Class:      8.95 MB used.
       Both:     72.70 MB used.

Virtual space:
  Non-class space:      128.00 MB reserved,      64.06 MB ( 50%) committed,  2 nodes.
      Class space:        1.00 GB reserved,       9.19 MB ( <1%) committed,  1 nodes.
             Both:        1.12 GB reserved,      73.25 MB (  6%) committed. 

Chunk freelists:
   Non-Class:  15.67 MB
       Class:  6.75 MB
        Both:  22.42 MB

MaxMetaspaceSize: unlimited
CompressedClassSpaceSize: 1.00 GB
Initial GC threshold: 21.00 MB
Current GC threshold: 108.88 MB
CDS: on
 - commit_granule_bytes: 65536.
 - commit_granule_words: 8192.
 - virtual_space_node_default_size: 8388608.
 - enlarge_chunks_in_place: 1.
 - use_allocation_guard: 0.


Internal statistics:

num_allocs_failed_limit: 3.
num_arena_births: 722.
num_arena_deaths: 0.
num_vsnodes_births: 3.
num_vsnodes_deaths: 0.
num_space_committed: 1167.
num_space_uncommitted: 0.
num_chunks_returned_to_freelist: 3.
num_chunks_taken_from_freelist: 3227.
num_chunk_merges: 3.
num_chunk_splits: 2399.
num_chunks_enlarged: 1940.
num_inconsistent_stats: 0.

CodeHeap 'non-profiled nmethods': size=119168Kb used=4976Kb max_used=5436Kb free=114191Kb
 bounds [0x0000021e07ba0000, 0x0000021e080f0000, 0x0000021e0f000000]
CodeHeap 'profiled nmethods': size=119104Kb used=14359Kb max_used=15379Kb free=104744Kb
 bounds [0x0000021e00000000, 0x0000021e00f10000, 0x0000021e07450000]
CodeHeap 'non-nmethods': size=7488Kb used=2859Kb max_used=3431Kb free=4629Kb
 bounds [0x0000021e07450000, 0x0000021e07820000, 0x0000021e07ba0000]
 total_blobs=8003 nmethods=7258 adapters=646
 compilation: enabled
              stopped_count=0, restarted_count=0
 full_count=0

Compilation events (20 events):
Event: 22.764 Thread 0x0000021e7b81b770 8757       4       net.bytebuddy.description.type.TypeDescription$ForLoadedType::represents (22 bytes)
Event: 22.795 Thread 0x0000021e7b81b770 nmethod 8757 0x0000021e07ddb790 code [0x0000021e07ddb9e0, 0x0000021e07ddc420]
Event: 22.796 Thread 0x0000021e544fb830 8758       1       net.bytebuddy.description.field.FieldDescription$Latent::getName (5 bytes)
Event: 22.796 Thread 0x0000021e544fb830 nmethod 8758 0x0000021e07ddb490 code [0x0000021e07ddb620, 0x0000021e07ddb6e8]
Event: 22.797 Thread 0x0000021e7b81b770 8759       4       java.lang.invoke.DirectMethodHandle$Holder::invokeStatic (14 bytes)
Event: 22.798 Thread 0x0000021e7b81b770 nmethod 8759 0x0000021e07ddb110 code [0x0000021e07ddb2a0, 0x0000021e07ddb378]
Event: 22.799 Thread 0x0000021e544fb830 8760       1       net.bytebuddy.description.field.FieldDescription$Token::getName (5 bytes)
Event: 22.799 Thread 0x0000021e544fb830 nmethod 8760 0x0000021e07ddae10 code [0x0000021e07ddafa0, 0x0000021e07ddb068]
Event: 22.800 Thread 0x0000021e7b81cc10 8761       1       net.bytebuddy.description.field.FieldDescription$Token::getModifiers (5 bytes)
Event: 22.800 Thread 0x0000021e7b81cc10 nmethod 8761 0x0000021e07ddab10 code [0x0000021e07ddaca0, 0x0000021e07ddad68]
Event: 22.800 Thread 0x0000021e544fb830 8762       1       net.bytebuddy.description.field.FieldDescription$Token::getType (5 bytes)
Event: 22.800 Thread 0x0000021e544fb830 nmethod 8762 0x0000021e07dda810 code [0x0000021e07dda9a0, 0x0000021e07ddaa68]
Event: 22.801 Thread 0x0000021e7b81f4f0 8763       3       net.bytebuddy.implementation.bytecode.assign.primitive.VoidAwareAssigner::assign (88 bytes)
Event: 22.801 Thread 0x0000021e7b81f4f0 nmethod 8763 0x0000021e00f05210 code [0x0000021e00f05480, 0x0000021e00f05cc8]
Event: 22.802 Thread 0x0000021e544fb830 8764       3       net.bytebuddy.description.method.MethodDescription$InDefinedShape$AbstractBase$ForLoadedExecutable::asDefined (5 bytes)
Event: 22.802 Thread 0x0000021e544fb830 nmethod 8764 0x0000021e00f05f10 code [0x0000021e00f060c0, 0x0000021e00f06228]
Event: 22.803 Thread 0x0000021e7b81b770 8765   !   4       java.lang.reflect.Executable::parameterData (75 bytes)
Event: 22.819 Thread 0x0000021e7b81b770 nmethod 8765 0x0000021e07dd9790 code [0x0000021e07dd99a0, 0x0000021e07dda338]
Event: 22.825 Thread 0x0000021e544fb830 8766       3       java.lang.invoke.DirectMethodHandle$Holder::invokeVirtual (14 bytes)
Event: 22.825 Thread 0x0000021e544fb830 nmethod 8766 0x0000021e00f06310 code [0x0000021e00f064e0, 0x0000021e00f069e8]

GC Heap History (20 events):
Event: 6.981 GC heap before
{Heap before GC invocations=12 (full 0):
 garbage-first heap   total 78848K, used 67156K [0x00000000e0000000, 0x0000000100000000)
  region size 1024K, 37 young (37888K), 4 survivors (4096K)
 Metaspace       used 39146K, committed 39488K, reserved 1114112K
  class space    used 4528K, committed 4672K, reserved 1048576K
}
Event: 6.995 GC heap after
{Heap after GC invocations=13 (full 0):
 garbage-first heap   total 78848K, used 35223K [0x00000000e0000000, 0x0000000100000000)
  region size 1024K, 4 young (4096K), 4 survivors (4096K)
 Metaspace       used 39146K, committed 39488K, reserved 1114112K
  class space    used 4528K, committed 4672K, reserved 1048576K
}
Event: 8.518 GC heap before
{Heap before GC invocations=13 (full 0):
 garbage-first heap   total 78848K, used 67991K [0x00000000e0000000, 0x0000000100000000)
  region size 1024K, 36 young (36864K), 4 survivors (4096K)
 Metaspace       used 41089K, committed 41536K, reserved 1114112K
  class space    used 4783K, committed 4992K, reserved 1048576K
}
Event: 8.541 GC heap after
{Heap after GC invocations=14 (full 0):
 garbage-first heap   total 78848K, used 37248K [0x00000000e0000000, 0x0000000100000000)
  region size 1024K, 5 young (5120K), 5 survivors (5120K)
 Metaspace       used 41089K, committed 41536K, reserved 1114112K
  class space    used 4783K, committed 4992K, reserved 1048576K
}
Event: 11.998 GC heap before
{Heap before GC invocations=14 (full 0):
 garbage-first heap   total 78848K, used 67968K [0x00000000e0000000, 0x0000000100000000)
  region size 1024K, 35 young (35840K), 5 survivors (5120K)
 Metaspace       used 45831K, committed 46336K, reserved 1114112K
  class space    used 5317K, committed 5568K, reserved 1048576K
}
Event: 12.023 GC heap after
{Heap after GC invocations=15 (full 0):
 garbage-first heap   total 78848K, used 40824K [0x00000000e0000000, 0x0000000100000000)
  region size 1024K, 4 young (4096K), 4 survivors (4096K)
 Metaspace       used 45831K, committed 46336K, reserved 1114112K
  class space    used 5317K, committed 5568K, reserved 1048576K
}
Event: 13.928 GC heap before
{Heap before GC invocations=15 (full 0):
 garbage-first heap   total 78848K, used 69496K [0x00000000e0000000, 0x0000000100000000)
  region size 1024K, 32 young (32768K), 4 survivors (4096K)
 Metaspace       used 51184K, committed 51712K, reserved 1114112K
  class space    used 6099K, committed 6336K, reserved 1048576K
}
Event: 13.943 GC heap after
{Heap after GC invocations=16 (full 0):
 garbage-first heap   total 78848K, used 42070K [0x00000000e0000000, 0x0000000100000000)
  region size 1024K, 2 young (2048K), 2 survivors (2048K)
 Metaspace       used 51184K, committed 51712K, reserved 1114112K
  class space    used 6099K, committed 6336K, reserved 1048576K
}
Event: 16.191 GC heap before
{Heap before GC invocations=17 (full 0):
 garbage-first heap   total 78848K, used 69718K [0x00000000e0000000, 0x0000000100000000)
  region size 1024K, 29 young (29696K), 2 survivors (2048K)
 Metaspace       used 61504K, committed 62080K, reserved 1114112K
  class space    used 7376K, committed 7616K, reserved 1048576K
}
Event: 16.201 GC heap after
{Heap after GC invocations=18 (full 0):
 garbage-first heap   total 78848K, used 44663K [0x00000000e0000000, 0x0000000100000000)
  region size 1024K, 4 young (4096K), 4 survivors (4096K)
 Metaspace       used 61504K, committed 62080K, reserved 1114112K
  class space    used 7376K, committed 7616K, reserved 1048576K
}
Event: 17.570 GC heap before
{Heap before GC invocations=18 (full 0):
 garbage-first heap   total 78848K, used 68215K [0x00000000e0000000, 0x0000000100000000)
  region size 1024K, 28 young (28672K), 4 survivors (4096K)
 Metaspace       used 65116K, committed 65664K, reserved 1114112K
  class space    used 7801K, committed 8064K, reserved 1048576K
}
Event: 17.590 GC heap after
{Heap after GC invocations=19 (full 0):
 garbage-first heap   total 78848K, used 47829K [0x00000000e0000000, 0x0000000100000000)
  region size 1024K, 4 young (4096K), 4 survivors (4096K)
 Metaspace       used 65116K, committed 65664K, reserved 1114112K
  class space    used 7801K, committed 8064K, reserved 1048576K
}
Event: 18.845 GC heap before
{Heap before GC invocations=19 (full 0):
 garbage-first heap   total 78848K, used 69333K [0x00000000e0000000, 0x0000000100000000)
  region size 1024K, 25 young (25600K), 4 survivors (4096K)
 Metaspace       used 66192K, committed 66752K, reserved 1114112K
  class space    used 7924K, committed 8192K, reserved 1048576K
}
Event: 18.867 GC heap after
{Heap after GC invocations=20 (full 0):
 garbage-first heap   total 78848K, used 53248K [0x00000000e0000000, 0x0000000100000000)
  region size 1024K, 4 young (4096K), 4 survivors (4096K)
 Metaspace       used 66192K, committed 66752K, reserved 1114112K
  class space    used 7924K, committed 8192K, reserved 1048576K
}
Event: 19.594 GC heap before
{Heap before GC invocations=21 (full 0):
 garbage-first heap   total 91136K, used 68608K [0x00000000e0000000, 0x0000000100000000)
  region size 1024K, 20 young (20480K), 4 survivors (4096K)
 Metaspace       used 67851K, committed 68352K, reserved 1114112K
  class space    used 8128K, committed 8384K, reserved 1048576K
}
Event: 19.607 GC heap after
{Heap after GC invocations=22 (full 0):
 garbage-first heap   total 91136K, used 54435K [0x00000000e0000000, 0x0000000100000000)
  region size 1024K, 1 young (1024K), 1 survivors (1024K)
 Metaspace       used 67851K, committed 68352K, reserved 1114112K
  class space    used 8128K, committed 8384K, reserved 1048576K
}
Event: 20.472 GC heap before
{Heap before GC invocations=22 (full 0):
 garbage-first heap   total 91136K, used 80035K [0x00000000e0000000, 0x0000000100000000)
  region size 1024K, 26 young (26624K), 1 survivors (1024K)
 Metaspace       used 67902K, committed 68416K, reserved 1114112K
  class space    used 8128K, committed 8384K, reserved 1048576K
}
Event: 20.479 GC heap after
{Heap after GC invocations=23 (full 0):
 garbage-first heap   total 91136K, used 55245K [0x00000000e0000000, 0x0000000100000000)
  region size 1024K, 2 young (2048K), 2 survivors (2048K)
 Metaspace       used 67902K, committed 68416K, reserved 1114112K
  class space    used 8128K, committed 8384K, reserved 1048576K
}
Event: 22.765 GC heap before
{Heap before GC invocations=23 (full 0):
 garbage-first heap   total 91136K, used 80845K [0x00000000e0000000, 0x0000000100000000)
  region size 1024K, 28 young (28672K), 2 survivors (2048K)
 Metaspace       used 74436K, committed 75008K, reserved 1179648K
  class space    used 9162K, committed 9408K, reserved 1048576K
}
Event: 22.777 GC heap after
{Heap after GC invocations=24 (full 0):
 garbage-first heap   total 91136K, used 56268K [0x00000000e0000000, 0x0000000100000000)
  region size 1024K, 3 young (3072K), 3 survivors (3072K)
 Metaspace       used 74436K, committed 75008K, reserved 1179648K
  class space    used 9162K, committed 9408K, reserved 1048576K
}

Dll operation events (11 events):
Event: 0.006 Loaded shared library C:\Program Files\Java\jdk-21.0.10\bin\java.dll
Event: 0.027 Loaded shared library C:\Program Files\Java\jdk-21.0.10\bin\jsvml.dll
Event: 0.039 Loaded shared library C:\Program Files\Java\jdk-21.0.10\bin\net.dll
Event: 0.040 Loaded shared library C:\Program Files\Java\jdk-21.0.10\bin\nio.dll
Event: 0.043 Loaded shared library C:\Program Files\Java\jdk-21.0.10\bin\zip.dll
Event: 0.080 Loaded shared library C:\Program Files\Java\jdk-21.0.10\bin\management.dll
Event: 0.084 Loaded shared library C:\Program Files\Java\jdk-21.0.10\bin\management_ext.dll
Event: 0.096 Loaded shared library C:\Program Files\Java\jdk-21.0.10\bin\jimage.dll
Event: 2.512 Loaded shared library C:\Program Files\Java\jdk-21.0.10\bin\sunmscapi.dll
Event: 13.678 Loaded shared library C:\Program Files\Java\jdk-21.0.10\bin\verify.dll
Event: 14.767 Loaded shared library C:\Program Files\Java\jdk-21.0.10\bin\extnet.dll

Deoptimization events (20 events):
Event: 21.532 Thread 0x0000021e6f1af3b0 DEOPT PACKING pc=0x0000021e080cb3bc sp=0x000000849a6fa9f0
Event: 21.532 Thread 0x0000021e6f1af3b0 DEOPT UNPACKING pc=0x0000021e074a46a2 sp=0x000000849a6fa9a8 mode 2
Event: 21.620 Thread 0x0000021e6f1af3b0 DEOPT PACKING pc=0x0000021e00eda21c sp=0x000000849a6faa60
Event: 21.620 Thread 0x0000021e6f1af3b0 DEOPT UNPACKING pc=0x0000021e074a4e42 sp=0x000000849a6f9f00 mode 0
Event: 22.671 Thread 0x0000021e6f1af3b0 Uncommon trap: trap_request=0xffffff45 fr.pc=0x0000021e0804b4f4 relative=0x0000000000001034
Event: 22.671 Thread 0x0000021e6f1af3b0 Uncommon trap: reason=unstable_if action=reinterpret pc=0x0000021e0804b4f4 method=jdk.internal.org.objectweb.asm.Frame.getAbstractTypeFromDescriptor(Ljdk/internal/org/objectweb/asm/SymbolTable;Ljava/lang/String;I)I @ 189 c2
Event: 22.671 Thread 0x0000021e6f1af3b0 DEOPT PACKING pc=0x0000021e0804b4f4 sp=0x000000849a6f9910
Event: 22.671 Thread 0x0000021e6f1af3b0 DEOPT UNPACKING pc=0x0000021e074a46a2 sp=0x000000849a6f98e0 mode 2
Event: 22.681 Thread 0x0000021e6f1af3b0 Uncommon trap: trap_request=0xffffff45 fr.pc=0x0000021e07de099c relative=0x0000000000000e5c
Event: 22.681 Thread 0x0000021e6f1af3b0 Uncommon trap: reason=unstable_if action=reinterpret pc=0x0000021e07de099c method=net.bytebuddy.utility.dispatcher.JavaDispatcher$Dispatcher$ForNonStaticMethod.invoke([Ljava/lang/Object;)Ljava/lang/Object; @ 3 c2
Event: 22.681 Thread 0x0000021e6f1af3b0 DEOPT PACKING pc=0x0000021e07de099c sp=0x000000849a6fab40
Event: 22.681 Thread 0x0000021e6f1af3b0 DEOPT UNPACKING pc=0x0000021e074a46a2 sp=0x000000849a6faa68 mode 2
Event: 22.690 Thread 0x0000021e6f1af3b0 Uncommon trap: trap_request=0xffffffde fr.pc=0x0000021e07f819a8 relative=0x0000000000000088
Event: 22.690 Thread 0x0000021e6f1af3b0 Uncommon trap: reason=class_check action=maybe_recompile pc=0x0000021e07f819a8 method=net.bytebuddy.description.ByteCodeElement$Token$TokenList.get(I)Lnet/bytebuddy/description/ByteCodeElement$Token; @ 10 c2
Event: 22.690 Thread 0x0000021e6f1af3b0 DEOPT PACKING pc=0x0000021e07f819a8 sp=0x000000849a6fb000
Event: 22.690 Thread 0x0000021e6f1af3b0 DEOPT UNPACKING pc=0x0000021e074a46a2 sp=0x000000849a6faf18 mode 2
Event: 22.743 Thread 0x0000021e6f1af3b0 Uncommon trap: trap_request=0xffffffde fr.pc=0x0000021e07f819a8 relative=0x0000000000000088
Event: 22.743 Thread 0x0000021e6f1af3b0 Uncommon trap: reason=class_check action=maybe_recompile pc=0x0000021e07f819a8 method=net.bytebuddy.description.ByteCodeElement$Token$TokenList.get(I)Lnet/bytebuddy/description/ByteCodeElement$Token; @ 10 c2
Event: 22.743 Thread 0x0000021e6f1af3b0 DEOPT PACKING pc=0x0000021e07f819a8 sp=0x000000849a6faba0
Event: 22.743 Thread 0x0000021e6f1af3b0 DEOPT UNPACKING pc=0x0000021e074a46a2 sp=0x000000849a6faab8 mode 2

Classes loaded (20 events):
Event: 19.025 Loading class javax/naming/RefAddr
Event: 19.025 Loading class javax/naming/RefAddr done
Event: 19.025 Loading class javax/naming/StringRefAddr
Event: 19.025 Loading class javax/naming/StringRefAddr done
Event: 19.114 Loading class java/util/concurrent/CompletableFuture$AltResult
Event: 19.115 Loading class java/util/concurrent/CompletableFuture$AltResult done
Event: 19.116 Loading class java/util/concurrent/CompletableFuture$Completion
Event: 19.116 Loading class java/util/concurrent/CompletableFuture$AsynchronousCompletionTask
Event: 19.116 Loading class java/util/concurrent/CompletableFuture$AsynchronousCompletionTask done
Event: 19.116 Loading class java/util/concurrent/CompletableFuture$Completion done
Event: 19.358 Loading class sun/reflect/annotation/AnnotatedTypeFactory$AnnotatedArrayTypeImpl
Event: 19.358 Loading class sun/reflect/annotation/AnnotatedTypeFactory$AnnotatedArrayTypeImpl done
Event: 21.144 Loading class java/time/Clock$TickClock
Event: 21.144 Loading class java/time/Clock$TickClock done
Event: 21.313 Loading class java/util/AbstractList$SubList
Event: 21.313 Loading class java/util/AbstractList$SubList done
Event: 21.650 Loading class java/lang/foreign/ValueLayout
Event: 21.650 Loading class java/lang/foreign/MemoryLayout
Event: 21.651 Loading class java/lang/foreign/MemoryLayout done
Event: 21.651 Loading class java/lang/foreign/ValueLayout done

Classes unloaded (0 events):
No events

Classes redefined (0 events):
No events

Internal exceptions (20 events):
Event: 10.722 Thread 0x0000021e6f1af3b0 Exception <a 'java/lang/ArrayIndexOutOfBoundsException'{0x00000000e3b54540}: Index 5 out of bounds for length 5> (0x00000000e3b54540) 
thrown [s\open\src\hotspot\share\interpreter\interpreterRuntime.cpp, line 439]
Event: 10.722 Thread 0x0000021e6f1af3b0 Exception <a 'java/lang/ArrayIndexOutOfBoundsException'{0x00000000e3b55378}: Index 5 out of bounds for length 5> (0x00000000e3b55378) 
thrown [s\open\src\hotspot\share\interpreter\interpreterRuntime.cpp, line 439]
Event: 10.758 Thread 0x0000021e6f1af3b0 Exception <a 'java/lang/NoSuchMethodError'{0x00000000e3bd3028}: 'java.lang.Object java.lang.invoke.Invokers$Holder.invoke_MT(java.lang.Object, java.lang.Object, java.lang.Object, java.lang.Object, java.lang.Object, java.lang.Object, java.lang.Object, java.lang.Object, java.lang.Object)'> (0x00000000e3bd3028) 
thrown [s\open\src\hotspot\share\interpreter\linkResolver.cpp, line 773]
Event: 12.029 Thread 0x0000021e6f1af3b0 Exception <a 'java/lang/NoSuchMethodError'{0x00000000e4c01b68}: 'java.lang.Object java.lang.invoke.DirectMethodHandle$Holder.newInvokeSpecial(java.lang.Object, java.lang.Object, java.lang.Object, java.lang.Object, java.lang.Object, java.lang.Object, java.lang.Object, java.lang.Object, java.lang.Object, java.lang.Object, java.lang.Object)'> (0x00000000e4c01b68) 
thrown [s\open\src\hotspot\share\interpreter\linkResolver.cpp, line 773]
Event: 12.325 Thread 0x0000021e6f1af3b0 Exception <a 'java/lang/NoSuchMethodError'{0x00000000e4bc0790}: 'java.lang.Object java.lang.invoke.DirectMethodHandle$Holder.invokeVirtual(java.lang.Object, java.lang.Object, java.lang.Object, java.lang.Object, java.lang.Object)'> (0x00000000e4bc0790) 
thrown [s\open\src\hotspot\share\interpreter\linkResolver.cpp, line 773]
Event: 13.194 Thread 0x0000021e6f1af3b0 Exception <a 'java/lang/NoSuchMethodError'{0x00000000e3c29f08}: 'java.lang.Object java.lang.invoke.DirectMethodHandle$Holder.invokeStaticInit(java.lang.Object, int, int, int, int)'> (0x00000000e3c29f08) 
thrown [s\open\src\hotspot\share\interpreter\linkResolver.cpp, line 773]
Event: 13.258 Thread 0x0000021e6f1af3b0 Exception <a 'java/lang/NoSuchMethodError'{0x00000000e3cf7a50}: 'java.lang.Object java.lang.invoke.DirectMethodHandle$Holder.invokeStaticInit(java.lang.Object, java.lang.Object, int, int, int, int)'> (0x00000000e3cf7a50) 
thrown [s\open\src\hotspot\share\interpreter\linkResolver.cpp, line 773]
Event: 14.984 Thread 0x0000021e6f1af3b0 Exception <a 'sun/nio/fs/WindowsException'{0x00000000e3cb02f8}> (0x00000000e3cb02f8) 
thrown [s\open\src\hotspot\share\prims\jni.cpp, line 520]
Event: 16.167 Thread 0x0000021e6f1af3b0 Exception <a 'java/lang/NoSuchMethodError'{0x00000000e321e0f8}: 'java.lang.Object java.lang.invoke.DirectMethodHandle$Holder.invokeStaticInit(java.lang.Object, java.lang.Object, java.lang.Object, java.lang.Object)'> (0x00000000e321e0f8) 
thrown [s\open\src\hotspot\share\interpreter\linkResolver.cpp, line 773]
Event: 16.235 Thread 0x0000021e6f1af3b0 Exception <a 'java/lang/NoSuchMethodError'{0x00000000e4c76188}: 'int java.lang.invoke.Invokers$Holder.invokeExact_MT(java.lang.Object, java.lang.Object)'> (0x00000000e4c76188) 
thrown [s\open\src\hotspot\share\interpreter\linkResolver.cpp, line 773]
Event: 16.675 Thread 0x0000021e6f1af3b0 Exception <a 'java/lang/NoSuchMethodError'{0x00000000e449a7e8}: 'java.lang.Object java.lang.invoke.DirectMethodHandle$Holder.newInvokeSpecial(java.lang.Object, java.lang.Object, java.lang.Object, int)'> (0x00000000e449a7e8) 
thrown [s\open\src\hotspot\share\interpreter\linkResolver.cpp, line 773]
Event: 16.676 Thread 0x0000021e6f1af3b0 Exception <a 'java/lang/NoSuchMethodError'{0x00000000e449ed70}: 'java.lang.Object java.lang.invoke.DirectMethodHandle$Holder.invokeSpecial(java.lang.Object, java.lang.Object, java.lang.Object, java.lang.Object, int)'> (0x00000000e449ed70) 
thrown [s\open\src\hotspot\share\interpreter\linkResolver.cpp, line 773]
Event: 16.676 Thread 0x0000021e6f1af3b0 Exception <a 'java/lang/NoSuchMethodError'{0x00000000e44a2a18}: 'java.lang.Object java.lang.invoke.Invokers$Holder.linkToTargetMethod(java.lang.Object, java.lang.Object, int, java.lang.Object)'> (0x00000000e44a2a18) 
thrown [s\open\src\hotspot\share\interpreter\linkResolver.cpp, line 773]
Event: 18.064 Thread 0x0000021e6f1af3b0 Implicit null exception at 0x0000021e080a1d5e to 0x0000021e080a1e08
Event: 18.076 Thread 0x0000021e6f1af3b0 Implicit null exception at 0x0000021e080a29e7 to 0x0000021e080a2af9
Event: 18.457 Thread 0x0000021e6f1af3b0 Implicit null exception at 0x0000021e080a5419 to 0x0000021e080a56f8
Event: 19.118 Thread 0x0000021e6f1af3b0 Implicit null exception at 0x0000021e0803ff41 to 0x0000021e0804008c
Event: 20.597 Thread 0x0000021e6f1af3b0 Exception <a 'java/lang/IncompatibleClassChangeError'{0x00000000e5519090}: Found class java.lang.Object, but interface was expected> (0x00000000e5519090) 
thrown [s\open\src\hotspot\share\interpreter\linkResolver.cpp, line 840]
Event: 20.627 Thread 0x0000021e6f1af3b0 Exception <a 'java/lang/NoSuchMethodError'{0x00000000e55c7c70}: 'java.lang.Object java.lang.invoke.DirectMethodHandle$Holder.invokeStatic(java.lang.Object, java.lang.Object, int, java.lang.Object)'> (0x00000000e55c7c70) 
thrown [s\open\src\hotspot\share\interpreter\linkResolver.cpp, line 773]
Event: 20.628 Thread 0x0000021e6f1af3b0 Exception <a 'java/lang/NoSuchMethodError'{0x00000000e55cbc40}: 'java.lang.Object java.lang.invoke.DirectMethodHandle$Holder.invokeStaticInit(java.lang.Object, java.lang.Object, int, java.lang.Object)'> (0x00000000e55cbc40) 
thrown [s\open\src\hotspot\share\interpreter\linkResolver.cpp, line 773]

ZGC Phase Switch (0 events):
No events

VM Operations (20 events):
Event: 18.948 Executing VM operation: G1PauseCleanup done
Event: 19.502 Executing VM operation: ICBufferFull
Event: 19.502 Executing VM operation: ICBufferFull done
Event: 19.594 Executing VM operation: G1CollectForAllocation (G1 Evacuation Pause)
Event: 19.607 Executing VM operation: G1CollectForAllocation (G1 Evacuation Pause) done
Event: 20.472 Executing VM operation: G1CollectForAllocation (G1 Evacuation Pause)
Event: 20.481 Executing VM operation: G1CollectForAllocation (G1 Evacuation Pause) done
Event: 21.227 Executing VM operation: HandshakeAllThreads (Deoptimize)
Event: 21.227 Executing VM operation: HandshakeAllThreads (Deoptimize) done
Event: 21.279 Executing VM operation: HandshakeAllThreads (Deoptimize)
Event: 21.279 Executing VM operation: HandshakeAllThreads (Deoptimize) done
Event: 21.619 Executing VM operation: HandshakeAllThreads (Deoptimize)
Event: 21.619 Executing VM operation: HandshakeAllThreads (Deoptimize) done
Event: 21.619 Executing VM operation: Cleanup
Event: 21.620 Executing VM operation: Cleanup done
Event: 22.621 Executing VM operation: Cleanup
Event: 22.621 Executing VM operation: Cleanup done
Event: 22.765 Executing VM operation: G1CollectForAllocation (G1 Evacuation Pause)
Event: 22.779 Executing VM operation: G1CollectForAllocation (G1 Evacuation Pause) done
Event: 22.826 Executing VM operation: G1PauseRemark

Events (20 events):
Event: 22.838 Thread 0x0000021e7b7d4000 flushing nmethod 0x0000021e00cb6210
Event: 22.838 Thread 0x0000021e7b7d4000 flushing nmethod 0x0000021e00cbc010
Event: 22.838 Thread 0x0000021e7b7d4000 flushing nmethod 0x0000021e00cc6c10
Event: 22.838 Thread 0x0000021e7b7d4000 flushing nmethod 0x0000021e00cc7710
Event: 22.838 Thread 0x0000021e7b7d4000 flushing nmethod 0x0000021e00cc8d10
Event: 22.838 Thread 0x0000021e7b7d4000 flushing nmethod 0x0000021e00cf1f90
Event: 22.838 Thread 0x0000021e7b7d4000 flushing nmethod 0x0000021e00cf3390
Event: 22.838 Thread 0x0000021e7b7d4000 flushing nmethod 0x0000021e00cf5090
Event: 22.838 Thread 0x0000021e7b7d4000 flushing nmethod 0x0000021e00d09590
Event: 22.838 Thread 0x0000021e7b7d4000 flushing nmethod 0x0000021e00d0e790
Event: 22.838 Thread 0x0000021e7b7d4000 flushing nmethod 0x0000021e00d12310
Event: 22.838 Thread 0x0000021e7b7d4000 flushing nmethod 0x0000021e00d1bb90
Event: 22.838 Thread 0x0000021e7b7d4000 flushing nmethod 0x0000021e00d48090
Event: 22.838 Thread 0x0000021e7b7d4000 flushing nmethod 0x0000021e00d75210
Event: 22.838 Thread 0x0000021e7b7d4000 flushing nmethod 0x0000021e00d7a710
Event: 22.838 Thread 0x0000021e7b7d4000 flushing nmethod 0x0000021e00d7af90
Event: 22.838 Thread 0x0000021e7b7d4000 flushing nmethod 0x0000021e00dcfb10
Event: 22.838 Thread 0x0000021e7b7d4000 flushing nmethod 0x0000021e00dd4e10
Event: 22.838 Thread 0x0000021e7b7d4000 flushing nmethod 0x0000021e00e54910
Event: 22.838 Thread 0x0000021e7b7d4000 flushing nmethod 0x0000021e00e6ac10


Dynamic libraries:
0x00007ff6255e0000 - 0x00007ff6255f0000 	C:\Program Files\Java\jdk-21.0.10\bin\java.exe
0x00007ffd97700000 - 0x00007ffd97966000 	C:\Windows\SYSTEM32\ntdll.dll
0x00007ffd96bd0000 - 0x00007ffd96c99000 	C:\Windows\System32\KERNEL32.DLL
0x00007ffd94ec0000 - 0x00007ffd952be000 	C:\Windows\System32\KERNELBASE.dll
0x00007ffd952d0000 - 0x00007ffd9541c000 	C:\Windows\System32\ucrtbase.dll
0x00007ffd88440000 - 0x00007ffd88459000 	C:\Program Files\Java\jdk-21.0.10\bin\jli.dll
0x00007ffd88410000 - 0x00007ffd8842e000 	C:\Program Files\Java\jdk-21.0.10\bin\VCRUNTIME140.dll
0x00007ffd97320000 - 0x00007ffd973d7000 	C:\Windows\System32\ADVAPI32.dll
0x00007ffd95870000 - 0x00007ffd95919000 	C:\Windows\System32\msvcrt.dll
0x00007ffd96d30000 - 0x00007ffd96dda000 	C:\Windows\System32\sechost.dll
0x00007ffd975a0000 - 0x00007ffd976b8000 	C:\Windows\System32\RPCRT4.dll
0x00007ffd96920000 - 0x00007ffd96ae7000 	C:\Windows\System32\USER32.dll
0x00007ffd949e0000 - 0x00007ffd94a07000 	C:\Windows\System32\win32u.dll
0x00007ffd95b80000 - 0x00007ffd95bab000 	C:\Windows\System32\GDI32.dll
0x00007ffd7fd90000 - 0x00007ffd80022000 	C:\Windows\WinSxS\amd64_microsoft.windows.common-controls_6595b64144ccf1df_6.0.26100.8875_none_3e0d5d42e32fe9dd\COMCTL32.dll
0x00007ffd94d90000 - 0x00007ffd94eba000 	C:\Windows\System32\gdi32full.dll
0x00007ffd94b90000 - 0x00007ffd94c33000 	C:\Windows\System32\msvcp_win.dll
0x00007ffd8dd40000 - 0x00007ffd8dd4b000 	C:\Windows\SYSTEM32\VERSION.dll
0x00007ffd97170000 - 0x00007ffd971a2000 	C:\Windows\System32\IMM32.DLL
0x00007ffd8da20000 - 0x00007ffd8da2c000 	C:\Program Files\Java\jdk-21.0.10\bin\vcruntime140_1.dll
0x00007ffd70240000 - 0x00007ffd702cd000 	C:\Program Files\Java\jdk-21.0.10\bin\msvcp140.dll
0x00007ffce3f90000 - 0x00007ffce4cb7000 	C:\Program Files\Java\jdk-21.0.10\bin\server\jvm.dll
0x00007ffd96360000 - 0x00007ffd963e0000 	C:\Windows\System32\WS2_32.dll
0x00007ffd94780000 - 0x00007ffd947de000 	C:\Windows\SYSTEM32\POWRPROF.dll
0x00007ffd8b410000 - 0x00007ffd8b446000 	C:\Windows\SYSTEM32\WINMM.dll
0x00007ffd94760000 - 0x00007ffd94774000 	C:\Windows\SYSTEM32\UMPDC.dll
0x00007ffd935d0000 - 0x00007ffd935eb000 	C:\Windows\SYSTEM32\kernel.appcore.dll
0x00007ffd88360000 - 0x00007ffd8836a000 	C:\Program Files\Java\jdk-21.0.10\bin\jimage.dll
0x00007ffd88630000 - 0x00007ffd88872000 	C:\Windows\SYSTEM32\DBGHELP.DLL
0x00007ffd96de0000 - 0x00007ffd97163000 	C:\Windows\System32\combase.dll
0x00007ffd96af0000 - 0x00007ffd96bc9000 	C:\Windows\System32\OLEAUT32.dll
0x00007ffd738e0000 - 0x00007ffd7391b000 	C:\Windows\SYSTEM32\dbgcore.DLL
0x00007ffd94c40000 - 0x00007ffd94cec000 	C:\Windows\System32\bcryptPrimitives.dll
0x00007ffd75fc0000 - 0x00007ffd75fe1000 	C:\Program Files\Java\jdk-21.0.10\bin\java.dll
0x00007ffd95bc0000 - 0x00007ffd96352000 	C:\Windows\System32\SHELL32.dll
0x00007ffd92380000 - 0x00007ffd92c12000 	C:\Windows\SYSTEM32\windows.storage.dll
0x00007ffd959b0000 - 0x00007ffd95aa7000 	C:\Windows\System32\SHCORE.dll
0x00007ffd95ab0000 - 0x00007ffd95b17000 	C:\Windows\System32\shlwapi.dll
0x00007ffd94840000 - 0x00007ffd94869000 	C:\Windows\SYSTEM32\profapi.dll
0x00007ffd62d00000 - 0x00007ffd62dd7000 	C:\Program Files\Java\jdk-21.0.10\bin\jsvml.dll
0x00007ffd71ba0000 - 0x00007ffd71bb1000 	C:\Program Files\Java\jdk-21.0.10\bin\net.dll
0x00007ffd8d870000 - 0x00007ffd8d997000 	C:\Windows\SYSTEM32\WINHTTP.dll
0x00007ffd93b70000 - 0x00007ffd93bdc000 	C:\Windows\system32\mswsock.dll
0x00007ffd71a80000 - 0x00007ffd71a96000 	C:\Program Files\Java\jdk-21.0.10\bin\nio.dll
0x00007ffd718d0000 - 0x00007ffd718e8000 	C:\Program Files\Java\jdk-21.0.10\bin\zip.dll
0x00007ffd76880000 - 0x00007ffd7688a000 	C:\Program Files\Java\jdk-21.0.10\bin\management.dll
0x00007ffd75f60000 - 0x00007ffd75f6c000 	C:\Program Files\Java\jdk-21.0.10\bin\management_ext.dll
0x00007ffd95bb0000 - 0x00007ffd95bb8000 	C:\Windows\System32\PSAPI.DLL
0x00007ffd75ef0000 - 0x00007ffd75efe000 	C:\Program Files\Java\jdk-21.0.10\bin\sunmscapi.dll
0x00007ffd94a10000 - 0x00007ffd94b88000 	C:\Windows\System32\CRYPT32.dll
0x00007ffd940f0000 - 0x00007ffd94120000 	C:\Windows\SYSTEM32\ncrypt.dll
0x00007ffd940a0000 - 0x00007ffd940df000 	C:\Windows\SYSTEM32\NTASN1.dll
0x00007ffd93eb0000 - 0x00007ffd93ecb000 	C:\Windows\SYSTEM32\CRYPTSP.dll
0x00007ffd93530000 - 0x00007ffd93569000 	C:\Windows\system32\rsaenh.dll
0x00007ffd93c50000 - 0x00007ffd93c82000 	C:\Windows\SYSTEM32\USERENV.dll
0x00007ffd94810000 - 0x00007ffd9483a000 	C:\Windows\SYSTEM32\bcrypt.dll
0x00007ffd93e90000 - 0x00007ffd93e9c000 	C:\Windows\SYSTEM32\CRYPTBASE.dll
0x00007ffd93020000 - 0x00007ffd93053000 	C:\Windows\SYSTEM32\IPHLPAPI.DLL
0x00007ffd97460000 - 0x00007ffd9746a000 	C:\Windows\System32\NSI.dll
0x00007ffd73810000 - 0x00007ffd73820000 	C:\Program Files\Java\jdk-21.0.10\bin\verify.dll
0x00007ffd93110000 - 0x00007ffd93266000 	C:\Windows\SYSTEM32\DNSAPI.dll
0x00007ffd93980000 - 0x00007ffd9398d000 	C:\Windows\SYSTEM32\DSPARSE.dll
0x00007ffd8da50000 - 0x00007ffd8da5b000 	C:\Windows\System32\rasadhlp.dll
0x00007ffd8e5a0000 - 0x00007ffd8e626000 	C:\Windows\System32\fwpuclnt.dll
0x00007ffd72a00000 - 0x00007ffd72a09000 	C:\Program Files\Java\jdk-21.0.10\bin\extnet.dll

dbghelp: loaded successfully - version: 4.0.5 - missing functions: none
symbol engine: initialized successfully - sym options: 0x614 - pdb path: .;C:\Program Files\Java\jdk-21.0.10\bin;C:\Windows\SYSTEM32;C:\Windows\WinSxS\amd64_microsoft.windows.common-controls_6595b64144ccf1df_6.0.26100.8875_none_3e0d5d42e32fe9dd;C:\Program Files\Java\jdk-21.0.10\bin\server

VM Arguments:
jvm_args: -Xmx512m -Xms64m 
java_command: C:\Users\sesol\AppData\Local\Temp\surefire5771380887073643897\surefirebooter-20260723175758698_3.jar C:\Users\sesol\AppData\Local\Temp\surefire5771380887073643897 2026-07-23T17-57-58_604-jvmRun1 surefire-20260723175758698_1tmp surefire_0-20260723175758698_2tmp
java_class_path (initial): C:\Users\sesol\AppData\Local\Temp\surefire5771380887073643897\surefirebooter-20260723175758698_3.jar
Launcher Type: SUN_STANDARD

[Global flags]
     intx CICompilerCount                          = 12                                        {product} {ergonomic}
     uint ConcGCThreads                            = 3                                         {product} {ergonomic}
     uint G1ConcRefinementThreads                  = 13                                        {product} {ergonomic}
   size_t G1HeapRegionSize                         = 1048576                                   {product} {ergonomic}
    uintx GCDrainStackTargetSize                   = 64                                        {product} {ergonomic}
   size_t InitialHeapSize                          = 67108864                                  {product} {command line}
   size_t MarkStackSize                            = 4194304                                   {product} {ergonomic}
   size_t MaxHeapSize                              = 536870912                                 {product} {command line}
   size_t MaxNewSize                               = 321912832                                 {product} {ergonomic}
   size_t MinHeapDeltaBytes                        = 1048576                                   {product} {ergonomic}
   size_t MinHeapSize                              = 67108864                                  {product} {command line}
    uintx NonNMethodCodeHeapSize                   = 7602480                                {pd product} {ergonomic}
    uintx NonProfiledCodeHeapSize                  = 122027880                              {pd product} {ergonomic}
    uintx ProfiledCodeHeapSize                     = 122027880                              {pd product} {ergonomic}
    uintx ReservedCodeCacheSize                    = 251658240                              {pd product} {ergonomic}
     bool SegmentedCodeCache                       = true                                      {product} {ergonomic}
   size_t SoftMaxHeapSize                          = 536870912                              {manageable} {ergonomic}
     bool UseCompressedOops                        = true                           {product lp64_product} {ergonomic}
     bool UseG1GC                                  = true                                      {product} {ergonomic}
     bool UseLargePagesIndividualAllocation        = false                                  {pd product} {ergonomic}

Logging:
Log output configuration:
 #0: stdout all=warning uptime,level,tags foldmultilines=false
 #1: stderr all=off uptime,level,tags foldmultilines=false

Environment Variables:
JAVA_HOME=C:/Program Files/Java/jdk-21.0.10
PATH=C:\Users\sesol\bin;C:\Program Files\Git\mingw64\bin;C:\Program Files\Git\usr\local\bin;C:\Program Files\Git\usr\bin;C:\Program Files\Git\usr\bin;C:\Program Files\Git\mingw64\bin;C:\Program Files\Git\usr\bin;C:\Users\sesol\bin;C:\Program Files\Eclipse Adoptium\jdk-21.0.11.10-hotspot\bin;C:\Program Files\Common Files\Oracle\Java\javapath;C:\Windows\system32;C:\Windows;C:\Windows\System32\Wbem;C:\Windows\System32\WindowsPowerShell\v1.0;C:\Windows\System32\OpenSSH;C:\Program Files\Git\cmd;C:\Program Files\nodejs;C:\Program Files\Java\jdk-21.0.10\bin;C:\Program Files\MySQL\MySQL Shell 8.0\bin;C:\Users\sesol\AppData\Local\Microsoft\WindowsApps;C:\Users\sesol\AppData\Local\Programs\Microsoft VS Code\bin;C:\Users\sesol\AppData\Roaming\npm;C:\Program Files\Git\usr\bin\vendor_perl;C:\Program Files\Git\usr\bin\core_perl
USERNAME=sesol
SHELL=C:\Program Files\Git\usr\bin\bash.exe
TERM=xterm-256color
OS=Windows_NT
PROCESSOR_IDENTIFIER=Intel64 Family 6 Model 186 Stepping 2, GenuineIntel
TMP=C:\Users\sesol\AppData\Local\Temp
TEMP=C:\Users\sesol\AppData\Local\Temp




Periodic native trim disabled

---------------  S Y S T E M  ---------------

OS:
 Windows 11 , 64 bit Build 26100 (10.0.26100.8875)
OS uptime: 2 days 2:31 hours
Hyper-V role detected

CPU: total 16 (initial active 16) (8 cores per cpu, 2 threads per core) family 6 model 186 stepping 2 microcode 0x6134, cx8, cmov, fxsr, ht, mmx, 3dnowpref, sse, sse2, sse3, ssse3, sse4.1, sse4.2, popcnt, lzcnt, tsc, tscinvbit, avx, avx2, aes, erms, clmul, bmi1, bmi2, adx, sha, fma, vzeroupper, clflush, clflushopt, clwb, hv, serialize, rdtscp, rdpid, fsrm, f16c, cet_ibt, cet_ss
Processor Information for processor 0
  Max Mhz: 2400, Current Mhz: 1520, Mhz Limit: 2400
Processor Information for processor 1
  Max Mhz: 2400, Current Mhz: 2400, Mhz Limit: 2400
Processor Information for processor 2
  Max Mhz: 2400, Current Mhz: 1520, Mhz Limit: 2400
Processor Information for processor 3
  Max Mhz: 2400, Current Mhz: 2400, Mhz Limit: 2400
Processor Information for processor 4
  Max Mhz: 2400, Current Mhz: 1520, Mhz Limit: 2400
Processor Information for processor 5
  Max Mhz: 2400, Current Mhz: 2400, Mhz Limit: 2400
Processor Information for processor 6
  Max Mhz: 2400, Current Mhz: 2400, Mhz Limit: 2400
Processor Information for processor 7
  Max Mhz: 2400, Current Mhz: 2400, Mhz Limit: 2400
Processor Information for processor 8
  Max Mhz: 2400, Current Mhz: 1520, Mhz Limit: 2400
Processor Information for processor 9
  Max Mhz: 2400, Current Mhz: 2400, Mhz Limit: 2400
Processor Information for processor 10
  Max Mhz: 2400, Current Mhz: 2400, Mhz Limit: 2400
Processor Information for processor 11
  Max Mhz: 2400, Current Mhz: 2400, Mhz Limit: 2400
Processor Information for processor 12
  Max Mhz: 2400, Current Mhz: 2400, Mhz Limit: 2400
Processor Information for processor 13
  Max Mhz: 2400, Current Mhz: 1466, Mhz Limit: 2400
Processor Information for processor 14
  Max Mhz: 2400, Current Mhz: 2400, Mhz Limit: 2400
Processor Information for processor 15
  Max Mhz: 2400, Current Mhz: 2400, Mhz Limit: 2400

Memory: 4k page, system-wide physical 16044M (1737M free)
TotalPageFile size 24236M (AvailPageFile size 339M)
current process WorkingSet (physical memory assigned to process): 295M, peak: 306M
current process commit charge ("private bytes"): 342M, peak: 353M

vm_info: Java HotSpot(TM) 64-Bit Server VM (21.0.10+8-LTS-217) for windows-amd64 JRE (21.0.10+8-LTS-217), built on 2025-12-18T14:59:28Z by "mach5run" with MS VC++ 17.13 (VS2022)

END.
