#
# There is insufficient memory for the Java Runtime Environment to continue.
# Native memory allocation (mmap) failed to map 788529152 bytes for G1 virtual space
# Possible reasons:
#   The system is out of physical RAM or swap space
#   The process is running with CompressedOops enabled, and the Java Heap may be blocking the growth of the native heap
# Possible solutions:
#   Reduce memory load on the system
#   Increase physical memory or swap space
#   Check if swap backing store is full
#   Decrease Java heap size (-Xmx/-Xms)
#   Decrease number of Java threads
#   Decrease Java thread stack sizes (-Xss)
#   Set larger code cache with -XX:ReservedCodeCacheSize=
#   JVM is running with Zero Based Compressed Oops mode in which the Java heap is
#     placed in the first 32GB address space. The Java Heap base address is the
#     maximum limit for the native heap growth. Please use -XX:HeapBaseMinAddress
#     to set the Java Heap base and to place the Java Heap above 32GB virtual address.
# This output file may be truncated or incomplete.
#
#  Out of Memory Error (os_windows.cpp:3604), pid=12828, tid=2528
#
# JRE version: Java(TM) SE Runtime Environment (21.0.10+8) (build 21.0.10+8-LTS-217)
# Java VM: Java HotSpot(TM) 64-Bit Server VM (21.0.10+8-LTS-217, mixed mode, sharing, tiered, compressed oops, compressed class ptrs, g1 gc, windows-amd64)
# No core dump will be written. Minidumps are not enabled by default on client versions of Windows
#

---------------  S U M M A R Y ------------

Command Line: C:\Users\sesol\AppData\Local\Temp\surefire10157717726030735918\surefirebooter-20260727163042200_3.jar C:\Users\sesol\AppData\Local\Temp\surefire10157717726030735918 2026-07-27T16-30-42_056-jvmRun1 surefire-20260727163042200_1tmp surefire_0-20260727163042200_2tmp

Host: 13th Gen Intel(R) Core(TM) i7-13620H, 16 cores, 15G,  Windows 11 , 64 bit Build 26100 (10.0.26100.8875)
Time: Mon Jul 27 16:30:54 2026 India Standard Time elapsed time: 12.191703 seconds (0d 0h 0m 12s)

---------------  T H R E A D  ---------------

Current thread (0x00000188bde80710):  VMThread "VM Thread"          [id=2528, stack(0x00000012e7f00000,0x00000012e8000000) (1024K)]

Stack: [0x00000012e7f00000,0x00000012e8000000]
Native frames: (J=compiled Java code, j=interpreted, Vv=VM code, C=native code)
V  [jvm.dll+0x6d0b59]
V  [jvm.dll+0x85fd56]
V  [jvm.dll+0x86224e]
V  [jvm.dll+0x862923]
V  [jvm.dll+0x282a16]
V  [jvm.dll+0x6cd405]
V  [jvm.dll+0x6c1f8a]
V  [jvm.dll+0x35bcc8]
V  [jvm.dll+0x363986]
V  [jvm.dll+0x3b4a3e]
V  [jvm.dll+0x3b4ce8]
V  [jvm.dll+0x32f98c]
V  [jvm.dll+0x32fa17]
V  [jvm.dll+0x373c9c]
V  [jvm.dll+0x372441]
V  [jvm.dll+0x32f0d1]
V  [jvm.dll+0x371aaa]
V  [jvm.dll+0x86861f]
V  [jvm.dll+0x8699ac]
V  [jvm.dll+0x869ee1]
V  [jvm.dll+0x86a183]
V  [jvm.dll+0x80a83d]
V  [jvm.dll+0x6cf3fd]
C  [ucrtbase.dll+0x2cd30]
C  [KERNEL32.DLL+0x2e957]
C  [ntdll.dll+0xaad6c]

VM_Operation (0x00000012e78f4370): G1CollectForAllocation, mode: safepoint, requested by thread 0x000001889e28f960


---------------  P R O C E S S  ---------------

Threads class SMR info:
_java_thread_list=0x0000018889afe2b0, length=15, elements={
0x000001889e28f960, 0x00000188bde9f5c0, 0x00000188bdea2d50, 0x00000188bdea57c0,
0x00000188bdea6220, 0x00000188bdea6c80, 0x00000188bdea76e0, 0x00000188bdea8470,
0x00000188bdeb3590, 0x00000188ff196220, 0x00000188ff19c0a0, 0x00000188ffa034f0,
0x00000188ff671490, 0x0000018885566f80, 0x0000018885567610
}

Java Threads: ( => current thread )
  0x000001889e28f960 JavaThread "main"                              [_thread_blocked, id=4888, stack(0x00000012e7800000,0x00000012e7900000) (1024K)]
  0x00000188bde9f5c0 JavaThread "Reference Handler"          daemon [_thread_blocked, id=11360, stack(0x00000012e8000000,0x00000012e8100000) (1024K)]
  0x00000188bdea2d50 JavaThread "Finalizer"                  daemon [_thread_blocked, id=20432, stack(0x00000012e8100000,0x00000012e8200000) (1024K)]
  0x00000188bdea57c0 JavaThread "Signal Dispatcher"          daemon [_thread_blocked, id=17260, stack(0x00000012e8200000,0x00000012e8300000) (1024K)]
  0x00000188bdea6220 JavaThread "Attach Listener"            daemon [_thread_blocked, id=10012, stack(0x00000012e8300000,0x00000012e8400000) (1024K)]
  0x00000188bdea6c80 JavaThread "Service Thread"             daemon [_thread_blocked, id=13224, stack(0x00000012e8400000,0x00000012e8500000) (1024K)]
  0x00000188bdea76e0 JavaThread "Monitor Deflation Thread"   daemon [_thread_blocked, id=6408, stack(0x00000012e8500000,0x00000012e8600000) (1024K)]
  0x00000188bdea8470 JavaThread "C2 CompilerThread0"         daemon [_thread_blocked, id=20220, stack(0x00000012e8600000,0x00000012e8700000) (1024K)]
  0x00000188bdeb3590 JavaThread "C1 CompilerThread0"         daemon [_thread_blocked, id=15368, stack(0x00000012e8700000,0x00000012e8800000) (1024K)]
  0x00000188ff196220 JavaThread "Notification Thread"        daemon [_thread_blocked, id=3944, stack(0x00000012e8900000,0x00000012e8a00000) (1024K)]
  0x00000188ff19c0a0 JavaThread "Common-Cleaner"             daemon [_thread_blocked, id=17300, stack(0x00000012e8a00000,0x00000012e8b00000) (1024K)]
  0x00000188ffa034f0 JavaThread "surefire-forkedjvm-stream-flusher" daemon [_thread_blocked, id=13160, stack(0x00000012e8c00000,0x00000012e8d00000) (1024K)]
  0x00000188ff671490 JavaThread "surefire-forkedjvm-command-thread" daemon [_thread_in_native, id=5936, stack(0x00000012e8d00000,0x00000012e8e00000) (1024K)]
  0x0000018885566f80 JavaThread "mysql-cj-abandoned-connection-cleanup" daemon [_thread_blocked, id=9204, stack(0x00000012e9800000,0x00000012e9900000) (1024K)]
  0x0000018885567610 JavaThread "HikariPool-1 housekeeper"   daemon [_thread_blocked, id=19908, stack(0x00000012ea000000,0x00000012ea100000) (1024K)]
Total: 15

Other Threads:
=>0x00000188bde80710 VMThread "VM Thread"                           [id=2528, stack(0x00000012e7f00000,0x00000012e8000000) (1024K)]
  0x00000188bde67bb0 WatcherThread "VM Periodic Task Thread"        [id=16464, stack(0x00000012e7e00000,0x00000012e7f00000) (1024K)]
  0x000001889e2f0c30 WorkerThread "GC Thread#0"                     [id=4160, stack(0x00000012e7900000,0x00000012e7a00000) (1024K)]
  0x00000188ffbfdcc0 WorkerThread "GC Thread#1"                     [id=23408, stack(0x00000012e9000000,0x00000012e9100000) (1024K)]
  0x00000188ffbfe070 WorkerThread "GC Thread#2"                     [id=14340, stack(0x00000012e9100000,0x00000012e9200000) (1024K)]
  0x00000188ffbfe420 WorkerThread "GC Thread#3"                     [id=9952, stack(0x00000012e9200000,0x00000012e9300000) (1024K)]
  0x00000188ffbfe7d0 WorkerThread "GC Thread#4"                     [id=22920, stack(0x00000012e9300000,0x00000012e9400000) (1024K)]
  0x0000018884075720 WorkerThread "GC Thread#5"                     [id=12904, stack(0x00000012e9400000,0x00000012e9500000) (1024K)]
  0x000001888409f9f0 WorkerThread "GC Thread#6"                     [id=7344, stack(0x00000012e9500000,0x00000012e9600000) (1024K)]
  0x000001888409eee0 WorkerThread "GC Thread#7"                     [id=16580, stack(0x00000012e9600000,0x00000012e9700000) (1024K)]
  0x000001888409eb30 WorkerThread "GC Thread#8"                     [id=13288, stack(0x00000012e9700000,0x00000012e9800000) (1024K)]
  0x000001888409f640 WorkerThread "GC Thread#9"                     [id=10188, stack(0x00000012e9900000,0x00000012e9a00000) (1024K)]
  0x000001888409fda0 WorkerThread "GC Thread#10"                    [id=12420, stack(0x00000012e9a00000,0x00000012e9b00000) (1024K)]
  0x00000188840a0150 WorkerThread "GC Thread#11"                    [id=16356, stack(0x00000012e9b00000,0x00000012e9c00000) (1024K)]
  0x0000018884b211a0 WorkerThread "GC Thread#12"                    [id=4024, stack(0x00000012e9c00000,0x00000012e9d00000) (1024K)]
  0x000001889e3015f0 ConcurrentGCThread "G1 Main Marker"            [id=4304, stack(0x00000012e7a00000,0x00000012e7b00000) (1024K)]
  0x000001889e302e90 WorkerThread "G1 Conc#0"                       [id=15476, stack(0x00000012e7b00000,0x00000012e7c00000) (1024K)]
  0x0000018884b1f7d0 WorkerThread "G1 Conc#1"                       [id=4996, stack(0x00000012e9d00000,0x00000012e9e00000) (1024K)]
  0x0000018884b1ff30 WorkerThread "G1 Conc#2"                       [id=9120, stack(0x00000012e9e00000,0x00000012e9f00000) (1024K)]
  0x00000188bdd3b0b0 ConcurrentGCThread "G1 Refine#0"               [id=15384, stack(0x00000012e7c00000,0x00000012e7d00000) (1024K)]
  0x00000188bdd3c8f0 ConcurrentGCThread "G1 Service"                [id=22788, stack(0x00000012e7d00000,0x00000012e7e00000) (1024K)]
Total: 21

Threads with active compile tasks:
Total: 0

VM state: at safepoint (normal execution)

VM Mutex/Monitor currently owned by a thread:  ([mutex/lock_event])
[0x00007ffef6969f10] Threads_lock - owner thread: 0x00000188bde80710
[0x00007ffef696a010] Heap_lock - owner thread: 0x000001889e28f960

Heap address: 0x0000000705400000, size: 4012 MB, Compressed Oops mode: Zero based, Oop shift amount: 3

CDS archive(s) mapped at: [0x00000188be000000-0x00000188bec90000-0x00000188bec90000), size 13172736, SharedBaseAddress: 0x00000188be000000, ArchiveRelocationMode: 1.
Compressed class space mapped at: 0x00000188bf000000-0x00000188ff000000, reserved size: 1073741824
Narrow klass base: 0x00000188be000000, Narrow klass shift: 0, Narrow klass range: 0x100000000

GC Precious Log:
 CardTable entry size: 512
 Card Set container configuration: InlinePtr #cards 4 size 8 Array Of Cards #cards 16 size 48 Howl #buckets 8 coarsen threshold 3686 Howl Bitmap #cards 512 size 80 coarsen threshold 460 Card regions per heap region 1 cards per card region 4096
 CPUs: 16 total, 16 available
 Memory: 16044M
 Large Page Support: Disabled
 NUMA Support: Disabled
 Compressed Oops: Enabled (Zero based)
 Heap Region Size: 2M
 Heap Min Capacity: 8M
 Heap Initial Capacity: 252M
 Heap Max Capacity: 4012M
 Pre-touch: Disabled
 Parallel Workers: 13
 Concurrent Workers: 3
 Concurrent Refinement Workers: 13
 Periodic GC: Disabled

Heap:
 garbage-first heap   total 643072K, used 366468K [0x0000000705400000, 0x0000000800000000)
  region size 2048K, 12 young (24576K), 12 survivors (24576K)
 Metaspace       used 96471K, committed 97152K, reserved 1179648K
  class space    used 12188K, committed 12480K, reserved 1048576K

Heap Regions: E=young(eden), S=young(survivor), O=old, HS=humongous(starts), HC=humongous(continues), CS=collection set, F=free, TAMS=top-at-mark-start, PB=parsable bottom
|   0|0x0000000705400000, 0x0000000705600000, 0x0000000705600000|100%| O|  |TAMS 0x0000000705400000| PB 0x0000000705400000| Untracked 
|   1|0x0000000705600000, 0x0000000705800000, 0x0000000705800000|100%| O|  |TAMS 0x0000000705600000| PB 0x0000000705600000| Untracked 
|   2|0x0000000705800000, 0x0000000705a00000, 0x0000000705a00000|100%| O|  |TAMS 0x0000000705800000| PB 0x0000000705800000| Untracked 
|   3|0x0000000705a00000, 0x0000000705c00000, 0x0000000705c00000|100%| O|  |TAMS 0x0000000705a00000| PB 0x0000000705a00000| Untracked 
|   4|0x0000000705c00000, 0x0000000705e00000, 0x0000000705e00000|100%| O|  |TAMS 0x0000000705c00000| PB 0x0000000705c00000| Untracked 
|   5|0x0000000705e00000, 0x0000000706000000, 0x0000000706000000|100%| O|  |TAMS 0x0000000705e00000| PB 0x0000000705e00000| Untracked 
|   6|0x0000000706000000, 0x0000000706200000, 0x0000000706200000|100%| O|  |TAMS 0x0000000706000000| PB 0x0000000706000000| Untracked 
|   7|0x0000000706200000, 0x0000000706400000, 0x0000000706400000|100%| O|  |TAMS 0x0000000706200000| PB 0x0000000706200000| Untracked 
|   8|0x0000000706400000, 0x0000000706600000, 0x0000000706600000|100%| O|  |TAMS 0x0000000706400000| PB 0x0000000706400000| Untracked 
|   9|0x0000000706600000, 0x0000000706800000, 0x0000000706800000|100%| O|  |TAMS 0x0000000706600000| PB 0x0000000706600000| Untracked 
|  10|0x0000000706800000, 0x0000000706a00000, 0x0000000706a00000|100%| O|  |TAMS 0x0000000706800000| PB 0x0000000706800000| Untracked 
|  11|0x0000000706a00000, 0x0000000706c00000, 0x0000000706c00000|100%| O|  |TAMS 0x0000000706a00000| PB 0x0000000706a00000| Untracked 
|  12|0x0000000706c00000, 0x0000000706e00000, 0x0000000706e00000|100%| O|  |TAMS 0x0000000706c00000| PB 0x0000000706c00000| Untracked 
|  13|0x0000000706e00000, 0x0000000707000000, 0x0000000707000000|100%| O|  |TAMS 0x0000000706e00000| PB 0x0000000706e00000| Untracked 
|  14|0x0000000707000000, 0x0000000707200000, 0x0000000707200000|100%| O|  |TAMS 0x0000000707000000| PB 0x0000000707000000| Untracked 
|  15|0x0000000707200000, 0x0000000707400000, 0x0000000707400000|100%| O|  |TAMS 0x0000000707200000| PB 0x0000000707200000| Untracked 
|  16|0x0000000707400000, 0x0000000707600000, 0x0000000707600000|100%| O|  |TAMS 0x0000000707400000| PB 0x0000000707400000| Untracked 
|  17|0x0000000707600000, 0x0000000707800000, 0x0000000707800000|100%| O|  |TAMS 0x0000000707600000| PB 0x0000000707600000| Untracked 
|  18|0x0000000707800000, 0x0000000707a00000, 0x0000000707a00000|100%| O|  |TAMS 0x0000000707800000| PB 0x0000000707800000| Untracked 
|  19|0x0000000707a00000, 0x0000000707c00000, 0x0000000707c00000|100%| O|  |TAMS 0x0000000707a00000| PB 0x0000000707a00000| Untracked 
|  20|0x0000000707c00000, 0x0000000707e00000, 0x0000000707e00000|100%| O|  |TAMS 0x0000000707c00000| PB 0x0000000707c00000| Untracked 
|  21|0x0000000707e00000, 0x0000000708000000, 0x0000000708000000|100%| O|  |TAMS 0x0000000707e00000| PB 0x0000000707e00000| Untracked 
|  22|0x0000000708000000, 0x0000000708000000, 0x0000000708200000|  0%| F|  |TAMS 0x0000000708000000| PB 0x0000000708000000| Untracked 
|  23|0x0000000708200000, 0x0000000708400000, 0x0000000708400000|100%| O|  |TAMS 0x0000000708200000| PB 0x0000000708200000| Untracked 
|  24|0x0000000708400000, 0x0000000708600000, 0x0000000708600000|100%| O|  |TAMS 0x0000000708400000| PB 0x0000000708400000| Untracked 
|  25|0x0000000708600000, 0x0000000708600000, 0x0000000708800000|  0%| F|  |TAMS 0x0000000708600000| PB 0x0000000708600000| Untracked 
|  26|0x0000000708800000, 0x0000000708800000, 0x0000000708a00000|  0%| F|  |TAMS 0x0000000708800000| PB 0x0000000708800000| Untracked 
|  27|0x0000000708a00000, 0x0000000708c00000, 0x0000000708c00000|100%| O|  |TAMS 0x0000000708a00000| PB 0x0000000708a00000| Untracked 
|  28|0x0000000708c00000, 0x0000000708e00000, 0x0000000708e00000|100%| O|  |TAMS 0x0000000708c00000| PB 0x0000000708c00000| Untracked 
|  29|0x0000000708e00000, 0x0000000709000000, 0x0000000709000000|100%| O|  |TAMS 0x0000000708e00000| PB 0x0000000708e00000| Untracked 
|  30|0x0000000709000000, 0x0000000709200000, 0x0000000709200000|100%| O|  |TAMS 0x0000000709000000| PB 0x0000000709000000| Untracked 
|  31|0x0000000709200000, 0x0000000709400000, 0x0000000709400000|100%| O|  |TAMS 0x0000000709200000| PB 0x0000000709200000| Untracked 
|  32|0x0000000709400000, 0x0000000709600000, 0x0000000709600000|100%| O|  |TAMS 0x0000000709400000| PB 0x0000000709400000| Untracked 
|  33|0x0000000709600000, 0x0000000709800000, 0x0000000709800000|100%| O|  |TAMS 0x0000000709600000| PB 0x0000000709600000| Untracked 
|  34|0x0000000709800000, 0x0000000709a00000, 0x0000000709a00000|100%| O|  |TAMS 0x0000000709800000| PB 0x0000000709800000| Untracked 
|  35|0x0000000709a00000, 0x0000000709c00000, 0x0000000709c00000|100%| O|  |TAMS 0x0000000709a00000| PB 0x0000000709a00000| Untracked 
|  36|0x0000000709c00000, 0x0000000709e00000, 0x0000000709e00000|100%| O|  |TAMS 0x0000000709c00000| PB 0x0000000709c00000| Untracked 
|  37|0x0000000709e00000, 0x000000070a000000, 0x000000070a000000|100%| O|  |TAMS 0x0000000709e00000| PB 0x0000000709e00000| Untracked 
|  38|0x000000070a000000, 0x000000070a200000, 0x000000070a200000|100%| O|  |TAMS 0x000000070a000000| PB 0x000000070a000000| Untracked 
|  39|0x000000070a200000, 0x000000070a200000, 0x000000070a400000|  0%| F|  |TAMS 0x000000070a200000| PB 0x000000070a200000| Untracked 
|  40|0x000000070a400000, 0x000000070a400000, 0x000000070a600000|  0%| F|  |TAMS 0x000000070a400000| PB 0x000000070a400000| Untracked 
|  41|0x000000070a600000, 0x000000070a800000, 0x000000070a800000|100%| O|  |TAMS 0x000000070a600000| PB 0x000000070a600000| Untracked 
|  42|0x000000070a800000, 0x000000070a800000, 0x000000070aa00000|  0%| F|  |TAMS 0x000000070a800000| PB 0x000000070a800000| Untracked 
|  43|0x000000070aa00000, 0x000000070ac00000, 0x000000070ac00000|100%| O|  |TAMS 0x000000070aa00000| PB 0x000000070aa00000| Untracked 
|  44|0x000000070ac00000, 0x000000070ae00000, 0x000000070ae00000|100%| O|  |TAMS 0x000000070ac00000| PB 0x000000070ac00000| Untracked 
|  45|0x000000070ae00000, 0x000000070ae00000, 0x000000070b000000|  0%| F|  |TAMS 0x000000070ae00000| PB 0x000000070ae00000| Untracked 
|  46|0x000000070b000000, 0x000000070b000000, 0x000000070b200000|  0%| F|  |TAMS 0x000000070b000000| PB 0x000000070b000000| Untracked 
|  47|0x000000070b200000, 0x000000070b400000, 0x000000070b400000|100%| O|  |TAMS 0x000000070b200000| PB 0x000000070b200000| Untracked 
|  48|0x000000070b400000, 0x000000070b600000, 0x000000070b600000|100%|HS|  |TAMS 0x000000070b400000| PB 0x000000070b400000| Complete 
|  49|0x000000070b600000, 0x000000070b800000, 0x000000070b800000|100%| O|  |TAMS 0x000000070b600000| PB 0x000000070b600000| Untracked 
|  50|0x000000070b800000, 0x000000070ba00000, 0x000000070ba00000|100%| O|  |TAMS 0x000000070b800000| PB 0x000000070b800000| Untracked 
|  51|0x000000070ba00000, 0x000000070bc00000, 0x000000070bc00000|100%| O|  |TAMS 0x000000070ba00000| PB 0x000000070ba00000| Untracked 
|  52|0x000000070bc00000, 0x000000070be00000, 0x000000070be00000|100%| O|  |TAMS 0x000000070bc00000| PB 0x000000070bc00000| Untracked 
|  53|0x000000070be00000, 0x000000070be00000, 0x000000070c000000|  0%| F|  |TAMS 0x000000070be00000| PB 0x000000070be00000| Untracked 
|  54|0x000000070c000000, 0x000000070c000000, 0x000000070c200000|  0%| F|  |TAMS 0x000000070c000000| PB 0x000000070c000000| Untracked 
|  55|0x000000070c200000, 0x000000070c200000, 0x000000070c400000|  0%| F|  |TAMS 0x000000070c200000| PB 0x000000070c200000| Untracked 
|  56|0x000000070c400000, 0x000000070c400000, 0x000000070c600000|  0%| F|  |TAMS 0x000000070c400000| PB 0x000000070c400000| Untracked 
|  57|0x000000070c600000, 0x000000070c600000, 0x000000070c800000|  0%| F|  |TAMS 0x000000070c600000| PB 0x000000070c600000| Untracked 
|  58|0x000000070c800000, 0x000000070ca00000, 0x000000070ca00000|100%| O|  |TAMS 0x000000070c800000| PB 0x000000070c800000| Untracked 
|  59|0x000000070ca00000, 0x000000070cc00000, 0x000000070cc00000|100%| O|  |TAMS 0x000000070ca00000| PB 0x000000070ca00000| Untracked 
|  60|0x000000070cc00000, 0x000000070cc00000, 0x000000070ce00000|  0%| F|  |TAMS 0x000000070cc00000| PB 0x000000070cc00000| Untracked 
|  61|0x000000070ce00000, 0x000000070d000000, 0x000000070d000000|100%| O|  |TAMS 0x000000070ce00000| PB 0x000000070ce00000| Untracked 
|  62|0x000000070d000000, 0x000000070d000000, 0x000000070d200000|  0%| F|  |TAMS 0x000000070d000000| PB 0x000000070d000000| Untracked 
|  63|0x000000070d200000, 0x000000070d400000, 0x000000070d400000|100%| O|  |TAMS 0x000000070d200000| PB 0x000000070d200000| Untracked 
|  64|0x000000070d400000, 0x000000070d600000, 0x000000070d600000|100%| O|  |TAMS 0x000000070d400000| PB 0x000000070d400000| Untracked 
|  65|0x000000070d600000, 0x000000070d800000, 0x000000070d800000|100%| O|  |TAMS 0x000000070d600000| PB 0x000000070d600000| Untracked 
|  66|0x000000070d800000, 0x000000070da00000, 0x000000070da00000|100%| O|  |TAMS 0x000000070d800000| PB 0x000000070d800000| Untracked 
|  67|0x000000070da00000, 0x000000070dc00000, 0x000000070dc00000|100%| O|  |TAMS 0x000000070da00000| PB 0x000000070da00000| Untracked 
|  68|0x000000070dc00000, 0x000000070de00000, 0x000000070de00000|100%| O|  |TAMS 0x000000070dc00000| PB 0x000000070dc00000| Untracked 
|  69|0x000000070de00000, 0x000000070de00000, 0x000000070e000000|  0%| F|  |TAMS 0x000000070de00000| PB 0x000000070de00000| Untracked 
|  70|0x000000070e000000, 0x000000070e000000, 0x000000070e200000|  0%| F|  |TAMS 0x000000070e000000| PB 0x000000070e000000| Untracked 
|  71|0x000000070e200000, 0x000000070e200000, 0x000000070e400000|  0%| F|  |TAMS 0x000000070e200000| PB 0x000000070e200000| Untracked 
|  72|0x000000070e400000, 0x000000070e400000, 0x000000070e600000|  0%| F|  |TAMS 0x000000070e400000| PB 0x000000070e400000| Untracked 
|  73|0x000000070e600000, 0x000000070e800000, 0x000000070e800000|100%| O|  |TAMS 0x000000070e600000| PB 0x000000070e600000| Untracked 
|  74|0x000000070e800000, 0x000000070ea00000, 0x000000070ea00000|100%| O|  |TAMS 0x000000070e800000| PB 0x000000070e800000| Untracked 
|  75|0x000000070ea00000, 0x000000070ec00000, 0x000000070ec00000|100%| O|  |TAMS 0x000000070ea00000| PB 0x000000070ea00000| Untracked 
|  76|0x000000070ec00000, 0x000000070ee00000, 0x000000070ee00000|100%| O|  |TAMS 0x000000070ec00000| PB 0x000000070ec00000| Untracked 
|  77|0x000000070ee00000, 0x000000070f000000, 0x000000070f000000|100%| O|  |TAMS 0x000000070ee00000| PB 0x000000070ee00000| Untracked 
|  78|0x000000070f000000, 0x000000070f200000, 0x000000070f200000|100%| O|  |TAMS 0x000000070f000000| PB 0x000000070f000000| Untracked 
|  79|0x000000070f200000, 0x000000070f400000, 0x000000070f400000|100%| O|  |TAMS 0x000000070f200000| PB 0x000000070f200000| Untracked 
|  80|0x000000070f400000, 0x000000070f600000, 0x000000070f600000|100%| O|  |TAMS 0x000000070f400000| PB 0x000000070f400000| Untracked 
|  81|0x000000070f600000, 0x000000070f800000, 0x000000070f800000|100%| O|  |TAMS 0x000000070f600000| PB 0x000000070f600000| Untracked 
|  82|0x000000070f800000, 0x000000070fa00000, 0x000000070fa00000|100%| O|  |TAMS 0x000000070f800000| PB 0x000000070f800000| Untracked 
|  83|0x000000070fa00000, 0x000000070fa00000, 0x000000070fc00000|  0%| F|  |TAMS 0x000000070fa00000| PB 0x000000070fa00000| Untracked 
|  84|0x000000070fc00000, 0x000000070fe00000, 0x000000070fe00000|100%| O|  |TAMS 0x000000070fc00000| PB 0x000000070fc00000| Untracked 
|  85|0x000000070fe00000, 0x0000000710000000, 0x0000000710000000|100%| O|  |TAMS 0x000000070fe00000| PB 0x000000070fe00000| Untracked 
|  86|0x0000000710000000, 0x0000000710200000, 0x0000000710200000|100%| O|  |TAMS 0x0000000710000000| PB 0x0000000710000000| Untracked 
|  87|0x0000000710200000, 0x0000000710400000, 0x0000000710400000|100%| O|  |TAMS 0x0000000710200000| PB 0x0000000710200000| Untracked 
|  88|0x0000000710400000, 0x0000000710600000, 0x0000000710600000|100%| O|  |TAMS 0x0000000710400000| PB 0x0000000710400000| Untracked 
|  89|0x0000000710600000, 0x0000000710800000, 0x0000000710800000|100%| O|  |TAMS 0x0000000710600000| PB 0x0000000710600000| Untracked 
|  90|0x0000000710800000, 0x0000000710a00000, 0x0000000710a00000|100%| O|  |TAMS 0x0000000710800000| PB 0x0000000710800000| Untracked 
|  91|0x0000000710a00000, 0x0000000710c00000, 0x0000000710c00000|100%| O|  |TAMS 0x0000000710a00000| PB 0x0000000710a00000| Untracked 
|  92|0x0000000710c00000, 0x0000000710e00000, 0x0000000710e00000|100%| O|  |TAMS 0x0000000710c00000| PB 0x0000000710c00000| Untracked 
|  93|0x0000000710e00000, 0x0000000711000000, 0x0000000711000000|100%| O|  |TAMS 0x0000000710e00000| PB 0x0000000710e00000| Untracked 
|  94|0x0000000711000000, 0x0000000711200000, 0x0000000711200000|100%| O|  |TAMS 0x0000000711000000| PB 0x0000000711000000| Untracked 
|  95|0x0000000711200000, 0x0000000711400000, 0x0000000711400000|100%| O|  |TAMS 0x0000000711200000| PB 0x0000000711200000| Untracked 
|  96|0x0000000711400000, 0x0000000711600000, 0x0000000711600000|100%| O|  |TAMS 0x0000000711400000| PB 0x0000000711400000| Untracked 
|  97|0x0000000711600000, 0x0000000711800000, 0x0000000711800000|100%| O|  |TAMS 0x0000000711600000| PB 0x0000000711600000| Untracked 
|  98|0x0000000711800000, 0x0000000711a00000, 0x0000000711a00000|100%| O|  |TAMS 0x0000000711800000| PB 0x0000000711800000| Untracked 
|  99|0x0000000711a00000, 0x0000000711c00000, 0x0000000711c00000|100%| O|  |TAMS 0x0000000711a00000| PB 0x0000000711a00000| Untracked 
| 100|0x0000000711c00000, 0x0000000711e00000, 0x0000000711e00000|100%| O|  |TAMS 0x0000000711c00000| PB 0x0000000711c00000| Untracked 
| 101|0x0000000711e00000, 0x0000000712000000, 0x0000000712000000|100%| O|  |TAMS 0x0000000711e00000| PB 0x0000000711e00000| Untracked 
| 102|0x0000000712000000, 0x0000000712200000, 0x0000000712200000|100%| O|  |TAMS 0x0000000712000000| PB 0x0000000712000000| Untracked 
| 103|0x0000000712200000, 0x0000000712400000, 0x0000000712400000|100%| O|  |TAMS 0x0000000712200000| PB 0x0000000712200000| Untracked 
| 104|0x0000000712400000, 0x0000000712600000, 0x0000000712600000|100%| O|  |TAMS 0x0000000712400000| PB 0x0000000712400000| Untracked 
| 105|0x0000000712600000, 0x0000000712800000, 0x0000000712800000|100%| O|  |TAMS 0x0000000712600000| PB 0x0000000712600000| Untracked 
| 106|0x0000000712800000, 0x0000000712a00000, 0x0000000712a00000|100%| O|  |TAMS 0x0000000712800000| PB 0x0000000712800000| Untracked 
| 107|0x0000000712a00000, 0x0000000712c00000, 0x0000000712c00000|100%| O|  |TAMS 0x0000000712a00000| PB 0x0000000712a00000| Untracked 
| 108|0x0000000712c00000, 0x0000000712e00000, 0x0000000712e00000|100%| O|  |TAMS 0x0000000712c00000| PB 0x0000000712c00000| Untracked 
| 109|0x0000000712e00000, 0x0000000713000000, 0x0000000713000000|100%| O|  |TAMS 0x0000000712e00000| PB 0x0000000712e00000| Untracked 
| 110|0x0000000713000000, 0x0000000713200000, 0x0000000713200000|100%|HS|  |TAMS 0x0000000713000000| PB 0x0000000713000000| Complete 
| 111|0x0000000713200000, 0x0000000713400000, 0x0000000713400000|100%| O|  |TAMS 0x0000000713200000| PB 0x0000000713200000| Untracked 
| 112|0x0000000713400000, 0x0000000713600000, 0x0000000713600000|100%| O|  |TAMS 0x0000000713400000| PB 0x0000000713400000| Untracked 
| 113|0x0000000713600000, 0x0000000713800000, 0x0000000713800000|100%| O|  |TAMS 0x0000000713600000| PB 0x0000000713600000| Untracked 
| 114|0x0000000713800000, 0x0000000713a00000, 0x0000000713a00000|100%| O|  |TAMS 0x0000000713800000| PB 0x0000000713800000| Untracked 
| 115|0x0000000713a00000, 0x0000000713c00000, 0x0000000713c00000|100%| O|  |TAMS 0x0000000713a00000| PB 0x0000000713a00000| Untracked 
| 116|0x0000000713c00000, 0x0000000713e00000, 0x0000000713e00000|100%| O|  |TAMS 0x0000000713c00000| PB 0x0000000713c00000| Untracked 
| 117|0x0000000713e00000, 0x0000000714000000, 0x0000000714000000|100%| O|  |TAMS 0x0000000713e00000| PB 0x0000000713e00000| Untracked 
| 118|0x0000000714000000, 0x0000000714200000, 0x0000000714200000|100%| O|  |TAMS 0x0000000714000000| PB 0x0000000714000000| Untracked 
| 119|0x0000000714200000, 0x0000000714400000, 0x0000000714400000|100%| O|  |TAMS 0x0000000714200000| PB 0x0000000714200000| Untracked 
| 120|0x0000000714400000, 0x0000000714600000, 0x0000000714600000|100%| O|  |TAMS 0x0000000714400000| PB 0x0000000714400000| Untracked 
| 121|0x0000000714600000, 0x0000000714800000, 0x0000000714800000|100%| O|  |TAMS 0x0000000714600000| PB 0x0000000714600000| Untracked 
| 122|0x0000000714800000, 0x0000000714a00000, 0x0000000714a00000|100%| O|  |TAMS 0x0000000714800000| PB 0x0000000714800000| Untracked 
| 123|0x0000000714a00000, 0x0000000714c00000, 0x0000000714c00000|100%| O|  |TAMS 0x0000000714a00000| PB 0x0000000714a00000| Untracked 
| 124|0x0000000714c00000, 0x0000000714e00000, 0x0000000714e00000|100%| O|  |TAMS 0x0000000714c00000| PB 0x0000000714c00000| Untracked 
| 125|0x0000000714e00000, 0x0000000715000000, 0x0000000715000000|100%| O|  |TAMS 0x0000000714e00000| PB 0x0000000714e00000| Untracked 
| 126|0x0000000715000000, 0x0000000715200000, 0x0000000715200000|100%| O|  |TAMS 0x0000000715000000| PB 0x0000000715000000| Untracked 
| 127|0x0000000715200000, 0x0000000715400000, 0x0000000715400000|100%| O|  |TAMS 0x0000000715200000| PB 0x0000000715200000| Untracked 
| 128|0x0000000715400000, 0x0000000715600000, 0x0000000715600000|100%| O|  |TAMS 0x0000000715400000| PB 0x0000000715400000| Untracked 
| 129|0x0000000715600000, 0x0000000715800000, 0x0000000715800000|100%| O|  |TAMS 0x0000000715600000| PB 0x0000000715600000| Untracked 
| 130|0x0000000715800000, 0x0000000715a00000, 0x0000000715a00000|100%| O|  |TAMS 0x0000000715800000| PB 0x0000000715800000| Untracked 
| 131|0x0000000715a00000, 0x0000000715a00000, 0x0000000715c00000|  0%| F|  |TAMS 0x0000000715a00000| PB 0x0000000715a00000| Untracked 
| 132|0x0000000715c00000, 0x0000000715c00000, 0x0000000715e00000|  0%| F|  |TAMS 0x0000000715c00000| PB 0x0000000715c00000| Untracked 
| 133|0x0000000715e00000, 0x0000000715e00000, 0x0000000716000000|  0%| F|  |TAMS 0x0000000715e00000| PB 0x0000000715e00000| Untracked 
| 134|0x0000000716000000, 0x0000000716000000, 0x0000000716200000|  0%| F|  |TAMS 0x0000000716000000| PB 0x0000000716000000| Untracked 
| 135|0x0000000716200000, 0x0000000716200000, 0x0000000716400000|  0%| F|  |TAMS 0x0000000716200000| PB 0x0000000716200000| Untracked 
| 136|0x0000000716400000, 0x0000000716400000, 0x0000000716600000|  0%| F|  |TAMS 0x0000000716400000| PB 0x0000000716400000| Untracked 
| 137|0x0000000716600000, 0x0000000716600000, 0x0000000716800000|  0%| F|  |TAMS 0x0000000716600000| PB 0x0000000716600000| Untracked 
| 138|0x0000000716800000, 0x0000000716800000, 0x0000000716a00000|  0%| F|  |TAMS 0x0000000716800000| PB 0x0000000716800000| Untracked 
| 139|0x0000000716a00000, 0x0000000716a00000, 0x0000000716c00000|  0%| F|  |TAMS 0x0000000716a00000| PB 0x0000000716a00000| Untracked 
| 140|0x0000000716c00000, 0x0000000716e00000, 0x0000000716e00000|100%| O|  |TAMS 0x0000000716c00000| PB 0x0000000716c00000| Untracked 
| 141|0x0000000716e00000, 0x0000000717000000, 0x0000000717000000|100%| O|  |TAMS 0x0000000716e00000| PB 0x0000000716e00000| Untracked 
| 142|0x0000000717000000, 0x0000000717200000, 0x0000000717200000|100%| O|  |TAMS 0x0000000717000000| PB 0x0000000717000000| Untracked 
| 143|0x0000000717200000, 0x0000000717400000, 0x0000000717400000|100%| O|  |TAMS 0x0000000717200000| PB 0x0000000717200000| Untracked 
| 144|0x0000000717400000, 0x0000000717600000, 0x0000000717600000|100%| O|  |TAMS 0x0000000717400000| PB 0x0000000717400000| Untracked 
| 145|0x0000000717600000, 0x0000000717800000, 0x0000000717800000|100%| O|  |TAMS 0x0000000717600000| PB 0x0000000717600000| Untracked 
| 146|0x0000000717800000, 0x0000000717a00000, 0x0000000717a00000|100%| O|  |TAMS 0x0000000717800000| PB 0x0000000717800000| Untracked 
| 147|0x0000000717a00000, 0x0000000717c00000, 0x0000000717c00000|100%| O|  |TAMS 0x0000000717a00000| PB 0x0000000717a00000| Untracked 
| 148|0x0000000717c00000, 0x0000000717c00000, 0x0000000717e00000|  0%| F|  |TAMS 0x0000000717c00000| PB 0x0000000717c00000| Untracked 
| 149|0x0000000717e00000, 0x0000000718000000, 0x0000000718000000|100%| O|  |TAMS 0x0000000717e00000| PB 0x0000000717e00000| Untracked 
| 150|0x0000000718000000, 0x0000000718200000, 0x0000000718200000|100%| O|  |TAMS 0x0000000718000000| PB 0x0000000718000000| Untracked 
| 151|0x0000000718200000, 0x0000000718400000, 0x0000000718400000|100%| O|  |TAMS 0x0000000718200000| PB 0x0000000718200000| Untracked 
| 152|0x0000000718400000, 0x0000000718600000, 0x0000000718600000|100%| O|  |TAMS 0x0000000718400000| PB 0x0000000718400000| Untracked 
| 153|0x0000000718600000, 0x0000000718800000, 0x0000000718800000|100%| O|  |TAMS 0x0000000718600000| PB 0x0000000718600000| Untracked 
| 154|0x0000000718800000, 0x0000000718a00000, 0x0000000718a00000|100%| O|  |TAMS 0x0000000718800000| PB 0x0000000718800000| Untracked 
| 155|0x0000000718a00000, 0x0000000718c00000, 0x0000000718c00000|100%| O|  |TAMS 0x0000000718a00000| PB 0x0000000718a00000| Untracked 
| 156|0x0000000718c00000, 0x0000000718e00000, 0x0000000718e00000|100%| O|  |TAMS 0x0000000718c00000| PB 0x0000000718c00000| Untracked 
| 157|0x0000000718e00000, 0x0000000719000000, 0x0000000719000000|100%| O|  |TAMS 0x0000000718e00000| PB 0x0000000718e00000| Untracked 
| 158|0x0000000719000000, 0x0000000719200000, 0x0000000719200000|100%| O|  |TAMS 0x0000000719000000| PB 0x0000000719000000| Untracked 
| 159|0x0000000719200000, 0x0000000719400000, 0x0000000719400000|100%| O|  |TAMS 0x0000000719200000| PB 0x0000000719200000| Untracked 
| 160|0x0000000719400000, 0x0000000719600000, 0x0000000719600000|100%| O|  |TAMS 0x0000000719400000| PB 0x0000000719400000| Untracked 
| 161|0x0000000719600000, 0x0000000719800000, 0x0000000719800000|100%| O|  |TAMS 0x0000000719600000| PB 0x0000000719600000| Untracked 
| 162|0x0000000719800000, 0x0000000719a00000, 0x0000000719a00000|100%| O|  |TAMS 0x0000000719800000| PB 0x0000000719800000| Untracked 
| 163|0x0000000719a00000, 0x0000000719c00000, 0x0000000719c00000|100%| O|  |TAMS 0x0000000719a00000| PB 0x0000000719a00000| Untracked 
| 164|0x0000000719c00000, 0x0000000719e00000, 0x0000000719e00000|100%| O|  |TAMS 0x0000000719c00000| PB 0x0000000719c00000| Untracked 
| 165|0x0000000719e00000, 0x000000071a000000, 0x000000071a000000|100%| O|  |TAMS 0x0000000719e00000| PB 0x0000000719e00000| Untracked 
| 166|0x000000071a000000, 0x000000071a200000, 0x000000071a200000|100%| O|  |TAMS 0x000000071a000000| PB 0x000000071a000000| Untracked 
| 167|0x000000071a200000, 0x000000071a400000, 0x000000071a400000|100%| O|  |TAMS 0x000000071a200000| PB 0x000000071a200000| Untracked 
| 168|0x000000071a400000, 0x000000071a600000, 0x000000071a600000|100%| O|  |TAMS 0x000000071a400000| PB 0x000000071a400000| Untracked 
| 169|0x000000071a600000, 0x000000071a800000, 0x000000071a800000|100%| O|  |TAMS 0x000000071a600000| PB 0x000000071a600000| Untracked 
| 170|0x000000071a800000, 0x000000071aa00000, 0x000000071aa00000|100%| O|  |TAMS 0x000000071a800000| PB 0x000000071a800000| Untracked 
| 171|0x000000071aa00000, 0x000000071ac00000, 0x000000071ac00000|100%| O|  |TAMS 0x000000071aa00000| PB 0x000000071aa00000| Untracked 
| 172|0x000000071ac00000, 0x000000071ae00000, 0x000000071ae00000|100%| O|  |TAMS 0x000000071ac00000| PB 0x000000071ac00000| Untracked 
| 173|0x000000071ae00000, 0x000000071b000000, 0x000000071b000000|100%| O|  |TAMS 0x000000071ae00000| PB 0x000000071ae00000| Untracked 
| 174|0x000000071b000000, 0x000000071b200000, 0x000000071b200000|100%| O|  |TAMS 0x000000071b000000| PB 0x000000071b000000| Untracked 
| 175|0x000000071b200000, 0x000000071b400000, 0x000000071b400000|100%| O|  |TAMS 0x000000071b200000| PB 0x000000071b200000| Untracked 
| 176|0x000000071b400000, 0x000000071b600000, 0x000000071b600000|100%| O|  |TAMS 0x000000071b400000| PB 0x000000071b400000| Untracked 
| 177|0x000000071b600000, 0x000000071b800000, 0x000000071b800000|100%| O|  |TAMS 0x000000071b600000| PB 0x000000071b600000| Untracked 
| 178|0x000000071b800000, 0x000000071ba00000, 0x000000071ba00000|100%| O|  |TAMS 0x000000071b800000| PB 0x000000071b800000| Untracked 
| 179|0x000000071ba00000, 0x000000071bc00000, 0x000000071bc00000|100%| O|  |TAMS 0x000000071ba00000| PB 0x000000071ba00000| Untracked 
| 180|0x000000071bc00000, 0x000000071be00000, 0x000000071be00000|100%| O|  |TAMS 0x000000071bc00000| PB 0x000000071bc00000| Untracked 
| 181|0x000000071be00000, 0x000000071c000000, 0x000000071c000000|100%| O|  |TAMS 0x000000071be00000| PB 0x000000071be00000| Untracked 
| 182|0x000000071c000000, 0x000000071c200000, 0x000000071c200000|100%| O|  |TAMS 0x000000071c000000| PB 0x000000071c000000| Untracked 
| 183|0x000000071c200000, 0x000000071c400000, 0x000000071c400000|100%| O|  |TAMS 0x000000071c200000| PB 0x000000071c200000| Untracked 
| 184|0x000000071c400000, 0x000000071c600000, 0x000000071c600000|100%| O|  |TAMS 0x000000071c400000| PB 0x000000071c400000| Untracked 
| 185|0x000000071c600000, 0x000000071c800000, 0x000000071c800000|100%| O|  |TAMS 0x000000071c600000| PB 0x000000071c600000| Untracked 
| 186|0x000000071c800000, 0x000000071ca00000, 0x000000071ca00000|100%| O|  |TAMS 0x000000071c800000| PB 0x000000071c800000| Untracked 
| 187|0x000000071ca00000, 0x000000071cc00000, 0x000000071cc00000|100%| O|  |TAMS 0x000000071ca00000| PB 0x000000071ca00000| Untracked 
| 188|0x000000071cc00000, 0x000000071ce00000, 0x000000071ce00000|100%| O|  |TAMS 0x000000071cc00000| PB 0x000000071cc00000| Untracked 
| 189|0x000000071ce00000, 0x000000071d000000, 0x000000071d000000|100%| O|  |TAMS 0x000000071ce00000| PB 0x000000071ce00000| Untracked 
| 190|0x000000071d000000, 0x000000071d200000, 0x000000071d200000|100%| O|  |TAMS 0x000000071d000000| PB 0x000000071d000000| Untracked 
| 191|0x000000071d200000, 0x000000071d400000, 0x000000071d400000|100%| O|  |TAMS 0x000000071d200000| PB 0x000000071d200000| Untracked 
| 192|0x000000071d400000, 0x000000071d600000, 0x000000071d600000|100%| O|  |TAMS 0x000000071d400000| PB 0x000000071d400000| Untracked 
| 193|0x000000071d600000, 0x000000071d800000, 0x000000071d800000|100%| O|  |TAMS 0x000000071d600000| PB 0x000000071d600000| Untracked 
| 194|0x000000071d800000, 0x000000071da00000, 0x000000071da00000|100%| O|  |TAMS 0x000000071d800000| PB 0x000000071d800000| Untracked 
| 195|0x000000071da00000, 0x000000071dbe1080, 0x000000071dc00000| 93%| O|  |TAMS 0x000000071da00000| PB 0x000000071da00000| Untracked 
| 196|0x000000071dc00000, 0x000000071dc00000, 0x000000071de00000|  0%| F|  |TAMS 0x000000071dc00000| PB 0x000000071dc00000| Untracked 
| 197|0x000000071de00000, 0x000000071de00000, 0x000000071e000000|  0%| F|  |TAMS 0x000000071de00000| PB 0x000000071de00000| Untracked 
| 198|0x000000071e000000, 0x000000071e000000, 0x000000071e200000|  0%| F|  |TAMS 0x000000071e000000| PB 0x000000071e000000| Untracked 
| 199|0x000000071e200000, 0x000000071e200000, 0x000000071e400000|  0%| F|  |TAMS 0x000000071e200000| PB 0x000000071e200000| Untracked 
| 200|0x000000071e400000, 0x000000071e400000, 0x000000071e600000|  0%| F|  |TAMS 0x000000071e400000| PB 0x000000071e400000| Untracked 
| 201|0x000000071e600000, 0x000000071e600000, 0x000000071e800000|  0%| F|  |TAMS 0x000000071e600000| PB 0x000000071e600000| Untracked 
| 202|0x000000071e800000, 0x000000071e800000, 0x000000071ea00000|  0%| F|  |TAMS 0x000000071e800000| PB 0x000000071e800000| Untracked 
| 203|0x000000071ea00000, 0x000000071ea00000, 0x000000071ec00000|  0%| F|  |TAMS 0x000000071ea00000| PB 0x000000071ea00000| Untracked 
| 204|0x000000071ec00000, 0x000000071ec00000, 0x000000071ee00000|  0%| F|  |TAMS 0x000000071ec00000| PB 0x000000071ec00000| Untracked 
| 205|0x000000071ee00000, 0x000000071ee00000, 0x000000071f000000|  0%| F|  |TAMS 0x000000071ee00000| PB 0x000000071ee00000| Untracked 
| 206|0x000000071f000000, 0x000000071f000000, 0x000000071f200000|  0%| F|  |TAMS 0x000000071f000000| PB 0x000000071f000000| Untracked 
| 207|0x000000071f200000, 0x000000071f200000, 0x000000071f400000|  0%| F|  |TAMS 0x000000071f200000| PB 0x000000071f200000| Untracked 
| 208|0x000000071f400000, 0x000000071f600000, 0x000000071f600000|100%| S|CS|TAMS 0x000000071f400000| PB 0x000000071f400000| Complete 
| 209|0x000000071f600000, 0x000000071f800000, 0x000000071f800000|100%| S|CS|TAMS 0x000000071f600000| PB 0x000000071f600000| Complete 
| 210|0x000000071f800000, 0x000000071fa00000, 0x000000071fa00000|100%| S|CS|TAMS 0x000000071f800000| PB 0x000000071f800000| Complete 
| 211|0x000000071fa00000, 0x000000071fc00000, 0x000000071fc00000|100%| S|CS|TAMS 0x000000071fa00000| PB 0x000000071fa00000| Complete 
| 212|0x000000071fc00000, 0x000000071fe00000, 0x000000071fe00000|100%| S|CS|TAMS 0x000000071fc00000| PB 0x000000071fc00000| Complete 
| 213|0x000000071fe00000, 0x0000000720000000, 0x0000000720000000|100%| S|CS|TAMS 0x000000071fe00000| PB 0x000000071fe00000| Complete 
| 214|0x0000000720000000, 0x0000000720000000, 0x0000000720200000|  0%| F|  |TAMS 0x0000000720000000| PB 0x0000000720000000| Untracked 
| 215|0x0000000720200000, 0x0000000720200000, 0x0000000720400000|  0%| F|  |TAMS 0x0000000720200000| PB 0x0000000720200000| Untracked 
| 216|0x0000000720400000, 0x0000000720400000, 0x0000000720600000|  0%| F|  |TAMS 0x0000000720400000| PB 0x0000000720400000| Untracked 
| 217|0x0000000720600000, 0x0000000720600000, 0x0000000720800000|  0%| F|  |TAMS 0x0000000720600000| PB 0x0000000720600000| Untracked 
| 218|0x0000000720800000, 0x0000000720800000, 0x0000000720a00000|  0%| F|  |TAMS 0x0000000720800000| PB 0x0000000720800000| Untracked 
| 219|0x0000000720a00000, 0x0000000720a00000, 0x0000000720c00000|  0%| F|  |TAMS 0x0000000720a00000| PB 0x0000000720a00000| Untracked 
| 220|0x0000000720c00000, 0x0000000720c00000, 0x0000000720e00000|  0%| F|  |TAMS 0x0000000720c00000| PB 0x0000000720c00000| Untracked 
| 221|0x0000000720e00000, 0x0000000720e00000, 0x0000000721000000|  0%| F|  |TAMS 0x0000000720e00000| PB 0x0000000720e00000| Untracked 
| 222|0x0000000721000000, 0x0000000721000000, 0x0000000721200000|  0%| F|  |TAMS 0x0000000721000000| PB 0x0000000721000000| Untracked 
| 223|0x0000000721200000, 0x0000000721200000, 0x0000000721400000|  0%| F|  |TAMS 0x0000000721200000| PB 0x0000000721200000| Untracked 
| 224|0x0000000721400000, 0x0000000721400000, 0x0000000721600000|  0%| F|  |TAMS 0x0000000721400000| PB 0x0000000721400000| Untracked 
| 225|0x0000000721600000, 0x0000000721800000, 0x0000000721800000|100%| S|CS|TAMS 0x0000000721600000| PB 0x0000000721600000| Complete 
| 226|0x0000000721800000, 0x0000000721a00000, 0x0000000721a00000|100%| S|CS|TAMS 0x0000000721800000| PB 0x0000000721800000| Complete 
| 227|0x0000000721a00000, 0x0000000721c00000, 0x0000000721c00000|100%| S|CS|TAMS 0x0000000721a00000| PB 0x0000000721a00000| Complete 
| 228|0x0000000721c00000, 0x0000000721e00000, 0x0000000721e00000|100%| S|CS|TAMS 0x0000000721c00000| PB 0x0000000721c00000| Complete 
| 229|0x0000000721e00000, 0x0000000722000000, 0x0000000722000000|100%| S|CS|TAMS 0x0000000721e00000| PB 0x0000000721e00000| Complete 
| 230|0x0000000722000000, 0x0000000722200000, 0x0000000722200000|100%| S|CS|TAMS 0x0000000722000000| PB 0x0000000722000000| Complete 
| 231|0x0000000722200000, 0x0000000722200000, 0x0000000722400000|  0%| F|  |TAMS 0x0000000722200000| PB 0x0000000722200000| Untracked 
| 232|0x0000000722400000, 0x0000000722400000, 0x0000000722600000|  0%| F|  |TAMS 0x0000000722400000| PB 0x0000000722400000| Untracked 
| 233|0x0000000722600000, 0x0000000722600000, 0x0000000722800000|  0%| F|  |TAMS 0x0000000722600000| PB 0x0000000722600000| Untracked 
| 234|0x0000000722800000, 0x0000000722800000, 0x0000000722a00000|  0%| F|  |TAMS 0x0000000722800000| PB 0x0000000722800000| Untracked 
| 235|0x0000000722a00000, 0x0000000722a00000, 0x0000000722c00000|  0%| F|  |TAMS 0x0000000722a00000| PB 0x0000000722a00000| Untracked 
| 236|0x0000000722c00000, 0x0000000722c00000, 0x0000000722e00000|  0%| F|  |TAMS 0x0000000722c00000| PB 0x0000000722c00000| Untracked 
| 237|0x0000000722e00000, 0x0000000722e00000, 0x0000000723000000|  0%| F|  |TAMS 0x0000000722e00000| PB 0x0000000722e00000| Untracked 
| 238|0x0000000723000000, 0x0000000723000000, 0x0000000723200000|  0%| F|  |TAMS 0x0000000723000000| PB 0x0000000723000000| Untracked 
| 239|0x0000000723200000, 0x0000000723200000, 0x0000000723400000|  0%| F|  |TAMS 0x0000000723200000| PB 0x0000000723200000| Untracked 
| 240|0x0000000723400000, 0x0000000723400000, 0x0000000723600000|  0%| F|  |TAMS 0x0000000723400000| PB 0x0000000723400000| Untracked 
| 241|0x0000000723600000, 0x0000000723600000, 0x0000000723800000|  0%| F|  |TAMS 0x0000000723600000| PB 0x0000000723600000| Untracked 
| 242|0x0000000723800000, 0x0000000723800000, 0x0000000723a00000|  0%| F|  |TAMS 0x0000000723800000| PB 0x0000000723800000| Untracked 
| 243|0x0000000723a00000, 0x0000000723a00000, 0x0000000723c00000|  0%| F|  |TAMS 0x0000000723a00000| PB 0x0000000723a00000| Untracked 
| 244|0x0000000723c00000, 0x0000000723c00000, 0x0000000723e00000|  0%| F|  |TAMS 0x0000000723c00000| PB 0x0000000723c00000| Untracked 
| 245|0x0000000723e00000, 0x0000000723e00000, 0x0000000724000000|  0%| F|  |TAMS 0x0000000723e00000| PB 0x0000000723e00000| Untracked 
| 246|0x0000000724000000, 0x0000000724000000, 0x0000000724200000|  0%| F|  |TAMS 0x0000000724000000| PB 0x0000000724000000| Untracked 
| 247|0x0000000724200000, 0x0000000724200000, 0x0000000724400000|  0%| F|  |TAMS 0x0000000724200000| PB 0x0000000724200000| Untracked 
| 248|0x0000000724400000, 0x0000000724400000, 0x0000000724600000|  0%| F|  |TAMS 0x0000000724400000| PB 0x0000000724400000| Untracked 
| 249|0x0000000724600000, 0x0000000724600000, 0x0000000724800000|  0%| F|  |TAMS 0x0000000724600000| PB 0x0000000724600000| Untracked 
| 250|0x0000000724800000, 0x0000000724800000, 0x0000000724a00000|  0%| F|  |TAMS 0x0000000724800000| PB 0x0000000724800000| Untracked 
| 251|0x0000000724a00000, 0x0000000724a00000, 0x0000000724c00000|  0%| F|  |TAMS 0x0000000724a00000| PB 0x0000000724a00000| Untracked 
| 252|0x0000000724c00000, 0x0000000724c00000, 0x0000000724e00000|  0%| F|  |TAMS 0x0000000724c00000| PB 0x0000000724c00000| Untracked 
| 253|0x0000000724e00000, 0x0000000724e00000, 0x0000000725000000|  0%| F|  |TAMS 0x0000000724e00000| PB 0x0000000724e00000| Untracked 
| 254|0x0000000725000000, 0x0000000725000000, 0x0000000725200000|  0%| F|  |TAMS 0x0000000725000000| PB 0x0000000725000000| Untracked 
| 255|0x0000000725200000, 0x0000000725200000, 0x0000000725400000|  0%| F|  |TAMS 0x0000000725200000| PB 0x0000000725200000| Untracked 
| 256|0x0000000725400000, 0x0000000725400000, 0x0000000725600000|  0%| F|  |TAMS 0x0000000725400000| PB 0x0000000725400000| Untracked 
| 257|0x0000000725600000, 0x0000000725600000, 0x0000000725800000|  0%| F|  |TAMS 0x0000000725600000| PB 0x0000000725600000| Untracked 
| 258|0x0000000725800000, 0x0000000725800000, 0x0000000725a00000|  0%| F|  |TAMS 0x0000000725800000| PB 0x0000000725800000| Untracked 
| 259|0x0000000725a00000, 0x0000000725a00000, 0x0000000725c00000|  0%| F|  |TAMS 0x0000000725a00000| PB 0x0000000725a00000| Untracked 
| 260|0x0000000725c00000, 0x0000000725c00000, 0x0000000725e00000|  0%| F|  |TAMS 0x0000000725c00000| PB 0x0000000725c00000| Untracked 
| 261|0x0000000725e00000, 0x0000000725e00000, 0x0000000726000000|  0%| F|  |TAMS 0x0000000725e00000| PB 0x0000000725e00000| Untracked 
| 262|0x0000000726000000, 0x0000000726000000, 0x0000000726200000|  0%| F|  |TAMS 0x0000000726000000| PB 0x0000000726000000| Untracked 
| 263|0x0000000726200000, 0x0000000726200000, 0x0000000726400000|  0%| F|  |TAMS 0x0000000726200000| PB 0x0000000726200000| Untracked 
| 264|0x0000000726400000, 0x0000000726400000, 0x0000000726600000|  0%| F|  |TAMS 0x0000000726400000| PB 0x0000000726400000| Untracked 
| 265|0x0000000726600000, 0x0000000726600000, 0x0000000726800000|  0%| F|  |TAMS 0x0000000726600000| PB 0x0000000726600000| Untracked 
| 266|0x0000000726800000, 0x0000000726800000, 0x0000000726a00000|  0%| F|  |TAMS 0x0000000726800000| PB 0x0000000726800000| Untracked 
| 267|0x0000000726a00000, 0x0000000726a00000, 0x0000000726c00000|  0%| F|  |TAMS 0x0000000726a00000| PB 0x0000000726a00000| Untracked 
| 268|0x0000000726c00000, 0x0000000726c00000, 0x0000000726e00000|  0%| F|  |TAMS 0x0000000726c00000| PB 0x0000000726c00000| Untracked 
| 269|0x0000000726e00000, 0x0000000726e00000, 0x0000000727000000|  0%| F|  |TAMS 0x0000000726e00000| PB 0x0000000726e00000| Untracked 
| 270|0x0000000727000000, 0x0000000727000000, 0x0000000727200000|  0%| F|  |TAMS 0x0000000727000000| PB 0x0000000727000000| Untracked 
| 271|0x0000000727200000, 0x0000000727200000, 0x0000000727400000|  0%| F|  |TAMS 0x0000000727200000| PB 0x0000000727200000| Untracked 
| 272|0x0000000727400000, 0x0000000727400000, 0x0000000727600000|  0%| F|  |TAMS 0x0000000727400000| PB 0x0000000727400000| Untracked 
| 273|0x0000000727600000, 0x0000000727600000, 0x0000000727800000|  0%| F|  |TAMS 0x0000000727600000| PB 0x0000000727600000| Untracked 
| 274|0x0000000727800000, 0x0000000727800000, 0x0000000727a00000|  0%| F|  |TAMS 0x0000000727800000| PB 0x0000000727800000| Untracked 
| 275|0x0000000727a00000, 0x0000000727a00000, 0x0000000727c00000|  0%| F|  |TAMS 0x0000000727a00000| PB 0x0000000727a00000| Untracked 
| 276|0x0000000727c00000, 0x0000000727c00000, 0x0000000727e00000|  0%| F|  |TAMS 0x0000000727c00000| PB 0x0000000727c00000| Untracked 
| 277|0x0000000727e00000, 0x0000000727e00000, 0x0000000728000000|  0%| F|  |TAMS 0x0000000727e00000| PB 0x0000000727e00000| Untracked 
| 278|0x0000000728000000, 0x0000000728000000, 0x0000000728200000|  0%| F|  |TAMS 0x0000000728000000| PB 0x0000000728000000| Untracked 
| 279|0x0000000728200000, 0x0000000728200000, 0x0000000728400000|  0%| F|  |TAMS 0x0000000728200000| PB 0x0000000728200000| Untracked 
| 280|0x0000000728400000, 0x0000000728400000, 0x0000000728600000|  0%| F|  |TAMS 0x0000000728400000| PB 0x0000000728400000| Untracked 
| 281|0x0000000728600000, 0x0000000728600000, 0x0000000728800000|  0%| F|  |TAMS 0x0000000728600000| PB 0x0000000728600000| Untracked 
| 282|0x0000000728800000, 0x0000000728800000, 0x0000000728a00000|  0%| F|  |TAMS 0x0000000728800000| PB 0x0000000728800000| Untracked 
| 283|0x0000000728a00000, 0x0000000728a00000, 0x0000000728c00000|  0%| F|  |TAMS 0x0000000728a00000| PB 0x0000000728a00000| Untracked 
| 284|0x0000000728c00000, 0x0000000728c00000, 0x0000000728e00000|  0%| F|  |TAMS 0x0000000728c00000| PB 0x0000000728c00000| Untracked 
| 285|0x0000000728e00000, 0x0000000728e00000, 0x0000000729000000|  0%| F|  |TAMS 0x0000000728e00000| PB 0x0000000728e00000| Untracked 
| 286|0x0000000729000000, 0x0000000729000000, 0x0000000729200000|  0%| F|  |TAMS 0x0000000729000000| PB 0x0000000729000000| Untracked 
| 287|0x0000000729200000, 0x0000000729200000, 0x0000000729400000|  0%| F|  |TAMS 0x0000000729200000| PB 0x0000000729200000| Untracked 
| 288|0x0000000729400000, 0x0000000729400000, 0x0000000729600000|  0%| F|  |TAMS 0x0000000729400000| PB 0x0000000729400000| Untracked 
| 289|0x0000000729600000, 0x0000000729600000, 0x0000000729800000|  0%| F|  |TAMS 0x0000000729600000| PB 0x0000000729600000| Untracked 
| 290|0x0000000729800000, 0x0000000729800000, 0x0000000729a00000|  0%| F|  |TAMS 0x0000000729800000| PB 0x0000000729800000| Untracked 
| 291|0x0000000729a00000, 0x0000000729a00000, 0x0000000729c00000|  0%| F|  |TAMS 0x0000000729a00000| PB 0x0000000729a00000| Untracked 
| 292|0x0000000729c00000, 0x0000000729c00000, 0x0000000729e00000|  0%| F|  |TAMS 0x0000000729c00000| PB 0x0000000729c00000| Untracked 
| 293|0x0000000729e00000, 0x0000000729e00000, 0x000000072a000000|  0%| F|  |TAMS 0x0000000729e00000| PB 0x0000000729e00000| Untracked 
| 294|0x000000072a000000, 0x000000072a000000, 0x000000072a200000|  0%| F|  |TAMS 0x000000072a000000| PB 0x000000072a000000| Untracked 
| 295|0x000000072a200000, 0x000000072a200000, 0x000000072a400000|  0%| F|  |TAMS 0x000000072a200000| PB 0x000000072a200000| Untracked 
| 296|0x000000072a400000, 0x000000072a400000, 0x000000072a600000|  0%| F|  |TAMS 0x000000072a400000| PB 0x000000072a400000| Untracked 
| 297|0x000000072a600000, 0x000000072a600000, 0x000000072a800000|  0%| F|  |TAMS 0x000000072a600000| PB 0x000000072a600000| Untracked 
| 298|0x000000072a800000, 0x000000072a800000, 0x000000072aa00000|  0%| F|  |TAMS 0x000000072a800000| PB 0x000000072a800000| Untracked 
| 299|0x000000072aa00000, 0x000000072aa00000, 0x000000072ac00000|  0%| F|  |TAMS 0x000000072aa00000| PB 0x000000072aa00000| Untracked 
| 300|0x000000072ac00000, 0x000000072ac00000, 0x000000072ae00000|  0%| F|  |TAMS 0x000000072ac00000| PB 0x000000072ac00000| Untracked 
| 301|0x000000072ae00000, 0x000000072ae00000, 0x000000072b000000|  0%| F|  |TAMS 0x000000072ae00000| PB 0x000000072ae00000| Untracked 
| 302|0x000000072b000000, 0x000000072b000000, 0x000000072b200000|  0%| F|  |TAMS 0x000000072b000000| PB 0x000000072b000000| Untracked 
| 303|0x000000072b200000, 0x000000072b200000, 0x000000072b400000|  0%| F|  |TAMS 0x000000072b200000| PB 0x000000072b200000| Untracked 
| 304|0x000000072b400000, 0x000000072b400000, 0x000000072b600000|  0%| F|  |TAMS 0x000000072b400000| PB 0x000000072b400000| Untracked 
| 305|0x000000072b600000, 0x000000072b600000, 0x000000072b800000|  0%| F|  |TAMS 0x000000072b600000| PB 0x000000072b600000| Untracked 
| 306|0x000000072b800000, 0x000000072b800000, 0x000000072ba00000|  0%| F|  |TAMS 0x000000072b800000| PB 0x000000072b800000| Untracked 
| 307|0x000000072ba00000, 0x000000072ba00000, 0x000000072bc00000|  0%| F|  |TAMS 0x000000072ba00000| PB 0x000000072ba00000| Untracked 
| 308|0x000000072bc00000, 0x000000072bc00000, 0x000000072be00000|  0%| F|  |TAMS 0x000000072bc00000| PB 0x000000072bc00000| Untracked 
|2001|0x00000007ff600000, 0x00000007ff800000, 0x00000007ff800000|100%| O|  |TAMS 0x00000007ff600000| PB 0x00000007ff600000| Untracked 
|2002|0x00000007ff800000, 0x00000007ff800000, 0x00000007ffa00000|  0%| F|  |TAMS 0x00000007ff800000| PB 0x00000007ff800000| Untracked 
|2003|0x00000007ffa00000, 0x00000007ffa00000, 0x00000007ffc00000|  0%| F|  |TAMS 0x00000007ffa00000| PB 0x00000007ffa00000| Untracked 
|2004|0x00000007ffc00000, 0x00000007ffc00000, 0x00000007ffe00000|  0%| F|  |TAMS 0x00000007ffc00000| PB 0x00000007ffc00000| Untracked 
|2005|0x00000007ffe00000, 0x00000007ffe00000, 0x0000000800000000|  0%| F|  |TAMS 0x00000007ffe00000| PB 0x00000007ffe00000| Untracked 

Card table byte_map: [0x00000188b6790000,0x00000188b6f70000] _byte_map_base: 0x00000188b2f66000

Marking Bits: (CMBitMap*) 0x000001889e2f1250
 Bits: [0x00000188b6f70000, 0x00000188bae20000)

Polling page: 0x000001889c1e0000

Metaspace:

Usage:
  Non-class:     82.31 MB used.
      Class:     11.90 MB used.
       Both:     94.21 MB used.

Virtual space:
  Non-class space:      128.00 MB reserved,      82.69 MB ( 65%) committed,  2 nodes.
      Class space:        1.00 GB reserved,      12.19 MB (  1%) committed,  1 nodes.
             Both:        1.12 GB reserved,      94.88 MB (  8%) committed. 

Chunk freelists:
   Non-Class:  12.42 MB
       Class:  3.66 MB
        Both:  16.08 MB

MaxMetaspaceSize: unlimited
CompressedClassSpaceSize: 1.00 GB
Initial GC threshold: 21.00 MB
Current GC threshold: 158.12 MB
CDS: on
 - commit_granule_bytes: 65536.
 - commit_granule_words: 8192.
 - virtual_space_node_default_size: 8388608.
 - enlarge_chunks_in_place: 1.
 - use_allocation_guard: 0.


Internal statistics:

num_allocs_failed_limit: 9.
num_arena_births: 924.
num_arena_deaths: 0.
num_vsnodes_births: 3.
num_vsnodes_deaths: 0.
num_space_committed: 1513.
num_space_uncommitted: 0.
num_chunks_returned_to_freelist: 9.
num_chunks_taken_from_freelist: 4364.
num_chunk_merges: 9.
num_chunk_splits: 3221.
num_chunks_enlarged: 2617.
num_inconsistent_stats: 0.

CodeHeap 'non-profiled nmethods': size=119168Kb used=7428Kb max_used=7437Kb free=111740Kb
 bounds [0x00000188ae2d0000, 0x00000188aea20000, 0x00000188b5730000]
CodeHeap 'profiled nmethods': size=119104Kb used=21721Kb max_used=21881Kb free=97383Kb
 bounds [0x00000188a6730000, 0x00000188a7ca0000, 0x00000188adb80000]
CodeHeap 'non-nmethods': size=7488Kb used=1808Kb max_used=3574Kb free=5679Kb
 bounds [0x00000188adb80000, 0x00000188adf10000, 0x00000188ae2d0000]
 total_blobs=11573 nmethods=10770 adapters=705
 compilation: enabled
              stopped_count=0, restarted_count=0
 full_count=0

Compilation events (20 events):
Event: 11.903 Thread 0x00000188bdea8470 12758       4       org.springframework.aop.aspectj.AspectJExpressionPointcut::hashCode (36 bytes)
Event: 11.905 Thread 0x00000188bdea8470 nmethod 12758 0x00000188ae668d10 code [0x00000188ae668ec0, 0x00000188ae669110]
Event: 11.905 Thread 0x00000188bdea8470 12812       4       org.hibernate.internal.util.NullnessUtil::castNonNull (22 bytes)
Event: 11.905 Thread 0x00000188bdea8470 nmethod 12812 0x00000188ae668a10 code [0x00000188ae668ba0, 0x00000188ae668c28]
Event: 11.905 Thread 0x00000188bdea8470 12593       4       org.springframework.data.domain.Range$$Lambda/0x00000188bfa6f0a0::apply (17 bytes)
Event: 11.906 Thread 0x00000188bdea8470 nmethod 12593 0x00000188ae668390 code [0x00000188ae668540, 0x00000188ae668798]
Event: 11.906 Thread 0x00000188bdea8470 12594       4       org.springframework.data.domain.Range::lambda$contains$1 (49 bytes)
Event: 11.908 Thread 0x00000188bdea8470 nmethod 12594 0x00000188ae667d90 code [0x00000188ae667f40, 0x00000188ae668168]
Event: 11.908 Thread 0x00000188bdea8470 12595       4       org.springframework.data.domain.Range$$Lambda/0x00000188bfa6f2d8::apply (17 bytes)
Event: 11.909 Thread 0x00000188bdea8470 nmethod 12595 0x00000188ae91ff10 code [0x00000188ae9200c0, 0x00000188ae920318]
Event: 11.909 Thread 0x00000188bdea8470 12596       4       org.springframework.data.domain.Range::lambda$contains$2 (49 bytes)
Event: 11.910 Thread 0x00000188bdea8470 nmethod 12596 0x00000188ae91f910 code [0x00000188ae91fac0, 0x00000188ae91fce8]
Event: 11.910 Thread 0x00000188bdea8470 12587       4       java.lang.invoke.LambdaForm$MH/0x00000188bf48a000::invoke (8 bytes)
Event: 11.910 Thread 0x00000188bdea8470 nmethod 12587 0x00000188ae91f610 code [0x00000188ae91f7a0, 0x00000188ae91f840]
Event: 11.910 Thread 0x00000188bdea8470 12660       4       sun.reflect.generics.reflectiveObjects.ParameterizedTypeImpl::getRawType (5 bytes)
Event: 11.910 Thread 0x00000188bdea8470 nmethod 12660 0x00000188ae91f310 code [0x00000188ae91f4a0, 0x00000188ae91f530]
Event: 11.910 Thread 0x00000188bdea8470 12868       4       org.hibernate.resource.transaction.backend.jdbc.internal.JdbcResourceLocalTransactionCoordinatorImpl::pulse (1 bytes)
Event: 11.910 Thread 0x00000188bdea8470 nmethod 12868 0x00000188ae91f010 code [0x00000188ae91f1a0, 0x00000188ae91f228]
Event: 12.056 Thread 0x00000188bdea8470 12913       4       org.antlr.v4.runtime.atn.PredictionContext::hasEmptyPath (21 bytes)
Event: 12.057 Thread 0x00000188bdea8470 nmethod 12913 0x00000188ae91ec90 code [0x00000188ae91ee20, 0x00000188ae91ef08]

GC Heap History (20 events):
Event: 10.021 GC heap after
{Heap after GC invocations=31 (full 0):
 garbage-first heap   total 325632K, used 163880K [0x0000000705400000, 0x0000000800000000)
  region size 2048K, 7 young (14336K), 7 survivors (14336K)
 Metaspace       used 94213K, committed 94784K, reserved 1179648K
  class space    used 12023K, committed 12288K, reserved 1048576K
}
Event: 10.106 GC heap before
{Heap before GC invocations=31 (full 0):
 garbage-first heap   total 325632K, used 251944K [0x0000000705400000, 0x0000000800000000)
  region size 2048K, 51 young (104448K), 7 survivors (14336K)
 Metaspace       used 94213K, committed 94784K, reserved 1179648K
  class space    used 12023K, committed 12288K, reserved 1048576K
}
Event: 10.124 GC heap after
{Heap after GC invocations=32 (full 0):
 garbage-first heap   total 325632K, used 195710K [0x0000000705400000, 0x0000000800000000)
  region size 2048K, 7 young (14336K), 7 survivors (14336K)
 Metaspace       used 94213K, committed 94784K, reserved 1179648K
  class space    used 12023K, committed 12288K, reserved 1048576K
}
Event: 10.270 GC heap before
{Heap before GC invocations=33 (full 0):
 garbage-first heap   total 325632K, used 246910K [0x0000000705400000, 0x0000000800000000)
  region size 2048K, 43 young (88064K), 7 survivors (14336K)
 Metaspace       used 94405K, committed 95040K, reserved 1179648K
  class space    used 12029K, committed 12352K, reserved 1048576K
}
Event: 10.275 GC heap after
{Heap after GC invocations=34 (full 0):
 garbage-first heap   total 325632K, used 177273K [0x0000000705400000, 0x0000000800000000)
  region size 2048K, 2 young (4096K), 2 survivors (4096K)
 Metaspace       used 94405K, committed 95040K, reserved 1179648K
  class space    used 12029K, committed 12352K, reserved 1048576K
}
Event: 10.551 GC heap before
{Heap before GC invocations=34 (full 0):
 garbage-first heap   total 325632K, used 269433K [0x0000000705400000, 0x0000000800000000)
  region size 2048K, 47 young (96256K), 2 survivors (4096K)
 Metaspace       used 95204K, committed 95872K, reserved 1179648K
  class space    used 12052K, committed 12352K, reserved 1048576K
}
Event: 10.553 GC heap after
{Heap after GC invocations=35 (full 0):
 garbage-first heap   total 325632K, used 150004K [0x0000000705400000, 0x0000000800000000)
  region size 2048K, 4 young (8192K), 4 survivors (8192K)
 Metaspace       used 95204K, committed 95872K, reserved 1179648K
  class space    used 12052K, committed 12352K, reserved 1048576K
}
Event: 10.818 GC heap before
{Heap before GC invocations=35 (full 0):
 garbage-first heap   total 325632K, used 260596K [0x0000000705400000, 0x0000000800000000)
  region size 2048K, 58 young (118784K), 4 survivors (8192K)
 Metaspace       used 96141K, committed 96832K, reserved 1179648K
  class space    used 12178K, committed 12480K, reserved 1048576K
}
Event: 10.827 GC heap after
{Heap after GC invocations=36 (full 0):
 garbage-first heap   total 325632K, used 158800K [0x0000000705400000, 0x0000000800000000)
  region size 2048K, 8 young (16384K), 8 survivors (16384K)
 Metaspace       used 96141K, committed 96832K, reserved 1179648K
  class space    used 12178K, committed 12480K, reserved 1048576K
}
Event: 10.880 GC heap before
{Heap before GC invocations=36 (full 0):
 garbage-first heap   total 325632K, used 214096K [0x0000000705400000, 0x0000000800000000)
  region size 2048K, 36 young (73728K), 8 survivors (16384K)
 Metaspace       used 96141K, committed 96832K, reserved 1179648K
  class space    used 12178K, committed 12480K, reserved 1048576K
}
Event: 10.893 GC heap after
{Heap after GC invocations=37 (full 0):
 garbage-first heap   total 643072K, used 179839K [0x0000000705400000, 0x0000000800000000)
  region size 2048K, 8 young (16384K), 8 survivors (16384K)
 Metaspace       used 96141K, committed 96832K, reserved 1179648K
  class space    used 12178K, committed 12480K, reserved 1048576K
}
Event: 11.208 GC heap before
{Heap before GC invocations=37 (full 0):
 garbage-first heap   total 643072K, used 448127K [0x0000000705400000, 0x0000000800000000)
  region size 2048K, 137 young (280576K), 8 survivors (16384K)
 Metaspace       used 96142K, committed 96832K, reserved 1179648K
  class space    used 12178K, committed 12480K, reserved 1048576K
}
Event: 11.258 GC heap after
{Heap after GC invocations=38 (full 0):
 garbage-first heap   total 643072K, used 263286K [0x0000000705400000, 0x0000000800000000)
  region size 2048K, 18 young (36864K), 18 survivors (36864K)
 Metaspace       used 96142K, committed 96832K, reserved 1179648K
  class space    used 12178K, committed 12480K, reserved 1048576K
}
Event: 11.504 GC heap before
{Heap before GC invocations=38 (full 0):
 garbage-first heap   total 643072K, used 492662K [0x0000000705400000, 0x0000000800000000)
  region size 2048K, 128 young (262144K), 18 survivors (36864K)
 Metaspace       used 96151K, committed 96832K, reserved 1179648K
  class space    used 12178K, committed 12480K, reserved 1048576K
}
Event: 11.539 GC heap after
{Heap after GC invocations=39 (full 0):
 garbage-first heap   total 643072K, used 340675K [0x0000000705400000, 0x0000000800000000)
  region size 2048K, 16 young (32768K), 16 survivors (32768K)
 Metaspace       used 96151K, committed 96832K, reserved 1179648K
  class space    used 12178K, committed 12480K, reserved 1048576K
}
Event: 11.790 GC heap before
{Heap before GC invocations=39 (full 0):
 garbage-first heap   total 643072K, used 502467K [0x0000000705400000, 0x0000000800000000)
  region size 2048K, 95 young (194560K), 16 survivors (32768K)
 Metaspace       used 96368K, committed 97024K, reserved 1179648K
  class space    used 12186K, committed 12480K, reserved 1048576K
}
Event: 11.807 GC heap after
{Heap after GC invocations=40 (full 0):
 garbage-first heap   total 643072K, used 355302K [0x0000000705400000, 0x0000000800000000)
  region size 2048K, 6 young (12288K), 6 survivors (12288K)
 Metaspace       used 96368K, committed 97024K, reserved 1179648K
  class space    used 12186K, committed 12480K, reserved 1048576K
}
Event: 11.989 GC heap before
{Heap before GC invocations=41 (full 0):
 garbage-first heap   total 643072K, used 482278K [0x0000000705400000, 0x0000000800000000)
  region size 2048K, 88 young (180224K), 6 survivors (12288K)
 Metaspace       used 96471K, committed 97152K, reserved 1179648K
  class space    used 12188K, committed 12480K, reserved 1048576K
}
Event: 12.004 GC heap after
{Heap after GC invocations=42 (full 0):
 garbage-first heap   total 643072K, used 356352K [0x0000000705400000, 0x0000000800000000)
  region size 2048K, 11 young (22528K), 11 survivors (22528K)
 Metaspace       used 96471K, committed 97152K, reserved 1179648K
  class space    used 12188K, committed 12480K, reserved 1048576K
}
Event: 12.168 GC heap before
{Heap before GC invocations=42 (full 0):
 garbage-first heap   total 643072K, used 526336K [0x0000000705400000, 0x0000000800000000)
  region size 2048K, 93 young (190464K), 11 survivors (22528K)
 Metaspace       used 96471K, committed 97152K, reserved 1179648K
  class space    used 12188K, committed 12480K, reserved 1048576K
}

Dll operation events (11 events):
Event: 0.006 Loaded shared library C:\Program Files\Java\jdk-21.0.10\bin\java.dll
Event: 0.032 Loaded shared library C:\Program Files\Java\jdk-21.0.10\bin\jsvml.dll
Event: 0.051 Loaded shared library C:\Program Files\Java\jdk-21.0.10\bin\net.dll
Event: 0.053 Loaded shared library C:\Program Files\Java\jdk-21.0.10\bin\nio.dll
Event: 0.055 Loaded shared library C:\Program Files\Java\jdk-21.0.10\bin\zip.dll
Event: 0.096 Loaded shared library C:\Program Files\Java\jdk-21.0.10\bin\management.dll
Event: 0.100 Loaded shared library C:\Program Files\Java\jdk-21.0.10\bin\management_ext.dll
Event: 0.115 Loaded shared library C:\Program Files\Java\jdk-21.0.10\bin\jimage.dll
Event: 1.896 Loaded shared library C:\Program Files\Java\jdk-21.0.10\bin\sunmscapi.dll
Event: 4.485 Loaded shared library C:\Program Files\Java\jdk-21.0.10\bin\verify.dll
Event: 4.804 Loaded shared library C:\Program Files\Java\jdk-21.0.10\bin\extnet.dll

Deoptimization events (20 events):
Event: 10.818 Thread 0x000001889e28f960 Uncommon trap: trap_request=0xffffff45 fr.pc=0x00000188ae936048 relative=0x0000000000000188
Event: 10.818 Thread 0x000001889e28f960 Uncommon trap: reason=unstable_if action=reinterpret pc=0x00000188ae936048 method=java.util.Arrays.equals([I[I)Z @ 23 c2
Event: 10.818 Thread 0x000001889e28f960 DEOPT PACKING pc=0x00000188ae936048 sp=0x00000012e78f4440
Event: 10.818 Thread 0x000001889e28f960 DEOPT UNPACKING pc=0x00000188adbd46a2 sp=0x00000012e78f43f0 mode 2
Event: 10.818 Thread 0x000001889e28f960 Uncommon trap: trap_request=0xffffff45 fr.pc=0x00000188ae8f3724 relative=0x00000000000000e4
Event: 10.818 Thread 0x000001889e28f960 Uncommon trap: reason=unstable_if action=reinterpret pc=0x00000188ae8f3724 method=org.antlr.v4.runtime.atn.ArrayPredictionContext.equals(Ljava/lang/Object;)Z @ 45 c2
Event: 10.818 Thread 0x000001889e28f960 DEOPT PACKING pc=0x00000188ae8f3724 sp=0x00000012e78f44a0
Event: 10.818 Thread 0x000001889e28f960 DEOPT UNPACKING pc=0x00000188adbd46a2 sp=0x00000012e78f4428 mode 2
Event: 10.912 Thread 0x000001889e28f960 DEOPT PACKING pc=0x00000188a75374a7 sp=0x00000012e78f7110
Event: 10.912 Thread 0x000001889e28f960 DEOPT UNPACKING pc=0x00000188adbd4e42 sp=0x00000012e78f66b8 mode 0
Event: 10.934 Thread 0x000001889e28f960 DEOPT PACKING pc=0x00000188a7537486 sp=0x00000012e78f7110
Event: 10.934 Thread 0x000001889e28f960 DEOPT UNPACKING pc=0x00000188adbd4e42 sp=0x00000012e78f66b8 mode 0
Event: 10.959 Thread 0x000001889e28f960 DEOPT PACKING pc=0x00000188a7537486 sp=0x00000012e78f6dd0
Event: 10.959 Thread 0x000001889e28f960 DEOPT UNPACKING pc=0x00000188adbd4e42 sp=0x00000012e78f6378 mode 0
Event: 11.138 Thread 0x000001889e28f960 DEOPT PACKING pc=0x00000188a6895bb4 sp=0x00000012e78f6a60
Event: 11.138 Thread 0x000001889e28f960 DEOPT UNPACKING pc=0x00000188adbd4e42 sp=0x00000012e78f5f28 mode 0
Event: 11.650 Thread 0x000001889e28f960 DEOPT PACKING pc=0x00000188a6c704e0 sp=0x00000012e78f7970
Event: 11.650 Thread 0x000001889e28f960 DEOPT UNPACKING pc=0x00000188adbd4e42 sp=0x00000012e78f6f78 mode 0
Event: 11.658 Thread 0x000001889e28f960 DEOPT PACKING pc=0x00000188a6c704e0 sp=0x00000012e78f7960
Event: 11.658 Thread 0x000001889e28f960 DEOPT UNPACKING pc=0x00000188adbd4e42 sp=0x00000012e78f6f68 mode 0

Classes loaded (20 events):
Event: 9.472 Loading class java/util/WeakHashMap$KeyIterator
Event: 9.472 Loading class java/util/WeakHashMap$HashIterator
Event: 9.472 Loading class java/util/WeakHashMap$HashIterator done
Event: 9.472 Loading class java/util/WeakHashMap$KeyIterator done
Event: 9.472 Loading class java/util/WeakHashMap$EntrySet
Event: 9.472 Loading class java/util/WeakHashMap$EntrySet done
Event: 9.472 Loading class java/util/WeakHashMap$EntryIterator
Event: 9.472 Loading class java/util/WeakHashMap$EntryIterator done
Event: 10.662 Loading class java/util/EnumMap$EntrySet
Event: 10.662 Loading class java/util/EnumMap$EntrySet done
Event: 10.662 Loading class java/util/EnumMap$EntryIterator
Event: 10.663 Loading class java/util/EnumMap$EnumMapIterator
Event: 10.663 Loading class java/util/EnumMap$EnumMapIterator done
Event: 10.663 Loading class java/util/EnumMap$EntryIterator done
Event: 10.728 Loading class sun/reflect/ReflectionFactory
Event: 10.728 Loading class sun/reflect/ReflectionFactory done
Event: 10.728 Loading class sun/reflect/ReflectionFactory$1
Event: 10.728 Loading class sun/reflect/ReflectionFactory$1 done
Event: 10.728 Loading class java/io/OptionalDataException
Event: 10.728 Loading class java/io/OptionalDataException done

Classes unloaded (0 events):
No events

Classes redefined (0 events):
No events

Internal exceptions (20 events):
Event: 7.675 Thread 0x000001889e28f960 Exception <a 'java/lang/NoSuchMethodError'{0x000000070db57d70}: 'java.lang.Object java.lang.invoke.DirectMethodHandle$Holder.newInvokeSpecial(java.lang.Object, java.lang.Object, java.lang.Object, java.lang.Object, java.lang.Object, java.lang.Object, java.lang.Object, int)'> (0x000000070db57d70) 
thrown [s\open\src\hotspot\share\interpreter\linkResolver.cpp, line 773]
Event: 7.675 Thread 0x000001889e28f960 Exception <a 'java/lang/NoSuchMethodError'{0x000000070db5ca68}: 'java.lang.Object java.lang.invoke.DirectMethodHandle$Holder.invokeSpecial(java.lang.Object, java.lang.Object, java.lang.Object, java.lang.Object, java.lang.Object, java.lang.Object, java.lang.Object, java.lang.Object, int)'> (0x000000070db5ca68) 
thrown [s\open\src\hotspot\share\interpreter\linkResolver.cpp, line 773]
Event: 7.675 Thread 0x000001889e28f960 Exception <a 'java/lang/NoSuchMethodError'{0x000000070db61258}: 'java.lang.Object java.lang.invoke.Invokers$Holder.linkToTargetMethod(java.lang.Object, java.lang.Object, java.lang.Object, java.lang.Object, java.lang.Object, java.lang.Object, int, java.lang.Object)'> (0x000000070db61258) 
thrown [s\open\src\hotspot\share\interpreter\linkResolver.cpp, line 773]
Event: 7.995 Thread 0x000001889e28f960 Exception <a 'java/lang/NoSuchMethodError'{0x000000070cd87c80}: 'void java.lang.invoke.Invokers$Holder.invokeExact_MT(java.lang.Object, java.lang.Object, java.lang.Object, java.lang.Object)'> (0x000000070cd87c80) 
thrown [s\open\src\hotspot\share\interpreter\linkResolver.cpp, line 773]
Event: 8.014 Thread 0x000001889e28f960 Implicit null exception at 0x00000188ae836b77 to 0x00000188ae836de0
Event: 8.026 Thread 0x000001889e28f960 Implicit null exception at 0x00000188ae7976a7 to 0x00000188ae797b50
Event: 8.026 Thread 0x000001889e28f960 Implicit null exception at 0x00000188ae795eba to 0x00000188ae795ef4
Event: 8.057 Thread 0x000001889e28f960 Implicit null exception at 0x00000188ae777cd0 to 0x00000188ae7797f4
Event: 8.062 Thread 0x000001889e28f960 Exception <a 'java/lang/IncompatibleClassChangeError'{0x000000070c44a360}: Found class java.lang.Object, but interface was expected> (0x000000070c44a360) 
thrown [s\open\src\hotspot\share\interpreter\linkResolver.cpp, line 840]
Event: 8.099 Thread 0x000001889e28f960 Exception <a 'java/lang/IncompatibleClassChangeError'{0x000000070c27c318}: Found class java.lang.Object, but interface was expected> (0x000000070c27c318) 
thrown [s\open\src\hotspot\share\interpreter\linkResolver.cpp, line 840]
Event: 8.209 Thread 0x000001889e28f960 Exception <a 'java/lang/IncompatibleClassChangeError'{0x000000070bd62680}: Found class java.lang.Object, but interface was expected> (0x000000070bd62680) 
thrown [s\open\src\hotspot\share\interpreter\linkResolver.cpp, line 840]
Event: 8.217 Thread 0x000001889e28f960 Exception <a 'java/lang/NoSuchMethodError'{0x000000070bdefc60}: 'void java.lang.invoke.DirectMethodHandle$Holder.invokeSpecial(java.lang.Object, java.lang.Object, java.lang.Object, java.lang.Object, java.lang.Object, java.lang.Object, java.lang.Object)'> (0x000000070bdefc60) 
thrown [s\open\src\hotspot\share\interpreter\linkResolver.cpp, line 773]
Event: 9.150 Thread 0x000001889e28f960 Exception <a 'java/lang/IncompatibleClassChangeError'{0x000000070b09dbc8}: Found class java.lang.Object, but interface was expected> (0x000000070b09dbc8) 
thrown [s\open\src\hotspot\share\interpreter\linkResolver.cpp, line 840]
Event: 9.297 Thread 0x000001889e28f960 Exception <a 'java/lang/NoSuchMethodError'{0x000000070a446ca0}: 'java.lang.Object java.lang.invoke.DirectMethodHandle$Holder.invokeStaticInit(java.lang.Object, java.lang.Object, int)'> (0x000000070a446ca0) 
thrown [s\open\src\hotspot\share\interpreter\linkResolver.cpp, line 773]
Event: 9.410 Thread 0x000001889e28f960 Exception <a 'java/lang/NoSuchMethodError'{0x0000000712b184a8}: 'java.lang.Object java.lang.invoke.DirectMethodHandle$Holder.invokeStaticInit(java.lang.Object, java.lang.Object, java.lang.Object, java.lang.Object, java.lang.Object)'> (0x0000000712b184a8) 
thrown [s\open\src\hotspot\share\interpreter\linkResolver.cpp, line 773]
Event: 9.852 Thread 0x000001889e28f960 Exception <a 'java/lang/IncompatibleClassChangeError'{0x0000000711332058}: Found class java.lang.Object, but interface was expected> (0x0000000711332058) 
thrown [s\open\src\hotspot\share\interpreter\linkResolver.cpp, line 840]
Event: 10.464 Thread 0x000001889e28f960 Implicit null exception at 0x00000188ae51048d to 0x00000188ae510cf8
Event: 10.704 Thread 0x000001889e28f960 Exception <a 'java/lang/NoSuchMethodError'{0x000000071583fbd0}: 'java.lang.Object java.lang.invoke.DirectMethodHandle$Holder.invokeVirtual(java.lang.Object, java.lang.Object, java.lang.Object, java.lang.Object, java.lang.Object, java.lang.Object)'> (0x000000071583fbd0) 
thrown [s\open\src\hotspot\share\interpreter\linkResolver.cpp, line 773]
Event: 10.715 Thread 0x000001889e28f960 Exception <a 'java/lang/NoSuchMethodError'{0x0000000715920958}: 'int java.lang.invoke.DirectMethodHandle$Holder.invokeStaticInit(java.lang.Object, int, java.lang.Object, java.lang.Object, java.lang.Object, java.lang.Object)'> (0x0000000715920958) 
thrown [s\open\src\hotspot\share\interpreter\linkResolver.cpp, line 773]
Event: 10.751 Thread 0x000001889e28f960 Implicit null exception at 0x00000188ae8a745e to 0x00000188ae8a749c

ZGC Phase Switch (0 events):
No events

VM Operations (20 events):
Event: 10.713 Executing VM operation: HandshakeAllThreads (Deoptimize) done
Event: 10.818 Executing VM operation: G1CollectForAllocation (G1 Evacuation Pause)
Event: 10.827 Executing VM operation: G1CollectForAllocation (G1 Evacuation Pause) done
Event: 10.879 Executing VM operation: G1TryInitiateConcMark (G1 Humongous Allocation)
Event: 10.893 Executing VM operation: G1TryInitiateConcMark (G1 Humongous Allocation) done
Event: 11.208 Executing VM operation: G1CollectForAllocation (G1 Evacuation Pause)
Event: 11.258 Executing VM operation: G1CollectForAllocation (G1 Evacuation Pause) done
Event: 11.503 Executing VM operation: G1CollectForAllocation (G1 Evacuation Pause)
Event: 11.539 Executing VM operation: G1CollectForAllocation (G1 Evacuation Pause) done
Event: 11.590 Executing VM operation: HandshakeAllThreads (Deoptimize)
Event: 11.590 Executing VM operation: HandshakeAllThreads (Deoptimize) done
Event: 11.790 Executing VM operation: G1CollectForAllocation (G1 Evacuation Pause)
Event: 11.807 Executing VM operation: G1CollectForAllocation (G1 Evacuation Pause) done
Event: 11.893 Executing VM operation: G1PauseRemark
Event: 11.898 Executing VM operation: G1PauseRemark done
Event: 11.935 Executing VM operation: G1PauseCleanup
Event: 11.935 Executing VM operation: G1PauseCleanup done
Event: 11.989 Executing VM operation: G1CollectForAllocation (G1 Evacuation Pause)
Event: 12.004 Executing VM operation: G1CollectForAllocation (G1 Evacuation Pause) done
Event: 12.168 Executing VM operation: G1CollectForAllocation (G1 Evacuation Pause)

Events (20 events):
Event: 11.897 Thread 0x00000188bde80710 flushing nmethod 0x00000188a69fd990
Event: 11.897 Thread 0x00000188bde80710 flushing nmethod 0x00000188a7298c90
Event: 11.897 Thread 0x00000188bde80710 flushing nmethod 0x00000188a7af9210
Event: 11.897 Thread 0x00000188bde80710 flushing nmethod 0x00000188a7b03c10
Event: 11.897 Thread 0x00000188bde80710 flushing nmethod 0x00000188a7b08a10
Event: 11.897 Thread 0x00000188bde80710 flushing nmethod 0x00000188a7a86690
Event: 11.897 Thread 0x00000188bde80710 flushing nmethod 0x00000188a7a88e90
Event: 11.897 Thread 0x00000188bde80710 flushing nmethod 0x00000188a7b0d790
Event: 11.897 Thread 0x00000188bde80710 flushing nmethod 0x00000188a7b19210
Event: 11.897 Thread 0x00000188bde80710 flushing nmethod 0x00000188a7b19590
Event: 11.897 Thread 0x00000188bde80710 flushing nmethod 0x00000188a676c110
Event: 11.897 Thread 0x00000188bde80710 flushing nmethod 0x00000188a7aed710
Event: 11.897 Thread 0x00000188bde80710 flushing nmethod 0x00000188a7b3f910
Event: 11.897 Thread 0x00000188bde80710 flushing nmethod 0x00000188a7b41f90
Event: 11.897 Thread 0x00000188bde80710 flushing nmethod 0x00000188a7b47d90
Event: 11.897 Thread 0x00000188bde80710 flushing nmethod 0x00000188a6b6df10
Event: 11.897 Thread 0x00000188bde80710 flushing nmethod 0x00000188a74ffe90
Event: 11.897 Thread 0x00000188bde80710 flushing nmethod 0x00000188a7680b90
Event: 11.897 Thread 0x00000188bde80710 flushing nmethod 0x00000188a7af8d90
Event: 11.897 Thread 0x00000188bde80710 flushing nmethod 0x00000188a688bd10


Dynamic libraries:
0x00007ff770920000 - 0x00007ff770930000 	C:\Program Files\Java\jdk-21.0.10\bin\java.exe
0x00007fff83ca0000 - 0x00007fff83f06000 	C:\Windows\SYSTEM32\ntdll.dll
0x00007fff83300000 - 0x00007fff833c9000 	C:\Windows\System32\KERNEL32.DLL
0x00007fff81320000 - 0x00007fff8171e000 	C:\Windows\System32\KERNELBASE.dll
0x00007fff81010000 - 0x00007fff8115c000 	C:\Windows\System32\ucrtbase.dll
0x00007fff39b00000 - 0x00007fff39b19000 	C:\Program Files\Java\jdk-21.0.10\bin\jli.dll
0x00007fff38150000 - 0x00007fff3816e000 	C:\Program Files\Java\jdk-21.0.10\bin\VCRUNTIME140.dll
0x00007fff819d0000 - 0x00007fff81a87000 	C:\Windows\System32\ADVAPI32.dll
0x00007fff81f00000 - 0x00007fff81fa9000 	C:\Windows\System32\msvcrt.dll
0x00007fff82ed0000 - 0x00007fff82f7a000 	C:\Windows\System32\sechost.dll
0x00007fff83150000 - 0x00007fff83268000 	C:\Windows\System32\RPCRT4.dll
0x00007fff82f80000 - 0x00007fff83147000 	C:\Windows\System32\USER32.dll
0x00007fff81170000 - 0x00007fff81197000 	C:\Windows\System32\win32u.dll
0x00007fff835a0000 - 0x00007fff835cb000 	C:\Windows\System32\GDI32.dll
0x00007fff817e0000 - 0x00007fff8190a000 	C:\Windows\System32\gdi32full.dll
0x00007fff6aa80000 - 0x00007fff6ad12000 	C:\Windows\WinSxS\amd64_microsoft.windows.common-controls_6595b64144ccf1df_6.0.26100.8875_none_3e0d5d42e32fe9dd\COMCTL32.dll
0x00007fff81730000 - 0x00007fff817d3000 	C:\Windows\System32\msvcp_win.dll
0x00007fff79db0000 - 0x00007fff79dbb000 	C:\Windows\SYSTEM32\VERSION.dll
0x00007fff83b00000 - 0x00007fff83b32000 	C:\Windows\System32\IMM32.DLL
0x00007fff3b4c0000 - 0x00007fff3b4cc000 	C:\Program Files\Java\jdk-21.0.10\bin\vcruntime140_1.dll
0x00007fff2d4f0000 - 0x00007fff2d57d000 	C:\Program Files\Java\jdk-21.0.10\bin\msvcp140.dll
0x00007ffef5d20000 - 0x00007ffef6a47000 	C:\Program Files\Java\jdk-21.0.10\bin\server\jvm.dll
0x00007fff83270000 - 0x00007fff832f0000 	C:\Windows\System32\WS2_32.dll
0x00007fff80d20000 - 0x00007fff80d7e000 	C:\Windows\SYSTEM32\POWRPROF.dll
0x00007fff77810000 - 0x00007fff77846000 	C:\Windows\SYSTEM32\WINMM.dll
0x00007fff80d00000 - 0x00007fff80d14000 	C:\Windows\SYSTEM32\UMPDC.dll
0x00007fff7fb70000 - 0x00007fff7fb8b000 	C:\Windows\SYSTEM32\kernel.appcore.dll
0x00007fff38140000 - 0x00007fff3814a000 	C:\Program Files\Java\jdk-21.0.10\bin\jimage.dll
0x00007fff76470000 - 0x00007fff766b2000 	C:\Windows\SYSTEM32\DBGHELP.DLL
0x00007fff83670000 - 0x00007fff839f3000 	C:\Windows\System32\combase.dll
0x00007fff833d0000 - 0x00007fff834a9000 	C:\Windows\System32\OLEAUT32.dll
0x00007fff62af0000 - 0x00007fff62b2b000 	C:\Windows\SYSTEM32\dbgcore.DLL
0x00007fff81910000 - 0x00007fff819bc000 	C:\Windows\System32\bcryptPrimitives.dll
0x00007fff29cb0000 - 0x00007fff29cd1000 	C:\Program Files\Java\jdk-21.0.10\bin\java.dll
0x00007fff81fb0000 - 0x00007fff82742000 	C:\Windows\System32\SHELL32.dll
0x00007fff7e920000 - 0x00007fff7f1b2000 	C:\Windows\SYSTEM32\windows.storage.dll
0x00007fff83a00000 - 0x00007fff83af7000 	C:\Windows\System32\SHCORE.dll
0x00007fff82c00000 - 0x00007fff82c67000 	C:\Windows\System32\shlwapi.dll
0x00007fff80de0000 - 0x00007fff80e09000 	C:\Windows\SYSTEM32\profapi.dll
0x00007fff24ce0000 - 0x00007fff24db7000 	C:\Program Files\Java\jdk-21.0.10\bin\jsvml.dll
0x00007fff38120000 - 0x00007fff38131000 	C:\Program Files\Java\jdk-21.0.10\bin\net.dll
0x00007fff790f0000 - 0x00007fff79217000 	C:\Windows\SYSTEM32\WINHTTP.dll
0x00007fff80130000 - 0x00007fff8019c000 	C:\Windows\system32\mswsock.dll
0x00007fff29df0000 - 0x00007fff29e06000 	C:\Program Files\Java\jdk-21.0.10\bin\nio.dll
0x00007fff29c90000 - 0x00007fff29ca8000 	C:\Program Files\Java\jdk-21.0.10\bin\zip.dll
0x00007fff2d790000 - 0x00007fff2d79a000 	C:\Program Files\Java\jdk-21.0.10\bin\management.dll
0x00007fff29c80000 - 0x00007fff29c8c000 	C:\Program Files\Java\jdk-21.0.10\bin\management_ext.dll
0x00007fff82c70000 - 0x00007fff82c78000 	C:\Windows\System32\PSAPI.DLL
0x00007fff29c70000 - 0x00007fff29c7e000 	C:\Program Files\Java\jdk-21.0.10\bin\sunmscapi.dll
0x00007fff811a0000 - 0x00007fff81318000 	C:\Windows\System32\CRYPT32.dll
0x00007fff80690000 - 0x00007fff806c0000 	C:\Windows\SYSTEM32\ncrypt.dll
0x00007fff80640000 - 0x00007fff8067f000 	C:\Windows\SYSTEM32\NTASN1.dll
0x00007fff80450000 - 0x00007fff8046b000 	C:\Windows\SYSTEM32\CRYPTSP.dll
0x00007fff7fad0000 - 0x00007fff7fb09000 	C:\Windows\system32\rsaenh.dll
0x00007fff801f0000 - 0x00007fff80222000 	C:\Windows\SYSTEM32\USERENV.dll
0x00007fff80db0000 - 0x00007fff80dda000 	C:\Windows\SYSTEM32\bcrypt.dll
0x00007fff80430000 - 0x00007fff8043c000 	C:\Windows\SYSTEM32\CRYPTBASE.dll
0x00007fff7f670000 - 0x00007fff7f6a3000 	C:\Windows\SYSTEM32\IPHLPAPI.DLL
0x00007fff81a90000 - 0x00007fff81a9a000 	C:\Windows\System32\NSI.dll
0x00007fff29c60000 - 0x00007fff29c70000 	C:\Program Files\Java\jdk-21.0.10\bin\verify.dll
0x00007fff7f6b0000 - 0x00007fff7f806000 	C:\Windows\SYSTEM32\DNSAPI.dll
0x00007fff7ff10000 - 0x00007fff7ff1d000 	C:\Windows\SYSTEM32\DSPARSE.dll
0x00007fff798d0000 - 0x00007fff798db000 	C:\Windows\System32\rasadhlp.dll
0x00007fff7a820000 - 0x00007fff7a8a6000 	C:\Windows\System32\fwpuclnt.dll
0x00007fff29c50000 - 0x00007fff29c59000 	C:\Program Files\Java\jdk-21.0.10\bin\extnet.dll

dbghelp: loaded successfully - version: 4.0.5 - missing functions: none
symbol engine: initialized successfully - sym options: 0x614 - pdb path: .;C:\Program Files\Java\jdk-21.0.10\bin;C:\Windows\SYSTEM32;C:\Windows\WinSxS\amd64_microsoft.windows.common-controls_6595b64144ccf1df_6.0.26100.8875_none_3e0d5d42e32fe9dd;C:\Program Files\Java\jdk-21.0.10\bin\server

VM Arguments:
java_command: C:\Users\sesol\AppData\Local\Temp\surefire10157717726030735918\surefirebooter-20260727163042200_3.jar C:\Users\sesol\AppData\Local\Temp\surefire10157717726030735918 2026-07-27T16-30-42_056-jvmRun1 surefire-20260727163042200_1tmp surefire_0-20260727163042200_2tmp
java_class_path (initial): C:\Users\sesol\AppData\Local\Temp\surefire10157717726030735918\surefirebooter-20260727163042200_3.jar
Launcher Type: SUN_STANDARD

[Global flags]
     intx CICompilerCount                          = 12                                        {product} {ergonomic}
     uint ConcGCThreads                            = 3                                         {product} {ergonomic}
     uint G1ConcRefinementThreads                  = 13                                        {product} {ergonomic}
   size_t G1HeapRegionSize                         = 2097152                                   {product} {ergonomic}
    uintx GCDrainStackTargetSize                   = 64                                        {product} {ergonomic}
   size_t InitialHeapSize                          = 264241152                                 {product} {ergonomic}
   size_t MarkStackSize                            = 4194304                                   {product} {ergonomic}
   size_t MaxHeapSize                              = 4206886912                                {product} {ergonomic}
   size_t MaxNewSize                               = 2522873856                                {product} {ergonomic}
   size_t MinHeapDeltaBytes                        = 2097152                                   {product} {ergonomic}
   size_t MinHeapSize                              = 8388608                                   {product} {ergonomic}
    uintx NonNMethodCodeHeapSize                   = 7602480                                {pd product} {ergonomic}
    uintx NonProfiledCodeHeapSize                  = 122027880                              {pd product} {ergonomic}
    uintx ProfiledCodeHeapSize                     = 122027880                              {pd product} {ergonomic}
    uintx ReservedCodeCacheSize                    = 251658240                              {pd product} {ergonomic}
     bool SegmentedCodeCache                       = true                                      {product} {ergonomic}
   size_t SoftMaxHeapSize                          = 4206886912                             {manageable} {ergonomic}
     bool UseCompressedOops                        = true                           {product lp64_product} {ergonomic}
     bool UseG1GC                                  = true                                      {product} {ergonomic}
     bool UseLargePagesIndividualAllocation        = false                                  {pd product} {ergonomic}

Logging:
Log output configuration:
 #0: stdout all=warning uptime,level,tags foldmultilines=false
 #1: stderr all=off uptime,level,tags foldmultilines=false

Environment Variables:
JAVA_HOME=C:\Program Files\Java\jdk-21.0.10
PATH=C:\Program Files\Eclipse Adoptium\jdk-21.0.11.10-hotspot\bin;C:\Program Files\Common Files\Oracle\Java\javapath;C:\Windows\system32;C:\Windows;C:\Windows\System32\Wbem;C:\Windows\System32\WindowsPowerShell\v1.0\;C:\Windows\System32\OpenSSH\;C:\Program Files\Git\cmd;C:\Program Files\nodejs\;C:\Program Files\Java\jdk-21.0.10\bin;C:\Program Files\MySQL\MySQL Shell 8.0\bin\;C:\Users\sesol\AppData\Local\Microsoft\WindowsApps;C:\Users\sesol\AppData\Local\Programs\Microsoft VS Code\bin;C:\Users\sesol\AppData\Roaming\npm
USERNAME=sesol
OS=Windows_NT
PROCESSOR_IDENTIFIER=Intel64 Family 6 Model 186 Stepping 2, GenuineIntel
TMP=C:\Users\sesol\AppData\Local\Temp
TEMP=C:\Users\sesol\AppData\Local\Temp




Periodic native trim disabled

---------------  S Y S T E M  ---------------

OS:
 Windows 11 , 64 bit Build 26100 (10.0.26100.8875)
OS uptime: 0 days 0:21 hours
Hyper-V role detected

CPU: total 16 (initial active 16) (8 cores per cpu, 2 threads per core) family 6 model 186 stepping 2 microcode 0x6134, cx8, cmov, fxsr, ht, mmx, 3dnowpref, sse, sse2, sse3, ssse3, sse4.1, sse4.2, popcnt, lzcnt, tsc, tscinvbit, avx, avx2, aes, erms, clmul, bmi1, bmi2, adx, sha, fma, vzeroupper, clflush, clflushopt, clwb, hv, serialize, rdtscp, rdpid, fsrm, f16c, cet_ibt, cet_ss
Processor Information for all 16 processors :
  Max Mhz: 2400, Current Mhz: 2400, Mhz Limit: 2400

Memory: 4k page, system-wide physical 16044M (322M free)
TotalPageFile size 24051M (AvailPageFile size 518M)
current process WorkingSet (physical memory assigned to process): 900M, peak: 900M
current process commit charge ("private bytes"): 945M, peak: 1697M

vm_info: Java HotSpot(TM) 64-Bit Server VM (21.0.10+8-LTS-217) for windows-amd64 JRE (21.0.10+8-LTS-217), built on 2025-12-18T14:59:28Z by "mach5run" with MS VC++ 17.13 (VS2022)

END.
