#
# There is insufficient memory for the Java Runtime Environment to continue.
# Native memory allocation (mmap) failed to map 406847488 bytes for G1 virtual space
# Possible reasons:
#   The system is out of physical RAM or swap space
#   The process is running with CompressedOops enabled, and the Java Heap may be blocking the growth of the native heap
# Possible solutions:
#   Reduce memory load on the system
#   Increase physical memory or swap space
#   Check if swap backing store is full
#   Decrease Java heap size (-Xmx/-Xms)
#   Decrease number of Java threads
#   Decrease Java thread stack sizes (-Xss)
#   Set larger code cache with -XX:ReservedCodeCacheSize=
#   JVM is running with Zero Based Compressed Oops mode in which the Java heap is
#     placed in the first 32GB address space. The Java Heap base address is the
#     maximum limit for the native heap growth. Please use -XX:HeapBaseMinAddress
#     to set the Java Heap base and to place the Java Heap above 32GB virtual address.
# This output file may be truncated or incomplete.
#
#  Out of Memory Error (os_windows.cpp:3604), pid=29784, tid=20384
#
# JRE version: Java(TM) SE Runtime Environment (21.0.10+8) (build 21.0.10+8-LTS-217)
# Java VM: Java HotSpot(TM) 64-Bit Server VM (21.0.10+8-LTS-217, mixed mode, sharing, tiered, compressed oops, compressed class ptrs, g1 gc, windows-amd64)
# No core dump will be written. Minidumps are not enabled by default on client versions of Windows
#

---------------  S U M M A R Y ------------

Command Line: --enable-native-access=ALL-UNNAMED -Dclassworlds.conf=C:\Users\sesol\.m2\wrapper\dists\apache-maven-3.9.12\59fe215c0ad6947fea90184bf7add084544567b927287592651fda3782e0e798\bin\m2.conf -Dmaven.home=C:\Users\sesol\.m2\wrapper\dists\apache-maven-3.9.12\59fe215c0ad6947fea90184bf7add084544567b927287592651fda3782e0e798 -Dlibrary.jansi.path=C:\Users\sesol\.m2\wrapper\dists\apache-maven-3.9.12\59fe215c0ad6947fea90184bf7add084544567b927287592651fda3782e0e798\lib\jansi-native -Dmaven.multiModuleProjectDirectory=C:\IstlReact\istlReact\istl_group_crm\Istl_group_crm_backend org.codehaus.plexus.classworlds.launcher.Launcher spring-boot:run

Host: 13th Gen Intel(R) Core(TM) i7-13620H, 16 cores, 15G,  Windows 11 , 64 bit Build 26100 (10.0.26100.8521)
Time: Fri Jul  3 16:31:56 2026 India Standard Time elapsed time: 11.454313 seconds (0d 0h 0m 11s)

---------------  T H R E A D  ---------------

Current thread (0x0000017ca4c9cde0):  VMThread "VM Thread"          [id=20384, stack(0x0000003266400000,0x0000003266500000) (1024K)]

Stack: [0x0000003266400000,0x0000003266500000]
Native frames: (J=compiled Java code, j=interpreted, Vv=VM code, C=native code)
V  [jvm.dll+0x6d0b59]
V  [jvm.dll+0x85fd56]
V  [jvm.dll+0x86224e]
V  [jvm.dll+0x862923]
V  [jvm.dll+0x282a16]
V  [jvm.dll+0x6cd405]
V  [jvm.dll+0x6c1f8a]
V  [jvm.dll+0x35bcc8]
V  [jvm.dll+0x363986]
V  [jvm.dll+0x3b4a3e]
V  [jvm.dll+0x3b4ce8]
V  [jvm.dll+0x32f98c]
V  [jvm.dll+0x32fa17]
V  [jvm.dll+0x373c9c]
V  [jvm.dll+0x372441]
V  [jvm.dll+0x32f0d1]
V  [jvm.dll+0x371e68]
V  [jvm.dll+0x86861f]
V  [jvm.dll+0x8699ac]
V  [jvm.dll+0x869ee1]
V  [jvm.dll+0x86a183]
V  [jvm.dll+0x80a83d]
V  [jvm.dll+0x6cf3fd]
C  [ucrtbase.dll+0x2cd30]
C  [KERNEL32.DLL+0x2e957]
C  [ntdll.dll+0x87c1c]

VM_Operation (0x0000003265dfc4c0): G1TryInitiateConcMark, mode: safepoint, requested by thread 0x0000017c82f84530


---------------  P R O C E S S  ---------------

Threads class SMR info:
_java_thread_list=0x0000017cecf96cd0, length=22, elements={
0x0000017c82f84530, 0x0000017ca4cbeed0, 0x0000017ca4cc1940, 0x0000017ca4cc5cf0,
0x0000017ca4cc90e0, 0x0000017ca4cc82e0, 0x0000017ca4ccd6d0, 0x0000017ca4cd0e70,
0x0000017ca4cd2090, 0x0000017cea0b3f90, 0x0000017cea1c4f90, 0x0000017cea1c9c30,
0x0000017cea66a5d0, 0x0000017cea646a40, 0x0000017ceb6f0030, 0x0000017cecc28730,
0x0000017cecc29ba0, 0x0000017cecc294d0, 0x0000017cecc2a270, 0x0000017cecc2a940,
0x0000017cecc27990, 0x0000017cecc272c0
}

Java Threads: ( => current thread )
  0x0000017c82f84530 JavaThread "main"                              [_thread_blocked, id=5304, stack(0x0000003265d00000,0x0000003265e00000) (1024K)]
  0x0000017ca4cbeed0 JavaThread "Reference Handler"          daemon [_thread_blocked, id=17936, stack(0x0000003266500000,0x0000003266600000) (1024K)]
  0x0000017ca4cc1940 JavaThread "Finalizer"                  daemon [_thread_blocked, id=18492, stack(0x0000003266600000,0x0000003266700000) (1024K)]
  0x0000017ca4cc5cf0 JavaThread "Signal Dispatcher"          daemon [_thread_blocked, id=12872, stack(0x0000003266700000,0x0000003266800000) (1024K)]
  0x0000017ca4cc90e0 JavaThread "Attach Listener"            daemon [_thread_blocked, id=9040, stack(0x0000003266800000,0x0000003266900000) (1024K)]
  0x0000017ca4cc82e0 JavaThread "Service Thread"             daemon [_thread_blocked, id=30392, stack(0x0000003266900000,0x0000003266a00000) (1024K)]
  0x0000017ca4ccd6d0 JavaThread "Monitor Deflation Thread"   daemon [_thread_blocked, id=28628, stack(0x0000003266a00000,0x0000003266b00000) (1024K)]
  0x0000017ca4cd0e70 JavaThread "C2 CompilerThread0"         daemon [_thread_blocked, id=35068, stack(0x0000003266b00000,0x0000003266c00000) (1024K)]
  0x0000017ca4cd2090 JavaThread "C1 CompilerThread0"         daemon [_thread_blocked, id=26432, stack(0x0000003266c00000,0x0000003266d00000) (1024K)]
  0x0000017cea0b3f90 JavaThread "C1 CompilerThread1"         daemon [_thread_blocked, id=11936, stack(0x0000003266d00000,0x0000003266e00000) (1024K)]
  0x0000017cea1c4f90 JavaThread "Notification Thread"        daemon [_thread_blocked, id=33360, stack(0x0000003266e00000,0x0000003266f00000) (1024K)]
  0x0000017cea1c9c30 JavaThread "Common-Cleaner"             daemon [_thread_blocked, id=20704, stack(0x0000003266f00000,0x0000003267000000) (1024K)]
  0x0000017cea66a5d0 JavaThread "C1 CompilerThread2"         daemon [_thread_blocked, id=28932, stack(0x0000003267100000,0x0000003267200000) (1024K)]
  0x0000017cea646a40 JavaThread "C1 CompilerThread3"         daemon [_thread_blocked, id=31780, stack(0x0000003267200000,0x0000003267300000) (1024K)]
  0x0000017ceb6f0030 JavaThread "Thread-1"                   daemon [_thread_blocked, id=20544, stack(0x0000003267f00000,0x0000003268000000) (1024K)]
  0x0000017cecc28730 JavaThread "C2 CompilerThread1"         daemon [_thread_blocked, id=10700, stack(0x0000003267000000,0x0000003267100000) (1024K)]
  0x0000017cecc29ba0 JavaThread "C2 CompilerThread2"         daemon [_thread_blocked, id=26924, stack(0x0000003267a00000,0x0000003267b00000) (1024K)]
  0x0000017cecc294d0 JavaThread "C2 CompilerThread3"         daemon [_thread_blocked, id=33604, stack(0x0000003268000000,0x0000003268100000) (1024K)]
  0x0000017cecc2a270 JavaThread "C2 CompilerThread4"         daemon [_thread_blocked, id=25288, stack(0x0000003268100000,0x0000003268200000) (1024K)]
  0x0000017cecc2a940 JavaThread "C2 CompilerThread5"         daemon [_thread_blocked, id=20356, stack(0x0000003268200000,0x0000003268300000) (1024K)]
  0x0000017cecc27990 JavaThread "C2 CompilerThread6"         daemon [_thread_blocked, id=21524, stack(0x0000003268300000,0x0000003268400000) (1024K)]
  0x0000017cecc272c0 JavaThread "C2 CompilerThread7"         daemon [_thread_blocked, id=8184, stack(0x0000003268800000,0x0000003268900000) (1024K)]
Total: 22

Other Threads:
=>0x0000017ca4c9cde0 VMThread "VM Thread"                           [id=20384, stack(0x0000003266400000,0x0000003266500000) (1024K)]
  0x0000017c83142450 WatcherThread "VM Periodic Task Thread"        [id=27040, stack(0x0000003266300000,0x0000003266400000) (1024K)]
  0x0000017c831b1120 WorkerThread "GC Thread#0"                     [id=30304, stack(0x0000003265e00000,0x0000003265f00000) (1024K)]
  0x0000017ceace5f30 WorkerThread "GC Thread#1"                     [id=34192, stack(0x0000003267300000,0x0000003267400000) (1024K)]
  0x0000017ceaadf0f0 WorkerThread "GC Thread#2"                     [id=13436, stack(0x0000003267400000,0x0000003267500000) (1024K)]
  0x0000017ceaadf4a0 WorkerThread "GC Thread#3"                     [id=28860, stack(0x0000003267500000,0x0000003267600000) (1024K)]
  0x0000017ceaadf850 WorkerThread "GC Thread#4"                     [id=26056, stack(0x0000003267600000,0x0000003267700000) (1024K)]
  0x0000017ceaadfc00 WorkerThread "GC Thread#5"                     [id=28900, stack(0x0000003267700000,0x0000003267800000) (1024K)]
  0x0000017ceacbc1c0 WorkerThread "GC Thread#6"                     [id=24752, stack(0x0000003267800000,0x0000003267900000) (1024K)]
  0x0000017ceacc2e30 WorkerThread "GC Thread#7"                     [id=18652, stack(0x0000003267900000,0x0000003267a00000) (1024K)]
  0x0000017ceb61e950 WorkerThread "GC Thread#8"                     [id=24436, stack(0x0000003267d00000,0x0000003267e00000) (1024K)]
  0x0000017ceafbb340 WorkerThread "GC Thread#9"                     [id=16656, stack(0x0000003267e00000,0x0000003267f00000) (1024K)]
  0x0000017ceafbb6f0 WorkerThread "GC Thread#10"                    [id=26196, stack(0x0000003267b00000,0x0000003267c00000) (1024K)]
  0x0000017ceafbbaa0 WorkerThread "GC Thread#11"                    [id=19732, stack(0x0000003268400000,0x0000003268500000) (1024K)]
  0x0000017ceafbcd10 WorkerThread "GC Thread#12"                    [id=19416, stack(0x0000003268500000,0x0000003268600000) (1024K)]
  0x0000017c831c1bd0 ConcurrentGCThread "G1 Main Marker"            [id=25124, stack(0x0000003265f00000,0x0000003266000000) (1024K)]
  0x0000017c831c3560 WorkerThread "G1 Conc#0"                       [id=20108, stack(0x0000003266000000,0x0000003266100000) (1024K)]
  0x0000017ceafbbe50 WorkerThread "G1 Conc#1"                       [id=13556, stack(0x0000003268600000,0x0000003268700000) (1024K)]
  0x0000017ceafbc200 WorkerThread "G1 Conc#2"                       [id=32496, stack(0x0000003268700000,0x0000003268800000) (1024K)]
  0x0000017ca4b5c0b0 ConcurrentGCThread "G1 Refine#0"               [id=8596, stack(0x0000003266100000,0x0000003266200000) (1024K)]
  0x0000017ca4b5cad0 ConcurrentGCThread "G1 Service"                [id=24956, stack(0x0000003266200000,0x0000003266300000) (1024K)]
Total: 21

Threads with active compile tasks:
C2 CompilerThread0    11523 10414       4       lombok.javac.handlers.JavacHandlerUtil$MarkingScanner::scan (37 bytes)
C2 CompilerThread1    11524 10550       4       com.sun.tools.javac.comp.Resolve::findMethodInScope (71 bytes)
C2 CompilerThread2    11524 10552   !   4       com.sun.tools.javac.comp.Annotate::flush (147 bytes)
C2 CompilerThread3    11524 10498       4       lombok.javac.handlers.JavacHandlerUtil::findCopyableAnnotations (221 bytes)
C2 CompilerThread4    11524 10266       4       com.sun.tools.javac.code.Symtab::enterPackage (79 bytes)
C2 CompilerThread5    11524 10272       4       com.sun.tools.javac.comp.Attr::visitSelect (1338 bytes)
C2 CompilerThread6    11524 10536       4       com.sun.tools.javac.comp.Check::getApplicableTargets (853 bytes)
C2 CompilerThread7    11524 10520   !   4       lombok.core.configuration.FileSystemSourceCache::forUri (180 bytes)
Total: 8

VM state: at safepoint (normal execution)

VM Mutex/Monitor currently owned by a thread:  ([mutex/lock_event])
[0x00007ff9d3d99f10] Threads_lock - owner thread: 0x0000017ca4c9cde0
[0x00007ff9d3d9a010] Heap_lock - owner thread: 0x0000017c82f84530

Heap address: 0x0000000705400000, size: 4012 MB, Compressed Oops mode: Zero based, Oop shift amount: 3

CDS archive(s) mapped at: [0x0000017ca5000000-0x0000017ca5c90000-0x0000017ca5c90000), size 13172736, SharedBaseAddress: 0x0000017ca5000000, ArchiveRelocationMode: 1.
Compressed class space mapped at: 0x0000017ca6000000-0x0000017ce6000000, reserved size: 1073741824
Narrow klass base: 0x0000017ca5000000, Narrow klass shift: 0, Narrow klass range: 0x100000000

GC Precious Log:
 CardTable entry size: 512
 Card Set container configuration: InlinePtr #cards 4 size 8 Array Of Cards #cards 16 size 48 Howl #buckets 8 coarsen threshold 3686 Howl Bitmap #cards 512 size 80 coarsen threshold 460 Card regions per heap region 1 cards per card region 4096
 CPUs: 16 total, 16 available
 Memory: 16044M
 Large Page Support: Disabled
 NUMA Support: Disabled
 Compressed Oops: Enabled (Zero based)
 Heap Region Size: 2M
 Heap Min Capacity: 8M
 Heap Initial Capacity: 252M
 Heap Max Capacity: 4012M
 Pre-touch: Disabled
 Parallel Workers: 13
 Concurrent Workers: 3
 Concurrent Refinement Workers: 13
 Periodic GC: Disabled

Heap:
 garbage-first heap   total 380928K, used 230196K [0x0000000705400000, 0x0000000800000000)
  region size 2048K, 7 young (14336K), 7 survivors (14336K)
 Metaspace       used 39229K, committed 39680K, reserved 1114112K
  class space    used 4313K, committed 4544K, reserved 1048576K

Heap Regions: E=young(eden), S=young(survivor), O=old, HS=humongous(starts), HC=humongous(continues), CS=collection set, F=free, TAMS=top-at-mark-start, PB=parsable bottom
|   0|0x0000000705400000, 0x0000000705600000, 0x0000000705600000|100%| O|  |TAMS 0x0000000705600000| PB 0x0000000705400000| Untracked 
|   1|0x0000000705600000, 0x0000000705800000, 0x0000000705800000|100%|HS|  |TAMS 0x0000000705800000| PB 0x0000000705600000| Complete 
|   2|0x0000000705800000, 0x0000000705a00000, 0x0000000705a00000|100%| O|  |TAMS 0x0000000705a00000| PB 0x0000000705800000| Untracked 
|   3|0x0000000705a00000, 0x0000000705c00000, 0x0000000705c00000|100%| O|  |TAMS 0x0000000705c00000| PB 0x0000000705a00000| Untracked 
|   4|0x0000000705c00000, 0x0000000705e00000, 0x0000000705e00000|100%| O|  |TAMS 0x0000000705e00000| PB 0x0000000705c00000| Untracked 
|   5|0x0000000705e00000, 0x0000000706000000, 0x0000000706000000|100%| O|  |TAMS 0x0000000706000000| PB 0x0000000705e00000| Untracked 
|   6|0x0000000706000000, 0x0000000706200000, 0x0000000706200000|100%| O|  |TAMS 0x0000000706200000| PB 0x0000000706000000| Untracked 
|   7|0x0000000706200000, 0x0000000706400000, 0x0000000706400000|100%| O|  |TAMS 0x0000000706400000| PB 0x0000000706200000| Untracked 
|   8|0x0000000706400000, 0x0000000706600000, 0x0000000706600000|100%| O|  |TAMS 0x0000000706600000| PB 0x0000000706400000| Untracked 
|   9|0x0000000706600000, 0x0000000706800000, 0x0000000706800000|100%| O|  |TAMS 0x0000000706800000| PB 0x0000000706600000| Untracked 
|  10|0x0000000706800000, 0x0000000706a00000, 0x0000000706a00000|100%| O|  |TAMS 0x0000000706a00000| PB 0x0000000706800000| Untracked 
|  11|0x0000000706a00000, 0x0000000706c00000, 0x0000000706c00000|100%| O|  |TAMS 0x0000000706c00000| PB 0x0000000706a00000| Untracked 
|  12|0x0000000706c00000, 0x0000000706e00000, 0x0000000706e00000|100%|HS|  |TAMS 0x0000000706e00000| PB 0x0000000706c00000| Complete 
|  13|0x0000000706e00000, 0x0000000707000000, 0x0000000707000000|100%|HC|  |TAMS 0x0000000707000000| PB 0x0000000706e00000| Complete 
|  14|0x0000000707000000, 0x0000000707200000, 0x0000000707200000|100%|HS|  |TAMS 0x0000000707200000| PB 0x0000000707000000| Complete 
|  15|0x0000000707200000, 0x0000000707400000, 0x0000000707400000|100%|HC|  |TAMS 0x0000000707400000| PB 0x0000000707200000| Complete 
|  16|0x0000000707400000, 0x0000000707600000, 0x0000000707600000|100%| O|  |TAMS 0x0000000707600000| PB 0x0000000707400000| Untracked 
|  17|0x0000000707600000, 0x0000000707800000, 0x0000000707800000|100%| O|  |TAMS 0x0000000707800000| PB 0x0000000707600000| Untracked 
|  18|0x0000000707800000, 0x0000000707a00000, 0x0000000707a00000|100%| O|  |TAMS 0x0000000707a00000| PB 0x0000000707800000| Untracked 
|  19|0x0000000707a00000, 0x0000000707c00000, 0x0000000707c00000|100%| O|  |TAMS 0x0000000707c00000| PB 0x0000000707a00000| Untracked 
|  20|0x0000000707c00000, 0x0000000707e00000, 0x0000000707e00000|100%| O|  |TAMS 0x0000000707e00000| PB 0x0000000707c00000| Untracked 
|  21|0x0000000707e00000, 0x0000000708000000, 0x0000000708000000|100%| O|  |TAMS 0x0000000708000000| PB 0x0000000707e00000| Untracked 
|  22|0x0000000708000000, 0x0000000708200000, 0x0000000708200000|100%| O|  |TAMS 0x0000000708200000| PB 0x0000000708000000| Untracked 
|  23|0x0000000708200000, 0x0000000708400000, 0x0000000708400000|100%|HS|  |TAMS 0x0000000708400000| PB 0x0000000708200000| Complete 
|  24|0x0000000708400000, 0x0000000708600000, 0x0000000708600000|100%|HC|  |TAMS 0x0000000708600000| PB 0x0000000708400000| Complete 
|  25|0x0000000708600000, 0x0000000708800000, 0x0000000708800000|100%|HS|  |TAMS 0x0000000708800000| PB 0x0000000708600000| Complete 
|  26|0x0000000708800000, 0x0000000708a00000, 0x0000000708a00000|100%|HC|  |TAMS 0x0000000708a00000| PB 0x0000000708800000| Complete 
|  27|0x0000000708a00000, 0x0000000708c00000, 0x0000000708c00000|100%| O|  |TAMS 0x0000000708c00000| PB 0x0000000708a00000| Untracked 
|  28|0x0000000708c00000, 0x0000000708e00000, 0x0000000708e00000|100%| O|  |TAMS 0x0000000708e00000| PB 0x0000000708c00000| Untracked 
|  29|0x0000000708e00000, 0x0000000709000000, 0x0000000709000000|100%| O|  |TAMS 0x0000000709000000| PB 0x0000000708e00000| Untracked 
|  30|0x0000000709000000, 0x0000000709200000, 0x0000000709200000|100%| O|  |TAMS 0x0000000709200000| PB 0x0000000709000000| Untracked 
|  31|0x0000000709200000, 0x0000000709400000, 0x0000000709400000|100%| O|  |TAMS 0x0000000709400000| PB 0x0000000709200000| Untracked 
|  32|0x0000000709400000, 0x0000000709600000, 0x0000000709600000|100%| O|  |TAMS 0x0000000709600000| PB 0x0000000709400000| Untracked 
|  33|0x0000000709600000, 0x0000000709800000, 0x0000000709800000|100%| O|  |TAMS 0x0000000709800000| PB 0x0000000709600000| Untracked 
|  34|0x0000000709800000, 0x0000000709a00000, 0x0000000709a00000|100%| O|  |TAMS 0x0000000709a00000| PB 0x0000000709800000| Untracked 
|  35|0x0000000709a00000, 0x0000000709c00000, 0x0000000709c00000|100%| O|  |TAMS 0x0000000709c00000| PB 0x0000000709a00000| Untracked 
|  36|0x0000000709c00000, 0x0000000709e00000, 0x0000000709e00000|100%| O|  |TAMS 0x0000000709e00000| PB 0x0000000709c00000| Untracked 
|  37|0x0000000709e00000, 0x000000070a000000, 0x000000070a000000|100%| O|  |TAMS 0x000000070a000000| PB 0x0000000709e00000| Untracked 
|  38|0x000000070a000000, 0x000000070a200000, 0x000000070a200000|100%| O|  |TAMS 0x000000070a200000| PB 0x000000070a000000| Untracked 
|  39|0x000000070a200000, 0x000000070a200000, 0x000000070a400000|  0%| F|  |TAMS 0x000000070a200000| PB 0x000000070a200000| Untracked 
|  40|0x000000070a400000, 0x000000070a600000, 0x000000070a600000|100%| O|  |TAMS 0x000000070a600000| PB 0x000000070a400000| Untracked 
|  41|0x000000070a600000, 0x000000070a800000, 0x000000070a800000|100%| O|  |TAMS 0x000000070a800000| PB 0x000000070a600000| Untracked 
|  42|0x000000070a800000, 0x000000070aa00000, 0x000000070aa00000|100%| O|  |TAMS 0x000000070aa00000| PB 0x000000070a800000| Untracked 
|  43|0x000000070aa00000, 0x000000070ac00000, 0x000000070ac00000|100%| O|  |TAMS 0x000000070ac00000| PB 0x000000070aa00000| Untracked 
|  44|0x000000070ac00000, 0x000000070ae00000, 0x000000070ae00000|100%| O|  |TAMS 0x000000070ae00000| PB 0x000000070ac00000| Untracked 
|  45|0x000000070ae00000, 0x000000070b000000, 0x000000070b000000|100%| O|  |TAMS 0x000000070b000000| PB 0x000000070ae00000| Untracked 
|  46|0x000000070b000000, 0x000000070b200000, 0x000000070b200000|100%| O|  |TAMS 0x000000070b200000| PB 0x000000070b000000| Untracked 
|  47|0x000000070b200000, 0x000000070b400000, 0x000000070b400000|100%| O|  |TAMS 0x000000070b400000| PB 0x000000070b200000| Untracked 
|  48|0x000000070b400000, 0x000000070b600000, 0x000000070b600000|100%|HS|  |TAMS 0x000000070b600000| PB 0x000000070b400000| Complete 
|  49|0x000000070b600000, 0x000000070b800000, 0x000000070b800000|100%|HS|  |TAMS 0x000000070b800000| PB 0x000000070b600000| Complete 
|  50|0x000000070b800000, 0x000000070ba00000, 0x000000070ba00000|100%|HS|  |TAMS 0x000000070ba00000| PB 0x000000070b800000| Complete 
|  51|0x000000070ba00000, 0x000000070bc00000, 0x000000070bc00000|100%|HC|  |TAMS 0x000000070bc00000| PB 0x000000070ba00000| Complete 
|  52|0x000000070bc00000, 0x000000070be00000, 0x000000070be00000|100%|HS|  |TAMS 0x000000070be00000| PB 0x000000070bc00000| Complete 
|  53|0x000000070be00000, 0x000000070c000000, 0x000000070c000000|100%|HC|  |TAMS 0x000000070c000000| PB 0x000000070be00000| Complete 
|  54|0x000000070c000000, 0x000000070c200000, 0x000000070c200000|100%|HS|  |TAMS 0x000000070c200000| PB 0x000000070c000000| Complete 
|  55|0x000000070c200000, 0x000000070c400000, 0x000000070c400000|100%|HC|  |TAMS 0x000000070c400000| PB 0x000000070c200000| Complete 
|  56|0x000000070c400000, 0x000000070c600000, 0x000000070c600000|100%|HC|  |TAMS 0x000000070c600000| PB 0x000000070c400000| Complete 
|  57|0x000000070c600000, 0x000000070c800000, 0x000000070c800000|100%|HS|  |TAMS 0x000000070c800000| PB 0x000000070c600000| Complete 
|  58|0x000000070c800000, 0x000000070ca00000, 0x000000070ca00000|100%|HC|  |TAMS 0x000000070ca00000| PB 0x000000070c800000| Complete 
|  59|0x000000070ca00000, 0x000000070cc00000, 0x000000070cc00000|100%|HC|  |TAMS 0x000000070cc00000| PB 0x000000070ca00000| Complete 
|  60|0x000000070cc00000, 0x000000070ce00000, 0x000000070ce00000|100%|HS|  |TAMS 0x000000070ce00000| PB 0x000000070cc00000| Complete 
|  61|0x000000070ce00000, 0x000000070d000000, 0x000000070d000000|100%|HC|  |TAMS 0x000000070d000000| PB 0x000000070ce00000| Complete 
|  62|0x000000070d000000, 0x000000070d200000, 0x000000070d200000|100%|HC|  |TAMS 0x000000070d200000| PB 0x000000070d000000| Complete 
|  63|0x000000070d200000, 0x000000070d400000, 0x000000070d400000|100%| O|  |TAMS 0x000000070d400000| PB 0x000000070d200000| Untracked 
|  64|0x000000070d400000, 0x000000070d600000, 0x000000070d600000|100%|HS|  |TAMS 0x000000070d600000| PB 0x000000070d400000| Complete 
|  65|0x000000070d600000, 0x000000070d800000, 0x000000070d800000|100%|HC|  |TAMS 0x000000070d800000| PB 0x000000070d600000| Complete 
|  66|0x000000070d800000, 0x000000070da00000, 0x000000070da00000|100%| O|  |TAMS 0x000000070da00000| PB 0x000000070d800000| Untracked 
|  67|0x000000070da00000, 0x000000070dc00000, 0x000000070dc00000|100%| O|  |TAMS 0x000000070dc00000| PB 0x000000070da00000| Untracked 
|  68|0x000000070dc00000, 0x000000070de00000, 0x000000070de00000|100%| O|  |TAMS 0x000000070de00000| PB 0x000000070dc00000| Untracked 
|  69|0x000000070de00000, 0x000000070e000000, 0x000000070e000000|100%| O|  |TAMS 0x000000070e000000| PB 0x000000070de00000| Untracked 
|  70|0x000000070e000000, 0x000000070e200000, 0x000000070e200000|100%| O|  |TAMS 0x000000070e200000| PB 0x000000070e000000| Untracked 
|  71|0x000000070e200000, 0x000000070e400000, 0x000000070e400000|100%| O|  |TAMS 0x000000070e400000| PB 0x000000070e200000| Untracked 
|  72|0x000000070e400000, 0x000000070e600000, 0x000000070e600000|100%|HS|  |TAMS 0x000000070e600000| PB 0x000000070e400000| Complete 
|  73|0x000000070e600000, 0x000000070e800000, 0x000000070e800000|100%|HC|  |TAMS 0x000000070e800000| PB 0x000000070e600000| Complete 
|  74|0x000000070e800000, 0x000000070ea00000, 0x000000070ea00000|100%|HC|  |TAMS 0x000000070ea00000| PB 0x000000070e800000| Complete 
|  75|0x000000070ea00000, 0x000000070ec00000, 0x000000070ec00000|100%| O|  |TAMS 0x000000070ec00000| PB 0x000000070ea00000| Untracked 
|  76|0x000000070ec00000, 0x000000070ee00000, 0x000000070ee00000|100%| O|  |TAMS 0x000000070ee00000| PB 0x000000070ec00000| Untracked 
|  77|0x000000070ee00000, 0x000000070f000000, 0x000000070f000000|100%| O|  |TAMS 0x000000070f000000| PB 0x000000070ee00000| Untracked 
|  78|0x000000070f000000, 0x000000070f200000, 0x000000070f200000|100%| O|  |TAMS 0x000000070f200000| PB 0x000000070f000000| Untracked 
|  79|0x000000070f200000, 0x000000070f400000, 0x000000070f400000|100%| O|  |TAMS 0x000000070f400000| PB 0x000000070f200000| Untracked 
|  80|0x000000070f400000, 0x000000070f600000, 0x000000070f600000|100%| O|  |TAMS 0x000000070f600000| PB 0x000000070f400000| Untracked 
|  81|0x000000070f600000, 0x000000070f800000, 0x000000070f800000|100%| O|  |TAMS 0x000000070f800000| PB 0x000000070f600000| Untracked 
|  82|0x000000070f800000, 0x000000070fa00000, 0x000000070fa00000|100%| O|  |TAMS 0x000000070fa00000| PB 0x000000070f800000| Untracked 
|  83|0x000000070fa00000, 0x000000070fc00000, 0x000000070fc00000|100%| O|  |TAMS 0x000000070fc00000| PB 0x000000070fa00000| Untracked 
|  84|0x000000070fc00000, 0x000000070fe00000, 0x000000070fe00000|100%| O|  |TAMS 0x000000070fe00000| PB 0x000000070fc00000| Untracked 
|  85|0x000000070fe00000, 0x0000000710000000, 0x0000000710000000|100%|HS|  |TAMS 0x0000000710000000| PB 0x000000070fe00000| Complete 
|  86|0x0000000710000000, 0x0000000710200000, 0x0000000710200000|100%|HC|  |TAMS 0x0000000710200000| PB 0x0000000710000000| Complete 
|  87|0x0000000710200000, 0x0000000710400000, 0x0000000710400000|100%|HC|  |TAMS 0x0000000710400000| PB 0x0000000710200000| Complete 
|  88|0x0000000710400000, 0x0000000710600000, 0x0000000710600000|100%|HS|  |TAMS 0x0000000710600000| PB 0x0000000710400000| Complete 
|  89|0x0000000710600000, 0x0000000710800000, 0x0000000710800000|100%|HC|  |TAMS 0x0000000710800000| PB 0x0000000710600000| Complete 
|  90|0x0000000710800000, 0x0000000710a00000, 0x0000000710a00000|100%|HC|  |TAMS 0x0000000710a00000| PB 0x0000000710800000| Complete 
|  91|0x0000000710a00000, 0x0000000710c00000, 0x0000000710c00000|100%| O|  |TAMS 0x0000000710c00000| PB 0x0000000710a00000| Untracked 
|  92|0x0000000710c00000, 0x0000000710e00000, 0x0000000710e00000|100%| O|  |TAMS 0x0000000710e00000| PB 0x0000000710c00000| Untracked 
|  93|0x0000000710e00000, 0x0000000711000000, 0x0000000711000000|100%| O|  |TAMS 0x0000000711000000| PB 0x0000000710e00000| Untracked 
|  94|0x0000000711000000, 0x0000000711200000, 0x0000000711200000|100%| O|  |TAMS 0x0000000711200000| PB 0x0000000711000000| Untracked 
|  95|0x0000000711200000, 0x0000000711400000, 0x0000000711400000|100%| O|  |TAMS 0x0000000711400000| PB 0x0000000711200000| Untracked 
|  96|0x0000000711400000, 0x0000000711600000, 0x0000000711600000|100%| O|  |TAMS 0x0000000711600000| PB 0x0000000711400000| Untracked 
|  97|0x0000000711600000, 0x0000000711800000, 0x0000000711800000|100%| O|  |TAMS 0x0000000711800000| PB 0x0000000711600000| Untracked 
|  98|0x0000000711800000, 0x0000000711a00000, 0x0000000711a00000|100%| O|  |TAMS 0x0000000711a00000| PB 0x0000000711800000| Untracked 
|  99|0x0000000711a00000, 0x0000000711c00000, 0x0000000711c00000|100%| O|  |TAMS 0x0000000711c00000| PB 0x0000000711a00000| Untracked 
| 100|0x0000000711c00000, 0x0000000711e00000, 0x0000000711e00000|100%| O|  |TAMS 0x0000000711e00000| PB 0x0000000711c00000| Untracked 
| 101|0x0000000711e00000, 0x0000000711e00000, 0x0000000712000000|  0%| F|  |TAMS 0x0000000711e00000| PB 0x0000000711e00000| Untracked 
| 102|0x0000000712000000, 0x0000000712000000, 0x0000000712200000|  0%| F|  |TAMS 0x0000000712000000| PB 0x0000000712000000| Untracked 
| 103|0x0000000712200000, 0x0000000712200000, 0x0000000712400000|  0%| F|  |TAMS 0x0000000712200000| PB 0x0000000712200000| Untracked 
| 104|0x0000000712400000, 0x0000000712400000, 0x0000000712600000|  0%| F|  |TAMS 0x0000000712400000| PB 0x0000000712400000| Untracked 
| 105|0x0000000712600000, 0x0000000712600000, 0x0000000712800000|  0%| F|  |TAMS 0x0000000712600000| PB 0x0000000712600000| Untracked 
| 106|0x0000000712800000, 0x0000000712800000, 0x0000000712a00000|  0%| F|  |TAMS 0x0000000712800000| PB 0x0000000712800000| Untracked 
| 107|0x0000000712a00000, 0x0000000712a00000, 0x0000000712c00000|  0%| F|  |TAMS 0x0000000712a00000| PB 0x0000000712a00000| Untracked 
| 108|0x0000000712c00000, 0x0000000712c00000, 0x0000000712e00000|  0%| F|  |TAMS 0x0000000712c00000| PB 0x0000000712c00000| Untracked 
| 109|0x0000000712e00000, 0x0000000712e00000, 0x0000000713000000|  0%| F|  |TAMS 0x0000000712e00000| PB 0x0000000712e00000| Untracked 
| 110|0x0000000713000000, 0x0000000713000000, 0x0000000713200000|  0%| F|  |TAMS 0x0000000713000000| PB 0x0000000713000000| Untracked 
| 111|0x0000000713200000, 0x0000000713200000, 0x0000000713400000|  0%| F|  |TAMS 0x0000000713200000| PB 0x0000000713200000| Untracked 
| 112|0x0000000713400000, 0x0000000713400000, 0x0000000713600000|  0%| F|  |TAMS 0x0000000713400000| PB 0x0000000713400000| Untracked 
| 113|0x0000000713600000, 0x0000000713600000, 0x0000000713800000|  0%| F|  |TAMS 0x0000000713600000| PB 0x0000000713600000| Untracked 
| 114|0x0000000713800000, 0x0000000713800000, 0x0000000713a00000|  0%| F|  |TAMS 0x0000000713800000| PB 0x0000000713800000| Untracked 
| 115|0x0000000713a00000, 0x0000000713a00000, 0x0000000713c00000|  0%| F|  |TAMS 0x0000000713a00000| PB 0x0000000713a00000| Untracked 
| 116|0x0000000713c00000, 0x0000000713c00000, 0x0000000713e00000|  0%| F|  |TAMS 0x0000000713c00000| PB 0x0000000713c00000| Untracked 
| 117|0x0000000713e00000, 0x0000000713e00000, 0x0000000714000000|  0%| F|  |TAMS 0x0000000713e00000| PB 0x0000000713e00000| Untracked 
| 118|0x0000000714000000, 0x0000000714000000, 0x0000000714200000|  0%| F|  |TAMS 0x0000000714000000| PB 0x0000000714000000| Untracked 
| 119|0x0000000714200000, 0x0000000714200000, 0x0000000714400000|  0%| F|  |TAMS 0x0000000714200000| PB 0x0000000714200000| Untracked 
| 120|0x0000000714400000, 0x0000000714400000, 0x0000000714600000|  0%| F|  |TAMS 0x0000000714400000| PB 0x0000000714400000| Untracked 
| 121|0x0000000714600000, 0x0000000714600000, 0x0000000714800000|  0%| F|  |TAMS 0x0000000714600000| PB 0x0000000714600000| Untracked 
| 122|0x0000000714800000, 0x0000000714800000, 0x0000000714a00000|  0%| F|  |TAMS 0x0000000714800000| PB 0x0000000714800000| Untracked 
| 123|0x0000000714a00000, 0x0000000714a00000, 0x0000000714c00000|  0%| F|  |TAMS 0x0000000714a00000| PB 0x0000000714a00000| Untracked 
| 124|0x0000000714c00000, 0x0000000714c00000, 0x0000000714e00000|  0%| F|  |TAMS 0x0000000714c00000| PB 0x0000000714c00000| Untracked 
| 125|0x0000000714e00000, 0x0000000714e00000, 0x0000000715000000|  0%| F|  |TAMS 0x0000000714e00000| PB 0x0000000714e00000| Untracked 
| 126|0x0000000715000000, 0x0000000715000000, 0x0000000715200000|  0%| F|  |TAMS 0x0000000715000000| PB 0x0000000715000000| Untracked 
| 127|0x0000000715200000, 0x0000000715200000, 0x0000000715400000|  0%| F|  |TAMS 0x0000000715200000| PB 0x0000000715200000| Untracked 
| 128|0x0000000715400000, 0x0000000715400000, 0x0000000715600000|  0%| F|  |TAMS 0x0000000715400000| PB 0x0000000715400000| Untracked 
| 129|0x0000000715600000, 0x0000000715600000, 0x0000000715800000|  0%| F|  |TAMS 0x0000000715600000| PB 0x0000000715600000| Untracked 
| 130|0x0000000715800000, 0x0000000715800000, 0x0000000715a00000|  0%| F|  |TAMS 0x0000000715800000| PB 0x0000000715800000| Untracked 
| 131|0x0000000715a00000, 0x0000000715a00000, 0x0000000715c00000|  0%| F|  |TAMS 0x0000000715a00000| PB 0x0000000715a00000| Untracked 
| 132|0x0000000715c00000, 0x0000000715c00000, 0x0000000715e00000|  0%| F|  |TAMS 0x0000000715c00000| PB 0x0000000715c00000| Untracked 
| 133|0x0000000715e00000, 0x0000000715ecd0c8, 0x0000000716000000| 40%| S|CS|TAMS 0x0000000715e00000| PB 0x0000000715e00000| Complete 
| 134|0x0000000716000000, 0x0000000716200000, 0x0000000716200000|100%| S|CS|TAMS 0x0000000716000000| PB 0x0000000716000000| Complete 
| 135|0x0000000716200000, 0x0000000716400000, 0x0000000716400000|100%| S|CS|TAMS 0x0000000716200000| PB 0x0000000716200000| Complete 
| 136|0x0000000716400000, 0x0000000716600000, 0x0000000716600000|100%| S|CS|TAMS 0x0000000716400000| PB 0x0000000716400000| Complete 
| 137|0x0000000716600000, 0x0000000716800000, 0x0000000716800000|100%| S|CS|TAMS 0x0000000716600000| PB 0x0000000716600000| Complete 
| 138|0x0000000716800000, 0x0000000716a00000, 0x0000000716a00000|100%| S|CS|TAMS 0x0000000716800000| PB 0x0000000716800000| Complete 
| 139|0x0000000716a00000, 0x0000000716c00000, 0x0000000716c00000|100%| S|CS|TAMS 0x0000000716a00000| PB 0x0000000716a00000| Complete 
| 140|0x0000000716c00000, 0x0000000716c00000, 0x0000000716e00000|  0%| F|  |TAMS 0x0000000716c00000| PB 0x0000000716c00000| Untracked 
| 141|0x0000000716e00000, 0x0000000716e00000, 0x0000000717000000|  0%| F|  |TAMS 0x0000000716e00000| PB 0x0000000716e00000| Untracked 
| 142|0x0000000717000000, 0x0000000717000000, 0x0000000717200000|  0%| F|  |TAMS 0x0000000717000000| PB 0x0000000717000000| Untracked 
| 143|0x0000000717200000, 0x0000000717200000, 0x0000000717400000|  0%| F|  |TAMS 0x0000000717200000| PB 0x0000000717200000| Untracked 
| 144|0x0000000717400000, 0x0000000717400000, 0x0000000717600000|  0%| F|  |TAMS 0x0000000717400000| PB 0x0000000717400000| Untracked 
| 145|0x0000000717600000, 0x0000000717600000, 0x0000000717800000|  0%| F|  |TAMS 0x0000000717600000| PB 0x0000000717600000| Untracked 
| 146|0x0000000717800000, 0x0000000717800000, 0x0000000717a00000|  0%| F|  |TAMS 0x0000000717800000| PB 0x0000000717800000| Untracked 
| 147|0x0000000717a00000, 0x0000000717a00000, 0x0000000717c00000|  0%| F|  |TAMS 0x0000000717a00000| PB 0x0000000717a00000| Untracked 
| 148|0x0000000717c00000, 0x0000000717c00000, 0x0000000717e00000|  0%| F|  |TAMS 0x0000000717c00000| PB 0x0000000717c00000| Untracked 
| 149|0x0000000717e00000, 0x0000000717e00000, 0x0000000718000000|  0%| F|  |TAMS 0x0000000717e00000| PB 0x0000000717e00000| Untracked 
| 150|0x0000000718000000, 0x0000000718000000, 0x0000000718200000|  0%| F|  |TAMS 0x0000000718000000| PB 0x0000000718000000| Untracked 
| 151|0x0000000718200000, 0x0000000718200000, 0x0000000718400000|  0%| F|  |TAMS 0x0000000718200000| PB 0x0000000718200000| Untracked 
| 152|0x0000000718400000, 0x0000000718400000, 0x0000000718600000|  0%| F|  |TAMS 0x0000000718400000| PB 0x0000000718400000| Untracked 
| 153|0x0000000718600000, 0x0000000718600000, 0x0000000718800000|  0%| F|  |TAMS 0x0000000718600000| PB 0x0000000718600000| Untracked 
| 154|0x0000000718800000, 0x0000000718800000, 0x0000000718a00000|  0%| F|  |TAMS 0x0000000718800000| PB 0x0000000718800000| Untracked 
| 155|0x0000000718a00000, 0x0000000718a00000, 0x0000000718c00000|  0%| F|  |TAMS 0x0000000718a00000| PB 0x0000000718a00000| Untracked 
| 156|0x0000000718c00000, 0x0000000718c00000, 0x0000000718e00000|  0%| F|  |TAMS 0x0000000718c00000| PB 0x0000000718c00000| Untracked 
| 157|0x0000000718e00000, 0x0000000718e00000, 0x0000000719000000|  0%| F|  |TAMS 0x0000000718e00000| PB 0x0000000718e00000| Untracked 
| 158|0x0000000719000000, 0x0000000719000000, 0x0000000719200000|  0%| F|  |TAMS 0x0000000719000000| PB 0x0000000719000000| Untracked 
| 159|0x0000000719200000, 0x0000000719200000, 0x0000000719400000|  0%| F|  |TAMS 0x0000000719200000| PB 0x0000000719200000| Untracked 
| 160|0x0000000719400000, 0x0000000719400000, 0x0000000719600000|  0%| F|  |TAMS 0x0000000719400000| PB 0x0000000719400000| Untracked 
| 161|0x0000000719600000, 0x0000000719600000, 0x0000000719800000|  0%| F|  |TAMS 0x0000000719600000| PB 0x0000000719600000| Untracked 
| 162|0x0000000719800000, 0x0000000719800000, 0x0000000719a00000|  0%| F|  |TAMS 0x0000000719800000| PB 0x0000000719800000| Untracked 
| 163|0x0000000719a00000, 0x0000000719a00000, 0x0000000719c00000|  0%| F|  |TAMS 0x0000000719a00000| PB 0x0000000719a00000| Untracked 
| 164|0x0000000719c00000, 0x0000000719c00000, 0x0000000719e00000|  0%| F|  |TAMS 0x0000000719c00000| PB 0x0000000719c00000| Untracked 
| 165|0x0000000719e00000, 0x0000000719e00000, 0x000000071a000000|  0%| F|  |TAMS 0x0000000719e00000| PB 0x0000000719e00000| Untracked 
| 166|0x000000071a000000, 0x000000071a000000, 0x000000071a200000|  0%| F|  |TAMS 0x000000071a000000| PB 0x000000071a000000| Untracked 
| 167|0x000000071a200000, 0x000000071a200000, 0x000000071a400000|  0%| F|  |TAMS 0x000000071a200000| PB 0x000000071a200000| Untracked 
| 168|0x000000071a400000, 0x000000071a400000, 0x000000071a600000|  0%| F|  |TAMS 0x000000071a400000| PB 0x000000071a400000| Untracked 
| 169|0x000000071a600000, 0x000000071a600000, 0x000000071a800000|  0%| F|  |TAMS 0x000000071a600000| PB 0x000000071a600000| Untracked 
| 170|0x000000071a800000, 0x000000071a800000, 0x000000071aa00000|  0%| F|  |TAMS 0x000000071a800000| PB 0x000000071a800000| Untracked 
| 171|0x000000071aa00000, 0x000000071aa00000, 0x000000071ac00000|  0%| F|  |TAMS 0x000000071aa00000| PB 0x000000071aa00000| Untracked 
| 172|0x000000071ac00000, 0x000000071ac00000, 0x000000071ae00000|  0%| F|  |TAMS 0x000000071ac00000| PB 0x000000071ac00000| Untracked 
| 173|0x000000071ae00000, 0x000000071ae00000, 0x000000071b000000|  0%| F|  |TAMS 0x000000071ae00000| PB 0x000000071ae00000| Untracked 
| 174|0x000000071b000000, 0x000000071b000000, 0x000000071b200000|  0%| F|  |TAMS 0x000000071b000000| PB 0x000000071b000000| Untracked 
| 175|0x000000071b200000, 0x000000071b200000, 0x000000071b400000|  0%| F|  |TAMS 0x000000071b200000| PB 0x000000071b200000| Untracked 
| 176|0x000000071b400000, 0x000000071b400000, 0x000000071b600000|  0%| F|  |TAMS 0x000000071b400000| PB 0x000000071b400000| Untracked 
| 177|0x000000071b600000, 0x000000071b600000, 0x000000071b800000|  0%| F|  |TAMS 0x000000071b600000| PB 0x000000071b600000| Untracked 
| 178|0x000000071b800000, 0x000000071b800000, 0x000000071ba00000|  0%| F|  |TAMS 0x000000071b800000| PB 0x000000071b800000| Untracked 
| 179|0x000000071ba00000, 0x000000071ba00000, 0x000000071bc00000|  0%| F|  |TAMS 0x000000071ba00000| PB 0x000000071ba00000| Untracked 
|2000|0x00000007ff400000, 0x00000007ff600000, 0x00000007ff600000|100%| O|  |TAMS 0x00000007ff600000| PB 0x00000007ff400000| Untracked 
|2001|0x00000007ff600000, 0x00000007ff800000, 0x00000007ff800000|100%| O|  |TAMS 0x00000007ff800000| PB 0x00000007ff600000| Untracked 
|2002|0x00000007ff800000, 0x00000007ffa00000, 0x00000007ffa00000|100%| O|  |TAMS 0x00000007ffa00000| PB 0x00000007ff800000| Untracked 
|2003|0x00000007ffa00000, 0x00000007ffc00000, 0x00000007ffc00000|100%| O|  |TAMS 0x00000007ffc00000| PB 0x00000007ffa00000| Untracked 
|2004|0x00000007ffc00000, 0x00000007ffe00000, 0x00000007ffe00000|100%| O|  |TAMS 0x00000007ffe00000| PB 0x00000007ffc00000| Untracked 
|2005|0x00000007ffe00000, 0x0000000800000000, 0x0000000800000000|100%| O|  |TAMS 0x0000000800000000| PB 0x00000007ffe00000| Untracked 

Card table byte_map: [0x0000017c9d590000,0x0000017c9dd70000] _byte_map_base: 0x0000017c99d66000

Marking Bits: (CMBitMap*) 0x0000017c831b1830
 Bits: [0x0000017c9dd70000, 0x0000017ca1c20000)

Polling page: 0x0000017c83210000

Metaspace:

Usage:
  Non-class:     34.10 MB used.
      Class:      4.21 MB used.
       Both:     38.31 MB used.

Virtual space:
  Non-class space:       64.00 MB reserved,      34.31 MB ( 54%) committed,  1 nodes.
      Class space:        1.00 GB reserved,       4.44 MB ( <1%) committed,  1 nodes.
             Both:        1.06 GB reserved,      38.75 MB (  4%) committed. 

Chunk freelists:
   Non-Class:  13.57 MB
       Class:  11.52 MB
        Both:  25.09 MB

MaxMetaspaceSize: unlimited
CompressedClassSpaceSize: 1.00 GB
Initial GC threshold: 21.00 MB
Current GC threshold: 63.25 MB
CDS: on
 - commit_granule_bytes: 65536.
 - commit_granule_words: 8192.
 - virtual_space_node_default_size: 8388608.
 - enlarge_chunks_in_place: 1.
 - use_allocation_guard: 0.


Internal statistics:

num_allocs_failed_limit: 6.
num_arena_births: 542.
num_arena_deaths: 0.
num_vsnodes_births: 2.
num_vsnodes_deaths: 0.
num_space_committed: 620.
num_space_uncommitted: 0.
num_chunks_returned_to_freelist: 6.
num_chunks_taken_from_freelist: 1905.
num_chunk_merges: 3.
num_chunk_splits: 1273.
num_chunks_enlarged: 881.
num_inconsistent_stats: 0.

CodeHeap 'non-profiled nmethods': size=119168Kb used=8022Kb max_used=8022Kb free=111145Kb
 bounds [0x0000017c949a0000, 0x0000017c95180000, 0x0000017c9be00000]
CodeHeap 'profiled nmethods': size=119104Kb used=22600Kb max_used=22600Kb free=96504Kb
 bounds [0x0000017c8ce00000, 0x0000017c8e420000, 0x0000017c94250000]
CodeHeap 'non-nmethods': size=7488Kb used=3237Kb max_used=3408Kb free=4250Kb
 bounds [0x0000017c94250000, 0x0000017c945b0000, 0x0000017c949a0000]
 total_blobs=10159 nmethods=9550 adapters=510
 compilation: enabled
              stopped_count=0, restarted_count=0
 full_count=0

Compilation events (20 events):
Event: 10.096 Thread 0x0000017cecc2a270 10266       4       com.sun.tools.javac.code.Symtab::enterPackage (79 bytes)
Event: 10.097 Thread 0x0000017cecc29ba0 10514       4       java.net.URI::hashCode (123 bytes)
Event: 10.098 Thread 0x0000017cecc28730 nmethod 10237 0x0000017c9516ef10 code [0x0000017c9516f0e0, 0x0000017c9516f428]
Event: 10.099 Thread 0x0000017cecc28730 10393       4       com.sun.tools.javac.comp.Annotate::queueScanTreeAndTypeAnnotate (21 bytes)
Event: 10.105 Thread 0x0000017ca4cd2090 10546       3       lombok.javac.handlers.JavacHandlerUtil::namePlusTypeParamsToTypeReference (160 bytes)
Event: 10.107 Thread 0x0000017ca4cd2090 nmethod 10546 0x0000017c8e40eb90 code [0x0000017c8e40ee60, 0x0000017c8e40fcd0]
Event: 10.113 Thread 0x0000017cea66a5d0 10548       2       lombok.core.JavaIdentifiers::isValidJavaIdentifier (70 bytes)
Event: 10.114 Thread 0x0000017cea66a5d0 nmethod 10548 0x0000017c8e410210 code [0x0000017c8e410440, 0x0000017c8e4109c0]
Event: 10.118 Thread 0x0000017cecc28730 nmethod 10393 0x0000017c9516f690 code [0x0000017c9516f860, 0x0000017c9516fe60]
Event: 10.120 Thread 0x0000017cea66a5d0 10551       2       lombok.javac.handlers.HandleBuilder$BuilderJob::toName (9 bytes)
Event: 10.120 Thread 0x0000017cecc28730 10550       4       com.sun.tools.javac.comp.Resolve::findMethodInScope (71 bytes)
Event: 10.121 Thread 0x0000017cea66a5d0 nmethod 10551 0x0000017c8e410d90 code [0x0000017c8e410f40, 0x0000017c8e4110b8]
Event: 10.124 Thread 0x0000017cecc272c0 nmethod 10530 0x0000017c95170090 code [0x0000017c95170420, 0x0000017c95171ac0]
Event: 10.125 Thread 0x0000017cea646a40 10556       3       lombok.core.LombokNode::add (42 bytes)
Event: 10.125 Thread 0x0000017cea0b3f90 10557       3       lombok.core.LombokImmutableList::append (37 bytes)
Event: 10.126 Thread 0x0000017cea0b3f90 nmethod 10557 0x0000017c8e411290 code [0x0000017c8e411460, 0x0000017c8e4119e0]
Event: 10.126 Thread 0x0000017cea646a40 nmethod 10556 0x0000017c8e411b90 code [0x0000017c8e411da0, 0x0000017c8e4123a8]
Event: 10.127 Thread 0x0000017cecc29ba0 nmethod 10514 0x0000017c95173a10 code [0x0000017c95173d60, 0x0000017c95175218]
Event: 10.130 Thread 0x0000017cecc29ba0 10552   !   4       com.sun.tools.javac.comp.Annotate::flush (147 bytes)
Event: 10.130 Thread 0x0000017cecc272c0 10520   !   4       lombok.core.configuration.FileSystemSourceCache::forUri (180 bytes)

GC Heap History (20 events):
Event: 4.446 GC heap after
{Heap after GC invocations=11 (full 0):
 garbage-first heap   total 114688K, used 20675K [0x0000000705400000, 0x0000000800000000)
  region size 2048K, 2 young (4096K), 2 survivors (4096K)
 Metaspace       used 26073K, committed 26432K, reserved 1114112K
  class space    used 2941K, committed 3136K, reserved 1048576K
}
Event: 5.274 GC heap before
{Heap before GC invocations=11 (full 0):
 garbage-first heap   total 114688K, used 90307K [0x0000000705400000, 0x0000000800000000)
  region size 2048K, 21 young (43008K), 2 survivors (4096K)
 Metaspace       used 28792K, committed 29120K, reserved 1114112K
  class space    used 3242K, committed 3392K, reserved 1048576K
}
Event: 5.282 GC heap after
{Heap after GC invocations=12 (full 0):
 garbage-first heap   total 114688K, used 22125K [0x0000000705400000, 0x0000000800000000)
  region size 2048K, 3 young (6144K), 3 survivors (6144K)
 Metaspace       used 28792K, committed 29120K, reserved 1114112K
  class space    used 3242K, committed 3392K, reserved 1048576K
}
Event: 5.992 GC heap before
{Heap before GC invocations=12 (full 0):
 garbage-first heap   total 114688K, used 101997K [0x0000000705400000, 0x0000000800000000)
  region size 2048K, 33 young (67584K), 3 survivors (6144K)
 Metaspace       used 34402K, committed 34688K, reserved 1114112K
  class space    used 3868K, committed 3968K, reserved 1048576K
}
Event: 6.027 GC heap after
{Heap after GC invocations=13 (full 0):
 garbage-first heap   total 126976K, used 58376K [0x0000000705400000, 0x0000000800000000)
  region size 2048K, 5 young (10240K), 5 survivors (10240K)
 Metaspace       used 34402K, committed 34688K, reserved 1114112K
  class space    used 3868K, committed 3968K, reserved 1048576K
}
Event: 6.045 GC heap before
{Heap before GC invocations=13 (full 0):
 garbage-first heap   total 126976K, used 66568K [0x0000000705400000, 0x0000000800000000)
  region size 2048K, 6 young (12288K), 5 survivors (10240K)
 Metaspace       used 34419K, committed 34752K, reserved 1114112K
  class space    used 3872K, committed 4032K, reserved 1048576K
}
Event: 6.061 GC heap after
{Heap after GC invocations=14 (full 0):
 garbage-first heap   total 380928K, used 67129K [0x0000000705400000, 0x0000000800000000)
  region size 2048K, 1 young (2048K), 1 survivors (2048K)
 Metaspace       used 34419K, committed 34752K, reserved 1114112K
  class space    used 3872K, committed 4032K, reserved 1048576K
}
Event: 7.336 GC heap before
{Heap before GC invocations=14 (full 0):
 garbage-first heap   total 380928K, used 261689K [0x0000000705400000, 0x0000000800000000)
  region size 2048K, 93 young (190464K), 1 survivors (2048K)
 Metaspace       used 35745K, committed 36096K, reserved 1114112K
  class space    used 3978K, committed 4160K, reserved 1048576K
}
Event: 7.354 GC heap after
{Heap after GC invocations=15 (full 0):
 garbage-first heap   total 380928K, used 113623K [0x0000000705400000, 0x0000000800000000)
  region size 2048K, 14 young (28672K), 14 survivors (28672K)
 Metaspace       used 35745K, committed 36096K, reserved 1114112K
  class space    used 3978K, committed 4160K, reserved 1048576K
}
Event: 8.685 GC heap before
{Heap before GC invocations=16 (full 0):
 garbage-first heap   total 368640K, used 250839K [0x0000000705400000, 0x0000000800000000)
  region size 2048K, 84 young (172032K), 14 survivors (28672K)
 Metaspace       used 38324K, committed 38784K, reserved 1114112K
  class space    used 4215K, committed 4416K, reserved 1048576K
}
Event: 8.696 GC heap after
{Heap after GC invocations=17 (full 0):
 garbage-first heap   total 368640K, used 119505K [0x0000000705400000, 0x0000000800000000)
  region size 2048K, 6 young (12288K), 6 survivors (12288K)
 Metaspace       used 38324K, committed 38784K, reserved 1114112K
  class space    used 4215K, committed 4416K, reserved 1048576K
}
Event: 9.114 GC heap before
{Heap before GC invocations=17 (full 0):
 garbage-first heap   total 368640K, used 305873K [0x0000000705400000, 0x0000000800000000)
  region size 2048K, 79 young (161792K), 6 survivors (12288K)
 Metaspace       used 38477K, committed 38848K, reserved 1114112K
  class space    used 4225K, committed 4416K, reserved 1048576K
}
Event: 9.132 GC heap after
{Heap after GC invocations=18 (full 0):
 garbage-first heap   total 368640K, used 177266K [0x0000000705400000, 0x0000000800000000)
  region size 2048K, 10 young (20480K), 10 survivors (20480K)
 Metaspace       used 38477K, committed 38848K, reserved 1114112K
  class space    used 4225K, committed 4416K, reserved 1048576K
}
Event: 9.164 GC heap before
{Heap before GC invocations=18 (full 0):
 garbage-first heap   total 368640K, used 195698K [0x0000000705400000, 0x0000000800000000)
  region size 2048K, 17 young (34816K), 10 survivors (20480K)
 Metaspace       used 38477K, committed 38848K, reserved 1114112K
  class space    used 4225K, committed 4416K, reserved 1048576K
}
Event: 9.179 GC heap after
{Heap after GC invocations=19 (full 0):
 garbage-first heap   total 368640K, used 192133K [0x0000000705400000, 0x0000000800000000)
  region size 2048K, 3 young (6144K), 3 survivors (6144K)
 Metaspace       used 38477K, committed 38848K, reserved 1114112K
  class space    used 4225K, committed 4416K, reserved 1048576K
}
Event: 9.452 GC heap before
{Heap before GC invocations=20 (full 0):
 garbage-first heap   total 368640K, used 304773K [0x0000000705400000, 0x0000000800000000)
  region size 2048K, 53 young (108544K), 3 survivors (6144K)
 Metaspace       used 38565K, committed 38976K, reserved 1114112K
  class space    used 4237K, committed 4416K, reserved 1048576K
}
Event: 9.463 GC heap after
{Heap after GC invocations=21 (full 0):
 garbage-first heap   total 368640K, used 217088K [0x0000000705400000, 0x0000000800000000)
  region size 2048K, 7 young (14336K), 7 survivors (14336K)
 Metaspace       used 38565K, committed 38976K, reserved 1114112K
  class space    used 4237K, committed 4416K, reserved 1048576K
}
Event: 9.960 GC heap before
{Heap before GC invocations=21 (full 0):
 garbage-first heap   total 368640K, used 309248K [0x0000000705400000, 0x0000000800000000)
  region size 2048K, 52 young (106496K), 7 survivors (14336K)
 Metaspace       used 39220K, committed 39680K, reserved 1114112K
  class space    used 4312K, committed 4544K, reserved 1048576K
}
Event: 9.971 GC heap after
{Heap after GC invocations=22 (full 0):
 garbage-first heap   total 368640K, used 223088K [0x0000000705400000, 0x0000000800000000)
  region size 2048K, 3 young (6144K), 3 survivors (6144K)
 Metaspace       used 39220K, committed 39680K, reserved 1114112K
  class space    used 4312K, committed 4544K, reserved 1048576K
}
Event: 10.139 GC heap before
{Heap before GC invocations=22 (full 0):
 garbage-first heap   total 368640K, used 290672K [0x0000000705400000, 0x0000000800000000)
  region size 2048K, 37 young (75776K), 3 survivors (6144K)
 Metaspace       used 39229K, committed 39680K, reserved 1114112K
  class space    used 4313K, committed 4544K, reserved 1048576K
}

Dll operation events (10 events):
Event: 0.010 Loaded shared library C:\Program Files\Java\jdk-21.0.10\bin\java.dll
Event: 0.044 Loaded shared library C:\Program Files\Java\jdk-21.0.10\bin\jsvml.dll
Event: 0.148 Loaded shared library C:\Program Files\Java\jdk-21.0.10\bin\net.dll
Event: 0.245 Loaded shared library C:\Program Files\Java\jdk-21.0.10\bin\nio.dll
Event: 0.340 Loaded shared library C:\Program Files\Java\jdk-21.0.10\bin\zip.dll
Event: 0.471 Loaded shared library C:\Program Files\Java\jdk-21.0.10\bin\jimage.dll
Event: 0.501 Loaded shared library C:\Users\sesol\.m2\wrapper\dists\apache-maven-3.9.12\59fe215c0ad6947fea90184bf7add084544567b927287592651fda3782e0e798\lib\jansi-native\Windows\x86_64\jansi.dll
Event: 0.664 Loaded shared library C:\Program Files\Java\jdk-21.0.10\bin\verify.dll
Event: 2.919 Loaded shared library C:\Program Files\Java\jdk-21.0.10\bin\extnet.dll
Event: 3.016 Loaded shared library C:\Program Files\Java\jdk-21.0.10\bin\sunmscapi.dll

Deoptimization events (20 events):
Event: 10.083 Thread 0x0000017c82f84530 DEOPT PACKING pc=0x0000017c8d517a20 sp=0x0000003265dfc630
Event: 10.083 Thread 0x0000017c82f84530 DEOPT UNPACKING pc=0x0000017c942a4e42 sp=0x0000003265dfbb00 mode 0
Event: 10.088 Thread 0x0000017c82f84530 DEOPT PACKING pc=0x0000017c8d517a20 sp=0x0000003265dfc630
Event: 10.088 Thread 0x0000017c82f84530 DEOPT UNPACKING pc=0x0000017c942a4e42 sp=0x0000003265dfbb00 mode 0
Event: 10.091 Thread 0x0000017c82f84530 DEOPT PACKING pc=0x0000017c8d517a20 sp=0x0000003265dfc630
Event: 10.091 Thread 0x0000017c82f84530 DEOPT UNPACKING pc=0x0000017c942a4e42 sp=0x0000003265dfbb00 mode 0
Event: 10.096 Thread 0x0000017c82f84530 DEOPT PACKING pc=0x0000017c8d517a20 sp=0x0000003265dfc630
Event: 10.096 Thread 0x0000017c82f84530 DEOPT UNPACKING pc=0x0000017c942a4e42 sp=0x0000003265dfbb00 mode 0
Event: 10.104 Thread 0x0000017c82f84530 DEOPT PACKING pc=0x0000017c8d517a20 sp=0x0000003265dfc630
Event: 10.104 Thread 0x0000017c82f84530 DEOPT UNPACKING pc=0x0000017c942a4e42 sp=0x0000003265dfbb00 mode 0
Event: 10.108 Thread 0x0000017c82f84530 DEOPT PACKING pc=0x0000017c8d517a20 sp=0x0000003265dfc630
Event: 10.108 Thread 0x0000017c82f84530 DEOPT UNPACKING pc=0x0000017c942a4e42 sp=0x0000003265dfbb00 mode 0
Event: 10.112 Thread 0x0000017c82f84530 DEOPT PACKING pc=0x0000017c8d517a20 sp=0x0000003265dfc630
Event: 10.112 Thread 0x0000017c82f84530 DEOPT UNPACKING pc=0x0000017c942a4e42 sp=0x0000003265dfbb00 mode 0
Event: 10.118 Thread 0x0000017c82f84530 DEOPT PACKING pc=0x0000017c8d517a20 sp=0x0000003265dfc630
Event: 10.118 Thread 0x0000017c82f84530 DEOPT UNPACKING pc=0x0000017c942a4e42 sp=0x0000003265dfbb00 mode 0
Event: 10.125 Thread 0x0000017c82f84530 DEOPT PACKING pc=0x0000017c8d517a20 sp=0x0000003265dfc6c0
Event: 10.125 Thread 0x0000017c82f84530 DEOPT UNPACKING pc=0x0000017c942a4e42 sp=0x0000003265dfbb90 mode 0
Event: 10.128 Thread 0x0000017c82f84530 DEOPT PACKING pc=0x0000017c8d517a20 sp=0x0000003265dfc6c0
Event: 10.128 Thread 0x0000017c82f84530 DEOPT UNPACKING pc=0x0000017c942a4e42 sp=0x0000003265dfbb90 mode 0

Classes loaded (20 events):
Event: 8.086 Loading class jdk/internal/classfile/ClassfileElement done
Event: 8.086 Loading class jdk/internal/classfile/ClassElement done
Event: 8.221 Loading class java/text/BreakIterator
Event: 8.221 Loading class java/text/BreakIterator done
Event: 8.343 Loading class java/io/PushbackInputStream
Event: 8.343 Loading class java/io/PushbackInputStream done
Event: 8.534 Loading class java/util/Collections$UnmodifiableSortedSet
Event: 8.534 Loading class java/util/Collections$UnmodifiableSortedSet done
Event: 8.545 Loading class java/util/IdentityHashMap$EntrySet
Event: 8.545 Loading class java/util/IdentityHashMap$EntrySet done
Event: 8.545 Loading class java/util/IdentityHashMap$EntryIterator
Event: 8.545 Loading class java/util/IdentityHashMap$EntryIterator done
Event: 8.546 Loading class java/util/IdentityHashMap$EntryIterator$Entry
Event: 8.546 Loading class java/util/IdentityHashMap$EntryIterator$Entry done
Event: 8.557 Loading class java/util/function/UnaryOperator
Event: 8.557 Loading class java/util/function/UnaryOperator done
Event: 8.567 Loading class java/util/regex/Pattern$Caret
Event: 8.567 Loading class java/util/regex/Pattern$Caret done
Event: 9.609 Loading class java/util/regex/Pattern$LazyLoop
Event: 9.609 Loading class java/util/regex/Pattern$LazyLoop done

Classes unloaded (0 events):
No events

Classes redefined (0 events):
No events

Internal exceptions (20 events):
Event: 9.295 Thread 0x0000017c82f84530 Exception <a 'java/lang/NoSuchMethodError'{0x000000071972e038}: 'void java.lang.invoke.DirectMethodHandle$Holder.invokeInterface(java.lang.Object, java.lang.Object, java.lang.Object, int)'> (0x000000071972e038) 
thrown [s\open\src\hotspot\share\interpreter\linkResolver.cpp, line 773]
Event: 9.296 Thread 0x0000017c82f84530 Exception <a 'java/lang/NoSuchMethodError'{0x00000007197356d0}: 'void java.lang.invoke.DelegatingMethodHandle$Holder.reinvoke_L(java.lang.Object, java.lang.Object, java.lang.Object, int)'> (0x00000007197356d0) 
thrown [s\open\src\hotspot\share\interpreter\linkResolver.cpp, line 773]
Event: 9.498 Thread 0x0000017c82f84530 Implicit null exception at 0x0000017c950a4d5e to 0x0000017c950a4d9c
Event: 9.504 Thread 0x0000017c82f84530 Implicit null exception at 0x0000017c94aca891 to 0x0000017c94accd2c
Event: 9.507 Thread 0x0000017c82f84530 Exception <a 'java/lang/NoSuchMethodError'{0x000000071aadbaf8}: 'java.lang.Object java.lang.invoke.DirectMethodHandle$Holder.invokeVirtual(java.lang.Object, java.lang.Object, long)'> (0x000000071aadbaf8) 
thrown [s\open\src\hotspot\share\interpreter\linkResolver.cpp, line 773]
Event: 9.508 Thread 0x0000017c82f84530 Exception <a 'java/lang/NoSuchMethodError'{0x000000071aadf800}: 'long java.lang.invoke.DirectMethodHandle$Holder.invokeStatic(java.lang.Object, java.lang.Object, int)'> (0x000000071aadf800) 
thrown [s\open\src\hotspot\share\interpreter\linkResolver.cpp, line 773]
Event: 9.510 Thread 0x0000017c82f84530 Exception <a 'java/lang/NoSuchMethodError'{0x000000071aaf11b8}: 'java.lang.Object java.lang.invoke.DirectMethodHandle$Holder.invokeVirtual(java.lang.Object, java.lang.Object, java.lang.Object, java.lang.Object, java.lang.Object, java.lang.Object, java.lang.Object, java.lang.Object)'> (0x000000071aaf11b8) 
thrown [s\open\src\hotspot\share\interpreter\linkResolver.cpp, line 773]
Event: 9.513 Thread 0x0000017c82f84530 Exception <a 'java/lang/NoSuchMethodError'{0x000000071ab0bc90}: 'java.lang.Object java.lang.invoke.DirectMethodHandle$Holder.invokeStatic(java.lang.Object, java.lang.Object, int)'> (0x000000071ab0bc90) 
thrown [s\open\src\hotspot\share\interpreter\linkResolver.cpp, line 773]
Event: 9.514 Thread 0x0000017c82f84530 Exception <a 'java/lang/NoSuchMethodError'{0x000000071ab10458}: 'void java.lang.invoke.DirectMethodHandle$Holder.invokeStatic(java.lang.Object, java.lang.Object, int, java.lang.Object)'> (0x000000071ab10458) 
thrown [s\open\src\hotspot\share\interpreter\linkResolver.cpp, line 773]
Event: 9.515 Thread 0x0000017c82f84530 Exception <a 'java/lang/NoSuchMethodError'{0x000000071ab17710}: 'void java.lang.invoke.DelegatingMethodHandle$Holder.delegate(java.lang.Object, java.lang.Object, int, java.lang.Object)'> (0x000000071ab17710) 
thrown [s\open\src\hotspot\share\interpreter\linkResolver.cpp, line 773]
Event: 9.552 Thread 0x0000017c82f84530 Exception <a 'java/lang/NoSuchMethodError'{0x000000071a837d78}: 'java.lang.Object java.lang.invoke.DirectMethodHandle$Holder.invokeVirtual(java.lang.Object, java.lang.Object, java.lang.Object, java.lang.Object, java.lang.Object, java.lang.Object)'> (0x000000071a837d78) 
thrown [s\open\src\hotspot\share\interpreter\linkResolver.cpp, line 773]
Event: 9.556 Thread 0x0000017c82f84530 Implicit null exception at 0x0000017c94c904fd to 0x0000017c94c90670
Event: 9.557 Thread 0x0000017c82f84530 Exception <a 'java/lang/NoSuchMethodError'{0x000000071a85a710}: 'void java.lang.invoke.DirectMethodHandle$Holder.invokeVirtual(java.lang.Object, java.lang.Object, java.lang.Object, java.lang.Object)'> (0x000000071a85a710) 
thrown [s\open\src\hotspot\share\interpreter\linkResolver.cpp, line 773]
Event: 9.569 Thread 0x0000017c82f84530 Exception <a 'java/lang/NoSuchMethodError'{0x000000071a8d3e58}: 'java.lang.Object java.lang.invoke.DirectMethodHandle$Holder.invokeVirtual(java.lang.Object, java.lang.Object, long, java.lang.Object)'> (0x000000071a8d3e58) 
thrown [s\open\src\hotspot\share\interpreter\linkResolver.cpp, line 773]
Event: 9.570 Thread 0x0000017c82f84530 Exception <a 'java/lang/NoSuchMethodError'{0x000000071a8d7c98}: 'java.lang.Object java.lang.invoke.DirectMethodHandle$Holder.invokeSpecial(java.lang.Object, java.lang.Object, java.lang.Object, long, java.lang.Object)'> (0x000000071a8d7c98) 
thrown [s\open\src\hotspot\share\interpreter\linkResolver.cpp, line 773]
Event: 9.571 Thread 0x0000017c82f84530 Exception <a 'java/lang/NoSuchMethodError'{0x000000071a8dbc18}: 'java.lang.Object java.lang.invoke.DelegatingMethodHandle$Holder.reinvoke_L(java.lang.Object, java.lang.Object, long, java.lang.Object)'> (0x000000071a8dbc18) 
thrown [s\open\src\hotspot\share\interpreter\linkResolver.cpp, line 773]
Event: 9.572 Thread 0x0000017c82f84530 Exception <a 'java/lang/NoSuchMethodError'{0x000000071a8f0338}: 'java.lang.Object java.lang.invoke.DirectMethodHandle$Holder.invokeVirtual(java.lang.Object, java.lang.Object, java.lang.Object, java.lang.Object, java.lang.Object, java.lang.Object, java.lang.Object, java.lang.Object, java.lang.Object, java.lang.Object)'> (0x000000071a8f0338) 
thrown [s\open\src\hotspot\share\interpreter\linkResolver.cpp, line 773]
Event: 9.627 Thread 0x0000017c82f84530 Exception <a 'java/lang/NoSuchMethodError'{0x000000071a75d238}: 'java.lang.Object java.lang.invoke.DirectMethodHandle$Holder.invokeVirtual(java.lang.Object, java.lang.Object, java.lang.Object, java.lang.Object, java.lang.Object, java.lang.Object, java.lang.Object)'> (0x000000071a75d238) 
thrown [s\open\src\hotspot\share\interpreter\linkResolver.cpp, line 773]
Event: 9.638 Thread 0x0000017c82f84530 Exception <a 'java/lang/NoSuchMethodError'{0x000000071a7afec8}: 'java.lang.Object java.lang.invoke.DirectMethodHandle$Holder.invokeVirtual(java.lang.Object, java.lang.Object, java.lang.Object, java.lang.Object, java.lang.Object)'> (0x000000071a7afec8) 
thrown [s\open\src\hotspot\share\interpreter\linkResolver.cpp, line 773]
Event: 9.695 Thread 0x0000017c82f84530 Exception <a 'java/lang/NoSuchMethodError'{0x000000071a12c4e0}: 'int java.lang.invoke.Invokers$Holder.invokeExact_MT(java.lang.Object, java.lang.Object, java.lang.Object)'> (0x000000071a12c4e0) 
thrown [s\open\src\hotspot\share\interpreter\linkResolver.cpp, line 773]

ZGC Phase Switch (0 events):
No events

VM Operations (20 events):
Event: 8.684 Executing VM operation: ICBufferFull done
Event: 8.685 Executing VM operation: G1CollectForAllocation (G1 Evacuation Pause)
Event: 8.696 Executing VM operation: G1CollectForAllocation (G1 Evacuation Pause) done
Event: 9.114 Executing VM operation: G1CollectForAllocation (G1 Evacuation Pause)
Event: 9.132 Executing VM operation: G1CollectForAllocation (G1 Evacuation Pause) done
Event: 9.164 Executing VM operation: G1TryInitiateConcMark (G1 Humongous Allocation)
Event: 9.179 Executing VM operation: G1TryInitiateConcMark (G1 Humongous Allocation) done
Event: 9.229 Executing VM operation: G1PauseRemark
Event: 9.239 Executing VM operation: G1PauseRemark done
Event: 9.279 Executing VM operation: G1PauseCleanup
Event: 9.280 Executing VM operation: G1PauseCleanup done
Event: 9.452 Executing VM operation: G1CollectForAllocation (G1 Evacuation Pause)
Event: 9.463 Executing VM operation: G1CollectForAllocation (G1 Evacuation Pause) done
Event: 9.617 Executing VM operation: HandshakeAllThreads (Deoptimize)
Event: 9.617 Executing VM operation: HandshakeAllThreads (Deoptimize) done
Event: 9.872 Executing VM operation: ICBufferFull
Event: 9.872 Executing VM operation: ICBufferFull done
Event: 9.960 Executing VM operation: G1CollectForAllocation (G1 Evacuation Pause)
Event: 9.971 Executing VM operation: G1CollectForAllocation (G1 Evacuation Pause) done
Event: 10.139 Executing VM operation: G1TryInitiateConcMark (G1 Humongous Allocation)

Events (20 events):
Event: 9.239 Thread 0x0000017ca4c9cde0 flushing nmethod 0x0000017c8d4cbd90
Event: 9.239 Thread 0x0000017ca4c9cde0 flushing nmethod 0x0000017c8d4ccd90
Event: 9.239 Thread 0x0000017ca4c9cde0 flushing nmethod 0x0000017c8d4ea590
Event: 9.239 Thread 0x0000017ca4c9cde0 flushing nmethod 0x0000017c8d4f0710
Event: 9.239 Thread 0x0000017ca4c9cde0 flushing nmethod 0x0000017c8d4f1390
Event: 9.239 Thread 0x0000017ca4c9cde0 flushing nmethod 0x0000017c8d4f7090
Event: 9.239 Thread 0x0000017ca4c9cde0 flushing nmethod 0x0000017c8d63b510
Event: 9.239 Thread 0x0000017ca4c9cde0 flushing nmethod 0x0000017c8d66a090
Event: 9.239 Thread 0x0000017ca4c9cde0 flushing nmethod 0x0000017c8d66ad10
Event: 9.239 Thread 0x0000017ca4c9cde0 flushing nmethod 0x0000017c8d66b390
Event: 9.239 Thread 0x0000017ca4c9cde0 flushing nmethod 0x0000017c8d66bc10
Event: 9.239 Thread 0x0000017ca4c9cde0 flushing nmethod 0x0000017c8d66c110
Event: 9.239 Thread 0x0000017ca4c9cde0 flushing nmethod 0x0000017c8d66cd10
Event: 9.239 Thread 0x0000017ca4c9cde0 flushing nmethod 0x0000017c8d66ef10
Event: 9.239 Thread 0x0000017ca4c9cde0 flushing nmethod 0x0000017c8d675210
Event: 9.239 Thread 0x0000017ca4c9cde0 flushing nmethod 0x0000017c8d675b10
Event: 9.239 Thread 0x0000017ca4c9cde0 flushing nmethod 0x0000017c8d6bc090
Event: 9.239 Thread 0x0000017ca4c9cde0 flushing nmethod 0x0000017c8d6be210
Event: 9.239 Thread 0x0000017ca4c9cde0 flushing nmethod 0x0000017c8d7b8f90
Event: 9.239 Thread 0x0000017ca4c9cde0 flushing nmethod 0x0000017c8d7c0e90


Dynamic libraries:
0x00007ff7100a0000 - 0x00007ff7100b0000 	C:\Program Files\Java\jdk-21.0.10\bin\java.exe
0x00007ffab9080000 - 0x00007ffab92e6000 	C:\Windows\SYSTEM32\ntdll.dll
0x00007ffab80b0000 - 0x00007ffab8179000 	C:\Windows\System32\KERNEL32.DLL
0x00007ffab6660000 - 0x00007ffab6a5a000 	C:\Windows\System32\KERNELBASE.dll
0x00007ffab6460000 - 0x00007ffab65ac000 	C:\Windows\System32\ucrtbase.dll
0x00007ffa909b0000 - 0x00007ffa909c9000 	C:\Program Files\Java\jdk-21.0.10\bin\jli.dll
0x00007ffa90240000 - 0x00007ffa9025e000 	C:\Program Files\Java\jdk-21.0.10\bin\VCRUNTIME140.dll
0x00007ffab71d0000 - 0x00007ffab7286000 	C:\Windows\System32\ADVAPI32.dll
0x00007ffab8e70000 - 0x00007ffab8f19000 	C:\Windows\System32\msvcrt.dll
0x00007ffab6fd0000 - 0x00007ffab707a000 	C:\Windows\System32\sechost.dll
0x00007ffab8f20000 - 0x00007ffab9038000 	C:\Windows\System32\RPCRT4.dll
0x00007ffab8ca0000 - 0x00007ffab8e67000 	C:\Windows\System32\USER32.dll
0x00007ffab6a60000 - 0x00007ffab6a87000 	C:\Windows\System32\win32u.dll
0x00007ffab6f90000 - 0x00007ffab6fbb000 	C:\Windows\System32\GDI32.dll
0x00007ffaa11c0000 - 0x00007ffaa1452000 	C:\Windows\WinSxS\amd64_microsoft.windows.common-controls_6595b64144ccf1df_6.0.26100.8521_none_3e08b75ce33403b3\COMCTL32.dll
0x00007ffab6b40000 - 0x00007ffab6c6b000 	C:\Windows\System32\gdi32full.dll
0x00007ffab6a90000 - 0x00007ffab6b33000 	C:\Windows\System32\msvcp_win.dll
0x00007ffaafd80000 - 0x00007ffaafd8b000 	C:\Windows\SYSTEM32\VERSION.dll
0x00007ffab8c40000 - 0x00007ffab8c72000 	C:\Windows\System32\IMM32.DLL
0x00007ffa909a0000 - 0x00007ffa909ac000 	C:\Program Files\Java\jdk-21.0.10\bin\vcruntime140_1.dll
0x00007ffa6b700000 - 0x00007ffa6b78d000 	C:\Program Files\Java\jdk-21.0.10\bin\msvcp140.dll
0x00007ff9d3150000 - 0x00007ff9d3e77000 	C:\Program Files\Java\jdk-21.0.10\bin\server\jvm.dll
0x00007ffab7f60000 - 0x00007ffab7fe0000 	C:\Windows\System32\WS2_32.dll
0x00007ffab6170000 - 0x00007ffab61ce000 	C:\Windows\SYSTEM32\POWRPROF.dll
0x00007ffaacba0000 - 0x00007ffaacbd6000 	C:\Windows\SYSTEM32\WINMM.dll
0x00007ffab6150000 - 0x00007ffab6164000 	C:\Windows\SYSTEM32\UMPDC.dll
0x00007ffab5070000 - 0x00007ffab508b000 	C:\Windows\SYSTEM32\kernel.appcore.dll
0x00007ffa8fac0000 - 0x00007ffa8faca000 	C:\Program Files\Java\jdk-21.0.10\bin\jimage.dll
0x00007ffaaa230000 - 0x00007ffaaa472000 	C:\Windows\SYSTEM32\DBGHELP.DLL
0x00007ffab8260000 - 0x00007ffab85e3000 	C:\Windows\System32\combase.dll
0x00007ffab70f0000 - 0x00007ffab71c9000 	C:\Windows\System32\OLEAUT32.dll
0x00007ffa9a7e0000 - 0x00007ffa9a81b000 	C:\Windows\SYSTEM32\dbgcore.DLL
0x00007ffab65b0000 - 0x00007ffab6658000 	C:\Windows\System32\bcryptPrimitives.dll
0x00007ffa72550000 - 0x00007ffa72571000 	C:\Program Files\Java\jdk-21.0.10\bin\java.dll
0x00007ffab7290000 - 0x00007ffab7a14000 	C:\Windows\System32\SHELL32.dll
0x00007ffab3e90000 - 0x00007ffab4710000 	C:\Windows\SYSTEM32\windows.storage.dll
0x00007ffab7aa0000 - 0x00007ffab7b96000 	C:\Windows\System32\SHCORE.dll
0x00007ffab7080000 - 0x00007ffab70e7000 	C:\Windows\System32\shlwapi.dll
0x00007ffab6230000 - 0x00007ffab6259000 	C:\Windows\SYSTEM32\profapi.dll
0x00007ffa178a0000 - 0x00007ffa17977000 	C:\Program Files\Java\jdk-21.0.10\bin\jsvml.dll
0x00007ffa6b6e0000 - 0x00007ffa6b6f1000 	C:\Program Files\Java\jdk-21.0.10\bin\net.dll
0x00007ffab0470000 - 0x00007ffab0599000 	C:\Windows\SYSTEM32\WINHTTP.dll
0x00007ffab55c0000 - 0x00007ffab562c000 	C:\Windows\system32\mswsock.dll
0x00007ffa60560000 - 0x00007ffa60576000 	C:\Program Files\Java\jdk-21.0.10\bin\nio.dll
0x00007ffa5bd70000 - 0x00007ffa5bd88000 	C:\Program Files\Java\jdk-21.0.10\bin\zip.dll
0x00007ffa58440000 - 0x00007ffa58464000 	C:\Users\sesol\.m2\wrapper\dists\apache-maven-3.9.12\59fe215c0ad6947fea90184bf7add084544567b927287592651fda3782e0e798\lib\jansi-native\Windows\x86_64\jansi.dll
0x00007ffa899d0000 - 0x00007ffa899e0000 	C:\Program Files\Java\jdk-21.0.10\bin\verify.dll
0x00007ffab5860000 - 0x00007ffab587b000 	C:\Windows\SYSTEM32\CRYPTSP.dll
0x00007ffab4fd0000 - 0x00007ffab5009000 	C:\Windows\system32\rsaenh.dll
0x00007ffab5670000 - 0x00007ffab56a3000 	C:\Windows\SYSTEM32\USERENV.dll
0x00007ffab6200000 - 0x00007ffab622a000 	C:\Windows\SYSTEM32\bcrypt.dll
0x00007ffab5880000 - 0x00007ffab588c000 	C:\Windows\SYSTEM32\CRYPTBASE.dll
0x00007ffab4a40000 - 0x00007ffab4a73000 	C:\Windows\SYSTEM32\IPHLPAPI.DLL
0x00007ffab8c90000 - 0x00007ffab8c9a000 	C:\Windows\System32\NSI.dll
0x00007ffab4ad0000 - 0x00007ffab4c1a000 	C:\Windows\SYSTEM32\DNSAPI.dll
0x00007ffab5400000 - 0x00007ffab540d000 	C:\Windows\SYSTEM32\DSPARSE.dll
0x00007ffaafd00000 - 0x00007ffaafd0b000 	C:\Windows\System32\rasadhlp.dll
0x00007ffab0de0000 - 0x00007ffab0e66000 	C:\Windows\System32\fwpuclnt.dll
0x00007ffa890d0000 - 0x00007ffa890d9000 	C:\Program Files\Java\jdk-21.0.10\bin\extnet.dll
0x00007ffa89070000 - 0x00007ffa8907e000 	C:\Program Files\Java\jdk-21.0.10\bin\sunmscapi.dll
0x00007ffab6c70000 - 0x00007ffab6de8000 	C:\Windows\System32\CRYPT32.dll
0x00007ffab5b10000 - 0x00007ffab5b40000 	C:\Windows\SYSTEM32\ncrypt.dll
0x00007ffab5ac0000 - 0x00007ffab5aff000 	C:\Windows\SYSTEM32\NTASN1.dll

dbghelp: loaded successfully - version: 4.0.5 - missing functions: none
symbol engine: initialized successfully - sym options: 0x614 - pdb path: .;C:\Program Files\Java\jdk-21.0.10\bin;C:\Windows\SYSTEM32;C:\Windows\WinSxS\amd64_microsoft.windows.common-controls_6595b64144ccf1df_6.0.26100.8521_none_3e08b75ce33403b3;C:\Program Files\Java\jdk-21.0.10\bin\server;C:\Users\sesol\.m2\wrapper\dists\apache-maven-3.9.12\59fe215c0ad6947fea90184bf7add084544567b927287592651fda3782e0e798\lib\jansi-native\Windows\x86_64

VM Arguments:
jvm_args: --enable-native-access=ALL-UNNAMED -Dclassworlds.conf=C:\Users\sesol\.m2\wrapper\dists\apache-maven-3.9.12\59fe215c0ad6947fea90184bf7add084544567b927287592651fda3782e0e798\bin\m2.conf -Dmaven.home=C:\Users\sesol\.m2\wrapper\dists\apache-maven-3.9.12\59fe215c0ad6947fea90184bf7add084544567b927287592651fda3782e0e798 -Dlibrary.jansi.path=C:\Users\sesol\.m2\wrapper\dists\apache-maven-3.9.12\59fe215c0ad6947fea90184bf7add084544567b927287592651fda3782e0e798\lib\jansi-native -Dmaven.multiModuleProjectDirectory=C:\IstlReact\istlReact\istl_group_crm\Istl_group_crm_backend 
java_command: org.codehaus.plexus.classworlds.launcher.Launcher spring-boot:run
java_class_path (initial): C:\Users\sesol\.m2\wrapper\dists\apache-maven-3.9.12\59fe215c0ad6947fea90184bf7add084544567b927287592651fda3782e0e798\boot\plexus-classworlds-2.9.0.jar
Launcher Type: SUN_STANDARD

[Global flags]
     intx CICompilerCount                          = 12                                        {product} {ergonomic}
     uint ConcGCThreads                            = 3                                         {product} {ergonomic}
     uint G1ConcRefinementThreads                  = 13                                        {product} {ergonomic}
   size_t G1HeapRegionSize                         = 2097152                                   {product} {ergonomic}
    uintx GCDrainStackTargetSize                   = 64                                        {product} {ergonomic}
   size_t InitialHeapSize                          = 264241152                                 {product} {ergonomic}
   size_t MarkStackSize                            = 4194304                                   {product} {ergonomic}
   size_t MaxHeapSize                              = 4206886912                                {product} {ergonomic}
   size_t MaxNewSize                               = 2522873856                                {product} {ergonomic}
   size_t MinHeapDeltaBytes                        = 2097152                                   {product} {ergonomic}
   size_t MinHeapSize                              = 8388608                                   {product} {ergonomic}
    uintx NonNMethodCodeHeapSize                   = 7602480                                {pd product} {ergonomic}
    uintx NonProfiledCodeHeapSize                  = 122027880                              {pd product} {ergonomic}
    uintx ProfiledCodeHeapSize                     = 122027880                              {pd product} {ergonomic}
    uintx ReservedCodeCacheSize                    = 251658240                              {pd product} {ergonomic}
     bool SegmentedCodeCache                       = true                                      {product} {ergonomic}
   size_t SoftMaxHeapSize                          = 4206886912                             {manageable} {ergonomic}
     bool UseCompressedOops                        = true                           {product lp64_product} {ergonomic}
     bool UseG1GC                                  = true                                      {product} {ergonomic}
     bool UseLargePagesIndividualAllocation        = false                                  {pd product} {ergonomic}

Logging:
Log output configuration:
 #0: stdout all=warning uptime,level,tags foldmultilines=false
 #1: stderr all=off uptime,level,tags foldmultilines=false

Environment Variables:
JAVA_HOME=C:\Program Files\Java\jdk-21.0.10
PATH=C:\Program Files\Common Files\Oracle\Java\javapath;C:\Windows\system32;C:\Windows;C:\Windows\System32\Wbem;C:\Windows\System32\WindowsPowerShell\v1.0\;C:\Windows\System32\OpenSSH\;C:\Program Files\Git\cmd;C:\Program Files\nodejs\;C:\Program Files\Java\jdk-21.0.10\bin;C:\Program Files\MySQL\MySQL Shell 8.0\bin\;C:\Users\sesol\AppData\Local\Microsoft\WindowsApps;C:\Users\sesol\AppData\Local\Programs\Microsoft VS Code\bin;C:\Users\sesol\AppData\Roaming\npm
USERNAME=sesol
LANG=en_US.UTF-8
OS=Windows_NT
PROCESSOR_IDENTIFIER=Intel64 Family 6 Model 186 Stepping 2, GenuineIntel
TMP=C:\Users\sesol\AppData\Local\Temp
TEMP=C:\Users\sesol\AppData\Local\Temp




Periodic native trim disabled

---------------  S Y S T E M  ---------------

OS:
 Windows 11 , 64 bit Build 26100 (10.0.26100.8521)
OS uptime: 21 days 20:01 hours
Hyper-V role detected

CPU: total 16 (initial active 16) (8 cores per cpu, 2 threads per core) family 6 model 186 stepping 2 microcode 0x6134, cx8, cmov, fxsr, ht, mmx, 3dnowpref, sse, sse2, sse3, ssse3, sse4.1, sse4.2, popcnt, lzcnt, tsc, tscinvbit, avx, avx2, aes, erms, clmul, bmi1, bmi2, adx, sha, fma, vzeroupper, clflush, clflushopt, clwb, hv, serialize, rdtscp, rdpid, fsrm, f16c, cet_ibt, cet_ss
Processor Information for processor 0
  Max Mhz: 2400, Current Mhz: 2400, Mhz Limit: 2400
Processor Information for processor 1
  Max Mhz: 2400, Current Mhz: 2400, Mhz Limit: 2400
Processor Information for processor 2
  Max Mhz: 2400, Current Mhz: 2400, Mhz Limit: 2400
Processor Information for processor 3
  Max Mhz: 2400, Current Mhz: 2400, Mhz Limit: 2400
Processor Information for processor 4
  Max Mhz: 2400, Current Mhz: 2400, Mhz Limit: 2400
Processor Information for processor 5
  Max Mhz: 2400, Current Mhz: 2400, Mhz Limit: 2400
Processor Information for processor 6
  Max Mhz: 2400, Current Mhz: 2400, Mhz Limit: 2400
Processor Information for processor 7
  Max Mhz: 2400, Current Mhz: 2400, Mhz Limit: 2400
Processor Information for processor 8
  Max Mhz: 2400, Current Mhz: 2400, Mhz Limit: 2400
Processor Information for processor 9
  Max Mhz: 2400, Current Mhz: 2400, Mhz Limit: 2400
Processor Information for processor 10
  Max Mhz: 2400, Current Mhz: 2400, Mhz Limit: 2400
Processor Information for processor 11
  Max Mhz: 2400, Current Mhz: 2400, Mhz Limit: 2400
Processor Information for processor 12
  Max Mhz: 2400, Current Mhz: 1466, Mhz Limit: 2400
Processor Information for processor 13
  Max Mhz: 2400, Current Mhz: 1466, Mhz Limit: 2400
Processor Information for processor 14
  Max Mhz: 2400, Current Mhz: 1466, Mhz Limit: 2400
Processor Information for processor 15
  Max Mhz: 2400, Current Mhz: 1466, Mhz Limit: 2400

Memory: 4k page, system-wide physical 16044M (2062M free)
TotalPageFile size 57608M (AvailPageFile size 289M)
current process WorkingSet (physical memory assigned to process): 562M, peak: 680M
current process commit charge ("private bytes"): 628M, peak: 1101M

vm_info: Java HotSpot(TM) 64-Bit Server VM (21.0.10+8-LTS-217) for windows-amd64 JRE (21.0.10+8-LTS-217), built on 2025-12-18T14:59:28Z by "mach5run" with MS VC++ 17.13 (VS2022)

END.
